[moonbitlang/core] bench bench/hash_bench_test.mbt:16 ("bench Hash for Bytes (small)") ok
time (mean ± σ)         range (min … max) 
  12.88 ns ±   0.35 ns    12.40 ns …  13.43 ns  in 10 × 100000 runs
[moonbitlang/core] bench bench/hash_bench_test.mbt:22 ("bench Hash for Bytes (medium)") ok
time (mean ± σ)         range (min … max) 
 137.99 ns ±   0.22 ns   137.52 ns … 138.17 ns  in 10 × 100000 runs
[moonbitlang/core] bench bench/hash_bench_test.mbt:28 ("bench Hash for Bytes (large)") ok
time (mean ± σ)         range (min … max) 
   2.29 µs ±   1.04 ns     2.29 µs …   2.29 µs  in 10 ×  43714 runs
[moonbitlang/core] bench bench/hash_bench_test.mbt:34 ("bench Hash for BytesView (small)") ok
time (mean ± σ)         range (min … max) 
  13.43 ns ±   0.27 ns    12.94 ns …  13.79 ns  in 10 × 100000 runs
[moonbitlang/core] bench bench/hash_bench_test.mbt:41 ("bench Hash for BytesView (medium)") ok
time (mean ± σ)         range (min … max) 
 131.22 ns ±   0.22 ns   130.87 ns … 131.56 ns  in 10 × 100000 runs
[moonbitlang/core] bench bench/hash_bench_test.mbt:48 ("bench Hash for BytesView (large)") ok
time (mean ± σ)         range (min … max) 
   2.27 µs ±   0.85 ns     2.27 µs …   2.27 µs  in 10 ×  44095 runs
[moonbitlang/core] bench bench/hash_bench_test.mbt:55 ("bench Hasher::combine_bytes (small)") ok
time (mean ± σ)         range (min … max) 
  13.26 ns ±   0.12 ns    13.00 ns …  13.42 ns  in 10 × 100000 runs
[moonbitlang/core] bench bench/hash_bench_test.mbt:65 ("bench Hasher::combine_bytes (medium)") ok
time (mean ± σ)         range (min … max) 
 123.27 ns ±   0.25 ns   122.79 ns … 123.52 ns  in 10 × 100000 runs
[moonbitlang/core] bench bench/hash_bench_test.mbt:75 ("bench Hasher::combine_bytes (large)") ok
time (mean ± σ)         range (min … max) 
   1.99 µs ±   2.84 ns     1.99 µs …   2.00 µs  in 10 ×  50215 runs
[moonbitlang/core] bench bigint/to_string_bench_test.mbt:30 ("bench BigInt::to_string n=40 digits") ok
time (mean ± σ)         range (min … max) 
  84.44 ns ±   0.21 ns    84.12 ns …  84.76 ns  in 10 × 100000 runs
[moonbitlang/core] bench bigint/to_string_bench_test.mbt:36 ("bench BigInt::to_string n=400 digits") ok
time (mean ± σ)         range (min … max) 
   2.85 µs ±   1.89 ns     2.85 µs …   2.85 µs  in 10 ×  35116 runs
[moonbitlang/core] bench bigint/to_string_bench_test.mbt:42 ("bench BigInt::to_string n=4000 digits") ok
time (mean ± σ)         range (min … max) 
  61.61 µs ±  51.46 ns    61.54 µs …  61.70 µs  in 10 ×   1618 runs
[moonbitlang/core] bench buffer/write_bench_test.mbt:30 ("bench Buffer::write_byte n=4096") ok
time (mean ± σ)         range (min … max) 
   4.98 µs ±   3.00 ns     4.98 µs …   4.98 µs  in 10 ×  20073 runs
[moonbitlang/core] bench buffer/write_bench_test.mbt:42 ("bench Buffer::write_uint16_be n=4096") ok
time (mean ± σ)         range (min … max) 
   4.40 µs ±  33.55 ns     4.35 µs …   4.43 µs  in 10 ×  23006 runs
[moonbitlang/core] bench buffer/write_bench_test.mbt:54 ("bench Buffer::write_uint_le n=4096") ok
time (mean ± σ)         range (min … max) 
   5.15 µs ±   2.30 ns     5.14 µs …   5.15 µs  in 10 ×  19418 runs
[moonbitlang/core] bench buffer/write_bench_test.mbt:66 ("bench Buffer::write_uint64_be n=4096") ok
time (mean ± σ)         range (min … max) 
 583.40 µs ±  10.61 µs   569.89 µs … 596.11 µs  in 10 ×    170 runs
[moonbitlang/core] bench buffer/write_bench_test.mbt:78 ("bench Buffer::write_char_utf8 ASCII n=4096") ok
time (mean ± σ)         range (min … max) 
  16.23 µs ±   9.63 ns    16.21 µs …  16.24 µs  in 10 ×   6159 runs
[moonbitlang/core] bench buffer/write_bench_test.mbt:90 ("bench Buffer::write_char_utf8 non-BMP n=4096") ok
time (mean ± σ)         range (min … max) 
  19.86 µs ±  21.35 ns    19.81 µs …  19.88 µs  in 10 ×   5014 runs
[moonbitlang/core] bench buffer/write_bench_test.mbt:103 ("bench Buffer::write_char_utf16le BMP n=4096") ok
time (mean ± σ)         range (min … max) 
   4.51 µs ±   2.11 ns     4.51 µs …   4.51 µs  in 10 ×  22201 runs
[moonbitlang/core] bench buffer/write_bench_test.mbt:115 ("bench Buffer::write_string_utf16le chunks n=4096") ok
time (mean ± σ)         range (min … max) 
  91.07 µs ±  47.69 ns    91.00 µs …  91.14 µs  in 10 ×   1098 runs
[moonbitlang/core] bench buffer/write_bench_test.mbt:130 ("bench @buffer.from_array n=4096") ok
time (mean ± σ)         range (min … max) 
   4.14 µs ±  10.04 ns     4.13 µs …   4.16 µs  in 10 ×  24307 runs
[moonbitlang/core] bench builtin/view_bench_test.mbt:34 ("bench ArrayView::at Int n=100000") ok
time (mean ± σ)         range (min … max) 
  81.49 µs ± 230.71 ns    81.34 µs …  82.12 µs  in 10 ×   1229 runs
[moonbitlang/core] bench builtin/view_bench_test.mbt:47 ("bench ArrayView::get Int n=100000") ok
time (mean ± σ)         range (min … max) 
  94.95 µs ±  39.05 ns    94.91 µs …  95.04 µs  in 10 ×   1054 runs
[moonbitlang/core] bench builtin/view_bench_test.mbt:62 ("bench ArrayView::unsafe_get Int n=100000") ok
time (mean ± σ)         range (min … max) 
  54.32 µs ± 138.87 ns    54.24 µs …  54.71 µs  in 10 ×   1842 runs
[moonbitlang/core] bench builtin/view_bench_test.mbt:75 ("bench ArrayView::rev_fold Int n=100000") ok
time (mean ± σ)         range (min … max) 
  54.56 µs ±  54.62 ns    54.49 µs …  54.66 µs  in 10 ×   1833 runs
[moonbitlang/core] bench builtin/view_bench_test.mbt:82 ("bench ArrayView::rev_foldi Int n=100000") ok
time (mean ± σ)         range (min … max) 
  54.42 µs ±  46.55 ns    54.35 µs …  54.50 µs  in 10 ×   1840 runs
[moonbitlang/core] bench builtin/view_bench_test.mbt:91 ("bench ArrayView::equal Int n=100000") ok
time (mean ± σ)         range (min … max) 
 109.66 µs ±   2.88 µs   108.40 µs … 117.41 µs  in 10 ×    818 runs
[moonbitlang/core] bench builtin/view_bench_test.mbt:99 ("bench ArrayView::compare Int n=100000") ok
time (mean ± σ)         range (min … max) 
 138.06 µs ±   3.44 µs   136.27 µs … 146.15 µs  in 10 ×    670 runs
[moonbitlang/core] bench builtin/view_bench_test.mbt:107 ("bench MutArrayView::at Int n=100000") ok
time (mean ± σ)         range (min … max) 
  94.93 µs ±  31.62 ns    94.89 µs …  94.97 µs  in 10 ×   1053 runs
[moonbitlang/core] bench builtin/view_bench_test.mbt:120 ("bench MutArrayView::unsafe_get Int n=100000") ok
time (mean ± σ)         range (min … max) 
  54.29 µs ±  71.79 ns    54.23 µs …  54.47 µs  in 10 ×   1844 runs
[moonbitlang/core] bench builtin/view_bench_test.mbt:133 ("bench MutArrayView::set Int n=100000") ok
time (mean ± σ)         range (min … max) 
 110.05 µs ±  77.03 ns   109.92 µs … 110.14 µs  in 10 ×    909 runs
[moonbitlang/core] bench builtin/view_bench_test.mbt:145 ("bench MutArrayView::unsafe_set Int n=100000") ok
time (mean ± σ)         range (min … max) 
  54.23 µs ±  30.11 ns    54.21 µs …  54.29 µs  in 10 ×   1844 runs
[moonbitlang/core] bench builtin/view_bench_test.mbt:157 ("bench BytesView::at n=100000") ok
time (mean ± σ)         range (min … max) 
  67.78 µs ±  27.28 ns    67.75 µs …  67.83 µs  in 10 ×   1476 runs
[moonbitlang/core] bench builtin/view_bench_test.mbt:170 ("bench BytesView::unsafe_get n=100000") ok
time (mean ± σ)         range (min … max) 
  40.68 µs ±  45.96 ns    40.65 µs …  40.81 µs  in 10 ×   2462 runs
[moonbitlang/core] bench builtin/stringbuilder_bench_test.mbt:28 ("bench StringBuilder::write_string chunks n=4096") ok
time (mean ± σ)         range (min … max) 
  11.13 µs ± 108.48 ns    11.01 µs …  11.38 µs  in 10 ×   8980 runs
[moonbitlang/core] bench builtin/stringbuilder_bench_test.mbt:41 ("bench StringBuilder::write_view chunks n=4096") ok
time (mean ± σ)         range (min … max) 
  16.40 µs ± 193.69 ns    16.10 µs …  16.58 µs  in 10 ×   6074 runs
[moonbitlang/core] bench builtin/stringbuilder_bench_test.mbt:54 ("bench StringBuilder::write_stringview chunks n=4096") ok
time (mean ± σ)         range (min … max) 
  16.57 µs ±  89.99 ns    16.37 µs …  16.66 µs  in 10 ×   6025 runs
[moonbitlang/core] bench builtin/stringbuilder_bench_test.mbt:67 ("bench StringBuilder::write_char ASCII n=4096") ok
time (mean ± σ)         range (min … max) 
  16.61 µs ± 171.20 ns    16.34 µs …  16.81 µs  in 10 ×   6064 runs
[moonbitlang/core] bench builtin/stringbuilder_bench_test.mbt:79 ("bench StringBuilder::write_char non-BMP n=4096") ok
time (mean ± σ)         range (min … max) 
  16.52 µs ± 169.35 ns    16.30 µs …  16.77 µs  in 10 ×   6112 runs
[moonbitlang/core] bench builtin/stringbuilder_bench_test.mbt:92 ("bench StringBuilder::reset reuse spare capacity n=4096") ok
time (mean ± σ)         range (min … max) 
  11.26 µs ±  59.64 ns    11.19 µs …  11.33 µs  in 10 ×   8925 runs
[moonbitlang/core] bench builtin/string_to_lower_bench_test.mbt:61 ("bench String::to_lower short") ok
time (mean ± σ)         range (min … max) 
 111.60 ns ±   0.63 ns   110.79 ns … 112.78 ns  in 10 × 100000 runs
[moonbitlang/core] bench builtin/string_to_lower_bench_test.mbt:66 ("bench String::to_lower long") ok
time (mean ± σ)         range (min … max) 
   5.77 µs ±   5.59 ns     5.77 µs …   5.78 µs  in 10 ×  17319 runs
[moonbitlang/core] bench builtin/string_to_lower_bench_test.mbt:71 ("bench String::to_lower sparse") ok
time (mean ± σ)         range (min … max) 
   5.01 µs ±  18.03 ns     4.99 µs …   5.04 µs  in 10 ×  19969 runs
[moonbitlang/core] bench builtin/string_to_lower_bench_test.mbt:76 ("bench String::to_lower late-uppercase") ok
time (mean ± σ)         range (min … max) 
   1.60 µs ±   0.93 ns     1.59 µs …   1.60 µs  in 10 ×  62773 runs
[moonbitlang/core] bench builtin/string_to_lower_bench_test.mbt:81 ("bench String::to_lower one-unit runs") ok
time (mean ± σ)         range (min … max) 
   5.10 µs ±  12.35 ns     5.08 µs …   5.11 µs  in 10 ×  19571 runs
[moonbitlang/core] bench builtin/string_to_lower_bench_test.mbt:86 ("bench String::to_lower all-uppercase") ok
time (mean ± σ)         range (min … max) 
   4.78 µs ±  17.40 ns     4.76 µs …   4.81 µs  in 10 ×  20881 runs
[moonbitlang/core] bench builtin/string_to_lower_bench_test.mbt:91 ("bench String::to_lower no-change short") ok
time (mean ± σ)         range (min … max) 
  22.79 ns ±   0.44 ns    22.31 ns …  23.35 ns  in 10 × 100000 runs
[moonbitlang/core] bench builtin/string_to_lower_bench_test.mbt:96 ("bench String::to_lower no-change long") ok
time (mean ± σ)         range (min … max) 
   1.78 µs ±   4.74 ns     1.78 µs …   1.79 µs  in 10 ×  55897 runs
[moonbitlang/core] bench builtin/string_to_lower_bench_test.mbt:101 ("bench StringView::to_lower short") ok
time (mean ± σ)         range (min … max) 
 107.42 ns ±   0.52 ns   106.60 ns … 108.12 ns  in 10 × 100000 runs
[moonbitlang/core] bench builtin/string_to_lower_bench_test.mbt:106 ("bench StringView::to_lower long") ok
time (mean ± σ)         range (min … max) 
   5.43 µs ±   8.63 ns     5.41 µs …   5.44 µs  in 10 ×  18400 runs
[moonbitlang/core] bench builtin/string_to_lower_bench_test.mbt:111 ("bench StringView::to_lower no-change long") ok
time (mean ± σ)         range (min … max) 
   1.97 µs ±   5.00 ns     1.97 µs …   1.98 µs  in 10 ×  50804 runs
[moonbitlang/core] bench builtin/string_methods_bench_test.mbt:36 ("bench StringView::has_prefix match n=100000 needle=128") ok
time (mean ± σ)         range (min … max) 
 530.96 ns ±   0.72 ns   529.95 ns … 532.43 ns  in 10 × 100000 runs
[moonbitlang/core] bench builtin/string_methods_bench_test.mbt:45 ("bench StringView::has_prefix mismatch n=100000 needle=128") ok
time (mean ± σ)         range (min … max) 
   9.69 ns ±   0.53 ns     9.11 ns …  10.32 ns  in 10 × 100000 runs
[moonbitlang/core] bench builtin/string_methods_bench_test.mbt:54 ("bench StringView::has_suffix match n=100000 needle=128") ok
time (mean ± σ)         range (min … max) 
 530.19 ns ±   0.51 ns   529.57 ns … 531.24 ns  in 10 × 100000 runs
[moonbitlang/core] bench builtin/string_methods_bench_test.mbt:63 ("bench StringView::has_suffix mismatch n=100000 needle=128") ok
time (mean ± σ)         range (min … max) 
   9.76 ns ±   0.50 ns     9.17 ns …  10.44 ns  in 10 × 100000 runs
[moonbitlang/core] bench builtin/string_find_code_unit_bench_test.mbt:16 ("bench find one code unit absent n=4") ok
time (mean ± σ)         range (min … max) 
  11.80 ns ±   0.50 ns    11.30 ns …  12.40 ns  in 10 × 100000 runs
[moonbitlang/core] bench builtin/string_find_code_unit_bench_test.mbt:22 ("bench find one code unit absent n=8") ok
time (mean ± σ)         range (min … max) 
  16.10 ns ±   0.50 ns    15.55 ns …  16.66 ns  in 10 × 100000 runs
[moonbitlang/core] bench builtin/string_find_code_unit_bench_test.mbt:28 ("bench find one code unit present@0 n=8") ok
time (mean ± σ)         range (min … max) 
   8.78 ns ±   0.61 ns     8.07 ns …   9.58 ns  in 10 × 100000 runs
[moonbitlang/core] bench builtin/string_find_code_unit_bench_test.mbt:34 ("bench find one code unit absent n=64") ok
time (mean ± σ)         range (min … max) 
  80.54 ns ±   0.37 ns    80.08 ns …  81.01 ns  in 10 × 100000 runs
[moonbitlang/core] bench builtin/string_find_code_unit_bench_test.mbt:40 ("bench find one code unit absent n=256") ok
time (mean ± σ)         range (min … max) 
 289.37 ns ±   1.29 ns   288.35 ns … 292.40 ns  in 10 × 100000 runs
[moonbitlang/core] bench builtin/string_find_code_unit_bench_test.mbt:46 ("bench find one code unit present@end n=256") ok
time (mean ± σ)         range (min … max) 
 289.77 ns ±   0.72 ns   288.92 ns … 290.73 ns  in 10 × 100000 runs
[moonbitlang/core] bench builtin/string_find_code_unit_bench_test.mbt:52 ("bench rev_find one code unit absent n=256") ok
time (mean ± σ)         range (min … max) 
 289.55 ns ±   0.48 ns   289.01 ns … 290.20 ns  in 10 × 100000 runs
[moonbitlang/core] bench builtin/string_find_code_unit_bench_test.mbt:58 ("bench rev_find one code unit present@start n=256") ok
time (mean ± σ)         range (min … max) 
 290.27 ns ±   0.46 ns   289.81 ns … 291.13 ns  in 10 × 100000 runs
[moonbitlang/core] bench builtin/string_find_code_unit_bench_test.mbt:64 ("bench rev_find one code unit present@end n=8") ok
time (mean ± σ)         range (min … max) 
   8.78 ns ±   0.52 ns     8.05 ns …   9.53 ns  in 10 × 100000 runs
[moonbitlang/core] bench builtin/string_find_code_unit_bench_test.mbt:70 ("bench StringView find one code unit absent n=256") ok
time (mean ± σ)         range (min … max) 
   1.41 µs ±  13.59 ns     1.39 µs …   1.43 µs  in 10 ×  70224 runs
[moonbitlang/core] bench builtin/string_find_code_unit_bench_test.mbt:77 ("bench StringView rev_find one code unit absent n=256") ok
time (mean ± σ)         range (min … max) 
 290.47 ns ±   0.52 ns   289.87 ns … 291.17 ns  in 10 × 100000 runs
[moonbitlang/core] bench builtin/string_find_code_unit_bench_test.mbt:84 ("bench find two anchors absent n=256") ok
time (mean ± σ)         range (min … max) 
 501.42 ns ±   0.28 ns   501.11 ns … 501.92 ns  in 10 × 100000 runs
[moonbitlang/core] bench builtin/string_find_code_unit_bench_test.mbt:90 ("bench find two anchors present@end n=256") ok
time (mean ± σ)         range (min … max) 
 501.33 ns ±   0.63 ns   500.65 ns … 502.45 ns  in 10 × 100000 runs
[moonbitlang/core] bench builtin/string_find_code_unit_bench_test.mbt:96 ("bench find two anchors dense false positives n=256") ok
time (mean ± σ)         range (min … max) 
   1.44 µs ±   1.29 ns     1.44 µs …   1.44 µs  in 10 ×  69542 runs
[moonbitlang/core] bench builtin/string_find_code_unit_bench_test.mbt:102 ("bench find two anchors long absent n=256") ok
time (mean ± σ)         range (min … max) 
 343.95 ns ±   0.50 ns   343.17 ns … 344.63 ns  in 10 × 100000 runs
[moonbitlang/core] bench builtin/string_find_code_unit_bench_test.mbt:108 ("bench rev_find two anchors absent n=256") ok
time (mean ± σ)         range (min … max) 
 422.75 ns ±   0.77 ns   421.76 ns … 424.17 ns  in 10 × 100000 runs
[moonbitlang/core] bench builtin/string_find_code_unit_bench_test.mbt:114 ("bench rev_find two anchors present@start n=256") ok
time (mean ± σ)         range (min … max) 
 363.72 ns ±   0.28 ns   363.37 ns … 364.28 ns  in 10 × 100000 runs
[moonbitlang/core] bench builtin/string_find_code_unit_bench_test.mbt:120 ("bench rev_find two anchors dense false positives n=256") ok
time (mean ± σ)         range (min … max) 
   1.44 µs ±   0.72 ns     1.44 µs …   1.44 µs  in 10 ×  69342 runs
[moonbitlang/core] bench builtin/string_find_code_unit_bench_test.mbt:126 ("bench StringView find two anchors absent n=256") ok
time (mean ± σ)         range (min … max) 
 501.05 ns ±   0.79 ns   499.85 ns … 502.39 ns  in 10 × 100000 runs
[moonbitlang/core] bench builtin/string_find_adversary_bench_test.mbt:26 ("bench find adversary m=64 n=4096") ok
time (mean ± σ)         range (min … max) 
  38.04 µs ±   9.26 µs    27.36 µs …  45.84 µs  in 10 ×   2181 runs
[moonbitlang/core] bench builtin/string_find_adversary_bench_test.mbt:33 ("bench rev_find adversary m=64 n=4096") ok
time (mean ± σ)         range (min … max) 
  31.62 µs ±   7.63 µs    27.37 µs …  45.69 µs  in 10 ×   2190 runs
[moonbitlang/core] bench builtin/string_find_adversary_bench_test.mbt:40 ("bench find adversary m=512 n=65536") ok
time (mean ± σ)         range (min … max) 
 519.77 µs ± 140.04 µs   431.78 µs … 722.94 µs  in 10 ×    139 runs
[moonbitlang/core] bench builtin/string_find_adversary_bench_test.mbt:47 ("bench find dense miss fast path n=4096") ok
time (mean ± σ)         range (min … max) 
  16.33 µs ±   1.07 µs    13.28 µs …  16.68 µs  in 10 ×   6001 runs
[moonbitlang/core] bench builtin/string_find_adversary_bench_test.mbt:53 ("bench find rare hit end fast path n=4096") ok
time (mean ± σ)         range (min … max) 
   8.27 µs ±   2.25 µs     5.56 µs …  10.02 µs  in 10 ×   9990 runs
[moonbitlang/core] bench builtin/string_equal_bench_test.mbt:28 ("bench StringView::equal n=100000 equal") ok
time (mean ± σ)         range (min … max) 
   3.16 µs ±   2.17 ns     3.15 µs …   3.16 µs  in 10 ×  31316 runs
[moonbitlang/core] bench builtin/string_equal_bench_test.mbt:35 ("bench StringView::equal n=100000 mismatch at end") ok
time (mean ± σ)         range (min … max) 
 409.92 µs ± 267.70 ns   409.51 µs … 410.29 µs  in 10 ×    244 runs
[moonbitlang/core] bench builtin/string_equal_bench_test.mbt:44 ("bench StringView::equal_to_string n=100000 equal") ok
time (mean ± σ)         range (min … max) 
   3.16 µs ±   1.62 ns     3.16 µs …   3.16 µs  in 10 ×  31681 runs
[moonbitlang/core] bench builtin/sort_bench_test.mbt:21 ("bench Array::sort n=1000") ok
time (mean ± σ)         range (min … max) 
  20.85 µs ± 546.83 ns    20.02 µs …  21.63 µs  in 10 ×   4994 runs
[moonbitlang/core] bench builtin/sort_bench_test.mbt:31 ("bench Array::sort n=100000") ok
time (mean ± σ)         range (min … max) 
   5.99 ms ±   7.60 µs     5.98 ms …   6.01 ms  in 10 ×     17 runs
[moonbitlang/core] bench builtin/sort_bench_test.mbt:41 ("bench Array::sort_by n=10000") ok
time (mean ± σ)         range (min … max) 
 498.92 µs ±   1.76 µs   497.33 µs … 502.50 µs  in 10 ×    199 runs
[moonbitlang/core] bench builtin/lexical_compare_bench_test.mbt:42 ("bench lexical_compare equal n=256") ok
time (mean ± σ)         range (min … max) 
 257.34 ns ±   0.48 ns   256.71 ns … 257.90 ns  in 10 × 100000 runs
[moonbitlang/core] bench builtin/lexical_compare_bench_test.mbt:47 ("bench lexical_compare common-prefix n=256") ok
time (mean ± σ)         range (min … max) 
 258.90 ns ±   0.44 ns   258.22 ns … 259.40 ns  in 10 × 100000 runs
[moonbitlang/core] bench builtin/lexical_compare_bench_test.mbt:52 ("bench lexical_compare early-diff n=256") ok
time (mean ± σ)         range (min … max) 
   9.10 ns ±   0.65 ns     8.51 ns …  10.11 ns  in 10 × 100000 runs
[moonbitlang/core] bench builtin/contains_code_unit_bench_test.mbt:19 ("bench contains_code_unit absent n=4") ok
time (mean ± σ)         range (min … max) 
  11.11 ns ±   0.48 ns    10.61 ns …  11.75 ns  in 10 × 100000 runs
[moonbitlang/core] bench builtin/contains_code_unit_bench_test.mbt:25 ("bench contains_code_unit absent n=8") ok
time (mean ± σ)         range (min … max) 
  14.84 ns ±   0.44 ns    14.48 ns …  15.42 ns  in 10 × 100000 runs
[moonbitlang/core] bench builtin/contains_code_unit_bench_test.mbt:31 ("bench contains_code_unit present@0 n=8") ok
time (mean ± σ)         range (min … max) 
   7.72 ns ±   0.46 ns     7.33 ns …   8.30 ns  in 10 × 100000 runs
[moonbitlang/core] bench builtin/contains_code_unit_bench_test.mbt:37 ("bench contains_code_unit absent n=16") ok
time (mean ± σ)         range (min … max) 
  94.35 ns ±   0.61 ns    93.77 ns …  95.23 ns  in 10 × 100000 runs
[moonbitlang/core] bench builtin/contains_code_unit_bench_test.mbt:43 ("bench contains_code_unit absent n=64") ok
time (mean ± σ)         range (min … max) 
  80.11 ns ±   0.38 ns    79.65 ns …  80.56 ns  in 10 × 100000 runs
[moonbitlang/core] bench builtin/contains_code_unit_bench_test.mbt:49 ("bench contains_code_unit absent n=256") ok
time (mean ± σ)         range (min … max) 
 288.33 ns ±   0.55 ns   287.64 ns … 288.97 ns  in 10 × 100000 runs
[moonbitlang/core] bench builtin/contains_code_unit_bench_test.mbt:55 ("bench contains_code_unit present@end n=256") ok
time (mean ± σ)         range (min … max) 
 289.04 ns ±   0.52 ns   288.40 ns … 289.68 ns  in 10 × 100000 runs
[moonbitlang/core] bench builtin/contains_code_unit_bench_test.mbt:61 ("bench contains_code_unit present@0 n=256") ok
time (mean ± σ)         range (min … max) 
   7.68 ns ±   0.45 ns     7.25 ns …   8.28 ns  in 10 × 100000 runs
[moonbitlang/core] bench builtin/contains_code_unit_bench_test.mbt:67 ("bench StringView contains_code_unit absent n=256") ok
time (mean ± σ)         range (min … max) 
 288.27 ns ±   0.44 ns   287.68 ns … 288.80 ns  in 10 × 100000 runs
[moonbitlang/core] bench builtin/bytes_unsafe_bench_test.mbt:31 ("bench Bytes::unsafe_read_uint16_le n=4096") ok
time (mean ± σ)         range (min … max) 
   2.52 µs ±   1.94 ns     2.52 µs …   2.52 µs  in 10 ×  39699 runs
[moonbitlang/core] bench builtin/bytes_unsafe_bench_test.mbt:43 ("bench Bytes::unsafe_read_uint32_le n=4096") ok
time (mean ± σ)         range (min … max) 
   3.76 µs ±  58.76 ns     3.73 µs …   3.88 µs  in 10 ×  26809 runs
[moonbitlang/core] bench builtin/bytes_unsafe_bench_test.mbt:55 ("bench Bytes::unsafe_read_uint64_le n=4096") ok
time (mean ± σ)         range (min … max) 
 295.07 µs ±   1.89 µs   292.71 µs … 298.63 µs  in 10 ×    343 runs
[moonbitlang/core] bench builtin/bytes_unsafe_bench_test.mbt:67 ("bench FixedArray::unsafe_write_uint16_le n=4096") ok
time (mean ± σ)         range (min … max) 
   2.25 µs ±   2.02 ns     2.25 µs …   2.26 µs  in 10 ×  44424 runs
[moonbitlang/core] bench builtin/bytes_unsafe_bench_test.mbt:78 ("bench FixedArray::unsafe_write_uint32_le n=4096") ok
time (mean ± σ)         range (min … max) 
   3.38 µs ±   2.83 ns     3.38 µs …   3.38 µs  in 10 ×  29545 runs
[moonbitlang/core] bench builtin/bytes_unsafe_bench_test.mbt:89 ("bench FixedArray::unsafe_write_uint64_le n=4096") ok
time (mean ± σ)         range (min … max) 
 560.68 µs ±   4.69 µs   555.02 µs … 569.21 µs  in 10 ×    178 runs
[moonbitlang/core] bench builtin/bytes_hash_bench_test.mbt:54 ("bench Hash::hash(Bytes) n=32") ok
time (mean ± σ)         range (min … max) 
  20.11 ns ±   0.46 ns    19.73 ns …  20.65 ns  in 10 × 100000 runs
[moonbitlang/core] bench builtin/bytes_hash_bench_test.mbt:60 ("bench Hash::hash(Bytes) n=8192") ok
time (mean ± σ)         range (min … max) 
   4.57 µs ±   2.51 ns     4.57 µs …   4.58 µs  in 10 ×  21893 runs
[moonbitlang/core] bench builtin/bytes_hash_bench_test.mbt:66 ("bench Map::at Bytes n=1024 key_bytes=32") ok
time (mean ± σ)         range (min … max) 
  68.50 µs ±  88.25 ns    68.40 µs …  68.70 µs  in 10 ×   1457 runs
[moonbitlang/core] bench builtin/bytes_from_array_bench_test.mbt:30 ("bench Bytes::from_array n=262144 full") ok
time (mean ± σ)         range (min … max) 
 666.75 µs ±   6.03 µs   659.16 µs … 672.23 µs  in 10 ×    152 runs
[moonbitlang/core] bench builtin/bytes_from_array_bench_test.mbt:41 ("bench Bytes::from_array n=262144 sliced") ok
time (mean ± σ)         range (min … max) 
 600.19 µs ±  50.61 µs   565.86 µs … 674.41 µs  in 10 ×    149 runs
[moonbitlang/core] bench builtin/bytes_from_array_bench_test.mbt:48 ("bench Bytes::makei from ArrayView n=262144 full") ok
time (mean ± σ)         range (min … max) 
   1.55 ms ±   3.46 µs     1.54 ms …   1.56 ms  in 10 ×     65 runs
[moonbitlang/core] bench builtin/bytes_from_array_bench_test.mbt:59 ("bench Bytes::makei from ArrayView n=262144 sliced") ok
time (mean ± σ)         range (min … max) 
   1.56 ms ±   2.48 µs     1.55 ms …   1.56 ms  in 10 ×     65 runs
[moonbitlang/core] bench builtin/bytes_equal_bench_test.mbt:37 ("bench Bytes::equal n=100000 equal") ok
time (mean ± σ)         range (min … max) 
  54.35 µs ±  28.61 ns    54.32 µs …  54.39 µs  in 10 ×   1471 runs
[moonbitlang/core] bench builtin/bytes_equal_bench_test.mbt:44 ("bench Bytes::equal n=100000 aliased object") ok
time (mean ± σ)         range (min … max) 
  81.40 µs ± 100.21 ns    81.31 µs …  81.63 µs  in 10 ×   1227 runs
[moonbitlang/core] bench builtin/bytes_equal_bench_test.mbt:54 ("bench Bytes::equal n=100000 mismatch at end") ok
time (mean ± σ)         range (min … max) 
  54.39 µs ±  32.32 ns    54.33 µs …  54.43 µs  in 10 ×   1469 runs
[moonbitlang/core] bench builtin/bitstring_uint_aligned_bench_test.mbt:24 ("bench Bytes::unsafe_extract_uint_le_aligned n=8192") ok
time (mean ± σ)         range (min … max) 
   2.08 µs ±   1.28 ns     2.08 µs …   2.09 µs  in 10 ×  47977 runs
[moonbitlang/core] bench builtin/bitstring_uint64_aligned_bench_test.mbt:24 ("bench Bytes::unsafe_extract_uint64_le_aligned n=8192") ok
time (mean ± σ)         range (min … max) 
  92.99 µs ±   5.48 µs    85.21 µs …  97.15 µs  in 10 ×   1032 runs
[moonbitlang/core] bench builtin/bitstring_extract_bench_test.mbt:35 ("bench BytesView uint_le aligned len=32") ok
time (mean ± σ)         range (min … max) 
   2.37 µs ±   1.05 ns     2.37 µs …   2.37 µs  in 10 ×  42154 runs
[moonbitlang/core] bench builtin/bitstring_extract_bench_test.mbt:48 ("bench BytesView uint_be aligned len=32") ok
time (mean ± σ)         range (min … max) 
   2.33 µs ±   1.15 ns     2.32 µs …   2.33 µs  in 10 ×  43012 runs
[moonbitlang/core] bench builtin/bitstring_extract_bench_test.mbt:61 ("bench ArrayView uint_le aligned len=32") ok
time (mean ± σ)         range (min … max) 
   3.93 µs ±  35.82 ns     3.89 µs …   3.98 µs  in 10 ×  25705 runs
[moonbitlang/core] bench builtin/bitstring_extract_bench_test.mbt:75 ("bench ArrayView uint_be aligned len=32") ok
time (mean ± σ)         range (min … max) 
   3.96 µs ±  16.23 ns     3.93 µs …   3.98 µs  in 10 ×  25246 runs
[moonbitlang/core] bench builtin/bitstring_extract_bench_test.mbt:89 ("bench BytesView uint64_le aligned len=64") ok
time (mean ± σ)         range (min … max) 
  87.08 µs ± 168.35 ns    86.88 µs …  87.36 µs  in 10 ×   1148 runs
[moonbitlang/core] bench builtin/bitstring_extract_bench_test.mbt:102 ("bench BytesView uint64_be aligned len=64") ok
time (mean ± σ)         range (min … max) 
  86.85 µs ± 330.85 ns    86.47 µs …  87.30 µs  in 10 ×   1155 runs
[moonbitlang/core] bench builtin/bitstring_extract_bench_test.mbt:115 ("bench ArrayView uint64_le aligned len=64") ok
time (mean ± σ)         range (min … max) 
  88.43 µs ±   2.21 µs    87.02 µs …  92.57 µs  in 10 ×   1080 runs
[moonbitlang/core] bench builtin/bitstring_extract_bench_test.mbt:129 ("bench ArrayView uint64_be aligned len=64") ok
time (mean ± σ)         range (min … max) 
  86.81 µs ± 362.40 ns    86.43 µs …  87.49 µs  in 10 ×   1148 runs
[moonbitlang/core] bench builtin/bitstring_extract_bench_test.mbt:143 ("bench BytesView uint_le unaligned len=32") ok
time (mean ± σ)         range (min … max) 
  26.97 µs ± 164.06 ns    26.59 µs …  27.07 µs  in 10 ×   3693 runs
[moonbitlang/core] bench builtin/bitstring_extract_bench_test.mbt:156 ("bench BytesView uint64_le unaligned len=64") ok
time (mean ± σ)         range (min … max) 
 105.58 µs ± 177.40 ns   105.31 µs … 105.85 µs  in 10 ×    948 runs
[moonbitlang/core] bench builtin/bitstring_extract_bench_test.mbt:169 ("bench BytesView uint_le aligned len=16") ok
time (mean ± σ)         range (min … max) 
   7.18 µs ±   5.26 ns     7.17 µs …   7.19 µs  in 10 ×  13937 runs
[moonbitlang/core] bench builtin/bitstring_extract_bench_test.mbt:182 ("bench BytesView uint_le aligned len=24") ok
time (mean ± σ)         range (min … max) 
  32.82 µs ± 112.66 ns    32.51 µs …  32.88 µs  in 10 ×   3048 runs
[moonbitlang/core] bench builtin/array_retain_bench_test.mbt:29 ("bench Array::retain all keep Int n=100000") ok
time (mean ± σ)         range (min … max) 
  67.88 µs ± 119.44 ns    67.79 µs …  68.11 µs  in 10 ×   1472 runs
[moonbitlang/core] bench builtin/array_retain_bench_test.mbt:42 ("bench Array::retain all keep Ref n=100000") ok
time (mean ± σ)         range (min … max) 
  83.14 µs ± 745.69 ns    81.75 µs …  83.86 µs  in 10 ×   1223 runs
[moonbitlang/core] bench builtin/array_retain_bench_test.mbt:55 ("bench Array::retain drop tail n=100000") ok
time (mean ± σ)         range (min … max) 
 187.51 µs ±   1.20 µs   185.76 µs … 189.05 µs  in 10 ×    526 runs
[moonbitlang/core] bench builtin/array_retain_bench_test.mbt:66 ("bench Array::retain late sparse drop n=100000") ok
time (mean ± σ)         range (min … max) 
 223.16 µs ±   1.37 µs   220.02 µs … 224.60 µs  in 10 ×    445 runs
[moonbitlang/core] bench builtin/array_retain_bench_test.mbt:77 ("bench Array::retain drop first n=100000") ok
time (mean ± σ)         range (min … max) 
 224.43 µs ±   1.04 µs   222.15 µs … 225.89 µs  in 10 ×    449 runs
[moonbitlang/core] bench builtin/array_make_blit_bench_test.mbt:32 ("bench FixedArray::copy Ref n=1000000") ok
time (mean ± σ)         range (min … max) 
   1.20 ms ±  27.73 µs     1.16 ms …   1.23 ms  in 10 ×     84 runs
[moonbitlang/core] bench builtin/array_make_blit_bench_test.mbt:38 ("bench Array::from_fixed_array Ref n=1000000") ok
time (mean ± σ)         range (min … max) 
   5.10 ms ± 133.07 µs     4.92 ms …   5.23 ms  in 10 ×     20 runs
[moonbitlang/core] bench builtin/array_make_blit_bench_test.mbt:44 ("bench Array::add Ref n=500000+500000") ok
time (mean ± σ)         range (min … max) 
   4.92 ms ± 100.25 µs     4.77 ms …   5.04 ms  in 10 ×     21 runs
[moonbitlang/core] bench builtin/array_make_blit_bench_test.mbt:51 ("bench ArrayView::add Ref n=500000+500000") ok
time (mean ± σ)         range (min … max) 
   4.93 ms ± 101.68 µs     4.80 ms …   5.01 ms  in 10 ×     21 runs
[moonbitlang/core] bench builtin/array_make_blit_bench_test.mbt:60 ("bench Array::blit_to Ref n=1000000 overwrite") ok
time (mean ± σ)         range (min … max) 
   3.66 ms ±  12.90 µs     3.63 ms …   3.67 ms  in 10 ×     28 runs
[moonbitlang/core] bench builtin/array_make_blit_bench_test.mbt:70 ("bench Array::blit_to Ref n=1000000 grow") ok
time (mean ± σ)         range (min … max) 
   4.95 ms ±  80.77 µs     4.81 ms …   5.04 ms  in 10 ×     21 runs
[moonbitlang/core] bench builtin/array_make_blit_bench_test.mbt:80 ("bench ArrayView::blit_to Ref n=1000000 overwrite") ok
time (mean ± σ)         range (min … max) 
   3.36 ms ±   1.77 µs     3.35 ms …   3.36 ms  in 10 ×     30 runs
[moonbitlang/core] bench builtin/array_make_blit_bench_test.mbt:90 ("bench ArrayView::blit_to Ref n=1000000 grow") ok
time (mean ± σ)         range (min … max) 
   4.92 ms ±  94.11 µs     4.77 ms …   5.00 ms  in 10 ×     21 runs
[moonbitlang/core] bench builtin/array_make_blit_bench_test.mbt:100 ("bench Array::append Ref n=1000000 grow") ok
time (mean ± σ)         range (min … max) 
   8.26 ms ±  49.10 µs     8.19 ms …   8.31 ms  in 10 ×     12 runs
[moonbitlang/core] bench builtin/array_make_blit_bench_test.mbt:110 ("bench Array::push Ref n=1000000 resize") ok
time (mean ± σ)         range (min … max) 
   8.28 ms ± 149.18 µs     8.05 ms …   8.41 ms  in 10 ×     13 runs
[moonbitlang/core] bench builtin/array_locals_bench_test.mbt:29 ("bench Array::retain_map n=100000") ok
time (mean ± σ)         range (min … max) 
 124.29 µs ± 104.18 ns   124.18 µs … 124.54 µs  in 10 ×    806 runs
[moonbitlang/core] bench builtin/array_locals_bench_test.mbt:38 ("bench Array::shuffle_in_place n=100000") ok
time (mean ± σ)         range (min … max) 
 205.04 µs ± 100.36 ns   204.85 µs … 205.15 µs  in 10 ×    488 runs
[moonbitlang/core] bench builtin/array_locals_bench_test.mbt:50 ("bench Array::filter_map n=100000") ok
time (mean ± σ)         range (min … max) 
 434.22 µs ±   3.11 µs   430.91 µs … 439.00 µs  in 10 ×    230 runs
[moonbitlang/core] bench builtin/array_locals_bench_test.mbt:58 ("bench FixedArray::each n=100000") ok
time (mean ± σ)         range (min … max) 
  51.32 µs ± 803.27 ns    50.87 µs …  53.14 µs  in 10 ×   1922 runs
[moonbitlang/core] bench builtin/array_locals_bench_test.mbt:68 ("bench FixedArray::eachi n=100000") ok
time (mean ± σ)         range (min … max) 
  55.74 µs ±   1.24 µs    54.84 µs …  57.97 µs  in 10 ×   1841 runs
[moonbitlang/core] bench builtin/array_locals_bench_test.mbt:78 ("bench FixedArray::rev_each n=100000") ok
time (mean ± σ)         range (min … max) 
 515.00 µs ± 317.02 ns   514.68 µs … 515.75 µs  in 10 ×    195 runs
[moonbitlang/core] bench builtin/array_locals_bench_test.mbt:88 ("bench FixedArray::rev_eachi n=100000") ok
time (mean ± σ)         range (min … max) 
  71.73 µs ±  73.40 ns    71.68 µs …  71.93 µs  in 10 ×   1375 runs
[moonbitlang/core] bench builtin/array_locals_bench_test.mbt:98 ("bench FixedArray::map n=100000") ok
time (mean ± σ)         range (min … max) 
 235.08 µs ±   2.02 µs   233.27 µs … 239.29 µs  in 10 ×    425 runs
[moonbitlang/core] bench builtin/array_locals_bench_test.mbt:104 ("bench FixedArray::mapi n=100000") ok
time (mean ± σ)         range (min … max) 
 234.83 µs ±   1.76 µs   233.54 µs … 237.68 µs  in 10 ×    425 runs
[moonbitlang/core] bench builtin/array_locals_bench_test.mbt:110 ("bench FixedArray::makei n=100000") ok
time (mean ± σ)         range (min … max) 
 253.79 µs ±   1.36 µs   252.58 µs … 255.72 µs  in 10 ×    398 runs
[moonbitlang/core] bench builtin/array_locals_bench_test.mbt:115 ("bench FixedArray::fold n=100000") ok
time (mean ± σ)         range (min … max) 
  52.72 µs ±   1.21 µs    51.03 µs …  53.81 µs  in 10 ×   1860 runs
[moonbitlang/core] bench builtin/array_locals_bench_test.mbt:121 ("bench FixedArray::rev_fold n=100000") ok
time (mean ± σ)         range (min … max) 
 515.11 µs ± 230.03 ns   514.85 µs … 515.55 µs  in 10 ×    195 runs
[moonbitlang/core] bench builtin/array_locals_bench_test.mbt:127 ("bench FixedArray::foldi n=100000") ok
time (mean ± σ)         range (min … max) 
  57.98 µs ± 219.73 ns    57.59 µs …  58.24 µs  in 10 ×   1770 runs
[moonbitlang/core] bench builtin/array_locals_bench_test.mbt:133 ("bench FixedArray::rev_foldi n=100000") ok
time (mean ± σ)         range (min … max) 
  62.51 µs ±  85.04 ns    62.37 µs …  62.63 µs  in 10 ×   1592 runs
[moonbitlang/core] bench builtin/array_locals_bench_test.mbt:139 ("bench ArrayView::chunk_by n=100000") ok
time (mean ± σ)         range (min … max) 
 101.75 µs ±  40.51 ns   101.69 µs … 101.81 µs  in 10 ×    982 runs
[moonbitlang/core] bench builtin/array_locals_bench_test.mbt:146 ("bench ArrayView::each n=100000") ok
time (mean ± σ)         range (min … max) 
  57.86 µs ±  44.68 ns    57.81 µs …  57.95 µs  in 10 ×   1730 runs
[moonbitlang/core] bench builtin/array_locals_bench_test.mbt:157 ("bench ArrayView::eachi n=100000") ok
time (mean ± σ)         range (min … max) 
  61.11 µs ±  22.52 ns    61.07 µs …  61.15 µs  in 10 ×   1637 runs
[moonbitlang/core] bench builtin/array_locals_bench_test.mbt:168 ("bench ArrayView::rev_each n=100000") ok
time (mean ± σ)         range (min … max) 
  64.32 µs ±  33.98 ns    64.28 µs …  64.39 µs  in 10 ×   1555 runs
[moonbitlang/core] bench builtin/array_locals_bench_test.mbt:179 ("bench ArrayView::rev_eachi n=100000") ok
time (mean ± σ)         range (min … max) 
  69.85 µs ±  32.40 ns    69.79 µs …  69.89 µs  in 10 ×   1433 runs
[moonbitlang/core] bench builtin/array_locals_bench_test.mbt:190 ("bench ArrayView::all n=100000") ok
time (mean ± σ)         range (min … max) 
  81.43 µs ±  77.12 ns    81.37 µs …  81.62 µs  in 10 ×   1229 runs
[moonbitlang/core] bench builtin/array_locals_bench_test.mbt:197 ("bench ArrayView::any n=100000") ok
time (mean ± σ)         range (min … max) 
  81.37 µs ±  37.64 ns    81.32 µs …  81.43 µs  in 10 ×   1229 runs
[moonbitlang/core] bench builtin/array_locals_bench_test.mbt:204 ("bench ArrayView::search_by n=100000") ok
time (mean ± σ)         range (min … max) 
  81.38 µs ±  36.81 ns    81.35 µs …  81.44 µs  in 10 ×   1229 runs
[moonbitlang/core] bench builtin/array_locals_bench_test.mbt:213 ("bench ArrayView::fold n=100000") ok
time (mean ± σ)         range (min … max) 
  57.93 µs ± 274.71 ns    57.78 µs …  58.66 µs  in 10 ×   1725 runs
[moonbitlang/core] bench builtin/array_locals_bench_test.mbt:220 ("bench ArrayView::rev_fold n=100000") ok
time (mean ± σ)         range (min … max) 
 515.05 µs ± 186.68 ns   514.66 µs … 515.26 µs  in 10 ×    195 runs
[moonbitlang/core] bench builtin/array_locals_bench_test.mbt:227 ("bench ArrayView::foldi n=100000") ok
time (mean ± σ)         range (min … max) 
  61.11 µs ±  33.49 ns    61.05 µs …  61.16 µs  in 10 ×   1637 runs
[moonbitlang/core] bench builtin/array_locals_bench_test.mbt:234 ("bench ArrayView::rev_foldi n=100000") ok
time (mean ± σ)         range (min … max) 
  72.96 µs ±  81.04 ns    72.90 µs …  73.17 µs  in 10 ×   1372 runs
[moonbitlang/core] bench builtin/array_locals_bench_test.mbt:241 ("bench ArrayView::map n=100000") ok
time (mean ± σ)         range (min … max) 
 180.75 µs ±   1.02 µs   179.57 µs … 181.88 µs  in 10 ×    552 runs
[moonbitlang/core] bench builtin/array_locals_bench_test.mbt:248 ("bench ArrayView::mapi n=100000") ok
time (mean ± σ)         range (min … max) 
 180.41 µs ±   1.30 µs   178.97 µs … 181.76 µs  in 10 ×    558 runs
[moonbitlang/core] bench builtin/array_locals_bench_test.mbt:255 ("bench ArrayView::filter n=100000") ok
time (mean ± σ)         range (min … max) 
 432.65 µs ±   2.23 µs   429.34 µs … 436.48 µs  in 10 ×    232 runs
[moonbitlang/core] bench builtin/array_locals_bench_test.mbt:262 ("bench ArrayView::filter_map n=100000") ok
time (mean ± σ)         range (min … max) 
 416.68 µs ±   1.47 µs   415.06 µs … 419.28 µs  in 10 ×    241 runs
[moonbitlang/core] bench bytes/find_bench_test.mbt:92 ("bench BytesView::find single byte hit end n=4096") ok
time (mean ± σ)         range (min … max) 
   2.23 µs ±   1.96 ns     2.23 µs …   2.24 µs  in 10 ×  44794 runs
[moonbitlang/core] bench bytes/find_bench_test.mbt:99 ("bench BytesView::find single byte miss n=4096") ok
time (mean ± σ)         range (min … max) 
   2.24 µs ±   2.14 ns     2.23 µs …   2.24 µs  in 10 ×  44794 runs
[moonbitlang/core] bench bytes/find_bench_test.mbt:106 ("bench BytesView::find substring rare hit end n=4096") ok
time (mean ± σ)         range (min … max) 
   2.24 µs ±   1.72 ns     2.23 µs …   2.24 µs  in 10 ×  44695 runs
[moonbitlang/core] bench bytes/find_bench_test.mbt:113 ("bench BytesView::find substring dense miss n=4096") ok
time (mean ± σ)         range (min … max) 
   2.23 µs ±   0.58 ns     2.23 µs …   2.23 µs  in 10 ×  44759 runs
[moonbitlang/core] bench bytes/find_bench_test.mbt:120 ("bench BytesView::find offset view rare hit end n=4096") ok
time (mean ± σ)         range (min … max) 
   2.24 µs ±   0.88 ns     2.23 µs …   2.24 µs  in 10 ×  44728 runs
[moonbitlang/core] bench bytes/find_bench_test.mbt:127 ("bench BytesView::find long dense miss n=4096") ok
time (mean ± σ)         range (min … max) 
   4.64 µs ±   1.76 ns     4.64 µs …   4.65 µs  in 10 ×  21531 runs
[moonbitlang/core] bench bytes/find_bench_test.mbt:134 ("bench BytesView::find single byte miss n=32") ok
time (mean ± σ)         range (min … max) 
  29.49 ns ±   0.17 ns    29.17 ns …  29.81 ns  in 10 × 100000 runs
[moonbitlang/core] bench bytes/find_bench_test.mbt:141 ("bench BytesView::find substring miss n=32") ok
time (mean ± σ)         range (min … max) 
  30.95 ns ±   0.09 ns    30.82 ns …  31.09 ns  in 10 × 100000 runs
[moonbitlang/core] bench bytes/find_bench_test.mbt:148 ("bench BytesView::rev_find single byte hit start n=4096") ok
time (mean ± σ)         range (min … max) 
   2.23 µs ±   0.74 ns     2.23 µs …   2.24 µs  in 10 ×  44784 runs
[moonbitlang/core] bench bytes/find_bench_test.mbt:155 ("bench BytesView::rev_find single byte miss n=4096") ok
time (mean ± σ)         range (min … max) 
   2.23 µs ±   2.23 ns     2.23 µs …   2.24 µs  in 10 ×  44679 runs
[moonbitlang/core] bench bytes/find_bench_test.mbt:162 ("bench BytesView::rev_find substring rare hit start n=4096") ok
time (mean ± σ)         range (min … max) 
   2.24 µs ±   0.98 ns     2.24 µs …   2.24 µs  in 10 ×  44696 runs
[moonbitlang/core] bench bytes/find_bench_test.mbt:169 ("bench BytesView::rev_find substring dense miss n=4096") ok
time (mean ± σ)         range (min … max) 
   3.34 µs ±   2.18 ns     3.34 µs …   3.35 µs  in 10 ×  29935 runs
[moonbitlang/core] bench bytes/find_bench_test.mbt:176 ("bench BytesView::rev_find offset view rare hit start n=4096") ok
time (mean ± σ)         range (min … max) 
   2.24 µs ±   0.49 ns     2.24 µs …   2.24 µs  in 10 ×  44742 runs
[moonbitlang/core] bench bytes/find_bench_test.mbt:185 ("bench BytesView::rev_find long dense miss n=4096") ok
time (mean ± σ)         range (min … max) 
   3.32 µs ±   1.63 ns     3.31 µs …   3.32 µs  in 10 ×  30165 runs
[moonbitlang/core] bench encoding/base64/v128_bench_wbtest.mbt:38 ("bench encode scalar n=64") ok
time (mean ± σ)         range (min … max) 
 483.62 ns ±   3.03 ns   480.60 ns … 489.35 ns  in 10 × 100000 runs
[moonbitlang/core] bench encoding/base64/v128_bench_wbtest.mbt:43 ("bench encode v128 n=64") ok
time (mean ± σ)         range (min … max) 
 485.57 ns ±   1.75 ns   483.23 ns … 488.74 ns  in 10 × 100000 runs
[moonbitlang/core] bench encoding/base64/v128_bench_wbtest.mbt:48 ("bench encode scalar n=1024") ok
time (mean ± σ)         range (min … max) 
   6.89 µs ±  66.64 ns     6.82 µs …   7.02 µs  in 10 ×  14482 runs
[moonbitlang/core] bench encoding/base64/v128_bench_wbtest.mbt:53 ("bench encode v128 n=1024") ok
time (mean ± σ)         range (min … max) 
   6.85 µs ±  12.86 ns     6.83 µs …   6.87 µs  in 10 ×  14570 runs
[moonbitlang/core] bench encoding/base64/v128_bench_wbtest.mbt:58 ("bench encode scalar n=65536") ok
time (mean ± σ)         range (min … max) 
 583.85 µs ±   2.41 µs   580.82 µs … 586.22 µs  in 10 ×    173 runs
[moonbitlang/core] bench encoding/base64/v128_bench_wbtest.mbt:63 ("bench encode v128 n=65536") ok
time (mean ± σ)         range (min … max) 
 582.81 µs ±   2.40 µs   579.70 µs … 585.93 µs  in 10 ×    172 runs
[moonbitlang/core] bench encoding/base64/v128_bench_wbtest.mbt:68 ("bench decode scalar n=64") ok
time (mean ± σ)         range (min … max) 
 773.00 ns ±   2.34 ns   769.71 ns … 776.01 ns  in 10 × 100000 runs
[moonbitlang/core] bench encoding/base64/v128_bench_wbtest.mbt:75 ("bench decode v128 n=64") ok
time (mean ± σ)         range (min … max) 
 772.09 ns ±   2.34 ns   769.60 ns … 776.81 ns  in 10 × 100000 runs
[moonbitlang/core] bench encoding/base64/v128_bench_wbtest.mbt:80 ("bench decode scalar n=1024") ok
time (mean ± σ)         range (min … max) 
  10.63 µs ± 203.87 ns    10.45 µs …  11.09 µs  in 10 ×   9051 runs
[moonbitlang/core] bench encoding/base64/v128_bench_wbtest.mbt:87 ("bench decode v128 n=1024") ok
time (mean ± σ)         range (min … max) 
  10.46 µs ± 146.30 ns    10.30 µs …  10.76 µs  in 10 ×   9617 runs
[moonbitlang/core] bench encoding/base64/v128_bench_wbtest.mbt:92 ("bench decode scalar n=65536") ok
time (mean ± σ)         range (min … max) 
 888.75 µs ±   1.68 µs   886.88 µs … 892.80 µs  in 10 ×    113 runs
[moonbitlang/core] bench encoding/base64/v128_bench_wbtest.mbt:99 ("bench decode v128 n=65536") ok
time (mean ± σ)         range (min … max) 
 887.78 µs ±   1.33 µs   886.28 µs … 890.20 µs  in 10 ×    113 runs
[moonbitlang/core] bench encoding/utf16/utf16_v128_bench_test.mbt:57 ("bench utf16 encode ASCII LE n=100000") ok
time (mean ± σ)         range (min … max) 
 208.58 µs ±  46.20 µs   172.73 µs … 271.82 µs  in 10 ×    370 runs
[moonbitlang/core] bench encoding/utf16/utf16_v128_bench_test.mbt:63 ("bench utf16 encode ASCII BE n=100000") ok
time (mean ± σ)         range (min … max) 
 263.14 µs ±   1.03 µs   261.31 µs … 264.17 µs  in 10 ×    390 runs
[moonbitlang/core] bench encoding/utf16/utf16_v128_bench_test.mbt:69 ("bench utf16 encode mixed LE n=100000") ok
time (mean ± σ)         range (min … max) 
 173.34 µs ± 689.60 ns   172.15 µs … 174.08 µs  in 10 ×    576 runs
[moonbitlang/core] bench encoding/utf16/utf16_v128_bench_test.mbt:75 ("bench utf16 encode mixed BE n=100000") ok
time (mean ± σ)         range (min … max) 
 269.25 µs ± 777.51 ns   267.93 µs … 270.05 µs  in 10 ×    375 runs
[moonbitlang/core] bench encoding/utf16/utf16_v128_bench_test.mbt:81 ("bench utf16 decode ASCII LE n=100000") ok
time (mean ± σ)         range (min … max) 
 762.36 µs ±   6.89 µs   748.55 µs … 767.70 µs  in 10 ×    131 runs
[moonbitlang/core] bench encoding/utf16/utf16_v128_bench_test.mbt:87 ("bench utf16 decode ASCII BE n=100000") ok
time (mean ± σ)         range (min … max) 
 810.68 µs ±   1.69 µs   807.88 µs … 813.28 µs  in 10 ×    125 runs
[moonbitlang/core] bench encoding/utf16/utf16_v128_bench_test.mbt:95 ("bench utf16 decode mixed LE n=100000") ok
time (mean ± σ)         range (min … max) 
 782.51 µs ±   3.57 µs   775.62 µs … 788.70 µs  in 10 ×    128 runs
[moonbitlang/core] bench encoding/utf16/utf16_v128_bench_test.mbt:101 ("bench utf16 decode mixed BE n=100000") ok
time (mean ± σ)         range (min … max) 
 832.33 µs ±   4.16 µs   827.19 µs … 839.57 µs  in 10 ×    120 runs
[moonbitlang/core] bench encoding/utf16/utf16_v128_bench_test.mbt:109 ("bench utf16 decode emoji LE n=100000") ok
time (mean ± σ)         range (min … max) 
 683.01 µs ±   4.47 µs   678.63 µs … 689.25 µs  in 10 ×    146 runs
[moonbitlang/core] bench encoding/utf16/utf16_v128_bench_test.mbt:115 ("bench utf16 decode emoji BE n=100000") ok
time (mean ± σ)         range (min … max) 
 801.46 µs ±   2.78 µs   797.74 µs … 805.79 µs  in 10 ×    125 runs
[moonbitlang/core] bench immut/hashmap/hashmap_build_bench_test.mbt:37 ("bench HashMap constructor ordered n=10000") ok
time (mean ± σ)         range (min … max) 
   1.33 ms ±   5.66 µs     1.33 ms …   1.34 ms  in 10 ×     75 runs
[moonbitlang/core] bench immut/hashmap/hashmap_build_bench_test.mbt:43 ("bench HashMap constructor random n=10000") ok
time (mean ± σ)         range (min … max) 
   1.31 ms ±   3.13 µs     1.30 ms …   1.31 ms  in 10 ×     77 runs
[moonbitlang/core] bench immut/hashmap/hashmap_build_bench_test.mbt:49 ("bench HashMap::from_iter random n=10000") ok
time (mean ± σ)         range (min … max) 
   1.38 ms ±   4.52 µs     1.37 ms …   1.38 ms  in 10 ×     73 runs
[moonbitlang/core] bench immut/hashset/hashset_build_bench_test.mbt:34 ("bench HashSet constructor ordered n=10000") ok
time (mean ± σ)         range (min … max) 
   1.28 ms ±   4.03 µs     1.28 ms …   1.29 ms  in 10 ×     78 runs
[moonbitlang/core] bench immut/hashset/hashset_build_bench_test.mbt:40 ("bench HashSet constructor random n=10000") ok
time (mean ± σ)         range (min … max) 
   1.28 ms ±   2.82 µs     1.28 ms …   1.29 ms  in 10 ×     78 runs
[moonbitlang/core] bench immut/hashset/hashset_build_bench_test.mbt:46 ("bench HashSet::from_iter random n=10000") ok
time (mean ± σ)         range (min … max) 
   1.36 ms ±   3.42 µs     1.35 ms …   1.36 ms  in 10 ×     74 runs
[moonbitlang/core] bench immut/priority_queue/priority_queue_build_bench_test.mbt:38 ("bench PriorityQueue::from_array ordered n=10000") ok
time (mean ± σ)         range (min … max) 
 110.06 µs ± 240.27 ns   109.70 µs … 110.44 µs  in 10 ×    910 runs
[moonbitlang/core] bench immut/priority_queue/priority_queue_build_bench_test.mbt:44 ("bench PriorityQueue::from_array reverse n=10000") ok
time (mean ± σ)         range (min … max) 
  79.04 µs ± 199.43 ns    78.75 µs …  79.44 µs  in 10 ×   1213 runs
[moonbitlang/core] bench immut/priority_queue/priority_queue_build_bench_test.mbt:50 ("bench PriorityQueue::from_array random n=10000") ok
time (mean ± σ)         range (min … max) 
  94.97 µs ±   1.24 µs    94.40 µs …  98.48 µs  in 10 ×    989 runs
[moonbitlang/core] bench immut/priority_queue/priority_queue_build_bench_test.mbt:56 ("bench PriorityQueue::from_iter random n=10000") ok
time (mean ± σ)         range (min … max) 
 119.75 µs ± 673.75 ns   119.10 µs … 121.50 µs  in 10 ×    818 runs
[moonbitlang/core] bench immut/sorted_map/merge_bench_test.mbt:29 ("bench merge disjoint n=1000") ok
time (mean ± σ)         range (min … max) 
   2.52 µs ±  20.09 ns     2.48 µs …   2.54 µs  in 10 ×  39467 runs
[moonbitlang/core] bench immut/sorted_map/merge_bench_test.mbt:36 ("bench merge disjoint n=5000") ok
time (mean ± σ)         range (min … max) 
   3.70 µs ±  20.26 ns     3.67 µs …   3.72 µs  in 10 ×  27817 runs
[moonbitlang/core] bench immut/sorted_map/merge_bench_test.mbt:43 ("bench merge disjoint n=10000") ok
time (mean ± σ)         range (min … max) 
   4.43 µs ±  24.79 ns     4.39 µs …   4.46 µs  in 10 ×  22618 runs
[moonbitlang/core] bench immut/sorted_map/merge_bench_test.mbt:50 ("bench merge overlapping 50% n=1000") ok
time (mean ± σ)         range (min … max) 
  11.24 µs ±  15.82 ns    11.22 µs …  11.27 µs  in 10 ×   8900 runs
[moonbitlang/core] bench immut/sorted_map/merge_bench_test.mbt:57 ("bench merge overlapping 50% n=5000") ok
time (mean ± σ)         range (min … max) 
  55.06 µs ±  79.37 ns    54.98 µs …  55.21 µs  in 10 ×   1815 runs
[moonbitlang/core] bench immut/sorted_map/merge_bench_test.mbt:64 ("bench merge overlapping 50% n=10000") ok
time (mean ± σ)         range (min … max) 
  99.34 µs ± 260.15 ns    99.02 µs …  99.83 µs  in 10 ×   1010 runs
[moonbitlang/core] bench immut/sorted_map/merge_bench_test.mbt:71 ("bench merge identical n=1000") ok
time (mean ± σ)         range (min … max) 
  16.44 µs ±  24.59 ns    16.41 µs …  16.49 µs  in 10 ×   6099 runs
[moonbitlang/core] bench immut/sorted_map/merge_bench_test.mbt:78 ("bench merge identical n=5000") ok
time (mean ± σ)         range (min … max) 
  86.40 µs ± 340.56 ns    85.88 µs …  86.94 µs  in 10 ×   1155 runs
[moonbitlang/core] bench immut/sorted_map/merge_bench_test.mbt:85 ("bench merge interleaved n=1000") ok
time (mean ± σ)         range (min … max) 
  60.50 µs ±  97.54 ns    60.40 µs …  60.67 µs  in 10 ×   1652 runs
[moonbitlang/core] bench immut/sorted_map/merge_bench_test.mbt:92 ("bench merge interleaved n=5000") ok
time (mean ± σ)         range (min … max) 
 326.24 µs ±   1.02 µs   324.75 µs … 327.83 µs  in 10 ×    309 runs
[moonbitlang/core] bench immut/sorted_map/merge_bench_test.mbt:99 ("bench merge small into large n=100+10000") ok
time (mean ± σ)         range (min … max) 
   4.00 µs ±  20.02 ns     3.97 µs …   4.03 µs  in 10 ×  25085 runs
[moonbitlang/core] bench immut/vector/vector_iter_bench_test.mbt:24 ("bench Vector::iter fold n=100000") ok
time (mean ± σ)         range (min … max) 
 614.25 µs ±   2.45 µs   608.16 µs … 616.71 µs  in 10 ×    164 runs
[moonbitlang/core] bench immut/vector/vector_iter_bench_test.mbt:30 ("bench Vector::iter each n=100000") ok
time (mean ± σ)         range (min … max) 
 612.87 µs ±   3.81 µs   607.35 µs … 616.96 µs  in 10 ×    163 runs
[moonbitlang/core] bench immut/vector/vector_iter_bench_test.mbt:40 ("bench Vector::iter to_array n=100000") ok
time (mean ± σ)         range (min … max) 
   1.44 ms ±  29.15 µs     1.40 ms …   1.48 ms  in 10 ×     69 runs
[moonbitlang/core] bench immut/vector/vector_iter_bench_test.mbt:46 ("bench Vector::for-in n=100000") ok
time (mean ± σ)         range (min … max) 
 616.76 µs ± 818.87 ns   616.01 µs … 618.56 µs  in 10 ×    163 runs
[moonbitlang/core] bench immut/vector/vector_contains_bench_test.mbt:24 ("bench Vector::contains missing n=100000") ok
time (mean ± σ)         range (min … max) 
  79.39 µs ±  32.63 ns    79.34 µs …  79.43 µs  in 10 ×   1256 runs
[moonbitlang/core] bench immut/vector/vector_contains_bench_test.mbt:30 ("bench Vector::contains tree-end n=100000") ok
time (mean ± σ)         range (min … max) 
  79.49 µs ±  19.31 ns    79.46 µs …  79.53 µs  in 10 ×   1257 runs
[moonbitlang/core] bench immut/vector/vector_contains_bench_test.mbt:36 ("bench Vector::contains tail-end n=100000") ok
time (mean ± σ)         range (min … max) 
  79.84 µs ±  23.24 ns    79.80 µs …  79.87 µs  in 10 ×   1253 runs
[moonbitlang/core] bench internal/strconv/parse_double_bench_test.mbt:48 ("bench parse_double fast digits n=4096") ok
time (mean ± σ)         range (min … max) 
 631.70 µs ±   2.85 µs   625.75 µs … 634.78 µs  in 10 ×    148 runs
[moonbitlang/core] bench internal/strconv/parse_double_bench_test.mbt:55 ("bench parse_double underscores n=4096") ok
time (mean ± σ)         range (min … max) 
   1.10 ms ±   1.39 µs     1.10 ms …   1.10 ms  in 10 ×     92 runs
[moonbitlang/core] bench internal/strconv/parse_double_bench_test.mbt:62 ("bench parse_double long mantissa n=4096") ok
time (mean ± σ)         range (min … max) 
   2.51 ms ±   4.56 µs     2.50 ms …   2.51 ms  in 10 ×     40 runs
[moonbitlang/core] bench json/stringify_escape_bench_test.mbt:24 ("bench Json::stringify strings no escape n=2048") ok
time (mean ± σ)         range (min … max) 
 160.99 µs ± 881.32 ns   160.32 µs … 162.83 µs  in 10 ×    621 runs
[moonbitlang/core] bench json/stringify_escape_bench_test.mbt:30 ("bench Json::stringify strings slash no escape n=2048") ok
time (mean ± σ)         range (min … max) 
 147.63 µs ±  96.72 ns   147.49 µs … 147.81 µs  in 10 ×    678 runs
[moonbitlang/core] bench json/stringify_escape_bench_test.mbt:36 ("bench Json::stringify strings slash escaped n=2048") ok
time (mean ± σ)         range (min … max) 
 529.91 µs ±   3.18 µs   523.80 µs … 532.16 µs  in 10 ×    192 runs
[moonbitlang/core] bench json/stringify_escape_bench_test.mbt:42 ("bench Json::stringify strings quotes controls n=2048") ok
time (mean ± σ)         range (min … max) 
 459.56 µs ± 258.69 ns   459.22 µs … 459.93 µs  in 10 ×    219 runs
[moonbitlang/core] bench json/parse_bench_test.mbt:45 ("bench json parse mixed object array n=1000") ok
time (mean ± σ)         range (min … max) 
   2.06 ms ±  17.42 µs     2.04 ms …   2.10 ms  in 10 ×     48 runs
[moonbitlang/core] bench json/number_bench_test.mbt:64 ("bench json parse int array n=10000") ok
time (mean ± σ)         range (min … max) 
   1.56 ms ±  30.00 µs     1.50 ms …   1.59 ms  in 10 ×     63 runs
[moonbitlang/core] bench json/number_bench_test.mbt:70 ("bench json parse float array n=10000") ok
time (mean ± σ)         range (min … max) 
   2.26 ms ±  80.30 µs     2.13 ms …   2.34 ms  in 10 ×     43 runs
[moonbitlang/core] bench json/number_bench_test.mbt:76 ("bench json parse long mantissa array n=10000") ok
time (mean ± σ)         range (min … max) 
   7.33 ms ± 255.85 µs     7.12 ms …   7.76 ms  in 10 ×     14 runs
[moonbitlang/core] bench lazy_list/concat_bench_test.mbt:40 ("bench LazyList build and traverse n=2048") ok
time (mean ± σ)         range (min … max) 
  64.36 µs ± 134.77 ns    64.10 µs …  64.57 µs  in 10 ×   1552 runs
[moonbitlang/core] bench lazy_list/concat_bench_test.mbt:49 ("bench LazyList re-traverse a forced list n=2048") ok
time (mean ± σ)         range (min … max) 
  31.20 µs ± 138.58 ns    30.99 µs …  31.38 µs  in 10 ×   3181 runs
[moonbitlang/core] bench lazy_list/concat_bench_test.mbt:57 ("bench LazyList left-nested concat, build only n=2048") ok
time (mean ± σ)         range (min … max) 
  84.18 µs ± 382.00 ns    83.69 µs …  84.80 µs  in 10 ×   1183 runs
[moonbitlang/core] bench lazy_list/concat_bench_test.mbt:62 ("bench LazyList left-nested concat, build and traverse n=2048") ok
time (mean ± σ)         range (min … max) 
 273.17 µs ± 744.32 ns   271.99 µs … 273.93 µs  in 10 ×    366 runs
[moonbitlang/core] bench lazy_list/concat_bench_test.mbt:69 ("bench LazyList concat while consuming n=2048") ok
time (mean ± σ)         range (min … max) 
 191.34 µs ± 541.00 ns   190.56 µs … 192.27 µs  in 10 ×    523 runs
[moonbitlang/core] bench random/random_test.mbt:411 ("bench random") ok
time (mean ± σ)         range (min … max) 
 280.08 ms ± 242.50 µs   279.65 ms … 280.46 ms  in 10 ×      1 runs
[moonbitlang/core] bench string/regex_bench_test.mbt:16 ("bench regex /aa?b/ on 1MB string") ok
time (mean ± σ)         range (min … max) 
  33.40 ms ± 135.73 µs    33.05 ms …  33.49 ms  in 10 ×      4 runs
[moonbitlang/core] bench string/regex_bench_test.mbt:23 ("bench regex phone lines") ok
time (mean ± σ)         range (min … max) 
  20.41 µs ±  16.28 ns    20.39 µs …  20.44 µs  in 10 ×   4893 runs
[moonbitlang/core] bench string/regex_bench_test.mbt:43 ("bench regex large pattern") ok
time (mean ± σ)         range (min … max) 
  18.52 ms ±  15.67 µs    18.50 ms …  18.54 ms  in 10 ×      6 runs
[moonbitlang/core] bench v128/v128_bench_test.mbt:32 ("bench V128 i64x2_add n=10000") ok
time (mean ± σ)         range (min … max) 
 413.89 µs ±   1.46 µs   410.73 µs … 415.42 µs  in 10 ×    244 runs
[moonbitlang/core] bench v128/v128_bench_test.mbt:44 ("bench V128 i32x4_add n=10000") ok
time (mean ± σ)         range (min … max) 
   2.54 ms ±  21.78 µs     2.51 ms …   2.57 ms  in 10 ×     40 runs
[moonbitlang/core] bench v128/v128_bench_test.mbt:56 ("bench V128 i8x16_add n=10000") ok
time (mean ± σ)         range (min … max) 
  11.91 ms ±  61.23 µs    11.83 ms …  11.97 ms  in 10 ×      9 runs
[moonbitlang/core] bench v128/v128_bench_test.mbt:68 ("bench V128 i8x16_splat n=10000") ok
time (mean ± σ)         range (min … max) 
  14.26 ms ±  63.51 µs    14.20 ms …  14.39 ms  in 10 ×      8 runs
[moonbitlang/core] bench v128/v128_bench_test.mbt:79 ("bench V128 i8x16_extract_lane_u n=10000") ok
time (mean ± σ)         range (min … max) 
 239.79 µs ±   2.73 µs   238.23 µs … 247.22 µs  in 10 ×    392 runs
[moonbitlang/core] bench v128/v128_bench_test.mbt:93 ("bench V128 i8x16_replace_lane n=10000") ok
time (mean ± σ)         range (min … max) 
 661.83 µs ±   1.17 µs   660.77 µs … 664.31 µs  in 10 ×    151 runs
[moonbitlang/core] bench v128/v128_bench_test.mbt:108 ("bench V128 i8x16_bitmask n=10000") ok
time (mean ± σ)         range (min … max) 
   4.12 ms ±   2.36 µs     4.12 ms …   4.13 ms  in 10 ×     25 runs
[moonbitlang/core] bench v128/v128_bench_test.mbt:120 ("bench V128 load/store n=10000") ok
time (mean ± σ)         range (min … max) 
   5.01 ms ±   5.51 µs     5.00 ms …   5.02 ms  in 10 ×     20 runs
[moonbitlang/core] bench v128/v128_bench_test.mbt:135 ("bench V128 load8x8_u n=10000") ok
time (mean ± σ)         range (min … max) 
   2.22 ms ±   2.61 µs     2.22 ms …   2.22 ms  in 10 ×     46 runs
[moonbitlang/core] bench v128/v128_bench_test.mbt:147 ("bench V128 load8x8_s n=10000") ok
time (mean ± σ)         range (min … max) 
   2.30 ms ±   1.52 µs     2.29 ms …   2.30 ms  in 10 ×     44 runs
[moonbitlang/core] bench v128/v128_bench_test.mbt:159 ("bench V128 load16x4_u n=10000") ok
time (mean ± σ)         range (min … max) 
   1.74 ms ±   1.22 µs     1.74 ms …   1.74 ms  in 10 ×     58 runs
[moonbitlang/core] bench v128/v128_bench_test.mbt:171 ("bench V128 load16x4_s n=10000") ok
time (mean ± σ)         range (min … max) 
   1.79 ms ±   3.18 µs     1.78 ms …   1.79 ms  in 10 ×     57 runs
[moonbitlang/core] bench v128/v128_bench_test.mbt:183 ("bench V128 load32x2_u n=10000") ok
time (mean ± σ)         range (min … max) 
   1.54 ms ±   1.00 µs     1.54 ms …   1.54 ms  in 10 ×     65 runs
[moonbitlang/core] bench v128/v128_bench_test.mbt:195 ("bench V128 load32x2_s n=10000") ok
time (mean ± σ)         range (min … max) 
   1.57 ms ±   5.03 µs     1.56 ms …   1.58 ms  in 10 ×     64 runs
[moonbitlang/core] bench v128/v128_bench_test.mbt:207 ("bench V128 load_splat n=10000") ok
time (mean ± σ)         range (min … max) 
   7.18 ms ±  54.36 µs     7.08 ms …   7.23 ms  in 10 ×     15 runs
[moonbitlang/core] bench v128/v128_bench_test.mbt:223 ("bench V128 load8_lane n=10000") ok
time (mean ± σ)         range (min … max) 
 670.69 µs ±   7.61 µs   664.62 µs … 681.50 µs  in 10 ×    147 runs
[moonbitlang/core] bench v128/v128_bench_test.mbt:235 ("bench V128 load16_lane n=10000") ok
time (mean ± σ)         range (min … max) 
 671.12 µs ± 430.75 ns   670.47 µs … 671.79 µs  in 10 ×    149 runs
[moonbitlang/core] bench v128/v128_bench_test.mbt:247 ("bench V128 load32_lane n=10000") ok
time (mean ± σ)         range (min … max) 
 661.89 µs ± 997.91 ns   660.34 µs … 663.65 µs  in 10 ×    148 runs
[moonbitlang/core] bench v128/v128_bench_test.mbt:259 ("bench V128 load64_lane n=10000") ok
time (mean ± σ)         range (min … max) 
   1.05 ms ±   7.56 µs     1.05 ms …   1.06 ms  in 10 ×     94 runs
[moonbitlang/core] bench v128/v128_bench_test.mbt:271 ("bench V128 extend i8x16 to i16x8 n=10000") ok
time (mean ± σ)         range (min … max) 
   9.39 ms ±   8.79 µs     9.37 ms …   9.40 ms  in 10 ×     11 runs
[moonbitlang/core] bench v128/v128_bench_test.mbt:285 ("bench V128 extend i16x8 to i32x4 n=10000") ok
time (mean ± σ)         range (min … max) 
   3.82 ms ±  11.58 µs     3.79 ms …   3.83 ms  in 10 ×     27 runs
[moonbitlang/core] bench v128/v128_bench_test.mbt:299 ("bench V128 extend i32x4 to i64x2 n=10000") ok
time (mean ± σ)         range (min … max) 
   2.23 ms ±   5.30 µs     2.22 ms …   2.23 ms  in 10 ×     45 runs
[moonbitlang/core] bench v128/v128_bench_test.mbt:313 ("bench V128 all_true n=10000") ok
time (mean ± σ)         range (min … max) 
 716.89 µs ±   5.76 µs   706.90 µs … 726.30 µs  in 10 ×    137 runs
[moonbitlang/core] bench v128/v128_bench_test.mbt:337 ("bench V128 bitmask all widths n=10000") ok
time (mean ± σ)         range (min … max) 
   7.63 ms ±  10.66 µs     7.60 ms …   7.64 ms  in 10 ×     14 runs
[moonbitlang/core] bench v128/v128_bench_test.mbt:353 ("bench V128 swizzle n=10000") ok
time (mean ± σ)         range (min … max) 
  22.20 ms ±  23.16 µs    22.15 ms …  22.23 ms  in 10 ×      5 runs
[moonbitlang/core] bench v128/v128_bench_test.mbt:371 ("bench V128 shuffle n=10000") ok
time (mean ± σ)         range (min … max) 
  17.32 ms ±  26.43 µs    17.26 ms …  17.35 ms  in 10 ×      6 runs
Total tests: 282, passed: 282, failed: 0.
