[moonbitlang/core] bench bench/hash_bench_test.mbt:16 ("bench Hash for Bytes (small)") ok
time (mean ± σ)         range (min … max) 
  12.28 ns ±   0.12 ns    12.13 ns …  12.53 ns  in 10 × 100000 runs
[moonbitlang/core] bench bench/hash_bench_test.mbt:22 ("bench Hash for Bytes (medium)") ok
time (mean ± σ)         range (min … max) 
 137.22 ns ±   0.27 ns   136.99 ns … 137.68 ns  in 10 × 100000 runs
[moonbitlang/core] bench bench/hash_bench_test.mbt:28 ("bench Hash for Bytes (large)") ok
time (mean ± σ)         range (min … max) 
   2.29 µs ±   1.87 ns     2.29 µs …   2.29 µs  in 10 ×  43638 runs
[moonbitlang/core] bench bench/hash_bench_test.mbt:34 ("bench Hash for BytesView (small)") ok
time (mean ± σ)         range (min … max) 
  17.19 ns ±   0.35 ns    16.67 ns …  17.54 ns  in 10 × 100000 runs
[moonbitlang/core] bench bench/hash_bench_test.mbt:41 ("bench Hash for BytesView (medium)") ok
time (mean ± σ)         range (min … max) 
 141.53 ns ±   0.57 ns   140.83 ns … 142.33 ns  in 10 × 100000 runs
[moonbitlang/core] bench bench/hash_bench_test.mbt:48 ("bench Hash for BytesView (large)") ok
time (mean ± σ)         range (min … max) 
   2.30 µs ±   1.05 ns     2.30 µs …   2.31 µs  in 10 ×  43360 runs
[moonbitlang/core] bench bench/hash_bench_test.mbt:55 ("bench Hasher::combine_bytes (small)") ok
time (mean ± σ)         range (min … max) 
  15.27 ns ±   0.14 ns    15.07 ns …  15.46 ns  in 10 × 100000 runs
[moonbitlang/core] bench bench/hash_bench_test.mbt:65 ("bench Hasher::combine_bytes (medium)") ok
time (mean ± σ)         range (min … max) 
 124.26 ns ±   0.19 ns   123.92 ns … 124.49 ns  in 10 × 100000 runs
[moonbitlang/core] bench bench/hash_bench_test.mbt:75 ("bench Hasher::combine_bytes (large)") ok
time (mean ± σ)         range (min … max) 
   2.02 µs ±   4.05 ns     2.02 µs …   2.04 µs  in 10 ×  49407 runs
[moonbitlang/core] bench bigint/to_string_bench_test.mbt:30 ("bench BigInt::to_string n=40 digits") ok
time (mean ± σ)         range (min … max) 
 194.49 ns ±   0.44 ns   193.62 ns … 195.01 ns  in 10 × 100000 runs
[moonbitlang/core] bench bigint/to_string_bench_test.mbt:36 ("bench BigInt::to_string n=400 digits") ok
time (mean ± σ)         range (min … max) 
   3.98 µs ±  11.26 ns     3.96 µs …   4.00 µs  in 10 ×  25144 runs
[moonbitlang/core] bench bigint/to_string_bench_test.mbt:42 ("bench BigInt::to_string n=4000 digits") ok
time (mean ± σ)         range (min … max) 
 300.14 µs ± 195.22 ns   299.94 µs … 300.49 µs  in 10 ×    333 runs
[moonbitlang/core] bench buffer/write_bench_test.mbt:30 ("bench Buffer::write_byte n=4096") ok
time (mean ± σ)         range (min … max) 
   7.95 µs ± 367.84 ns     7.41 µs …   8.24 µs  in 10 ×  12132 runs
[moonbitlang/core] bench buffer/write_bench_test.mbt:42 ("bench Buffer::write_uint16_be n=4096") ok
time (mean ± σ)         range (min … max) 
   8.54 µs ±   4.13 ns     8.54 µs …   8.55 µs  in 10 ×  11725 runs
[moonbitlang/core] bench buffer/write_bench_test.mbt:54 ("bench Buffer::write_uint_le n=4096") ok
time (mean ± σ)         range (min … max) 
  10.36 µs ±  16.20 ns    10.33 µs …  10.38 µs  in 10 ×   9600 runs
[moonbitlang/core] bench buffer/write_bench_test.mbt:66 ("bench Buffer::write_uint64_be n=4096") ok
time (mean ± σ)         range (min … max) 
  13.92 µs ±  28.75 ns    13.90 µs …  13.99 µs  in 10 ×   7194 runs
[moonbitlang/core] bench buffer/write_bench_test.mbt:78 ("bench Buffer::write_char_utf8 ASCII n=4096") ok
time (mean ± σ)         range (min … max) 
   8.14 µs ±  92.97 ns     8.04 µs …   8.26 µs  in 10 ×  12415 runs
[moonbitlang/core] bench buffer/write_bench_test.mbt:90 ("bench Buffer::write_char_utf8 non-BMP n=4096") ok
time (mean ± σ)         range (min … max) 
  12.58 µs ±  21.53 ns    12.55 µs …  12.61 µs  in 10 ×   7954 runs
[moonbitlang/core] bench buffer/write_bench_test.mbt:103 ("bench Buffer::write_char_utf16le BMP n=4096") ok
time (mean ± σ)         range (min … max) 
   8.63 µs ±   5.79 ns     8.62 µs …   8.64 µs  in 10 ×  11576 runs
[moonbitlang/core] bench buffer/write_bench_test.mbt:115 ("bench Buffer::write_string_utf16le chunks n=4096") ok
time (mean ± σ)         range (min … max) 
  70.95 µs ±  41.82 ns    70.90 µs …  71.04 µs  in 10 ×   1409 runs
[moonbitlang/core] bench buffer/write_bench_test.mbt:130 ("bench @buffer.from_array n=4096") ok
time (mean ± σ)         range (min … max) 
   2.61 µs ±   4.36 ns     2.60 µs …   2.61 µs  in 10 ×  38268 runs
[moonbitlang/core] bench builtin/view_bench_test.mbt:34 ("bench ArrayView::at Int n=100000") ok
time (mean ± σ)         range (min … max) 
  81.45 µs ± 149.56 ns    81.38 µs …  81.87 µs  in 10 ×   1230 runs
[moonbitlang/core] bench builtin/view_bench_test.mbt:47 ("bench ArrayView::get Int n=100000") ok
time (mean ± σ)         range (min … max) 
 108.51 µs ±  42.11 ns   108.46 µs … 108.57 µs  in 10 ×    922 runs
[moonbitlang/core] bench builtin/view_bench_test.mbt:62 ("bench ArrayView::unsafe_get Int n=100000") ok
time (mean ± σ)         range (min … max) 
  58.64 µs ± 103.99 ns    58.55 µs …  58.89 µs  in 10 ×   1708 runs
[moonbitlang/core] bench builtin/view_bench_test.mbt:75 ("bench ArrayView::rev_fold Int n=100000") ok
time (mean ± σ)         range (min … max) 
  56.67 µs ±  52.02 ns    56.62 µs …  56.77 µs  in 10 ×   1764 runs
[moonbitlang/core] bench builtin/view_bench_test.mbt:82 ("bench ArrayView::rev_foldi Int n=100000") ok
time (mean ± σ)         range (min … max) 
  56.64 µs ±  36.55 ns    56.58 µs …  56.71 µs  in 10 ×   1766 runs
[moonbitlang/core] bench builtin/view_bench_test.mbt:91 ("bench ArrayView::equal Int n=100000") ok
time (mean ± σ)         range (min … max) 
  75.98 µs ± 152.11 ns    75.69 µs …  76.21 µs  in 10 ×   1315 runs
[moonbitlang/core] bench builtin/view_bench_test.mbt:99 ("bench ArrayView::compare Int n=100000") ok
time (mean ± σ)         range (min … max) 
  98.29 µs ±  63.64 ns    98.22 µs …  98.45 µs  in 10 ×   1017 runs
[moonbitlang/core] bench builtin/view_bench_test.mbt:107 ("bench MutArrayView::at Int n=100000") ok
time (mean ± σ)         range (min … max) 
  81.40 µs ±  63.64 ns    81.33 µs …  81.56 µs  in 10 ×   1226 runs
[moonbitlang/core] bench builtin/view_bench_test.mbt:120 ("bench MutArrayView::unsafe_get Int n=100000") ok
time (mean ± σ)         range (min … max) 
  58.15 µs ± 174.17 ns    57.99 µs …  58.53 µs  in 10 ×   1727 runs
[moonbitlang/core] bench builtin/view_bench_test.mbt:133 ("bench MutArrayView::set Int n=100000") ok
time (mean ± σ)         range (min … max) 
 108.46 µs ±  31.07 ns   108.42 µs … 108.53 µs  in 10 ×    922 runs
[moonbitlang/core] bench builtin/view_bench_test.mbt:145 ("bench MutArrayView::unsafe_set Int n=100000") ok
time (mean ± σ)         range (min … max) 
  58.91 µs ± 766.98 ns    58.17 µs …  60.74 µs  in 10 ×   1723 runs
[moonbitlang/core] bench builtin/view_bench_test.mbt:157 ("bench BytesView::at n=100000") ok
time (mean ± σ)         range (min … max) 
  81.37 µs ±  55.61 ns    81.31 µs …  81.48 µs  in 10 ×   1230 runs
[moonbitlang/core] bench builtin/view_bench_test.mbt:170 ("bench BytesView::unsafe_get n=100000") ok
time (mean ± σ)         range (min … max) 
  53.68 µs ±  63.44 ns    53.60 µs …  53.78 µs  in 10 ×   1866 runs
[moonbitlang/core] bench builtin/stringbuilder_bench_test.mbt:28 ("bench StringBuilder::write_string chunks n=4096") ok
time (mean ± σ)         range (min … max) 
 101.14 µs ±   2.21 µs    97.50 µs … 102.93 µs  in 10 ×   1022 runs
[moonbitlang/core] bench builtin/stringbuilder_bench_test.mbt:41 ("bench StringBuilder::write_view chunks n=4096") ok
time (mean ± σ)         range (min … max) 
  99.99 µs ± 328.73 ns    99.49 µs … 100.46 µs  in 10 ×    972 runs
[moonbitlang/core] bench builtin/stringbuilder_bench_test.mbt:54 ("bench StringBuilder::write_stringview chunks n=4096") ok
time (mean ± σ)         range (min … max) 
  99.55 µs ± 792.20 ns    98.50 µs … 100.52 µs  in 10 ×   1003 runs
[moonbitlang/core] bench builtin/stringbuilder_bench_test.mbt:67 ("bench StringBuilder::write_char ASCII n=4096") ok
time (mean ± σ)         range (min … max) 
   8.54 µs ±   5.21 ns     8.53 µs …   8.55 µs  in 10 ×  11715 runs
[moonbitlang/core] bench builtin/stringbuilder_bench_test.mbt:79 ("bench StringBuilder::write_char non-BMP n=4096") ok
time (mean ± σ)         range (min … max) 
  11.00 µs ±   7.99 ns    10.99 µs …  11.01 µs  in 10 ×   9086 runs
[moonbitlang/core] bench builtin/stringbuilder_bench_test.mbt:92 ("bench StringBuilder::reset reuse spare capacity n=4096") ok
time (mean ± σ)         range (min … max) 
 132.06 µs ±   1.90 µs   129.98 µs … 134.61 µs  in 10 ×    748 runs
[moonbitlang/core] bench builtin/string_to_lower_bench_test.mbt:61 ("bench String::to_lower short") ok
time (mean ± σ)         range (min … max) 
  29.69 ns ±   0.22 ns    29.24 ns …  30.00 ns  in 10 × 100000 runs
[moonbitlang/core] bench builtin/string_to_lower_bench_test.mbt:66 ("bench String::to_lower long") ok
time (mean ± σ)         range (min … max) 
   1.14 µs ±   3.04 ns     1.14 µs …   1.15 µs  in 10 ×  87418 runs
[moonbitlang/core] bench builtin/string_to_lower_bench_test.mbt:71 ("bench String::to_lower sparse") ok
time (mean ± σ)         range (min … max) 
   1.03 µs ±   4.93 ns     1.03 µs …   1.04 µs  in 10 ×  96134 runs
[moonbitlang/core] bench builtin/string_to_lower_bench_test.mbt:76 ("bench String::to_lower late-uppercase") ok
time (mean ± σ)         range (min … max) 
   1.03 µs ±   1.53 ns     1.03 µs …   1.03 µs  in 10 ×  97148 runs
[moonbitlang/core] bench builtin/string_to_lower_bench_test.mbt:81 ("bench String::to_lower one-unit runs") ok
time (mean ± σ)         range (min … max) 
   1.07 µs ±   1.50 ns     1.07 µs …   1.08 µs  in 10 ×  93319 runs
[moonbitlang/core] bench builtin/string_to_lower_bench_test.mbt:86 ("bench String::to_lower all-uppercase") ok
time (mean ± σ)         range (min … max) 
   1.18 µs ±   6.78 ns     1.18 µs …   1.20 µs  in 10 ×  84669 runs
[moonbitlang/core] bench builtin/string_to_lower_bench_test.mbt:91 ("bench String::to_lower no-change short") ok
time (mean ± σ)         range (min … max) 
  14.08 ns ±   0.05 ns    14.03 ns …  14.19 ns  in 10 × 100000 runs
[moonbitlang/core] bench builtin/string_to_lower_bench_test.mbt:96 ("bench String::to_lower no-change long") ok
time (mean ± σ)         range (min … max) 
 503.03 ns ±   0.49 ns   502.45 ns … 503.98 ns  in 10 × 100000 runs
[moonbitlang/core] bench builtin/string_to_lower_bench_test.mbt:101 ("bench StringView::to_lower short") ok
time (mean ± σ)         range (min … max) 
  30.28 ns ±   0.18 ns    29.92 ns …  30.55 ns  in 10 × 100000 runs
[moonbitlang/core] bench builtin/string_to_lower_bench_test.mbt:106 ("bench StringView::to_lower long") ok
time (mean ± σ)         range (min … max) 
   1.13 µs ±   2.12 ns     1.13 µs …   1.14 µs  in 10 ×  88315 runs
[moonbitlang/core] bench builtin/string_to_lower_bench_test.mbt:111 ("bench StringView::to_lower no-change long") ok
time (mean ± σ)         range (min … max) 
 506.99 ns ±   0.38 ns   506.57 ns … 507.67 ns  in 10 × 100000 runs
[moonbitlang/core] bench builtin/string_methods_bench_test.mbt:36 ("bench StringView::has_prefix match n=100000 needle=128") ok
time (mean ± σ)         range (min … max) 
 103.56 ns ±   0.13 ns   103.42 ns … 103.82 ns  in 10 × 100000 runs
[moonbitlang/core] bench builtin/string_methods_bench_test.mbt:45 ("bench StringView::has_prefix mismatch n=100000 needle=128") ok
time (mean ± σ)         range (min … max) 
  11.11 ns ±   0.26 ns    10.73 ns …  11.48 ns  in 10 × 100000 runs
[moonbitlang/core] bench builtin/string_methods_bench_test.mbt:54 ("bench StringView::has_suffix match n=100000 needle=128") ok
time (mean ± σ)         range (min … max) 
 104.03 ns ±   0.12 ns   103.74 ns … 104.20 ns  in 10 × 100000 runs
[moonbitlang/core] bench builtin/string_methods_bench_test.mbt:63 ("bench StringView::has_suffix mismatch n=100000 needle=128") ok
time (mean ± σ)         range (min … max) 
  11.13 ns ±   0.30 ns    10.67 ns …  11.46 ns  in 10 × 100000 runs
[moonbitlang/core] bench builtin/string_find_code_unit_bench_test.mbt:16 ("bench find one code unit absent n=4") ok
time (mean ± σ)         range (min … max) 
  12.47 ns ±   0.26 ns    12.08 ns …  12.86 ns  in 10 × 100000 runs
[moonbitlang/core] bench builtin/string_find_code_unit_bench_test.mbt:22 ("bench find one code unit absent n=8") ok
time (mean ± σ)         range (min … max) 
  13.79 ns ±   0.41 ns    13.12 ns …  14.19 ns  in 10 × 100000 runs
[moonbitlang/core] bench builtin/string_find_code_unit_bench_test.mbt:28 ("bench find one code unit present@0 n=8") ok
time (mean ± σ)         range (min … max) 
  11.16 ns ±   0.30 ns    10.73 ns …  11.52 ns  in 10 × 100000 runs
[moonbitlang/core] bench builtin/string_find_code_unit_bench_test.mbt:34 ("bench find one code unit absent n=64") ok
time (mean ± σ)         range (min … max) 
  43.03 ns ±   0.15 ns    42.79 ns …  43.28 ns  in 10 × 100000 runs
[moonbitlang/core] bench builtin/string_find_code_unit_bench_test.mbt:40 ("bench find one code unit absent n=256") ok
time (mean ± σ)         range (min … max) 
 155.82 ns ±   0.72 ns   154.60 ns … 156.95 ns  in 10 × 100000 runs
[moonbitlang/core] bench builtin/string_find_code_unit_bench_test.mbt:46 ("bench find one code unit present@end n=256") ok
time (mean ± σ)         range (min … max) 
 149.63 ns ±   0.58 ns   148.82 ns … 150.70 ns  in 10 × 100000 runs
[moonbitlang/core] bench builtin/string_find_code_unit_bench_test.mbt:52 ("bench rev_find one code unit absent n=256") ok
time (mean ± σ)         range (min … max) 
 156.30 ns ±   0.66 ns   155.54 ns … 157.46 ns  in 10 × 100000 runs
[moonbitlang/core] bench builtin/string_find_code_unit_bench_test.mbt:58 ("bench rev_find one code unit present@start n=256") ok
time (mean ± σ)         range (min … max) 
 150.28 ns ±   0.24 ns   149.96 ns … 150.57 ns  in 10 × 100000 runs
[moonbitlang/core] bench builtin/string_find_code_unit_bench_test.mbt:64 ("bench rev_find one code unit present@end n=8") ok
time (mean ± σ)         range (min … max) 
  11.09 ns ±   0.44 ns    10.53 ns …  11.69 ns  in 10 × 100000 runs
[moonbitlang/core] bench builtin/string_find_code_unit_bench_test.mbt:70 ("bench StringView find one code unit absent n=256") ok
time (mean ± σ)         range (min … max) 
 136.73 ns ±   0.24 ns   136.38 ns … 137.16 ns  in 10 × 100000 runs
[moonbitlang/core] bench builtin/string_find_code_unit_bench_test.mbt:77 ("bench StringView rev_find one code unit absent n=256") ok
time (mean ± σ)         range (min … max) 
 140.18 ns ±   0.65 ns   139.44 ns … 141.12 ns  in 10 × 100000 runs
[moonbitlang/core] bench builtin/string_find_code_unit_bench_test.mbt:84 ("bench find two anchors absent n=256") ok
time (mean ± σ)         range (min … max) 
 246.84 ns ±   0.22 ns   246.52 ns … 247.12 ns  in 10 × 100000 runs
[moonbitlang/core] bench builtin/string_find_code_unit_bench_test.mbt:90 ("bench find two anchors present@end n=256") ok
time (mean ± σ)         range (min … max) 
 252.38 ns ±   0.31 ns   251.80 ns … 252.90 ns  in 10 × 100000 runs
[moonbitlang/core] bench builtin/string_find_code_unit_bench_test.mbt:96 ("bench find two anchors dense false positives n=256") ok
time (mean ± σ)         range (min … max) 
 682.32 ns ±   1.25 ns   681.21 ns … 685.67 ns  in 10 × 100000 runs
[moonbitlang/core] bench builtin/string_find_code_unit_bench_test.mbt:102 ("bench find two anchors long absent n=256") ok
time (mean ± σ)         range (min … max) 
 205.36 ns ±   0.44 ns   204.61 ns … 205.96 ns  in 10 × 100000 runs
[moonbitlang/core] bench builtin/string_find_code_unit_bench_test.mbt:108 ("bench rev_find two anchors absent n=256") ok
time (mean ± σ)         range (min … max) 
 217.56 ns ±   0.21 ns   217.19 ns … 217.97 ns  in 10 × 100000 runs
[moonbitlang/core] bench builtin/string_find_code_unit_bench_test.mbt:114 ("bench rev_find two anchors present@start n=256") ok
time (mean ± σ)         range (min … max) 
 218.88 ns ±   0.31 ns   218.54 ns … 219.47 ns  in 10 × 100000 runs
[moonbitlang/core] bench builtin/string_find_code_unit_bench_test.mbt:120 ("bench rev_find two anchors dense false positives n=256") ok
time (mean ± σ)         range (min … max) 
 676.39 ns ±   0.63 ns   675.75 ns … 677.80 ns  in 10 × 100000 runs
[moonbitlang/core] bench builtin/string_find_code_unit_bench_test.mbt:126 ("bench StringView find two anchors absent n=256") ok
time (mean ± σ)         range (min … max) 
 256.47 ns ±   0.20 ns   256.21 ns … 256.70 ns  in 10 × 100000 runs
[moonbitlang/core] bench builtin/string_find_adversary_bench_test.mbt:26 ("bench find adversary m=64 n=4096") ok
time (mean ± σ)         range (min … max) 
  10.68 µs ± 153.74 ns    10.59 µs …  11.12 µs  in 10 ×   7998 runs
[moonbitlang/core] bench builtin/string_find_adversary_bench_test.mbt:33 ("bench rev_find adversary m=64 n=4096") ok
time (mean ± σ)         range (min … max) 
  10.59 µs ±  51.01 ns    10.53 µs …  10.65 µs  in 10 ×   9483 runs
[moonbitlang/core] bench builtin/string_find_adversary_bench_test.mbt:40 ("bench find adversary m=512 n=65536") ok
time (mean ± σ)         range (min … max) 
 171.38 µs ±  12.82 µs   164.38 µs … 195.63 µs  in 10 ×    456 runs
[moonbitlang/core] bench builtin/string_find_adversary_bench_test.mbt:47 ("bench find dense miss fast path n=4096") ok
time (mean ± σ)         range (min … max) 
   3.35 µs ±   7.41 ns     3.35 µs …   3.37 µs  in 10 ×  29499 runs
[moonbitlang/core] bench builtin/string_find_adversary_bench_test.mbt:53 ("bench find rare hit end fast path n=4096") ok
time (mean ± σ)         range (min … max) 
   3.34 µs ±   1.67 ns     3.34 µs …   3.34 µs  in 10 ×  29920 runs
[moonbitlang/core] bench builtin/string_equal_bench_test.mbt:28 ("bench StringView::equal n=100000 equal") ok
time (mean ± σ)         range (min … max) 
  75.68 µs ±  96.17 ns    75.46 µs …  75.79 µs  in 10 ×   1324 runs
[moonbitlang/core] bench builtin/string_equal_bench_test.mbt:35 ("bench StringView::equal n=100000 mismatch at end") ok
time (mean ± σ)         range (min … max) 
  75.90 µs ±  42.50 ns    75.82 µs …  75.98 µs  in 10 ×   1320 runs
[moonbitlang/core] bench builtin/string_equal_bench_test.mbt:44 ("bench StringView::equal_to_string n=100000 equal") ok
time (mean ± σ)         range (min … max) 
  74.91 µs ±  78.48 ns    74.78 µs …  75.03 µs  in 10 ×   1336 runs
[moonbitlang/core] bench builtin/string_char_set_bench_test.mbt:43 ("bench StringView::contains_any ASCII miss n=100000") ok
time (mean ± σ)         range (min … max) 
 135.60 µs ±  65.31 ns   135.53 µs … 135.70 µs  in 10 ×    738 runs
[moonbitlang/core] bench builtin/string_char_set_bench_test.mbt:54 ("bench StringView::contains_any ASCII match at end n=100000") ok
time (mean ± σ)         range (min … max) 
 135.61 µs ± 226.03 ns   135.47 µs … 136.24 µs  in 10 ×    738 runs
[moonbitlang/core] bench builtin/string_char_set_bench_test.mbt:67 ("bench StringView::trim_start ASCII n=100000") ok
time (mean ± σ)         range (min … max) 
 135.66 µs ±  48.32 ns   135.59 µs … 135.75 µs  in 10 ×    736 runs
[moonbitlang/core] bench builtin/string_char_set_bench_test.mbt:74 ("bench StringView::trim_end ASCII n=100000") ok
time (mean ± σ)         range (min … max) 
 135.56 µs ±  41.77 ns   135.50 µs … 135.61 µs  in 10 ×    738 runs
[moonbitlang/core] bench builtin/string_char_set_bench_test.mbt:79 ("bench StringView::trim ASCII n=100000") ok
time (mean ± σ)         range (min … max) 
 271.27 µs ± 133.84 ns   271.15 µs … 271.52 µs  in 10 ×    369 runs
[moonbitlang/core] bench builtin/string_char_set_bench_test.mbt:96 ("bench StringView::trim short inputs") ok
time (mean ± σ)         range (min … max) 
 114.56 ns ±   0.32 ns   114.12 ns … 115.09 ns  in 10 × 100000 runs
[moonbitlang/core] bench builtin/string_char_set_bench_test.mbt:107 ("bench StringView::contains_any short inputs") ok
time (mean ± σ)         range (min … max) 
  80.26 ns ±   0.26 ns    80.00 ns …  80.67 ns  in 10 × 100000 runs
[moonbitlang/core] bench builtin/sort_bench_test.mbt:21 ("bench Array::sort n=1000") ok
time (mean ± σ)         range (min … max) 
  15.10 µs ±  58.74 ns    15.04 µs …  15.20 µs  in 10 ×   6598 runs
[moonbitlang/core] bench builtin/sort_bench_test.mbt:31 ("bench Array::sort n=100000") ok
time (mean ± σ)         range (min … max) 
   5.47 ms ±   3.96 µs     5.46 ms …   5.48 ms  in 10 ×     19 runs
[moonbitlang/core] bench builtin/sort_bench_test.mbt:41 ("bench Array::sort_by n=10000") ok
time (mean ± σ)         range (min … max) 
 429.95 µs ±   1.96 µs   427.59 µs … 432.66 µs  in 10 ×    232 runs
[moonbitlang/core] bench builtin/linked_hash_map_bench_test.mbt:19 ("bench Map::set n=50000") ok
time (mean ± σ)         range (min … max) 
   2.30 ms ±  32.98 µs     2.25 ms …   2.35 ms  in 10 ×     45 runs
[moonbitlang/core] bench builtin/linked_hash_map_bench_test.mbt:30 ("bench Map::get n=50000") ok
time (mean ± σ)         range (min … max) 
   1.02 ms ±   1.60 µs     1.02 ms …   1.02 ms  in 10 ×     98 runs
[moonbitlang/core] bench builtin/linked_hash_map_bench_test.mbt:47 ("bench Map::get miss n=50000") ok
time (mean ± σ)         range (min … max) 
   1.11 ms ±   2.45 µs     1.10 ms …   1.11 ms  in 10 ×     91 runs
[moonbitlang/core] bench builtin/linked_hash_map_bench_test.mbt:67 ("bench Map::set+remove n=50000") ok
time (mean ± σ)         range (min … max) 
   3.39 ms ±  19.45 µs     3.37 ms …   3.43 ms  in 10 ×     30 runs
[moonbitlang/core] bench builtin/linked_hash_map_bench_test.mbt:83 ("bench Map::each n=50000") ok
time (mean ± σ)         range (min … max) 
  51.24 µs ± 138.85 ns    50.96 µs …  51.34 µs  in 10 ×   1950 runs
[moonbitlang/core] bench builtin/lexical_compare_bench_test.mbt:42 ("bench lexical_compare equal n=256") ok
time (mean ± σ)         range (min … max) 
 259.24 ns ±   0.38 ns   258.42 ns … 259.67 ns  in 10 × 100000 runs
[moonbitlang/core] bench builtin/lexical_compare_bench_test.mbt:47 ("bench lexical_compare common-prefix n=256") ok
time (mean ± σ)         range (min … max) 
 269.86 ns ±   1.00 ns   268.08 ns … 271.01 ns  in 10 × 100000 runs
[moonbitlang/core] bench builtin/lexical_compare_bench_test.mbt:52 ("bench lexical_compare early-diff n=256") ok
time (mean ± σ)         range (min … max) 
  11.51 ns ±   0.28 ns    11.04 ns …  11.87 ns  in 10 × 100000 runs
[moonbitlang/core] bench builtin/contains_code_unit_bench_test.mbt:19 ("bench contains_code_unit absent n=4") ok
time (mean ± σ)         range (min … max) 
   8.26 ns ±   0.23 ns     7.88 ns …   8.68 ns  in 10 × 100000 runs
[moonbitlang/core] bench builtin/contains_code_unit_bench_test.mbt:25 ("bench contains_code_unit absent n=8") ok
time (mean ± σ)         range (min … max) 
   9.92 ns ±   0.56 ns     9.30 ns …  10.79 ns  in 10 × 100000 runs
[moonbitlang/core] bench builtin/contains_code_unit_bench_test.mbt:31 ("bench contains_code_unit present@0 n=8") ok
time (mean ± σ)         range (min … max) 
   7.01 ns ±   0.29 ns     6.66 ns …   7.57 ns  in 10 × 100000 runs
[moonbitlang/core] bench builtin/contains_code_unit_bench_test.mbt:37 ("bench contains_code_unit absent n=16") ok
time (mean ± σ)         range (min … max) 
  13.07 ns ±   0.57 ns    12.52 ns …  14.10 ns  in 10 × 100000 runs
[moonbitlang/core] bench builtin/contains_code_unit_bench_test.mbt:43 ("bench contains_code_unit absent n=64") ok
time (mean ± σ)         range (min … max) 
  35.36 ns ±   0.52 ns    35.01 ns …  36.13 ns  in 10 × 100000 runs
[moonbitlang/core] bench builtin/contains_code_unit_bench_test.mbt:49 ("bench contains_code_unit absent n=256") ok
time (mean ± σ)         range (min … max) 
 133.70 ns ±   0.43 ns   133.12 ns … 134.39 ns  in 10 × 100000 runs
[moonbitlang/core] bench builtin/contains_code_unit_bench_test.mbt:55 ("bench contains_code_unit present@end n=256") ok
time (mean ± σ)         range (min … max) 
 134.52 ns ±   0.62 ns   134.01 ns … 135.44 ns  in 10 × 100000 runs
[moonbitlang/core] bench builtin/contains_code_unit_bench_test.mbt:61 ("bench contains_code_unit present@0 n=256") ok
time (mean ± σ)         range (min … max) 
   7.01 ns ±   0.26 ns     6.79 ns …   7.52 ns  in 10 × 100000 runs
[moonbitlang/core] bench builtin/contains_code_unit_bench_test.mbt:67 ("bench StringView contains_code_unit absent n=256") ok
time (mean ± σ)         range (min … max) 
 147.11 ns ±   1.44 ns   144.46 ns … 149.00 ns  in 10 × 100000 runs
[moonbitlang/core] bench builtin/bytesview_compare_bench_test.mbt:16 ("bench BytesView Compare equal n=1000000") ok
time (mean ± σ)         range (min … max) 
 961.93 µs ±   3.50 µs   956.74 µs … 966.99 µs  in 10 ×    105 runs
[moonbitlang/core] bench builtin/bytesview_compare_bench_test.mbt:23 ("bench BytesView Compare last-diff n=1000000") ok
time (mean ± σ)         range (min … max) 
 959.73 µs ±   1.08 µs   957.58 µs … 961.06 µs  in 10 ×    105 runs
[moonbitlang/core] bench builtin/bytes_unsafe_bench_test.mbt:31 ("bench Bytes::unsafe_read_uint16_le n=4096") ok
time (mean ± σ)         range (min … max) 
   2.68 µs ±  28.08 ns     2.65 µs …   2.73 µs  in 10 ×  36345 runs
[moonbitlang/core] bench builtin/bytes_unsafe_bench_test.mbt:43 ("bench Bytes::unsafe_read_uint32_le n=4096") ok
time (mean ± σ)         range (min … max) 
   5.06 µs ±  10.64 ns     5.05 µs …   5.09 µs  in 10 ×  19697 runs
[moonbitlang/core] bench builtin/bytes_unsafe_bench_test.mbt:55 ("bench Bytes::unsafe_read_uint64_le n=4096") ok
time (mean ± σ)         range (min … max) 
   9.60 µs ± 161.96 ns     9.48 µs …   9.86 µs  in 10 ×  10551 runs
[moonbitlang/core] bench builtin/bytes_unsafe_bench_test.mbt:67 ("bench FixedArray::unsafe_write_uint16_le n=4096") ok
time (mean ± σ)         range (min … max) 
   2.09 µs ±   1.23 ns     2.09 µs …   2.09 µs  in 10 ×  47888 runs
[moonbitlang/core] bench builtin/bytes_unsafe_bench_test.mbt:78 ("bench FixedArray::unsafe_write_uint32_le n=4096") ok
time (mean ± σ)         range (min … max) 
   4.58 µs ±   0.89 ns     4.58 µs …   4.58 µs  in 10 ×  21813 runs
[moonbitlang/core] bench builtin/bytes_unsafe_bench_test.mbt:89 ("bench FixedArray::unsafe_write_uint64_le n=4096") ok
time (mean ± σ)         range (min … max) 
  11.37 µs ±  47.91 ns    11.32 µs …  11.43 µs  in 10 ×   8837 runs
[moonbitlang/core] bench builtin/bytes_hash_bench_test.mbt:54 ("bench Hash::hash(Bytes) n=32") ok
time (mean ± σ)         range (min … max) 
  19.01 ns ±   0.46 ns    18.63 ns …  19.97 ns  in 10 × 100000 runs
[moonbitlang/core] bench builtin/bytes_hash_bench_test.mbt:60 ("bench Hash::hash(Bytes) n=8192") ok
time (mean ± σ)         range (min … max) 
   4.74 µs ±  41.26 ns     4.68 µs …   4.80 µs  in 10 ×  21271 runs
[moonbitlang/core] bench builtin/bytes_hash_bench_test.mbt:66 ("bench Map::at Bytes n=1024 key_bytes=32") ok
time (mean ± σ)         range (min … max) 
  52.33 µs ± 211.35 ns    52.03 µs …  52.74 µs  in 10 ×   1936 runs
[moonbitlang/core] bench builtin/bytes_from_array_bench_test.mbt:30 ("bench Bytes::from_array n=262144 full") ok
time (mean ± σ)         range (min … max) 
  99.24 µs ±   1.14 µs    97.06 µs … 100.84 µs  in 10 ×   1023 runs
[moonbitlang/core] bench builtin/bytes_from_array_bench_test.mbt:41 ("bench Bytes::from_array n=262144 sliced") ok
time (mean ± σ)         range (min … max) 
 100.05 µs ± 536.66 ns    99.37 µs … 100.98 µs  in 10 ×   1006 runs
[moonbitlang/core] bench builtin/bytes_from_array_bench_test.mbt:48 ("bench Bytes::makei from ArrayView n=262144 full") ok
time (mean ± σ)         range (min … max) 
 403.71 µs ±   1.90 µs   399.04 µs … 406.13 µs  in 10 ×    255 runs
[moonbitlang/core] bench builtin/bytes_from_array_bench_test.mbt:59 ("bench Bytes::makei from ArrayView n=262144 sliced") ok
time (mean ± σ)         range (min … max) 
 423.09 µs ±   3.54 µs   419.14 µs … 428.64 µs  in 10 ×    237 runs
[moonbitlang/core] bench builtin/bytes_equal_bench_test.mbt:37 ("bench Bytes::equal n=100000 equal") ok
time (mean ± σ)         range (min … max) 
  62.86 µs ± 187.34 ns    62.48 µs …  63.17 µs  in 10 ×   1607 runs
[moonbitlang/core] bench builtin/bytes_equal_bench_test.mbt:44 ("bench Bytes::equal n=100000 aliased object") ok
time (mean ± σ)         range (min … max) 
  62.96 µs ± 369.00 ns    62.23 µs …  63.56 µs  in 10 ×   1612 runs
[moonbitlang/core] bench builtin/bytes_equal_bench_test.mbt:54 ("bench Bytes::equal n=100000 mismatch at end") ok
time (mean ± σ)         range (min … max) 
  62.61 µs ± 498.18 ns    61.78 µs …  63.17 µs  in 10 ×   1595 runs
[moonbitlang/core] bench builtin/bitstring_uint_aligned_bench_test.mbt:24 ("bench Bytes::unsafe_extract_uint_le_aligned n=8192") ok
time (mean ± σ)         range (min … max) 
   2.83 µs ±   8.62 ns     2.82 µs …   2.85 µs  in 10 ×  35411 runs
[moonbitlang/core] bench builtin/bitstring_uint64_aligned_bench_test.mbt:24 ("bench Bytes::unsafe_extract_uint64_le_aligned n=8192") ok
time (mean ± σ)         range (min … max) 
   2.63 µs ±   8.36 ns     2.62 µs …   2.64 µs  in 10 ×  38051 runs
[moonbitlang/core] bench builtin/bitstring_extract_bench_test.mbt:35 ("bench BytesView uint_le aligned len=32") ok
time (mean ± σ)         range (min … max) 
   4.55 µs ±  75.41 ns     4.48 µs …   4.64 µs  in 10 ×  21598 runs
[moonbitlang/core] bench builtin/bitstring_extract_bench_test.mbt:48 ("bench BytesView uint_be aligned len=32") ok
time (mean ± σ)         range (min … max) 
   4.51 µs ±  28.00 ns     4.49 µs …   4.57 µs  in 10 ×  22152 runs
[moonbitlang/core] bench builtin/bitstring_extract_bench_test.mbt:61 ("bench ArrayView uint_le aligned len=32") ok
time (mean ± σ)         range (min … max) 
   4.51 µs ±  13.66 ns     4.50 µs …   4.54 µs  in 10 ×  21933 runs
[moonbitlang/core] bench builtin/bitstring_extract_bench_test.mbt:75 ("bench ArrayView uint_be aligned len=32") ok
time (mean ± σ)         range (min … max) 
   4.59 µs ±   6.44 ns     4.58 µs …   4.60 µs  in 10 ×  21723 runs
[moonbitlang/core] bench builtin/bitstring_extract_bench_test.mbt:89 ("bench BytesView uint64_le aligned len=64") ok
time (mean ± σ)         range (min … max) 
   3.36 µs ±  32.30 ns     3.32 µs …   3.40 µs  in 10 ×  29121 runs
[moonbitlang/core] bench builtin/bitstring_extract_bench_test.mbt:102 ("bench BytesView uint64_be aligned len=64") ok
time (mean ± σ)         range (min … max) 
   3.41 µs ±  10.50 ns     3.39 µs …   3.42 µs  in 10 ×  29374 runs
[moonbitlang/core] bench builtin/bitstring_extract_bench_test.mbt:115 ("bench ArrayView uint64_le aligned len=64") ok
time (mean ± σ)         range (min … max) 
   3.36 µs ±  25.03 ns     3.34 µs …   3.42 µs  in 10 ×  29875 runs
[moonbitlang/core] bench builtin/bitstring_extract_bench_test.mbt:129 ("bench ArrayView uint64_be aligned len=64") ok
time (mean ± σ)         range (min … max) 
   3.51 µs ±   9.90 ns     3.49 µs …   3.53 µs  in 10 ×  28362 runs
[moonbitlang/core] bench builtin/bitstring_extract_bench_test.mbt:143 ("bench BytesView uint_le unaligned len=32") ok
time (mean ± σ)         range (min … max) 
  18.28 µs ±  54.47 ns    18.21 µs …  18.35 µs  in 10 ×   5476 runs
[moonbitlang/core] bench builtin/bitstring_extract_bench_test.mbt:156 ("bench BytesView uint64_le unaligned len=64") ok
time (mean ± σ)         range (min … max) 
  15.28 µs ±  27.97 ns    15.26 µs …  15.36 µs  in 10 ×   6487 runs
[moonbitlang/core] bench builtin/bitstring_extract_bench_test.mbt:169 ("bench BytesView uint_le aligned len=16") ok
time (mean ± σ)         range (min … max) 
  10.23 µs ±  98.65 ns    10.08 µs …  10.33 µs  in 10 ×   9910 runs
[moonbitlang/core] bench builtin/bitstring_extract_bench_test.mbt:182 ("bench BytesView uint_le aligned len=24") ok
time (mean ± σ)         range (min … max) 
  13.17 µs ± 118.84 ns    13.01 µs …  13.37 µs  in 10 ×   7665 runs
[moonbitlang/core] bench builtin/array_retain_bench_test.mbt:29 ("bench Array::retain all keep Int n=100000") ok
time (mean ± σ)         range (min … max) 
  61.04 µs ±  22.20 ns    61.01 µs …  61.08 µs  in 10 ×   1639 runs
[moonbitlang/core] bench builtin/array_retain_bench_test.mbt:42 ("bench Array::retain all keep Ref n=100000") ok
time (mean ± σ)         range (min … max) 
  73.26 µs ± 388.26 ns    72.31 µs …  73.71 µs  in 10 ×   1401 runs
[moonbitlang/core] bench builtin/array_retain_bench_test.mbt:55 ("bench Array::retain drop tail n=100000") ok
time (mean ± σ)         range (min … max) 
 156.01 µs ± 414.68 ns   155.61 µs … 156.99 µs  in 10 ×    633 runs
[moonbitlang/core] bench builtin/array_retain_bench_test.mbt:66 ("bench Array::retain late sparse drop n=100000") ok
time (mean ± σ)         range (min … max) 
 214.54 µs ± 690.67 ns   213.67 µs … 215.62 µs  in 10 ×    467 runs
[moonbitlang/core] bench builtin/array_retain_bench_test.mbt:77 ("bench Array::retain drop first n=100000") ok
time (mean ± σ)         range (min … max) 
 171.39 µs ± 242.26 ns   171.11 µs … 171.95 µs  in 10 ×    574 runs
[moonbitlang/core] bench builtin/array_make_blit_bench_test.mbt:32 ("bench FixedArray::copy Ref n=1000000") ok
time (mean ± σ)         range (min … max) 
   2.27 ms ± 115.23 µs     2.05 ms …   2.33 ms  in 10 ×     43 runs
[moonbitlang/core] bench builtin/array_make_blit_bench_test.mbt:38 ("bench Array::from_fixed_array Ref n=1000000") ok
time (mean ± σ)         range (min … max) 
   2.31 ms ±  52.11 µs     2.16 ms …   2.33 ms  in 10 ×     43 runs
[moonbitlang/core] bench builtin/array_make_blit_bench_test.mbt:44 ("bench Array::add Ref n=500000+500000") ok
time (mean ± σ)         range (min … max) 
   2.15 ms ±  43.21 µs     2.13 ms …   2.28 ms  in 10 ×     46 runs
[moonbitlang/core] bench builtin/array_make_blit_bench_test.mbt:51 ("bench ArrayView::add Ref n=500000+500000") ok
time (mean ± σ)         range (min … max) 
   2.19 ms ±  94.82 µs     2.14 ms …   2.37 ms  in 10 ×     46 runs
[moonbitlang/core] bench builtin/array_make_blit_bench_test.mbt:60 ("bench Array::blit_to Ref n=1000000 overwrite") ok
time (mean ± σ)         range (min … max) 
 147.13 µs ± 917.40 ns   145.55 µs … 148.25 µs  in 10 ×    686 runs
[moonbitlang/core] bench builtin/array_make_blit_bench_test.mbt:70 ("bench Array::blit_to Ref n=1000000 grow") ok
time (mean ± σ)         range (min … max) 
   3.40 ms ± 213.65 µs     3.12 ms …   3.60 ms  in 10 ×     28 runs
[moonbitlang/core] bench builtin/array_make_blit_bench_test.mbt:80 ("bench ArrayView::blit_to Ref n=1000000 overwrite") ok
time (mean ± σ)         range (min … max) 
 704.03 µs ± 116.96 ns   703.86 µs … 704.23 µs  in 10 ×    143 runs
[moonbitlang/core] bench builtin/array_make_blit_bench_test.mbt:90 ("bench ArrayView::blit_to Ref n=1000000 grow") ok
time (mean ± σ)         range (min … max) 
   3.42 ms ± 131.64 µs     3.25 ms …   3.61 ms  in 10 ×     32 runs
[moonbitlang/core] bench builtin/array_make_blit_bench_test.mbt:100 ("bench Array::append Ref n=1000000 grow") ok
time (mean ± σ)         range (min … max) 
   3.44 ms ± 147.08 µs     3.34 ms …   3.71 ms  in 10 ×     31 runs
[moonbitlang/core] bench builtin/array_make_blit_bench_test.mbt:110 ("bench Array::push Ref n=1000000 resize") ok
time (mean ± σ)         range (min … max) 
   4.85 ms ±  86.80 µs     4.68 ms …   4.97 ms  in 10 ×     22 runs
[moonbitlang/core] bench builtin/array_locals_bench_test.mbt:29 ("bench Array::retain_map n=100000") ok
time (mean ± σ)         range (min … max) 
  64.44 µs ±  26.00 ns    64.41 µs …  64.48 µs  in 10 ×   1552 runs
[moonbitlang/core] bench builtin/array_locals_bench_test.mbt:38 ("bench Array::shuffle_in_place n=100000") ok
time (mean ± σ)         range (min … max) 
 150.85 µs ± 333.49 ns   150.56 µs … 151.70 µs  in 10 ×    664 runs
[moonbitlang/core] bench builtin/array_locals_bench_test.mbt:50 ("bench Array::filter_map n=100000") ok
time (mean ± σ)         range (min … max) 
 180.07 µs ±   1.18 µs   179.20 µs … 182.36 µs  in 10 ×    496 runs
[moonbitlang/core] bench builtin/array_locals_bench_test.mbt:58 ("bench FixedArray::each n=100000") ok
time (mean ± σ)         range (min … max) 
  46.42 µs ±  82.53 ns    46.34 µs …  46.58 µs  in 10 ×   2158 runs
[moonbitlang/core] bench builtin/array_locals_bench_test.mbt:68 ("bench FixedArray::eachi n=100000") ok
time (mean ± σ)         range (min … max) 
  64.04 µs ±  28.87 ns    64.00 µs …  64.08 µs  in 10 ×   1562 runs
[moonbitlang/core] bench builtin/array_locals_bench_test.mbt:78 ("bench FixedArray::rev_each n=100000") ok
time (mean ± σ)         range (min … max) 
  49.66 µs ±  18.21 ns    49.63 µs …  49.68 µs  in 10 ×   2017 runs
[moonbitlang/core] bench builtin/array_locals_bench_test.mbt:88 ("bench FixedArray::rev_eachi n=100000") ok
time (mean ± σ)         range (min … max) 
  70.80 µs ±  29.98 ns    70.76 µs …  70.86 µs  in 10 ×   1413 runs
[moonbitlang/core] bench builtin/array_locals_bench_test.mbt:98 ("bench FixedArray::map n=100000") ok
time (mean ± σ)         range (min … max) 
  85.52 µs ± 571.76 ns    84.83 µs …  86.26 µs  in 10 ×   1172 runs
[moonbitlang/core] bench builtin/array_locals_bench_test.mbt:104 ("bench FixedArray::mapi n=100000") ok
time (mean ± σ)         range (min … max) 
  83.21 µs ± 492.88 ns    82.66 µs …  83.79 µs  in 10 ×   1201 runs
[moonbitlang/core] bench builtin/array_locals_bench_test.mbt:110 ("bench FixedArray::makei n=100000") ok
time (mean ± σ)         range (min … max) 
  81.84 µs ± 980.09 ns    79.92 µs …  82.82 µs  in 10 ×   1220 runs
[moonbitlang/core] bench builtin/array_locals_bench_test.mbt:115 ("bench FixedArray::fold n=100000") ok
time (mean ± σ)         range (min … max) 
  51.54 µs ±  69.95 ns    51.44 µs …  51.64 µs  in 10 ×   1946 runs
[moonbitlang/core] bench builtin/array_locals_bench_test.mbt:121 ("bench FixedArray::rev_fold n=100000") ok
time (mean ± σ)         range (min … max) 
  50.72 µs ±  31.51 ns    50.68 µs …  50.76 µs  in 10 ×   1967 runs
[moonbitlang/core] bench builtin/array_locals_bench_test.mbt:127 ("bench FixedArray::foldi n=100000") ok
time (mean ± σ)         range (min … max) 
  54.42 µs ±  21.19 ns    54.39 µs …  54.45 µs  in 10 ×   1838 runs
[moonbitlang/core] bench builtin/array_locals_bench_test.mbt:133 ("bench FixedArray::rev_foldi n=100000") ok
time (mean ± σ)         range (min … max) 
  60.31 µs ± 174.53 ns    60.12 µs …  60.67 µs  in 10 ×   1664 runs
[moonbitlang/core] bench builtin/array_locals_bench_test.mbt:139 ("bench ArrayView::chunk_by n=100000") ok
time (mean ± σ)         range (min … max) 
  83.34 µs ± 659.89 ns    82.74 µs …  84.43 µs  in 10 ×   1207 runs
[moonbitlang/core] bench builtin/array_locals_bench_test.mbt:146 ("bench ArrayView::each n=100000") ok
time (mean ± σ)         range (min … max) 
  58.54 µs ±  40.60 ns    58.49 µs …  58.60 µs  in 10 ×   1710 runs
[moonbitlang/core] bench builtin/array_locals_bench_test.mbt:157 ("bench ArrayView::eachi n=100000") ok
time (mean ± σ)         range (min … max) 
  65.67 µs ±  55.03 ns    65.60 µs …  65.76 µs  in 10 ×   1524 runs
[moonbitlang/core] bench builtin/array_locals_bench_test.mbt:168 ("bench ArrayView::rev_each n=100000") ok
time (mean ± σ)         range (min … max) 
  64.52 µs ±  18.32 ns    64.50 µs …  64.55 µs  in 10 ×   1551 runs
[moonbitlang/core] bench builtin/array_locals_bench_test.mbt:179 ("bench ArrayView::rev_eachi n=100000") ok
time (mean ± σ)         range (min … max) 
  71.96 µs ±  53.36 ns    71.88 µs …  72.03 µs  in 10 ×   1390 runs
[moonbitlang/core] bench builtin/array_locals_bench_test.mbt:190 ("bench ArrayView::all n=100000") ok
time (mean ± σ)         range (min … max) 
  58.74 µs ±  39.69 ns    58.68 µs …  58.81 µs  in 10 ×   1703 runs
[moonbitlang/core] bench builtin/array_locals_bench_test.mbt:197 ("bench ArrayView::any n=100000") ok
time (mean ± σ)         range (min … max) 
  58.20 µs ± 113.10 ns    58.10 µs …  58.48 µs  in 10 ×   1718 runs
[moonbitlang/core] bench builtin/array_locals_bench_test.mbt:204 ("bench ArrayView::search_by n=100000") ok
time (mean ± σ)         range (min … max) 
  58.41 µs ± 861.05 ns    58.00 µs …  60.85 µs  in 10 ×   1722 runs
[moonbitlang/core] bench builtin/array_locals_bench_test.mbt:213 ("bench ArrayView::fold n=100000") ok
time (mean ± σ)         range (min … max) 
  58.24 µs ±  67.13 ns    58.14 µs …  58.35 µs  in 10 ×   1719 runs
[moonbitlang/core] bench builtin/array_locals_bench_test.mbt:220 ("bench ArrayView::rev_fold n=100000") ok
time (mean ± σ)         range (min … max) 
  56.63 µs ±  44.38 ns    56.56 µs …  56.70 µs  in 10 ×   1767 runs
[moonbitlang/core] bench builtin/array_locals_bench_test.mbt:227 ("bench ArrayView::foldi n=100000") ok
time (mean ± σ)         range (min … max) 
  65.18 µs ±  29.78 ns    65.14 µs …  65.23 µs  in 10 ×   1534 runs
[moonbitlang/core] bench builtin/array_locals_bench_test.mbt:234 ("bench ArrayView::rev_foldi n=100000") ok
time (mean ± σ)         range (min … max) 
  71.95 µs ±  34.88 ns    71.89 µs …  71.99 µs  in 10 ×   1389 runs
[moonbitlang/core] bench builtin/array_locals_bench_test.mbt:241 ("bench ArrayView::map n=100000") ok
time (mean ± σ)         range (min … max) 
 130.80 µs ± 865.77 ns   130.00 µs … 132.02 µs  in 10 ×    762 runs
[moonbitlang/core] bench builtin/array_locals_bench_test.mbt:248 ("bench ArrayView::mapi n=100000") ok
time (mean ± σ)         range (min … max) 
 133.62 µs ± 737.96 ns   132.94 µs … 134.93 µs  in 10 ×    752 runs
[moonbitlang/core] bench builtin/array_locals_bench_test.mbt:255 ("bench ArrayView::filter n=100000") ok
time (mean ± σ)         range (min … max) 
 140.17 µs ± 870.00 ns   139.37 µs … 141.54 µs  in 10 ×    715 runs
[moonbitlang/core] bench builtin/array_locals_bench_test.mbt:262 ("bench ArrayView::filter_map n=100000") ok
time (mean ± σ)         range (min … max) 
 166.35 µs ±   1.40 µs   165.42 µs … 169.25 µs  in 10 ×    601 runs
[moonbitlang/core] bench bytes/find_bench_test.mbt:92 ("bench BytesView::find single byte hit end n=4096") ok
time (mean ± σ)         range (min … max) 
   2.09 µs ±   4.19 ns     2.09 µs …   2.10 µs  in 10 ×  49567 runs
[moonbitlang/core] bench bytes/find_bench_test.mbt:99 ("bench BytesView::find single byte miss n=4096") ok
time (mean ± σ)         range (min … max) 
   2.04 µs ±   6.90 ns     2.03 µs …   2.05 µs  in 10 ×  48885 runs
[moonbitlang/core] bench bytes/find_bench_test.mbt:106 ("bench BytesView::find substring rare hit end n=4096") ok
time (mean ± σ)         range (min … max) 
   2.22 µs ±   5.74 ns     2.21 µs …   2.23 µs  in 10 ×  44304 runs
[moonbitlang/core] bench bytes/find_bench_test.mbt:113 ("bench BytesView::find substring dense miss n=4096") ok
time (mean ± σ)         range (min … max) 
   2.21 µs ±  10.07 ns     2.20 µs …   2.23 µs  in 10 ×  45113 runs
[moonbitlang/core] bench bytes/find_bench_test.mbt:120 ("bench BytesView::find offset view rare hit end n=4096") ok
time (mean ± σ)         range (min … max) 
   2.23 µs ±   5.75 ns     2.22 µs …   2.23 µs  in 10 ×  44737 runs
[moonbitlang/core] bench bytes/find_bench_test.mbt:127 ("bench BytesView::find long dense miss n=4096") ok
time (mean ± σ)         range (min … max) 
   4.71 µs ±   2.86 ns     4.70 µs …   4.71 µs  in 10 ×  21245 runs
[moonbitlang/core] bench bytes/find_bench_test.mbt:134 ("bench BytesView::find single byte miss n=32") ok
time (mean ± σ)         range (min … max) 
  22.71 ns ±   0.19 ns    22.45 ns …  23.09 ns  in 10 × 100000 runs
[moonbitlang/core] bench bytes/find_bench_test.mbt:141 ("bench BytesView::find substring miss n=32") ok
time (mean ± σ)         range (min … max) 
  24.18 ns ±   0.30 ns    23.92 ns …  24.78 ns  in 10 × 100000 runs
[moonbitlang/core] bench bytes/find_bench_test.mbt:148 ("bench BytesView::rev_find single byte hit start n=4096") ok
time (mean ± σ)         range (min … max) 
   2.04 µs ±   7.26 ns     2.03 µs …   2.05 µs  in 10 ×  49110 runs
[moonbitlang/core] bench bytes/find_bench_test.mbt:155 ("bench BytesView::rev_find single byte miss n=4096") ok
time (mean ± σ)         range (min … max) 
   2.08 µs ±   7.91 ns     2.07 µs …   2.10 µs  in 10 ×  48443 runs
[moonbitlang/core] bench bytes/find_bench_test.mbt:162 ("bench BytesView::rev_find substring rare hit start n=4096") ok
time (mean ± σ)         range (min … max) 
   3.34 µs ±   5.67 ns     3.34 µs …   3.36 µs  in 10 ×  29954 runs
[moonbitlang/core] bench bytes/find_bench_test.mbt:169 ("bench BytesView::rev_find substring dense miss n=4096") ok
time (mean ± σ)         range (min … max) 
   3.50 µs ±   2.76 ns     3.49 µs …   3.50 µs  in 10 ×  28449 runs
[moonbitlang/core] bench bytes/find_bench_test.mbt:176 ("bench BytesView::rev_find offset view rare hit start n=4096") ok
time (mean ± σ)         range (min … max) 
   3.36 µs ±  31.21 ns     3.34 µs …   3.41 µs  in 10 ×  29924 runs
[moonbitlang/core] bench bytes/find_bench_test.mbt:185 ("bench BytesView::rev_find long dense miss n=4096") ok
time (mean ± σ)         range (min … max) 
   3.49 µs ±   1.56 ns     3.48 µs …   3.49 µs  in 10 ×  28708 runs
[moonbitlang/core] bench encoding/ascii/ascii_bench_test.mbt:40 ("bench ASCII decode n=15") ok
time (mean ± σ)         range (min … max) 
  49.83 ns ±   0.48 ns    49.12 ns …  50.61 ns  in 10 × 100000 runs
[moonbitlang/core] bench encoding/ascii/ascii_bench_test.mbt:46 ("bench ASCII decode n=16") ok
time (mean ± σ)         range (min … max) 
  53.09 ns ±   0.26 ns    52.76 ns …  53.60 ns  in 10 × 100000 runs
[moonbitlang/core] bench encoding/ascii/ascii_bench_test.mbt:52 ("bench ASCII decode n=32") ok
time (mean ± σ)         range (min … max) 
  92.39 ns ±   0.40 ns    91.87 ns …  93.02 ns  in 10 × 100000 runs
[moonbitlang/core] bench encoding/ascii/ascii_bench_test.mbt:58 ("bench ASCII decode n=64") ok
time (mean ± σ)         range (min … max) 
 135.42 ns ±   0.38 ns   134.88 ns … 136.09 ns  in 10 × 100000 runs
[moonbitlang/core] bench encoding/ascii/ascii_bench_test.mbt:64 ("bench ASCII decode n=100000") ok
time (mean ± σ)         range (min … max) 
 229.34 µs ±   3.09 µs   224.73 µs … 233.94 µs  in 10 ×    424 runs
[moonbitlang/core] bench encoding/ascii/ascii_bench_test.mbt:70 ("bench ASCII decode n=1000000") ok
time (mean ± σ)         range (min … max) 
   2.21 ms ±  16.20 µs     2.19 ms …   2.24 ms  in 10 ×     46 runs
[moonbitlang/core] bench encoding/base64/v128_bench_wbtest.mbt:38 ("bench encode scalar n=64") ok
time (mean ± σ)         range (min … max) 
   1.61 µs ±   4.37 ns     1.61 µs …   1.62 µs  in 10 ×  61785 runs
[moonbitlang/core] bench encoding/base64/v128_bench_wbtest.mbt:43 ("bench encode v128 n=64") ok
time (mean ± σ)         range (min … max) 
   1.62 µs ±   5.50 ns     1.61 µs …   1.62 µs  in 10 ×  61683 runs
[moonbitlang/core] bench encoding/base64/v128_bench_wbtest.mbt:48 ("bench encode scalar n=1024") ok
time (mean ± σ)         range (min … max) 
  24.83 µs ±  95.86 ns    24.68 µs …  24.93 µs  in 10 ×   4027 runs
[moonbitlang/core] bench encoding/base64/v128_bench_wbtest.mbt:53 ("bench encode v128 n=1024") ok
time (mean ± σ)         range (min … max) 
  24.97 µs ±  30.52 ns    24.91 µs …  25.02 µs  in 10 ×   4001 runs
[moonbitlang/core] bench encoding/base64/v128_bench_wbtest.mbt:58 ("bench encode scalar n=65536") ok
time (mean ± σ)         range (min … max) 
   1.60 ms ±   3.14 µs     1.59 ms …   1.60 ms  in 10 ×     63 runs
[moonbitlang/core] bench encoding/base64/v128_bench_wbtest.mbt:63 ("bench encode v128 n=65536") ok
time (mean ± σ)         range (min … max) 
   1.59 ms ±   4.75 µs     1.58 ms …   1.60 ms  in 10 ×     63 runs
[moonbitlang/core] bench encoding/base64/v128_bench_wbtest.mbt:68 ("bench decode scalar n=64") ok
time (mean ± σ)         range (min … max) 
 267.18 ns ±   0.31 ns   266.79 ns … 267.62 ns  in 10 × 100000 runs
[moonbitlang/core] bench encoding/base64/v128_bench_wbtest.mbt:75 ("bench decode v128 n=64") ok
time (mean ± σ)         range (min … max) 
 267.24 ns ±   0.52 ns   266.70 ns … 268.13 ns  in 10 × 100000 runs
[moonbitlang/core] bench encoding/base64/v128_bench_wbtest.mbt:80 ("bench decode scalar n=1024") ok
time (mean ± σ)         range (min … max) 
   3.83 µs ±  18.54 ns     3.81 µs …   3.85 µs  in 10 ×  25666 runs
[moonbitlang/core] bench encoding/base64/v128_bench_wbtest.mbt:87 ("bench decode v128 n=1024") ok
time (mean ± σ)         range (min … max) 
   3.81 µs ±   1.91 ns     3.81 µs …   3.81 µs  in 10 ×  26193 runs
[moonbitlang/core] bench encoding/base64/v128_bench_wbtest.mbt:92 ("bench decode scalar n=65536") ok
time (mean ± σ)         range (min … max) 
 558.06 µs ± 719.39 ns   556.98 µs … 559.03 µs  in 10 ×    179 runs
[moonbitlang/core] bench encoding/base64/v128_bench_wbtest.mbt:99 ("bench decode v128 n=65536") ok
time (mean ± σ)         range (min … max) 
 559.17 µs ±   1.65 µs   556.20 µs … 561.39 µs  in 10 ×    180 runs
[moonbitlang/core] bench encoding/hex/v128_bench_wbtest.mbt:34 ("bench encode scalar 4k") ok
time (mean ± σ)         range (min … max) 
 143.35 µs ± 403.42 ns   142.61 µs … 143.72 µs  in 10 ×    697 runs
[moonbitlang/core] bench encoding/hex/v128_bench_wbtest.mbt:39 ("bench encode public 64") ok
time (mean ± σ)         range (min … max) 
   2.25 µs ±   9.00 ns     2.23 µs …   2.26 µs  in 10 ×  44128 runs
[moonbitlang/core] bench encoding/hex/v128_bench_wbtest.mbt:44 ("bench encode public 4k") ok
time (mean ± σ)         range (min … max) 
 141.63 µs ± 169.83 ns   141.23 µs … 141.83 µs  in 10 ×    708 runs
[moonbitlang/core] bench encoding/hex/v128_bench_wbtest.mbt:49 ("bench encode public 64k") ok
time (mean ± σ)         range (min … max) 
   2.30 ms ±  10.99 µs     2.27 ms …   2.31 ms  in 10 ×     44 runs
[moonbitlang/core] bench encoding/hex/v128_bench_wbtest.mbt:54 ("bench decode scalar 4k") ok
time (mean ± σ)         range (min … max) 
  21.76 µs ± 970.32 ns    20.14 µs …  22.95 µs  in 10 ×   4194 runs
[moonbitlang/core] bench encoding/hex/v128_bench_wbtest.mbt:62 ("bench decode public 4k") ok
time (mean ± σ)         range (min … max) 
  19.36 µs ± 501.96 ns    18.57 µs …  20.06 µs  in 10 ×   4981 runs
[moonbitlang/core] bench encoding/hex/v128_bench_wbtest.mbt:70 ("bench decode public 64k") ok
time (mean ± σ)         range (min … max) 
 533.22 µs ±   1.66 µs   530.79 µs … 536.17 µs  in 10 ×    188 runs
[moonbitlang/core] bench encoding/utf16/utf16_v128_bench_test.mbt:57 ("bench utf16 encode ASCII LE n=100000") ok
time (mean ± σ)         range (min … max) 
 104.61 µs ± 618.15 ns   104.10 µs … 105.59 µs  in 10 ×    956 runs
[moonbitlang/core] bench encoding/utf16/utf16_v128_bench_test.mbt:63 ("bench utf16 encode ASCII BE n=100000") ok
time (mean ± σ)         range (min … max) 
 111.74 µs ±   1.44 µs   110.04 µs … 114.39 µs  in 10 ×    889 runs
[moonbitlang/core] bench encoding/utf16/utf16_v128_bench_test.mbt:69 ("bench utf16 encode mixed LE n=100000") ok
time (mean ± σ)         range (min … max) 
 106.68 µs ± 734.56 ns   105.60 µs … 107.28 µs  in 10 ×    947 runs
[moonbitlang/core] bench encoding/utf16/utf16_v128_bench_test.mbt:75 ("bench utf16 encode mixed BE n=100000") ok
time (mean ± σ)         range (min … max) 
 114.09 µs ±   2.34 µs   111.80 µs … 118.86 µs  in 10 ×    883 runs
[moonbitlang/core] bench encoding/utf16/utf16_v128_bench_test.mbt:81 ("bench utf16 decode ASCII LE n=100000") ok
time (mean ± σ)         range (min … max) 
 191.08 µs ± 243.27 ns   190.76 µs … 191.61 µs  in 10 ×    524 runs
[moonbitlang/core] bench encoding/utf16/utf16_v128_bench_test.mbt:87 ("bench utf16 decode ASCII BE n=100000") ok
time (mean ± σ)         range (min … max) 
 317.31 µs ± 857.18 ns   316.29 µs … 319.13 µs  in 10 ×    315 runs
[moonbitlang/core] bench encoding/utf16/utf16_v128_bench_test.mbt:95 ("bench utf16 decode mixed LE n=100000") ok
time (mean ± σ)         range (min … max) 
 191.15 µs ± 314.35 ns   190.70 µs … 191.67 µs  in 10 ×    522 runs
[moonbitlang/core] bench encoding/utf16/utf16_v128_bench_test.mbt:101 ("bench utf16 decode mixed BE n=100000") ok
time (mean ± σ)         range (min … max) 
 319.63 µs ±   2.61 µs   316.96 µs … 323.35 µs  in 10 ×    309 runs
[moonbitlang/core] bench encoding/utf16/utf16_v128_bench_test.mbt:109 ("bench utf16 decode emoji LE n=100000") ok
time (mean ± σ)         range (min … max) 
 272.16 µs ± 725.64 ns   270.69 µs … 272.82 µs  in 10 ×    370 runs
[moonbitlang/core] bench encoding/utf16/utf16_v128_bench_test.mbt:115 ("bench utf16 decode emoji BE n=100000") ok
time (mean ± σ)         range (min … max) 
 423.52 µs ±   1.72 µs   421.08 µs … 426.30 µs  in 10 ×    235 runs
[moonbitlang/core] bench hashmap/hashmap_bench_test.mbt:19 ("bench HashMap::set n=50000") ok
time (mean ± σ)         range (min … max) 
   1.63 ms ±  19.72 µs     1.61 ms …   1.66 ms  in 10 ×     61 runs
[moonbitlang/core] bench hashmap/hashmap_bench_test.mbt:30 ("bench HashMap::get n=50000") ok
time (mean ± σ)         range (min … max) 
 477.56 µs ± 368.34 ns   477.12 µs … 478.17 µs  in 10 ×    210 runs
[moonbitlang/core] bench hashmap/hashmap_bench_test.mbt:47 ("bench HashMap::get miss n=50000") ok
time (mean ± σ)         range (min … max) 
 599.11 µs ± 687.46 ns   597.74 µs … 599.70 µs  in 10 ×    167 runs
[moonbitlang/core] bench hashmap/hashmap_bench_test.mbt:67 ("bench HashMap::set+remove n=50000") ok
time (mean ± σ)         range (min … max) 
   2.29 ms ±  21.30 µs     2.26 ms …   2.32 ms  in 10 ×     44 runs
[moonbitlang/core] bench hashmap/hashmap_bench_test.mbt:87 ("bench HashMap::copy+remove n=50000") ok
time (mean ± σ)         range (min … max) 
   1.25 ms ±  17.95 µs     1.23 ms …   1.27 ms  in 10 ×     80 runs
[moonbitlang/core] bench hashmap/hashmap_bench_test.mbt:102 ("bench HashMap::copy n=50000") ok
time (mean ± σ)         range (min … max) 
 612.46 µs ±   7.51 µs   600.64 µs … 623.80 µs  in 10 ×    165 runs
[moonbitlang/core] bench hashset/hashset_bench_test.mbt:19 ("bench HashSet::add n=50000") ok
time (mean ± σ)         range (min … max) 
   2.02 ms ±  43.42 µs     1.98 ms …   2.11 ms  in 10 ×     50 runs
[moonbitlang/core] bench hashset/hashset_bench_test.mbt:30 ("bench HashSet::contains n=50000") ok
time (mean ± σ)         range (min … max) 
 997.16 µs ±   3.12 µs   992.68 µs …   1.00 ms  in 10 ×    101 runs
[moonbitlang/core] bench immut/hashmap/hashmap_build_bench_test.mbt:37 ("bench HashMap constructor ordered n=10000") ok
time (mean ± σ)         range (min … max) 
 560.67 µs ± 781.83 ns   559.51 µs … 561.76 µs  in 10 ×    178 runs
[moonbitlang/core] bench immut/hashmap/hashmap_build_bench_test.mbt:43 ("bench HashMap constructor random n=10000") ok
time (mean ± σ)         range (min … max) 
 563.29 µs ±   2.06 µs   560.73 µs … 567.23 µs  in 10 ×    178 runs
[moonbitlang/core] bench immut/hashmap/hashmap_build_bench_test.mbt:49 ("bench HashMap::from_iter random n=10000") ok
time (mean ± σ)         range (min … max) 
 575.43 µs ±   1.28 µs   573.17 µs … 577.22 µs  in 10 ×    175 runs
[moonbitlang/core] bench immut/hashset/hashset_build_bench_test.mbt:34 ("bench HashSet constructor ordered n=10000") ok
time (mean ± σ)         range (min … max) 
 592.12 µs ±   1.91 µs   590.23 µs … 595.13 µs  in 10 ×    168 runs
[moonbitlang/core] bench immut/hashset/hashset_build_bench_test.mbt:40 ("bench HashSet constructor random n=10000") ok
time (mean ± σ)         range (min … max) 
 589.55 µs ±   2.59 µs   585.24 µs … 593.35 µs  in 10 ×    168 runs
[moonbitlang/core] bench immut/hashset/hashset_build_bench_test.mbt:46 ("bench HashSet::from_iter random n=10000") ok
time (mean ± σ)         range (min … max) 
 600.64 µs ±   1.98 µs   598.33 µs … 603.88 µs  in 10 ×    166 runs
[moonbitlang/core] bench immut/priority_queue/priority_queue_build_bench_test.mbt:38 ("bench PriorityQueue::from_array ordered n=10000") ok
time (mean ± σ)         range (min … max) 
  51.59 µs ±   1.26 µs    50.32 µs …  53.30 µs  in 10 ×   1889 runs
[moonbitlang/core] bench immut/priority_queue/priority_queue_build_bench_test.mbt:44 ("bench PriorityQueue::from_array reverse n=10000") ok
time (mean ± σ)         range (min … max) 
  40.47 µs ± 132.97 ns    40.24 µs …  40.68 µs  in 10 ×   2468 runs
[moonbitlang/core] bench immut/priority_queue/priority_queue_build_bench_test.mbt:50 ("bench PriorityQueue::from_array random n=10000") ok
time (mean ± σ)         range (min … max) 
  51.46 µs ± 179.26 ns    51.24 µs …  51.74 µs  in 10 ×   1944 runs
[moonbitlang/core] bench immut/priority_queue/priority_queue_build_bench_test.mbt:56 ("bench PriorityQueue::from_iter random n=10000") ok
time (mean ± σ)         range (min … max) 
  86.93 µs ± 679.16 ns    86.33 µs …  87.97 µs  in 10 ×   1155 runs
[moonbitlang/core] bench immut/sorted_map/sorted_map_build_bench_test.mbt:54 ("bench SortedMap constructor reverse n=10000") ok
time (mean ± σ)         range (min … max) 
  81.97 µs ± 123.14 ns    81.72 µs …  82.14 µs  in 10 ×   1221 runs
[moonbitlang/core] bench immut/sorted_map/sorted_map_build_bench_test.mbt:60 ("bench SortedMap::from_iter ordered n=10000") ok
time (mean ± σ)         range (min … max) 
   1.80 ms ±  12.95 µs     1.79 ms …   1.82 ms  in 10 ×     56 runs
[moonbitlang/core] bench immut/sorted_map/sorted_map_build_bench_test.mbt:66 ("bench SortedMap::from_iter almost ordered n=10000") ok
time (mean ± σ)         range (min … max) 
   1.79 ms ±   9.88 µs     1.78 ms …   1.81 ms  in 10 ×     56 runs
[moonbitlang/core] bench immut/sorted_map/sorted_map_build_bench_test.mbt:72 ("bench SortedMap::from_iter random n=10000") ok
time (mean ± σ)         range (min … max) 
   1.14 ms ±   4.50 µs     1.14 ms …   1.15 ms  in 10 ×     88 runs
[moonbitlang/core] bench immut/sorted_map/sorted_map_build_bench_test.mbt:78 ("bench SortedMap constructor ordered n=10000") ok
time (mean ± σ)         range (min … max) 
  83.41 µs ± 406.20 ns    82.94 µs …  84.29 µs  in 10 ×   1199 runs
[moonbitlang/core] bench immut/sorted_map/sorted_map_build_bench_test.mbt:84 ("bench SortedMap constructor almost ordered n=10000") ok
time (mean ± σ)         range (min … max) 
 180.10 µs ± 472.20 ns   179.29 µs … 180.93 µs  in 10 ×    557 runs
[moonbitlang/core] bench immut/sorted_map/sorted_map_build_bench_test.mbt:90 ("bench SortedMap constructor random n=10000") ok
time (mean ± σ)         range (min … max) 
 707.62 µs ±   2.02 µs   705.12 µs … 710.96 µs  in 10 ×    142 runs
[moonbitlang/core] bench immut/sorted_map/merge_bench_test.mbt:29 ("bench merge disjoint n=1000") ok
time (mean ± σ)         range (min … max) 
   1.78 µs ±   3.48 ns     1.77 µs …   1.78 µs  in 10 ×  56710 runs
[moonbitlang/core] bench immut/sorted_map/merge_bench_test.mbt:36 ("bench merge disjoint n=5000") ok
time (mean ± σ)         range (min … max) 
   2.66 µs ±   2.84 ns     2.65 µs …   2.66 µs  in 10 ×  37912 runs
[moonbitlang/core] bench immut/sorted_map/merge_bench_test.mbt:43 ("bench merge disjoint n=10000") ok
time (mean ± σ)         range (min … max) 
   3.08 µs ±  11.08 ns     3.06 µs …   3.09 µs  in 10 ×  32681 runs
[moonbitlang/core] bench immut/sorted_map/merge_bench_test.mbt:50 ("bench merge overlapping 50% n=1000") ok
time (mean ± σ)         range (min … max) 
   7.40 µs ±  18.57 ns     7.37 µs …   7.43 µs  in 10 ×  13562 runs
[moonbitlang/core] bench immut/sorted_map/merge_bench_test.mbt:57 ("bench merge overlapping 50% n=5000") ok
time (mean ± σ)         range (min … max) 
  36.78 µs ± 105.98 ns    36.66 µs …  36.99 µs  in 10 ×   2731 runs
[moonbitlang/core] bench immut/sorted_map/merge_bench_test.mbt:64 ("bench merge overlapping 50% n=10000") ok
time (mean ± σ)         range (min … max) 
  66.72 µs ± 424.41 ns    66.10 µs …  67.39 µs  in 10 ×   1505 runs
[moonbitlang/core] bench immut/sorted_map/merge_bench_test.mbt:71 ("bench merge identical n=1000") ok
time (mean ± σ)         range (min … max) 
  10.98 µs ±  13.17 ns    10.96 µs …  10.99 µs  in 10 ×   9116 runs
[moonbitlang/core] bench immut/sorted_map/merge_bench_test.mbt:78 ("bench merge identical n=5000") ok
time (mean ± σ)         range (min … max) 
  58.09 µs ± 258.88 ns    57.70 µs …  58.49 µs  in 10 ×   1716 runs
[moonbitlang/core] bench immut/sorted_map/merge_bench_test.mbt:85 ("bench merge interleaved n=1000") ok
time (mean ± σ)         range (min … max) 
  38.45 µs ± 106.66 ns    38.32 µs …  38.62 µs  in 10 ×   2599 runs
[moonbitlang/core] bench immut/sorted_map/merge_bench_test.mbt:92 ("bench merge interleaved n=5000") ok
time (mean ± σ)         range (min … max) 
 213.58 µs ± 920.76 ns   212.23 µs … 215.21 µs  in 10 ×    464 runs
[moonbitlang/core] bench immut/sorted_map/merge_bench_test.mbt:99 ("bench merge small into large n=100+10000") ok
time (mean ± σ)         range (min … max) 
   2.54 µs ±   4.92 ns     2.53 µs …   2.55 µs  in 10 ×  39457 runs
[moonbitlang/core] bench immut/sorted_set/sorted_set_build_bench_test.mbt:51 ("bench SortedSet constructor reverse n=10000") ok
time (mean ± σ)         range (min … max) 
  76.05 µs ± 160.40 ns    75.74 µs …  76.28 µs  in 10 ×   1316 runs
[moonbitlang/core] bench immut/sorted_set/sorted_set_build_bench_test.mbt:57 ("bench SortedSet::from_iter ordered n=10000") ok
time (mean ± σ)         range (min … max) 
   1.88 ms ±  10.74 µs     1.87 ms …   1.90 ms  in 10 ×     53 runs
[moonbitlang/core] bench immut/sorted_set/sorted_set_build_bench_test.mbt:63 ("bench SortedSet::from_iter almost ordered n=10000") ok
time (mean ± σ)         range (min … max) 
   1.88 ms ±  12.24 µs     1.87 ms …   1.91 ms  in 10 ×     54 runs
[moonbitlang/core] bench immut/sorted_set/sorted_set_build_bench_test.mbt:69 ("bench SortedSet::from_iter rev almost ordered n=10000") ok
time (mean ± σ)         range (min … max) 
   1.93 ms ±   9.10 µs     1.92 ms …   1.94 ms  in 10 ×     52 runs
[moonbitlang/core] bench immut/sorted_set/sorted_set_build_bench_test.mbt:75 ("bench SortedSet::from_iter random n=10000") ok
time (mean ± σ)         range (min … max) 
   1.21 ms ±   4.91 µs     1.20 ms …   1.22 ms  in 10 ×     83 runs
[moonbitlang/core] bench immut/sorted_set/sorted_set_build_bench_test.mbt:81 ("bench SortedSet constructor ordered n=10000") ok
time (mean ± σ)         range (min … max) 
  78.60 µs ± 136.63 ns    78.40 µs …  78.83 µs  in 10 ×   1271 runs
[moonbitlang/core] bench immut/sorted_set/sorted_set_build_bench_test.mbt:87 ("bench SortedSet constructor almost ordered n=10000") ok
time (mean ± σ)         range (min … max) 
 107.20 µs ±   2.81 µs   104.95 µs … 113.02 µs  in 10 ×    922 runs
[moonbitlang/core] bench immut/sorted_set/sorted_set_build_bench_test.mbt:93 ("bench SortedSet constructor random n=10000") ok
time (mean ± σ)         range (min … max) 
 288.80 µs ± 314.87 ns   288.44 µs … 289.43 µs  in 10 ×    346 runs
[moonbitlang/core] bench immut/vector/vector_iter_bench_test.mbt:24 ("bench Vector::iter fold n=100000") ok
time (mean ± σ)         range (min … max) 
 491.18 µs ±   3.18 µs   484.28 µs … 494.50 µs  in 10 ×    204 runs
[moonbitlang/core] bench immut/vector/vector_iter_bench_test.mbt:30 ("bench Vector::iter each n=100000") ok
time (mean ± σ)         range (min … max) 
 505.30 µs ± 306.44 ns   504.94 µs … 505.91 µs  in 10 ×    199 runs
[moonbitlang/core] bench immut/vector/vector_iter_bench_test.mbt:40 ("bench Vector::iter to_array n=100000") ok
time (mean ± σ)         range (min … max) 
 622.45 µs ±  12.05 µs   603.58 µs … 633.67 µs  in 10 ×    164 runs
[moonbitlang/core] bench immut/vector/vector_iter_bench_test.mbt:46 ("bench Vector::for-in n=100000") ok
time (mean ± σ)         range (min … max) 
 491.74 µs ±   1.48 µs   489.67 µs … 494.51 µs  in 10 ×    202 runs
[moonbitlang/core] bench immut/vector/vector_contains_bench_test.mbt:24 ("bench Vector::contains missing n=100000") ok
time (mean ± σ)         range (min … max) 
  53.41 µs ±  84.58 ns    53.34 µs …  53.56 µs  in 10 ×   1875 runs
[moonbitlang/core] bench immut/vector/vector_contains_bench_test.mbt:30 ("bench Vector::contains tree-end n=100000") ok
time (mean ± σ)         range (min … max) 
  53.27 µs ± 280.39 ns    52.94 µs …  53.51 µs  in 10 ×   1863 runs
[moonbitlang/core] bench immut/vector/vector_contains_bench_test.mbt:36 ("bench Vector::contains tail-end n=100000") ok
time (mean ± σ)         range (min … max) 
  53.27 µs ±  18.70 ns    53.25 µs …  53.30 µs  in 10 ×   1878 runs
[moonbitlang/core] bench internal/strconv/parse_double_bench_test.mbt:48 ("bench parse_double fast digits n=4096") ok
time (mean ± σ)         range (min … max) 
 323.72 µs ± 327.63 ns   323.36 µs … 324.23 µs  in 10 ×    311 runs
[moonbitlang/core] bench internal/strconv/parse_double_bench_test.mbt:55 ("bench parse_double underscores n=4096") ok
time (mean ± σ)         range (min … max) 
 603.22 µs ± 836.99 ns   601.88 µs … 604.37 µs  in 10 ×    166 runs
[moonbitlang/core] bench internal/strconv/parse_double_bench_test.mbt:62 ("bench parse_double long mantissa n=4096") ok
time (mean ± σ)         range (min … max) 
 463.60 µs ±   1.74 µs   461.85 µs … 466.56 µs  in 10 ×    217 runs
[moonbitlang/core] bench json/stringify_escape_bench_test.mbt:24 ("bench Json::stringify strings no escape n=2048") ok
time (mean ± σ)         range (min … max) 
 129.16 µs ± 290.22 ns   128.72 µs … 129.73 µs  in 10 ×    773 runs
[moonbitlang/core] bench json/stringify_escape_bench_test.mbt:30 ("bench Json::stringify strings slash no escape n=2048") ok
time (mean ± σ)         range (min … max) 
 128.61 µs ± 175.43 ns   128.35 µs … 128.88 µs  in 10 ×    777 runs
[moonbitlang/core] bench json/stringify_escape_bench_test.mbt:36 ("bench Json::stringify strings slash escaped n=2048") ok
time (mean ± σ)         range (min … max) 
 414.71 µs ± 975.97 ns   413.69 µs … 416.81 µs  in 10 ×    241 runs
[moonbitlang/core] bench json/stringify_escape_bench_test.mbt:42 ("bench Json::stringify strings quotes controls n=2048") ok
time (mean ± σ)         range (min … max) 
 393.31 µs ± 475.62 ns   392.75 µs … 394.07 µs  in 10 ×    254 runs
[moonbitlang/core] bench json/parse_bench_test.mbt:45 ("bench json parse mixed object array n=1000") ok
time (mean ± σ)         range (min … max) 
   1.14 ms ±   4.19 µs     1.13 ms …   1.15 ms  in 10 ×     89 runs
[moonbitlang/core] bench json/number_bench_test.mbt:64 ("bench json parse int array n=10000") ok
time (mean ± σ)         range (min … max) 
 754.47 µs ±   3.78 µs   747.39 µs … 758.48 µs  in 10 ×    133 runs
[moonbitlang/core] bench json/number_bench_test.mbt:70 ("bench json parse float array n=10000") ok
time (mean ± σ)         range (min … max) 
   1.15 ms ±  10.37 µs     1.13 ms …   1.17 ms  in 10 ×     88 runs
[moonbitlang/core] bench json/number_bench_test.mbt:76 ("bench json parse long mantissa array n=10000") ok
time (mean ± σ)         range (min … max) 
   1.62 ms ±  16.76 µs     1.59 ms …   1.64 ms  in 10 ×     63 runs
[moonbitlang/core] bench lazy_list/concat_bench_test.mbt:40 ("bench LazyList build and traverse n=2048") ok
time (mean ± σ)         range (min … max) 
  33.56 µs ± 357.38 ns    32.56 µs …  33.73 µs  in 10 ×   2964 runs
[moonbitlang/core] bench lazy_list/concat_bench_test.mbt:49 ("bench LazyList re-traverse a forced list n=2048") ok
time (mean ± σ)         range (min … max) 
  15.87 µs ±  33.96 ns    15.81 µs …  15.91 µs  in 10 ×   6300 runs
[moonbitlang/core] bench lazy_list/concat_bench_test.mbt:57 ("bench LazyList left-nested concat, build only n=2048") ok
time (mean ± σ)         range (min … max) 
  74.41 µs ±  62.00 ns    74.31 µs …  74.51 µs  in 10 ×   1350 runs
[moonbitlang/core] bench lazy_list/concat_bench_test.mbt:62 ("bench LazyList left-nested concat, build and traverse n=2048") ok
time (mean ± σ)         range (min … max) 
 145.26 µs ± 257.01 ns   144.88 µs … 145.60 µs  in 10 ×    692 runs
[moonbitlang/core] bench lazy_list/concat_bench_test.mbt:69 ("bench LazyList concat while consuming n=2048") ok
time (mean ± σ)         range (min … max) 
 114.74 µs ± 117.24 ns   114.55 µs … 114.92 µs  in 10 ×    874 runs
[moonbitlang/core] bench quickcheck/arbitrary_string_bench_test.mbt:16 ("bench Arbitrary String size=10000 count=100") ok
time (mean ± σ)         range (min … max) 
   5.08 ms ±  19.70 µs     5.06 ms …   5.11 ms  in 10 ×     19 runs
[moonbitlang/core] bench random/random_test.mbt:411 ("bench random") ok
time (mean ± σ)         range (min … max) 
  26.57 ms ±  16.91 µs    26.54 ms …  26.59 ms  in 10 ×      4 runs
[moonbitlang/core] bench set/linked_hash_set_bench_test.mbt:19 ("bench Set::add n=50000") ok
time (mean ± σ)         range (min … max) 
   2.21 ms ±  34.77 µs     2.16 ms …   2.25 ms  in 10 ×     47 runs
[moonbitlang/core] bench set/linked_hash_set_bench_test.mbt:30 ("bench Set::contains n=50000") ok
time (mean ± σ)         range (min … max) 
   1.00 ms ±   1.52 µs   998.19 µs …   1.00 ms  in 10 ×    100 runs
[moonbitlang/core] bench set/linked_hash_set_bench_test.mbt:47 ("bench Set::contains miss n=50000") ok
time (mean ± σ)         range (min … max) 
   1.10 ms ±   2.30 µs     1.10 ms …   1.10 ms  in 10 ×     91 runs
[moonbitlang/core] bench set/linked_hash_set_bench_test.mbt:67 ("bench Set::add+remove n=50000") ok
time (mean ± σ)         range (min … max) 
   3.34 ms ±  37.26 µs     3.31 ms …   3.40 ms  in 10 ×     31 runs
[moonbitlang/core] bench string/regex_bench_test.mbt:16 ("bench regex /aa?b/ on 1MB string") ok
time (mean ± σ)         range (min … max) 
   2.67 ms ±  28.05 µs     2.63 ms …   2.69 ms  in 10 ×     39 runs
[moonbitlang/core] bench string/regex_bench_test.mbt:23 ("bench regex phone lines") ok
time (mean ± σ)         range (min … max) 
   3.54 µs ±  11.79 ns     3.52 µs …   3.55 µs  in 10 ×  29115 runs
[moonbitlang/core] bench string/regex_bench_test.mbt:43 ("bench regex large pattern") ok
time (mean ± σ)         range (min … max) 
   2.13 ms ±   2.99 µs     2.13 ms …   2.14 ms  in 10 ×     47 runs
[moonbitlang/core] bench v128/v128_bench_test.mbt:32 ("bench V128 i64x2_add n=10000") ok
time (mean ± σ)         range (min … max) 
   5.44 µs ±   5.12 ns     5.43 µs …   5.45 µs  in 10 ×  18362 runs
[moonbitlang/core] bench v128/v128_bench_test.mbt:44 ("bench V128 i32x4_add n=10000") ok
time (mean ± σ)         range (min … max) 
   5.44 µs ±   2.40 ns     5.44 µs …   5.44 µs  in 10 ×  18391 runs
[moonbitlang/core] bench v128/v128_bench_test.mbt:56 ("bench V128 i8x16_add n=10000") ok
time (mean ± σ)         range (min … max) 
   5.44 µs ±  10.91 ns     5.43 µs …   5.47 µs  in 10 ×  18414 runs
[moonbitlang/core] bench v128/v128_bench_test.mbt:68 ("bench V128 i8x16_splat n=10000") ok
time (mean ± σ)         range (min … max) 
   5.40 µs ±   2.60 ns     5.39 µs …   5.40 µs  in 10 ×  18536 runs
[moonbitlang/core] bench v128/v128_bench_test.mbt:79 ("bench V128 i8x16_extract_lane_u n=10000") ok
time (mean ± σ)         range (min … max) 
   8.23 µs ± 137.94 ns     8.14 µs …   8.50 µs  in 10 ×  11962 runs
[moonbitlang/core] bench v128/v128_bench_test.mbt:93 ("bench V128 i8x16_replace_lane n=10000") ok
time (mean ± σ)         range (min … max) 
  39.29 µs ±  22.34 ns    39.26 µs …  39.32 µs  in 10 ×   2546 runs
[moonbitlang/core] bench v128/v128_bench_test.mbt:108 ("bench V128 i8x16_bitmask n=10000") ok
time (mean ± σ)         range (min … max) 
   7.65 µs ±   3.42 ns     7.64 µs …   7.65 µs  in 10 ×  13077 runs
[moonbitlang/core] bench v128/v128_bench_test.mbt:120 ("bench V128 load/store n=10000") ok
time (mean ± σ)         range (min … max) 
 124.78 µs ±   1.13 µs   123.75 µs … 126.26 µs  in 10 ×    808 runs
[moonbitlang/core] bench v128/v128_bench_test.mbt:135 ("bench V128 load8x8_u n=10000") ok
time (mean ± σ)         range (min … max) 
  41.11 µs ±  67.50 ns    41.07 µs …  41.30 µs  in 10 ×   2436 runs
[moonbitlang/core] bench v128/v128_bench_test.mbt:147 ("bench V128 load8x8_s n=10000") ok
time (mean ± σ)         range (min … max) 
  46.60 µs ±  19.72 ns    46.58 µs …  46.63 µs  in 10 ×   2145 runs
[moonbitlang/core] bench v128/v128_bench_test.mbt:159 ("bench V128 load16x4_u n=10000") ok
time (mean ± σ)         range (min … max) 
  36.16 µs ± 279.59 ns    35.88 µs …  36.65 µs  in 10 ×   2814 runs
[moonbitlang/core] bench v128/v128_bench_test.mbt:171 ("bench V128 load16x4_s n=10000") ok
time (mean ± σ)         range (min … max) 
  39.80 µs ± 372.94 ns    39.31 µs …  40.25 µs  in 10 ×   2492 runs
[moonbitlang/core] bench v128/v128_bench_test.mbt:183 ("bench V128 load32x2_u n=10000") ok
time (mean ± σ)         range (min … max) 
  33.84 µs ±  93.78 ns    33.68 µs …  33.96 µs  in 10 ×   2963 runs
[moonbitlang/core] bench v128/v128_bench_test.mbt:195 ("bench V128 load32x2_s n=10000") ok
time (mean ± σ)         range (min … max) 
  36.18 µs ± 378.68 ns    35.81 µs …  36.63 µs  in 10 ×   2793 runs
[moonbitlang/core] bench v128/v128_bench_test.mbt:207 ("bench V128 load_splat n=10000") ok
time (mean ± σ)         range (min … max) 
  50.38 µs ± 712.67 ns    49.51 µs …  51.19 µs  in 10 ×   1966 runs
[moonbitlang/core] bench v128/v128_bench_test.mbt:223 ("bench V128 load8_lane n=10000") ok
time (mean ± σ)         range (min … max) 
  39.30 µs ±  21.27 ns    39.27 µs …  39.34 µs  in 10 ×   2545 runs
[moonbitlang/core] bench v128/v128_bench_test.mbt:235 ("bench V128 load16_lane n=10000") ok
time (mean ± σ)         range (min … max) 
  39.55 µs ±  26.97 ns    39.52 µs …  39.59 µs  in 10 ×   2529 runs
[moonbitlang/core] bench v128/v128_bench_test.mbt:247 ("bench V128 load32_lane n=10000") ok
time (mean ± σ)         range (min … max) 
  39.97 µs ± 252.93 ns    39.82 µs …  40.52 µs  in 10 ×   2510 runs
[moonbitlang/core] bench v128/v128_bench_test.mbt:259 ("bench V128 load64_lane n=10000") ok
time (mean ± σ)         range (min … max) 
  62.38 µs ±  42.11 ns    62.34 µs …  62.46 µs  in 10 ×   1604 runs
[moonbitlang/core] bench v128/v128_bench_test.mbt:271 ("bench V128 extend i8x16 to i16x8 n=10000") ok
time (mean ± σ)         range (min … max) 
  10.83 µs ±   3.53 ns    10.83 µs …  10.84 µs  in 10 ×   9237 runs
[moonbitlang/core] bench v128/v128_bench_test.mbt:285 ("bench V128 extend i16x8 to i32x4 n=10000") ok
time (mean ± σ)         range (min … max) 
  10.84 µs ±  19.41 ns    10.83 µs …  10.90 µs  in 10 ×   9235 runs
[moonbitlang/core] bench v128/v128_bench_test.mbt:299 ("bench V128 extend i32x4 to i64x2 n=10000") ok
time (mean ± σ)         range (min … max) 
  10.83 µs ±   3.82 ns    10.82 µs …  10.84 µs  in 10 ×   9235 runs
[moonbitlang/core] bench v128/v128_bench_test.mbt:313 ("bench V128 all_true n=10000") ok
time (mean ± σ)         range (min … max) 
  14.22 µs ±   3.11 ns    14.21 µs …  14.22 µs  in 10 ×   7036 runs
[moonbitlang/core] bench v128/v128_bench_test.mbt:337 ("bench V128 bitmask all widths n=10000") ok
time (mean ± σ)         range (min … max) 
  16.27 µs ±   3.45 ns    16.27 µs …  16.28 µs  in 10 ×   6144 runs
[moonbitlang/core] bench v128/v128_bench_test.mbt:353 ("bench V128 swizzle n=10000") ok
time (mean ± σ)         range (min … max) 
   5.44 µs ±   2.22 ns     5.44 µs …   5.45 µs  in 10 ×  18400 runs
[moonbitlang/core] bench v128/v128_bench_test.mbt:371 ("bench V128 shuffle n=10000") ok
time (mean ± σ)         range (min … max) 
  10.85 µs ±   5.63 ns    10.85 µs …  10.86 µs  in 10 ×   9219 runs
Total tests: 337, passed: 337, failed: 0.
