[moonbitlang/core] bench bench/hash_bench_test.mbt:16 ("bench Hash for Bytes (small)") ok
time (mean ± σ)         range (min … max) 
  13.01 ns ±   0.41 ns    12.38 ns …  13.44 ns  in 10 × 100000 runs
[moonbitlang/core] bench bench/hash_bench_test.mbt:22 ("bench Hash for Bytes (medium)") ok
time (mean ± σ)         range (min … max) 
 136.81 ns ±   0.30 ns   136.36 ns … 137.48 ns  in 10 × 100000 runs
[moonbitlang/core] bench bench/hash_bench_test.mbt:28 ("bench Hash for Bytes (large)") ok
time (mean ± σ)         range (min … max) 
   2.29 µs ±   6.35 ns     2.28 µs …   2.30 µs  in 10 ×  43744 runs
[moonbitlang/core] bench bench/hash_bench_test.mbt:34 ("bench Hash for BytesView (small)") ok
time (mean ± σ)         range (min … max) 
  11.80 ns ±   0.29 ns    11.45 ns …  12.26 ns  in 10 × 100000 runs
[moonbitlang/core] bench bench/hash_bench_test.mbt:41 ("bench Hash for BytesView (medium)") ok
time (mean ± σ)         range (min … max) 
 127.32 ns ±   0.10 ns   127.10 ns … 127.48 ns  in 10 × 100000 runs
[moonbitlang/core] bench bench/hash_bench_test.mbt:48 ("bench Hash for BytesView (large)") ok
time (mean ± σ)         range (min … max) 
   2.27 µs ±   2.90 ns     2.26 µs …   2.27 µs  in 10 ×  43981 runs
[moonbitlang/core] bench bench/hash_bench_test.mbt:55 ("bench Hasher::combine_bytes (small)") ok
time (mean ± σ)         range (min … max) 
  11.25 ns ±   0.39 ns    10.75 ns …  11.83 ns  in 10 × 100000 runs
[moonbitlang/core] bench bench/hash_bench_test.mbt:65 ("bench Hasher::combine_bytes (medium)") ok
time (mean ± σ)         range (min … max) 
 112.79 ns ±   0.85 ns   111.66 ns … 114.70 ns  in 10 × 100000 runs
[moonbitlang/core] bench bench/hash_bench_test.mbt:75 ("bench Hasher::combine_bytes (large)") ok
time (mean ± σ)         range (min … max) 
   1.97 µs ±   0.97 ns     1.97 µs …   1.97 µs  in 10 ×  50669 runs
[moonbitlang/core] bench bigint/to_string_radix_bench_test.mbt:23 ("bench bigint to_string radix=7 (4000 bits)") ok
time (mean ± σ)         range (min … max) 
  15.27 µs ±  11.22 ns    15.26 µs …  15.29 µs  in 10 ×   6529 runs
[moonbitlang/core] bench bigint/to_string_radix_bench_test.mbt:29 ("bench bigint to_string radix=36 (4000 bits)") ok
time (mean ± σ)         range (min … max) 
  13.47 µs ±  12.81 ns    13.45 µs …  13.48 µs  in 10 ×   7381 runs
[moonbitlang/core] bench bigint/to_string_radix_bench_test.mbt:35 ("bench bigint to_string radix=10 reference (4000 bits)") ok
time (mean ± σ)         range (min … max) 
  11.94 µs ±  40.13 ns    11.90 µs …  12.02 µs  in 10 ×   8381 runs
[moonbitlang/core] bench bigint/to_string_bench_test.mbt:30 ("bench BigInt::to_string n=40 digits") ok
time (mean ± σ)         range (min … max) 
  87.13 ns ±   0.19 ns    86.88 ns …  87.39 ns  in 10 × 100000 runs
[moonbitlang/core] bench bigint/to_string_bench_test.mbt:36 ("bench BigInt::to_string n=400 digits") ok
time (mean ± σ)         range (min … max) 
   2.83 µs ±   1.06 ns     2.83 µs …   2.83 µs  in 10 ×  35342 runs
[moonbitlang/core] bench bigint/to_string_bench_test.mbt:42 ("bench BigInt::to_string n=4000 digits") ok
time (mean ± σ)         range (min … max) 
  61.48 µs ± 127.08 ns    61.33 µs …  61.73 µs  in 10 ×   1624 runs
[moonbitlang/core] bench bigint/to_string_bench_test.mbt:48 ("bench BigInt::to_string n=40000 digits") ok
time (mean ± σ)         range (min … max) 
   2.22 ms ±   1.82 µs     2.22 ms …   2.22 ms  in 10 ×     45 runs
[moonbitlang/core] bench bigint/to_string_bench_test.mbt:54 ("bench BigInt::to_string n=250000 digits") ok
time (mean ± σ)         range (min … max) 
  24.30 ms ±  22.95 µs    24.26 ms …  24.33 ms  in 10 ×      5 runs
[moonbitlang/core] bench bigint/from_octets_bench_test.mbt:21 ("bench BigInt::from_octets n=64") ok
time (mean ± σ)         range (min … max) 
   1.48 µs ±   7.14 ns     1.47 µs …   1.49 µs  in 10 ×  67727 runs
[moonbitlang/core] bench bigint/from_octets_bench_test.mbt:27 ("bench BigInt::from_octets n=1024") ok
time (mean ± σ)         range (min … max) 
  23.01 µs ± 142.97 ns    22.83 µs …  23.25 µs  in 10 ×   4345 runs
[moonbitlang/core] bench bigint/division_bench_test.mbt:66 ("bench BigInt balanced division n=4000 digits") ok
time (mean ± σ)         range (min … max) 
  27.29 ns ±   2.68 ns    26.27 ns …  34.86 ns  in 10 ×   4055 runs
[moonbitlang/core] bench bigint/division_bench_test.mbt:72 ("bench BigInt balanced division n=40000 digits") ok
time (mean ± σ)         range (min … max) 
   1.40 ms ±   1.08 µs     1.39 ms …   1.40 ms  in 10 ×     72 runs
[moonbitlang/core] bench bigint/division_bench_test.mbt:78 ("bench BigInt balanced division n=250000 digits") ok
time (mean ± σ)         range (min … max) 
  16.13 ms ±   6.82 µs    16.12 ms …  16.15 ms  in 10 ×      7 runs
[moonbitlang/core] bench bigint/division_bench_test.mbt:84 ("bench BigInt unbalanced division q=65536 d=64 limbs") ok
time (mean ± σ)         range (min … max) 
   6.75 ms ±  20.80 µs     6.72 ms …   6.79 ms  in 10 ×     15 runs
[moonbitlang/core] bench bigint/division_bench_test.mbt:90 ("bench BigInt narrow division q=9 d=64 limbs") ok
time (mean ± σ)         range (min … max) 
   4.86 ns ±   0.18 ns     4.57 ns …   5.08 ns  in 10 × 100000 runs
[moonbitlang/core] bench buffer/write_bench_test.mbt:30 ("bench Buffer::write_byte n=4096") ok
time (mean ± σ)         range (min … max) 
   5.00 µs ±  31.25 ns     4.98 µs …   5.07 µs  in 10 ×  20073 runs
[moonbitlang/core] bench buffer/write_bench_test.mbt:42 ("bench Buffer::write_uint16_be n=4096") ok
time (mean ± σ)         range (min … max) 
   4.48 µs ±   3.40 ns     4.47 µs …   4.48 µs  in 10 ×  22302 runs
[moonbitlang/core] bench buffer/write_bench_test.mbt:54 ("bench Buffer::write_uint_le n=4096") ok
time (mean ± σ)         range (min … max) 
   5.35 µs ±  40.52 ns     5.28 µs …   5.38 µs  in 10 ×  18631 runs
[moonbitlang/core] bench buffer/write_bench_test.mbt:66 ("bench Buffer::write_uint64_be n=4096") ok
time (mean ± σ)         range (min … max) 
 605.14 µs ±   9.60 µs   589.94 µs … 615.24 µs  in 10 ×    166 runs
[moonbitlang/core] bench buffer/write_bench_test.mbt:78 ("bench Buffer::write_char_utf8 ASCII n=4096") ok
time (mean ± σ)         range (min … max) 
  16.66 µs ±  94.93 ns    16.52 µs …  16.77 µs  in 10 ×   5985 runs
[moonbitlang/core] bench buffer/write_bench_test.mbt:90 ("bench Buffer::write_char_utf8 non-BMP n=4096") ok
time (mean ± σ)         range (min … max) 
  20.69 µs ±  79.89 ns    20.47 µs …  20.75 µs  in 10 ×   4826 runs
[moonbitlang/core] bench buffer/write_bench_test.mbt:103 ("bench Buffer::write_char_utf16le BMP n=4096") ok
time (mean ± σ)         range (min … max) 
   4.61 µs ±  24.61 ns     4.57 µs …   4.65 µs  in 10 ×  21791 runs
[moonbitlang/core] bench buffer/write_bench_test.mbt:115 ("bench Buffer::write_string_utf16le chunks n=4096") ok
time (mean ± σ)         range (min … max) 
  91.10 µs ±  68.55 ns    91.03 µs …  91.28 µs  in 10 ×   1097 runs
[moonbitlang/core] bench buffer/write_bench_test.mbt:130 ("bench @buffer.from_array n=4096") ok
time (mean ± σ)         range (min … max) 
   4.13 µs ±   9.61 ns     4.12 µs …   4.15 µs  in 10 ×  24333 runs
[moonbitlang/core] bench builtin/view_bench_test.mbt:34 ("bench ArrayView::at Int n=100000") ok
time (mean ± σ)         range (min … max) 
  83.16 µs ± 526.63 ns    82.18 µs …  83.63 µs  in 10 ×   1212 runs
[moonbitlang/core] bench builtin/view_bench_test.mbt:47 ("bench ArrayView::get Int n=100000") ok
time (mean ± σ)         range (min … max) 
  69.63 µs ±  75.05 ns    69.49 µs …  69.79 µs  in 10 ×   1441 runs
[moonbitlang/core] bench builtin/view_bench_test.mbt:62 ("bench ArrayView::unsafe_get Int n=100000") ok
time (mean ± σ)         range (min … max) 
  54.28 µs ±  40.72 ns    54.23 µs …  54.35 µs  in 10 ×   1843 runs
[moonbitlang/core] bench builtin/view_bench_test.mbt:75 ("bench ArrayView::rev_fold Int n=100000") ok
time (mean ± σ)         range (min … max) 
  54.47 µs ± 196.91 ns    54.32 µs …  54.94 µs  in 10 ×   1837 runs
[moonbitlang/core] bench builtin/view_bench_test.mbt:82 ("bench ArrayView::rev_foldi Int n=100000") ok
time (mean ± σ)         range (min … max) 
  54.49 µs ± 117.52 ns    54.32 µs …  54.69 µs  in 10 ×   1838 runs
[moonbitlang/core] bench builtin/view_bench_test.mbt:91 ("bench ArrayView::equal Int n=100000") ok
time (mean ± σ)         range (min … max) 
 109.69 µs ±   2.81 µs   108.42 µs … 117.31 µs  in 10 ×    819 runs
[moonbitlang/core] bench builtin/view_bench_test.mbt:99 ("bench ArrayView::compare Int n=100000") ok
time (mean ± σ)         range (min … max) 
 141.24 µs ±   4.08 µs   136.10 µs … 147.57 µs  in 10 ×    670 runs
[moonbitlang/core] bench builtin/view_bench_test.mbt:107 ("bench MutArrayView::at Int n=100000") ok
time (mean ± σ)         range (min … max) 
  98.57 µs ± 218.08 ns    98.22 µs …  98.81 µs  in 10 ×   1018 runs
[moonbitlang/core] bench builtin/view_bench_test.mbt:120 ("bench MutArrayView::unsafe_get Int n=100000") ok
time (mean ± σ)         range (min … max) 
  54.24 µs ±  36.41 ns    54.20 µs …  54.31 µs  in 10 ×   1844 runs
[moonbitlang/core] bench builtin/view_bench_test.mbt:133 ("bench MutArrayView::set Int n=100000") ok
time (mean ± σ)         range (min … max) 
 113.53 µs ± 437.10 ns   112.79 µs … 114.56 µs  in 10 ×    881 runs
[moonbitlang/core] bench builtin/view_bench_test.mbt:145 ("bench MutArrayView::unsafe_set Int n=100000") ok
time (mean ± σ)         range (min … max) 
  54.25 µs ±  52.83 ns    54.20 µs …  54.35 µs  in 10 ×   1843 runs
[moonbitlang/core] bench builtin/view_bench_test.mbt:157 ("bench BytesView::at n=100000") ok
time (mean ± σ)         range (min … max) 
  67.78 µs ±  31.62 ns    67.74 µs …  67.84 µs  in 10 ×   1477 runs
[moonbitlang/core] bench builtin/view_bench_test.mbt:170 ("bench BytesView::unsafe_get n=100000") ok
time (mean ± σ)         range (min … max) 
  40.70 µs ±  29.85 ns    40.67 µs …  40.76 µs  in 10 ×   2447 runs
[moonbitlang/core] bench builtin/stringbuilder_bench_test.mbt:28 ("bench StringBuilder::write_string chunks n=4096") ok
time (mean ± σ)         range (min … max) 
  11.64 µs ±  17.72 ns    11.62 µs …  11.68 µs  in 10 ×   8613 runs
[moonbitlang/core] bench builtin/stringbuilder_bench_test.mbt:41 ("bench StringBuilder::write_view chunks n=4096") ok
time (mean ± σ)         range (min … max) 
  16.89 µs ± 123.60 ns    16.71 µs …  17.03 µs  in 10 ×   5936 runs
[moonbitlang/core] bench builtin/stringbuilder_bench_test.mbt:54 ("bench StringBuilder::write_stringview chunks n=4096") ok
time (mean ± σ)         range (min … max) 
  16.98 µs ± 110.32 ns    16.76 µs …  17.08 µs  in 10 ×   6011 runs
[moonbitlang/core] bench builtin/stringbuilder_bench_test.mbt:67 ("bench StringBuilder::write_char ASCII n=4096") ok
time (mean ± σ)         range (min … max) 
  17.06 µs ± 153.83 ns    16.76 µs …  17.18 µs  in 10 ×   5981 runs
[moonbitlang/core] bench builtin/stringbuilder_bench_test.mbt:79 ("bench StringBuilder::write_char non-BMP n=4096") ok
time (mean ± σ)         range (min … max) 
  16.89 µs ± 134.39 ns    16.64 µs …  17.01 µs  in 10 ×   5996 runs
[moonbitlang/core] bench builtin/stringbuilder_bench_test.mbt:92 ("bench StringBuilder::reset reuse spare capacity n=4096") ok
time (mean ± σ)         range (min … max) 
  11.96 µs ±  33.97 ns    11.91 µs …  12.02 µs  in 10 ×   8395 runs
[moonbitlang/core] bench builtin/string_to_lower_bench_test.mbt:61 ("bench String::to_lower short") ok
time (mean ± σ)         range (min … max) 
 114.24 ns ±   0.95 ns   112.57 ns … 115.35 ns  in 10 × 100000 runs
[moonbitlang/core] bench builtin/string_to_lower_bench_test.mbt:66 ("bench String::to_lower long") ok
time (mean ± σ)         range (min … max) 
   5.94 µs ±  14.66 ns     5.92 µs …   5.96 µs  in 10 ×  16778 runs
[moonbitlang/core] bench builtin/string_to_lower_bench_test.mbt:71 ("bench String::to_lower sparse") ok
time (mean ± σ)         range (min … max) 
   5.16 µs ±  40.73 ns     5.08 µs …   5.20 µs  in 10 ×  19691 runs
[moonbitlang/core] bench builtin/string_to_lower_bench_test.mbt:76 ("bench String::to_lower late-uppercase") ok
time (mean ± σ)         range (min … max) 
 995.80 ns ±   0.58 ns   995.17 ns … 996.99 ns  in 10 ×  98997 runs
[moonbitlang/core] bench builtin/string_to_lower_bench_test.mbt:81 ("bench String::to_lower one-unit runs") ok
time (mean ± σ)         range (min … max) 
   4.45 µs ±  14.28 ns     4.42 µs …   4.46 µs  in 10 ×  22582 runs
[moonbitlang/core] bench builtin/string_to_lower_bench_test.mbt:86 ("bench String::to_lower all-uppercase") ok
time (mean ± σ)         range (min … max) 
   4.26 µs ±  18.26 ns     4.22 µs …   4.27 µs  in 10 ×  23720 runs
[moonbitlang/core] bench builtin/string_to_lower_bench_test.mbt:91 ("bench String::to_lower no-change short") ok
time (mean ± σ)         range (min … max) 
  21.28 ns ±   0.86 ns    20.38 ns …  22.55 ns  in 10 × 100000 runs
[moonbitlang/core] bench builtin/string_to_lower_bench_test.mbt:96 ("bench String::to_lower no-change long") ok
time (mean ± σ)         range (min … max) 
   1.72 µs ±  10.49 ns     1.71 µs …   1.74 µs  in 10 ×  57252 runs
[moonbitlang/core] bench builtin/string_to_lower_bench_test.mbt:101 ("bench StringView::to_lower short") ok
time (mean ± σ)         range (min … max) 
 107.22 ns ±   1.50 ns   105.14 ns … 109.23 ns  in 10 × 100000 runs
[moonbitlang/core] bench builtin/string_to_lower_bench_test.mbt:106 ("bench StringView::to_lower long") ok
time (mean ± σ)         range (min … max) 
   5.65 µs ±  21.30 ns     5.62 µs …   5.68 µs  in 10 ×  17782 runs
[moonbitlang/core] bench builtin/string_to_lower_bench_test.mbt:111 ("bench StringView::to_lower no-change long") ok
time (mean ± σ)         range (min … max) 
   1.90 µs ±   7.90 ns     1.89 µs …   1.92 µs  in 10 ×  51879 runs
[moonbitlang/core] bench builtin/string_methods_bench_test.mbt:36 ("bench StringView::has_prefix match n=100000 needle=128") ok
time (mean ± σ)         range (min … max) 
 528.08 ns ±   0.46 ns   527.40 ns … 528.65 ns  in 10 × 100000 runs
[moonbitlang/core] bench builtin/string_methods_bench_test.mbt:45 ("bench StringView::has_prefix mismatch n=100000 needle=128") ok
time (mean ± σ)         range (min … max) 
   7.27 ns ±   0.44 ns     6.72 ns …   7.87 ns  in 10 × 100000 runs
[moonbitlang/core] bench builtin/string_methods_bench_test.mbt:54 ("bench StringView::has_suffix match n=100000 needle=128") ok
time (mean ± σ)         range (min … max) 
 528.43 ns ±   0.71 ns   527.68 ns … 529.79 ns  in 10 × 100000 runs
[moonbitlang/core] bench builtin/string_methods_bench_test.mbt:63 ("bench StringView::has_suffix mismatch n=100000 needle=128") ok
time (mean ± σ)         range (min … max) 
   7.64 ns ±   0.41 ns     7.08 ns …   8.25 ns  in 10 × 100000 runs
[moonbitlang/core] bench builtin/string_find_code_unit_bench_test.mbt:16 ("bench find one code unit absent n=4") ok
time (mean ± σ)         range (min … max) 
  10.67 ns ±   0.57 ns     9.91 ns …  11.56 ns  in 10 × 100000 runs
[moonbitlang/core] bench builtin/string_find_code_unit_bench_test.mbt:22 ("bench find one code unit absent n=8") ok
time (mean ± σ)         range (min … max) 
  13.78 ns ±   0.47 ns    13.32 ns …  14.48 ns  in 10 × 100000 runs
[moonbitlang/core] bench builtin/string_find_code_unit_bench_test.mbt:28 ("bench find one code unit present@0 n=8") ok
time (mean ± σ)         range (min … max) 
   6.30 ns ±   0.37 ns     5.92 ns …   6.84 ns  in 10 × 100000 runs
[moonbitlang/core] bench builtin/string_find_code_unit_bench_test.mbt:34 ("bench find one code unit absent n=64") ok
time (mean ± σ)         range (min … max) 
  78.25 ns ±   0.73 ns    77.55 ns …  79.83 ns  in 10 × 100000 runs
[moonbitlang/core] bench builtin/string_find_code_unit_bench_test.mbt:40 ("bench find one code unit absent n=256") ok
time (mean ± σ)         range (min … max) 
 286.38 ns ±   0.52 ns   285.78 ns … 287.02 ns  in 10 × 100000 runs
[moonbitlang/core] bench builtin/string_find_code_unit_bench_test.mbt:46 ("bench find one code unit present@end n=256") ok
time (mean ± σ)         range (min … max) 
 287.65 ns ±   0.65 ns   286.95 ns … 288.82 ns  in 10 × 100000 runs
[moonbitlang/core] bench builtin/string_find_code_unit_bench_test.mbt:52 ("bench rev_find one code unit absent n=256") ok
time (mean ± σ)         range (min … max) 
 287.49 ns ±   0.79 ns   286.60 ns … 288.78 ns  in 10 × 100000 runs
[moonbitlang/core] bench builtin/string_find_code_unit_bench_test.mbt:58 ("bench rev_find one code unit present@start n=256") ok
time (mean ± σ)         range (min … max) 
 288.27 ns ±   0.51 ns   287.64 ns … 289.08 ns  in 10 × 100000 runs
[moonbitlang/core] bench builtin/string_find_code_unit_bench_test.mbt:64 ("bench rev_find one code unit present@end n=8") ok
time (mean ± σ)         range (min … max) 
   6.24 ns ±   0.34 ns     5.76 ns …   6.69 ns  in 10 × 100000 runs
[moonbitlang/core] bench builtin/string_find_code_unit_bench_test.mbt:70 ("bench StringView find one code unit absent n=256") ok
time (mean ± σ)         range (min … max) 
 287.02 ns ±   0.54 ns   286.41 ns … 287.99 ns  in 10 × 100000 runs
[moonbitlang/core] bench builtin/string_find_code_unit_bench_test.mbt:77 ("bench StringView rev_find one code unit absent n=256") ok
time (mean ± σ)         range (min … max) 
 287.20 ns ±   0.41 ns   286.62 ns … 287.77 ns  in 10 × 100000 runs
[moonbitlang/core] bench builtin/string_find_code_unit_bench_test.mbt:84 ("bench find two anchors absent n=256") ok
time (mean ± σ)         range (min … max) 
 495.26 ns ±   0.41 ns   494.73 ns … 496.00 ns  in 10 × 100000 runs
[moonbitlang/core] bench builtin/string_find_code_unit_bench_test.mbt:90 ("bench find two anchors present@end n=256") ok
time (mean ± σ)         range (min … max) 
 495.97 ns ±   0.64 ns   495.10 ns … 496.93 ns  in 10 × 100000 runs
[moonbitlang/core] bench builtin/string_find_code_unit_bench_test.mbt:96 ("bench find two anchors dense false positives n=256") ok
time (mean ± σ)         range (min … max) 
   1.18 µs ±   0.96 ns     1.18 µs …   1.18 µs  in 10 ×  84986 runs
[moonbitlang/core] bench builtin/string_find_code_unit_bench_test.mbt:102 ("bench find two anchors long absent n=256") ok
time (mean ± σ)         range (min … max) 
 272.69 ns ±   0.53 ns   272.10 ns … 273.57 ns  in 10 × 100000 runs
[moonbitlang/core] bench builtin/string_find_code_unit_bench_test.mbt:108 ("bench rev_find two anchors absent n=256") ok
time (mean ± σ)         range (min … max) 
 288.58 ns ±   2.41 ns   287.15 ns … 295.34 ns  in 10 × 100000 runs
[moonbitlang/core] bench builtin/string_find_code_unit_bench_test.mbt:114 ("bench rev_find two anchors present@start n=256") ok
time (mean ± σ)         range (min … max) 
 357.74 ns ±   0.60 ns   357.15 ns … 358.98 ns  in 10 × 100000 runs
[moonbitlang/core] bench builtin/string_find_code_unit_bench_test.mbt:120 ("bench rev_find two anchors dense false positives n=256") ok
time (mean ± σ)         range (min … max) 
   1.33 µs ±   0.54 ns     1.33 µs …   1.33 µs  in 10 ×  75696 runs
[moonbitlang/core] bench builtin/string_find_code_unit_bench_test.mbt:126 ("bench StringView find two anchors absent n=256") ok
time (mean ± σ)         range (min … max) 
 495.83 ns ±   0.89 ns   494.58 ns … 497.50 ns  in 10 × 100000 runs
[moonbitlang/core] bench builtin/string_find_adversary_bench_test.mbt:26 ("bench find adversary m=64 n=4096") ok
time (mean ± σ)         range (min … max) 
  30.53 µs ±   9.80 µs    22.95 µs …  42.77 µs  in 10 ×   2357 runs
[moonbitlang/core] bench builtin/string_find_adversary_bench_test.mbt:33 ("bench rev_find adversary m=64 n=4096") ok
time (mean ± σ)         range (min … max) 
  32.35 µs ±  10.73 µs    24.01 µs …  44.95 µs  in 10 ×   2237 runs
[moonbitlang/core] bench builtin/string_find_adversary_bench_test.mbt:40 ("bench find adversary m=512 n=65536") ok
time (mean ± σ)         range (min … max) 
 687.12 µs ±  25.89 µs   667.69 µs … 743.47 µs  in 10 ×    132 runs
[moonbitlang/core] bench builtin/string_find_adversary_bench_test.mbt:47 ("bench find dense miss fast path n=4096") ok
time (mean ± σ)         range (min … max) 
  16.67 µs ±  43.39 ns    16.64 µs …  16.79 µs  in 10 ×   6006 runs
[moonbitlang/core] bench builtin/string_find_adversary_bench_test.mbt:53 ("bench find rare hit end fast path n=4096") ok
time (mean ± σ)         range (min … max) 
  10.00 µs ±   6.14 ns    10.00 µs …  10.01 µs  in 10 ×  10000 runs
[moonbitlang/core] bench builtin/string_equal_bench_test.mbt:28 ("bench StringView::equal n=100000 equal") ok
time (mean ± σ)         range (min … max) 
   3.21 µs ±  24.23 ns     3.19 µs …   3.26 µs  in 10 ×  31376 runs
[moonbitlang/core] bench builtin/string_equal_bench_test.mbt:35 ("bench StringView::equal n=100000 mismatch at end") ok
time (mean ± σ)         range (min … max) 
 409.97 µs ± 156.74 ns   409.78 µs … 410.17 µs  in 10 ×    245 runs
[moonbitlang/core] bench builtin/string_equal_bench_test.mbt:44 ("bench StringView::equal_to_string n=100000 equal") ok
time (mean ± σ)         range (min … max) 
   3.27 µs ±  53.71 ns     3.20 µs …   3.35 µs  in 10 ×  31431 runs
[moonbitlang/core] bench builtin/string_char_set_bench_test.mbt:43 ("bench StringView::contains_any ASCII miss n=100000") ok
time (mean ± σ)         range (min … max) 
 298.69 µs ± 506.40 ns   298.20 µs … 299.49 µs  in 10 ×    334 runs
[moonbitlang/core] bench builtin/string_char_set_bench_test.mbt:54 ("bench StringView::contains_any ASCII match at end n=100000") ok
time (mean ± σ)         range (min … max) 
 298.70 µs ± 824.40 ns   298.05 µs … 300.85 µs  in 10 ×    335 runs
[moonbitlang/core] bench builtin/string_char_set_bench_test.mbt:67 ("bench StringView::trim_start ASCII n=100000") ok
time (mean ± σ)         range (min … max) 
 298.43 µs ± 390.26 ns   298.07 µs … 299.34 µs  in 10 ×    335 runs
[moonbitlang/core] bench builtin/string_char_set_bench_test.mbt:74 ("bench StringView::trim_end ASCII n=100000") ok
time (mean ± σ)         range (min … max) 
 298.37 µs ± 403.58 ns   297.96 µs … 299.36 µs  in 10 ×    335 runs
[moonbitlang/core] bench builtin/string_char_set_bench_test.mbt:79 ("bench StringView::trim ASCII n=100000") ok
time (mean ± σ)         range (min … max) 
 599.15 µs ±   5.38 µs   596.32 µs … 614.09 µs  in 10 ×    168 runs
[moonbitlang/core] bench builtin/string_char_set_bench_test.mbt:96 ("bench StringView::trim short inputs") ok
time (mean ± σ)         range (min … max) 
 142.43 ns ±   0.99 ns   141.06 ns … 143.98 ns  in 10 × 100000 runs
[moonbitlang/core] bench builtin/string_char_set_bench_test.mbt:107 ("bench StringView::contains_any short inputs") ok
time (mean ± σ)         range (min … max) 
 111.77 ns ±   1.22 ns   109.38 ns … 113.54 ns  in 10 × 100000 runs
[moonbitlang/core] bench builtin/sort_bench_test.mbt:21 ("bench Array::sort n=1000") ok
time (mean ± σ)         range (min … max) 
  19.36 µs ±  31.00 ns    19.30 µs …  19.40 µs  in 10 ×   5146 runs
[moonbitlang/core] bench builtin/sort_bench_test.mbt:31 ("bench Array::sort n=100000") ok
time (mean ± σ)         range (min … max) 
   6.25 ms ± 103.63 µs     6.16 ms …   6.50 ms  in 10 ×     17 runs
[moonbitlang/core] bench builtin/sort_bench_test.mbt:41 ("bench Array::sort_by n=10000") ok
time (mean ± σ)         range (min … max) 
 500.22 µs ±   1.56 µs   497.24 µs … 503.56 µs  in 10 ×    201 runs
[moonbitlang/core] bench builtin/linked_hash_map_bench_test.mbt:19 ("bench Map::set n=50000") ok
time (mean ± σ)         range (min … max) 
   3.27 ms ± 308.11 µs     2.93 ms …   3.77 ms  in 10 ×     36 runs
[moonbitlang/core] bench builtin/linked_hash_map_bench_test.mbt:30 ("bench Map::get n=50000") ok
time (mean ± σ)         range (min … max) 
 882.87 µs ±   4.13 µs   880.73 µs … 894.47 µs  in 10 ×    106 runs
[moonbitlang/core] bench builtin/linked_hash_map_bench_test.mbt:47 ("bench Map::get miss n=50000") ok
time (mean ± σ)         range (min … max) 
   1.04 ms ±   3.26 µs     1.04 ms …   1.05 ms  in 10 ×     94 runs
[moonbitlang/core] bench builtin/linked_hash_map_bench_test.mbt:67 ("bench Map::set+remove n=50000") ok
time (mean ± σ)         range (min … max) 
   4.39 ms ± 122.04 µs     4.29 ms …   4.72 ms  in 10 ×     22 runs
[moonbitlang/core] bench builtin/linked_hash_map_bench_test.mbt:83 ("bench Map::each n=50000") ok
time (mean ± σ)         range (min … max) 
  64.41 µs ±  71.22 ns    64.23 µs …  64.48 µs  in 10 ×   1551 runs
[moonbitlang/core] bench builtin/lexical_compare_bench_test.mbt:42 ("bench lexical_compare equal n=256") ok
time (mean ± σ)         range (min … max) 
 254.43 ns ±   0.69 ns   253.66 ns … 255.53 ns  in 10 × 100000 runs
[moonbitlang/core] bench builtin/lexical_compare_bench_test.mbt:47 ("bench lexical_compare common-prefix n=256") ok
time (mean ± σ)         range (min … max) 
 257.12 ns ±   1.52 ns   255.71 ns … 259.79 ns  in 10 × 100000 runs
[moonbitlang/core] bench builtin/lexical_compare_bench_test.mbt:52 ("bench lexical_compare early-diff n=256") ok
time (mean ± σ)         range (min … max) 
   6.85 ns ±   0.36 ns     6.38 ns …   7.32 ns  in 10 × 100000 runs
[moonbitlang/core] bench builtin/contains_code_unit_bench_test.mbt:19 ("bench contains_code_unit absent n=4") ok
time (mean ± σ)         range (min … max) 
   9.52 ns ±   0.47 ns     8.79 ns …  10.10 ns  in 10 × 100000 runs
[moonbitlang/core] bench builtin/contains_code_unit_bench_test.mbt:25 ("bench contains_code_unit absent n=8") ok
time (mean ± σ)         range (min … max) 
  13.53 ns ±   0.53 ns    12.83 ns …  14.36 ns  in 10 × 100000 runs
[moonbitlang/core] bench builtin/contains_code_unit_bench_test.mbt:31 ("bench contains_code_unit present@0 n=8") ok
time (mean ± σ)         range (min … max) 
   5.33 ns ±   0.33 ns     4.89 ns …   5.76 ns  in 10 × 100000 runs
[moonbitlang/core] bench builtin/contains_code_unit_bench_test.mbt:37 ("bench contains_code_unit absent n=16") ok
time (mean ± σ)         range (min … max) 
  21.99 ns ±   0.54 ns    21.45 ns …  22.57 ns  in 10 × 100000 runs
[moonbitlang/core] bench builtin/contains_code_unit_bench_test.mbt:43 ("bench contains_code_unit absent n=64") ok
time (mean ± σ)         range (min … max) 
  77.19 ns ±   0.48 ns    76.58 ns …  77.80 ns  in 10 × 100000 runs
[moonbitlang/core] bench builtin/contains_code_unit_bench_test.mbt:49 ("bench contains_code_unit absent n=256") ok
time (mean ± σ)         range (min … max) 
 285.65 ns ±   0.53 ns   284.96 ns … 286.42 ns  in 10 × 100000 runs
[moonbitlang/core] bench builtin/contains_code_unit_bench_test.mbt:55 ("bench contains_code_unit present@end n=256") ok
time (mean ± σ)         range (min … max) 
 286.87 ns ±   0.40 ns   286.26 ns … 287.47 ns  in 10 × 100000 runs
[moonbitlang/core] bench builtin/contains_code_unit_bench_test.mbt:61 ("bench contains_code_unit present@0 n=256") ok
time (mean ± σ)         range (min … max) 
   5.19 ns ±   0.38 ns     4.73 ns …   5.76 ns  in 10 × 100000 runs
[moonbitlang/core] bench builtin/contains_code_unit_bench_test.mbt:67 ("bench StringView contains_code_unit absent n=256") ok
time (mean ± σ)         range (min … max) 
 287.16 ns ±   0.55 ns   286.45 ns … 287.85 ns  in 10 × 100000 runs
[moonbitlang/core] bench builtin/bytesview_compare_bench_test.mbt:16 ("bench BytesView Compare equal n=1000000") ok
time (mean ± σ)         range (min … max) 
 963.09 µs ± 923.19 ns   961.83 µs … 964.61 µs  in 10 ×    105 runs
[moonbitlang/core] bench builtin/bytesview_compare_bench_test.mbt:23 ("bench BytesView Compare last-diff n=1000000") ok
time (mean ± σ)         range (min … max) 
 956.25 µs ±   5.65 µs   949.38 µs … 962.02 µs  in 10 ×    106 runs
[moonbitlang/core] bench builtin/bytes_unsafe_bench_test.mbt:31 ("bench Bytes::unsafe_read_uint16_le n=4096") ok
time (mean ± σ)         range (min … max) 
   2.53 µs ±  17.09 ns     2.52 µs …   2.56 µs  in 10 ×  39659 runs
[moonbitlang/core] bench builtin/bytes_unsafe_bench_test.mbt:43 ("bench Bytes::unsafe_read_uint32_le n=4096") ok
time (mean ± σ)         range (min … max) 
   3.78 µs ±  15.64 ns     3.77 µs …   3.82 µs  in 10 ×  26540 runs
[moonbitlang/core] bench builtin/bytes_unsafe_bench_test.mbt:55 ("bench Bytes::unsafe_read_uint64_le n=4096") ok
time (mean ± σ)         range (min … max) 
 304.86 µs ±   1.43 µs   302.11 µs … 306.75 µs  in 10 ×    329 runs
[moonbitlang/core] bench builtin/bytes_unsafe_bench_test.mbt:67 ("bench FixedArray::unsafe_write_uint16_le n=4096") ok
time (mean ± σ)         range (min … max) 
   2.26 µs ±  17.49 ns     2.25 µs …   2.29 µs  in 10 ×  44432 runs
[moonbitlang/core] bench builtin/bytes_unsafe_bench_test.mbt:78 ("bench FixedArray::unsafe_write_uint32_le n=4096") ok
time (mean ± σ)         range (min … max) 
   3.42 µs ±  24.62 ns     3.40 µs …   3.47 µs  in 10 ×  29040 runs
[moonbitlang/core] bench builtin/bytes_unsafe_bench_test.mbt:89 ("bench FixedArray::unsafe_write_uint64_le n=4096") ok
time (mean ± σ)         range (min … max) 
 576.14 µs ±   2.33 µs   573.56 µs … 579.62 µs  in 10 ×    174 runs
[moonbitlang/core] bench builtin/bytes_output_bench_test.mbt:19 ("bench Bytes Show binary n=100000") ok
time (mean ± σ)         range (min … max) 
   4.67 ms ± 462.28 µs     4.17 ms …   5.54 ms  in 10 ×     22 runs
[moonbitlang/core] bench builtin/bytes_output_bench_test.mbt:24 ("bench Bytes ToJson binary n=100000") ok
time (mean ± σ)         range (min … max) 
   4.53 ms ± 400.28 µs     4.08 ms …   5.09 ms  in 10 ×     23 runs
[moonbitlang/core] bench builtin/bytes_hash_bench_test.mbt:54 ("bench Hash::hash(Bytes) n=32") ok
time (mean ± σ)         range (min … max) 
  19.74 ns ±   0.40 ns    19.03 ns …  20.37 ns  in 10 × 100000 runs
[moonbitlang/core] bench builtin/bytes_hash_bench_test.mbt:60 ("bench Hash::hash(Bytes) n=8192") ok
time (mean ± σ)         range (min … max) 
   4.59 µs ±  19.95 ns     4.58 µs …   4.63 µs  in 10 ×  21870 runs
[moonbitlang/core] bench builtin/bytes_hash_bench_test.mbt:66 ("bench Map::at Bytes n=1024 key_bytes=32") ok
time (mean ± σ)         range (min … max) 
  63.69 µs ± 401.22 ns    63.41 µs …  64.38 µs  in 10 ×   1540 runs
[moonbitlang/core] bench builtin/bytes_from_array_bench_test.mbt:30 ("bench Bytes::from_array n=262144 full") ok
time (mean ± σ)         range (min … max) 
 548.85 µs ±  11.76 µs   540.55 µs … 581.58 µs  in 10 ×    183 runs
[moonbitlang/core] bench builtin/bytes_from_array_bench_test.mbt:41 ("bench Bytes::from_array n=262144 sliced") ok
time (mean ± σ)         range (min … max) 
 551.87 µs ±  11.07 µs   544.80 µs … 582.94 µs  in 10 ×    182 runs
[moonbitlang/core] bench builtin/bytes_from_array_bench_test.mbt:48 ("bench Bytes::makei from ArrayView n=262144 full") ok
time (mean ± σ)         range (min … max) 
 532.11 µs ±   9.09 µs   522.13 µs … 556.24 µs  in 10 ×    188 runs
[moonbitlang/core] bench builtin/bytes_from_array_bench_test.mbt:59 ("bench Bytes::makei from ArrayView n=262144 sliced") ok
time (mean ± σ)         range (min … max) 
 535.74 µs ±  10.71 µs   524.99 µs … 564.20 µs  in 10 ×    190 runs
[moonbitlang/core] bench builtin/bytes_equal_bench_test.mbt:37 ("bench Bytes::equal n=100000 equal") ok
time (mean ± σ)         range (min … max) 
  54.33 µs ±  43.25 ns    54.28 µs …  54.40 µs  in 10 ×   1469 runs
[moonbitlang/core] bench builtin/bytes_equal_bench_test.mbt:44 ("bench Bytes::equal n=100000 aliased object") ok
time (mean ± σ)         range (min … max) 
  81.62 µs ± 257.05 ns    81.32 µs …  82.06 µs  in 10 ×   1227 runs
[moonbitlang/core] bench builtin/bytes_equal_bench_test.mbt:54 ("bench Bytes::equal n=100000 mismatch at end") ok
time (mean ± σ)         range (min … max) 
  54.33 µs ±  61.10 ns    54.28 µs …  54.48 µs  in 10 ×   1466 runs
[moonbitlang/core] bench builtin/bytes_add_bench_test.mbt:16 ("bench Bytes add total=1000000") ok
time (mean ± σ)         range (min … max) 
   2.22 ms ± 133.01 µs     2.06 ms …   2.34 ms  in 10 ×     43 runs
[moonbitlang/core] bench builtin/bitstring_uint_aligned_bench_test.mbt:24 ("bench Bytes::unsafe_extract_uint_le_aligned n=8192") ok
time (mean ± σ)         range (min … max) 
   2.09 µs ±  20.31 ns     2.08 µs …   2.13 µs  in 10 ×  47612 runs
[moonbitlang/core] bench builtin/bitstring_uint64_aligned_bench_test.mbt:24 ("bench Bytes::unsafe_extract_uint64_le_aligned n=8192") ok
time (mean ± σ)         range (min … max) 
  76.37 µs ± 150.38 ns    76.19 µs …  76.59 µs  in 10 ×   1309 runs
[moonbitlang/core] bench builtin/bitstring_extract_bench_test.mbt:35 ("bench BytesView uint_le aligned len=32") ok
time (mean ± σ)         range (min … max) 
   2.24 µs ±  23.80 ns     2.23 µs …   2.29 µs  in 10 ×  44272 runs
[moonbitlang/core] bench builtin/bitstring_extract_bench_test.mbt:48 ("bench BytesView uint_be aligned len=32") ok
time (mean ± σ)         range (min … max) 
   2.35 µs ±  13.98 ns     2.32 µs …   2.37 µs  in 10 ×  42570 runs
[moonbitlang/core] bench builtin/bitstring_extract_bench_test.mbt:61 ("bench ArrayView uint_le aligned len=32") ok
time (mean ± σ)         range (min … max) 
   3.90 µs ±  36.63 ns     3.83 µs …   3.93 µs  in 10 ×  25568 runs
[moonbitlang/core] bench builtin/bitstring_extract_bench_test.mbt:75 ("bench ArrayView uint_be aligned len=32") ok
time (mean ± σ)         range (min … max) 
   4.01 µs ±  32.70 ns     3.95 µs …   4.04 µs  in 10 ×  24850 runs
[moonbitlang/core] bench builtin/bitstring_extract_bench_test.mbt:89 ("bench BytesView uint64_le aligned len=64") ok
time (mean ± σ)         range (min … max) 
  78.29 µs ± 485.29 ns    77.42 µs …  78.92 µs  in 10 ×   1273 runs
[moonbitlang/core] bench builtin/bitstring_extract_bench_test.mbt:102 ("bench BytesView uint64_be aligned len=64") ok
time (mean ± σ)         range (min … max) 
  80.07 µs ± 273.50 ns    79.44 µs …  80.37 µs  in 10 ×   1260 runs
[moonbitlang/core] bench builtin/bitstring_extract_bench_test.mbt:115 ("bench ArrayView uint64_le aligned len=64") ok
time (mean ± σ)         range (min … max) 
  83.55 µs ± 780.49 ns    81.99 µs …  84.61 µs  in 10 ×   1182 runs
[moonbitlang/core] bench builtin/bitstring_extract_bench_test.mbt:129 ("bench ArrayView uint64_be aligned len=64") ok
time (mean ± σ)         range (min … max) 
  82.70 µs ± 557.40 ns    81.95 µs …  83.60 µs  in 10 ×   1199 runs
[moonbitlang/core] bench builtin/bitstring_extract_bench_test.mbt:143 ("bench BytesView uint_le unaligned len=32") ok
time (mean ± σ)         range (min … max) 
  27.75 µs ±  21.61 ns    27.72 µs …  27.79 µs  in 10 ×   3592 runs
[moonbitlang/core] bench builtin/bitstring_extract_bench_test.mbt:156 ("bench BytesView uint64_le unaligned len=64") ok
time (mean ± σ)         range (min … max) 
 102.35 µs ± 498.18 ns   101.47 µs … 102.92 µs  in 10 ×    982 runs
[moonbitlang/core] bench builtin/bitstring_extract_bench_test.mbt:169 ("bench BytesView uint_le aligned len=16") ok
time (mean ± σ)         range (min … max) 
   3.73 µs ±  13.08 ns     3.71 µs …   3.76 µs  in 10 ×  26971 runs
[moonbitlang/core] bench builtin/bitstring_extract_bench_test.mbt:182 ("bench BytesView uint_le aligned len=24") ok
time (mean ± σ)         range (min … max) 
  22.14 µs ±  23.34 ns    22.12 µs …  22.18 µs  in 10 ×   4523 runs
[moonbitlang/core] bench builtin/array_retain_bench_test.mbt:29 ("bench Array::retain all keep Int n=100000") ok
time (mean ± σ)         range (min … max) 
  69.78 µs ± 339.44 ns    69.17 µs …  70.08 µs  in 10 ×   1429 runs
[moonbitlang/core] bench builtin/array_retain_bench_test.mbt:42 ("bench Array::retain all keep Ref n=100000") ok
time (mean ± σ)         range (min … max) 
  87.01 µs ± 110.73 ns    86.88 µs …  87.24 µs  in 10 ×   1148 runs
[moonbitlang/core] bench builtin/array_retain_bench_test.mbt:55 ("bench Array::retain drop tail n=100000") ok
time (mean ± σ)         range (min … max) 
 213.32 µs ±  45.84 µs   183.46 µs … 280.61 µs  in 10 ×    539 runs
[moonbitlang/core] bench builtin/array_retain_bench_test.mbt:66 ("bench Array::retain late sparse drop n=100000") ok
time (mean ± σ)         range (min … max) 
 215.77 µs ± 780.60 ns   214.73 µs … 216.75 µs  in 10 ×    460 runs
[moonbitlang/core] bench builtin/array_retain_bench_test.mbt:77 ("bench Array::retain drop first n=100000") ok
time (mean ± σ)         range (min … max) 
 224.67 µs ± 767.29 ns   223.58 µs … 225.81 µs  in 10 ×    446 runs
[moonbitlang/core] bench builtin/array_make_blit_bench_test.mbt:32 ("bench FixedArray::copy Ref n=1000000") ok
time (mean ± σ)         range (min … max) 
   1.37 ms ±  72.58 µs     1.23 ms …   1.43 ms  in 10 ×     78 runs
[moonbitlang/core] bench builtin/array_make_blit_bench_test.mbt:38 ("bench Array::from_fixed_array Ref n=1000000") ok
time (mean ± σ)         range (min … max) 
   3.95 ms ± 250.67 µs     3.63 ms …   4.21 ms  in 10 ×     26 runs
[moonbitlang/core] bench builtin/array_make_blit_bench_test.mbt:44 ("bench Array::add Ref n=500000+500000") ok
time (mean ± σ)         range (min … max) 
   3.69 ms ± 226.24 µs     3.41 ms …   3.99 ms  in 10 ×     27 runs
[moonbitlang/core] bench builtin/array_make_blit_bench_test.mbt:51 ("bench ArrayView::add Ref n=500000+500000") ok
time (mean ± σ)         range (min … max) 
   3.72 ms ± 242.04 µs     3.42 ms …   3.99 ms  in 10 ×     27 runs
[moonbitlang/core] bench builtin/array_make_blit_bench_test.mbt:60 ("bench Array::blit_to Ref n=1000000 overwrite") ok
time (mean ± σ)         range (min … max) 
   2.11 ms ±  11.99 µs     2.08 ms …   2.12 ms  in 10 ×     48 runs
[moonbitlang/core] bench builtin/array_make_blit_bench_test.mbt:70 ("bench Array::blit_to Ref n=1000000 grow") ok
time (mean ± σ)         range (min … max) 
   3.73 ms ± 267.59 µs     3.37 ms …   3.95 ms  in 10 ×     27 runs
[moonbitlang/core] bench builtin/array_make_blit_bench_test.mbt:80 ("bench ArrayView::blit_to Ref n=1000000 overwrite") ok
time (mean ± σ)         range (min … max) 
   2.11 ms ±  12.11 µs     2.09 ms …   2.12 ms  in 10 ×     47 runs
[moonbitlang/core] bench builtin/array_make_blit_bench_test.mbt:90 ("bench ArrayView::blit_to Ref n=1000000 grow") ok
time (mean ± σ)         range (min … max) 
   3.82 ms ± 310.53 µs     3.45 ms …   4.12 ms  in 10 ×     26 runs
[moonbitlang/core] bench builtin/array_make_blit_bench_test.mbt:100 ("bench Array::append Ref n=1000000 grow") ok
time (mean ± σ)         range (min … max) 
   9.08 ms ± 385.61 µs     8.66 ms …   9.81 ms  in 10 ×     11 runs
[moonbitlang/core] bench builtin/array_make_blit_bench_test.mbt:110 ("bench Array::push Ref n=1000000 resize") ok
time (mean ± σ)         range (min … max) 
   9.49 ms ± 512.18 µs     8.73 ms …   9.94 ms  in 10 ×     12 runs
[moonbitlang/core] bench builtin/array_make_blit_bench_test.mbt:129 ("bench Array::copy Int n=1000000") ok
time (mean ± σ)         range (min … max) 
   1.19 ms ±  26.71 µs     1.15 ms …   1.22 ms  in 10 ×     85 runs
[moonbitlang/core] bench builtin/array_make_blit_bench_test.mbt:135 ("bench Array::copy Ref n=1000000") ok
time (mean ± σ)         range (min … max) 
   1.33 ms ±  88.19 µs     1.20 ms …   1.44 ms  in 10 ×     74 runs
[moonbitlang/core] bench builtin/array_locals_bench_test.mbt:29 ("bench Array::retain_map n=100000") ok
time (mean ± σ)         range (min … max) 
 108.41 µs ±   2.58 µs   105.70 µs … 110.92 µs  in 10 ×    945 runs
[moonbitlang/core] bench builtin/array_locals_bench_test.mbt:38 ("bench Array::shuffle_in_place n=100000") ok
time (mean ± σ)         range (min … max) 
 205.14 µs ± 522.71 ns   204.84 µs … 206.59 µs  in 10 ×    488 runs
[moonbitlang/core] bench builtin/array_locals_bench_test.mbt:50 ("bench Array::filter_map n=100000") ok
time (mean ± σ)         range (min … max) 
 243.65 µs ±   5.91 µs   241.17 µs … 260.10 µs  in 10 ×    414 runs
[moonbitlang/core] bench builtin/array_locals_bench_test.mbt:58 ("bench FixedArray::each n=100000") ok
time (mean ± σ)         range (min … max) 
  53.75 µs ± 104.02 ns    53.55 µs …  53.94 µs  in 10 ×   1857 runs
[moonbitlang/core] bench builtin/array_locals_bench_test.mbt:68 ("bench FixedArray::eachi n=100000") ok
time (mean ± σ)         range (min … max) 
  58.02 µs ± 321.07 ns    57.46 µs …  58.41 µs  in 10 ×   1715 runs
[moonbitlang/core] bench builtin/array_locals_bench_test.mbt:78 ("bench FixedArray::rev_each n=100000") ok
time (mean ± σ)         range (min … max) 
 514.94 µs ± 247.34 ns   514.61 µs … 515.23 µs  in 10 ×    195 runs
[moonbitlang/core] bench builtin/array_locals_bench_test.mbt:88 ("bench FixedArray::rev_eachi n=100000") ok
time (mean ± σ)         range (min … max) 
  71.58 µs ±  75.32 ns    71.50 µs …  71.71 µs  in 10 ×   1397 runs
[moonbitlang/core] bench builtin/array_locals_bench_test.mbt:98 ("bench FixedArray::map n=100000") ok
time (mean ± σ)         range (min … max) 
 243.45 µs ±  12.87 µs   234.64 µs … 267.78 µs  in 10 ×    427 runs
[moonbitlang/core] bench builtin/array_locals_bench_test.mbt:104 ("bench FixedArray::mapi n=100000") ok
time (mean ± σ)         range (min … max) 
 243.17 µs ±  13.09 µs   234.31 µs … 267.92 µs  in 10 ×    427 runs
[moonbitlang/core] bench builtin/array_locals_bench_test.mbt:110 ("bench FixedArray::makei n=100000") ok
time (mean ± σ)         range (min … max) 
 257.60 µs ±  11.95 µs   250.09 µs … 281.67 µs  in 10 ×    403 runs
[moonbitlang/core] bench builtin/array_locals_bench_test.mbt:115 ("bench FixedArray::fold n=100000") ok
time (mean ± σ)         range (min … max) 
  53.74 µs ± 172.74 ns    53.39 µs …  53.99 µs  in 10 ×   1853 runs
[moonbitlang/core] bench builtin/array_locals_bench_test.mbt:121 ("bench FixedArray::rev_fold n=100000") ok
time (mean ± σ)         range (min … max) 
 515.01 µs ± 199.67 ns   514.77 µs … 515.32 µs  in 10 ×    195 runs
[moonbitlang/core] bench builtin/array_locals_bench_test.mbt:127 ("bench FixedArray::foldi n=100000") ok
time (mean ± σ)         range (min … max) 
  56.07 µs ± 631.45 ns    55.20 µs …  57.23 µs  in 10 ×   1775 runs
[moonbitlang/core] bench builtin/array_locals_bench_test.mbt:133 ("bench FixedArray::rev_foldi n=100000") ok
time (mean ± σ)         range (min … max) 
  62.69 µs ± 146.92 ns    62.33 µs …  62.85 µs  in 10 ×   1578 runs
[moonbitlang/core] bench builtin/array_locals_bench_test.mbt:139 ("bench ArrayView::chunk_by n=100000") ok
time (mean ± σ)         range (min … max) 
 103.83 µs ± 185.22 ns   103.51 µs … 104.06 µs  in 10 ×    965 runs
[moonbitlang/core] bench builtin/array_locals_bench_test.mbt:146 ("bench ArrayView::each n=100000") ok
time (mean ± σ)         range (min … max) 
  59.00 µs ± 593.10 ns    58.15 µs …  59.92 µs  in 10 ×   1667 runs
[moonbitlang/core] bench builtin/array_locals_bench_test.mbt:157 ("bench ArrayView::eachi n=100000") ok
time (mean ± σ)         range (min … max) 
  61.01 µs ±  48.51 ns    60.97 µs …  61.13 µs  in 10 ×   1638 runs
[moonbitlang/core] bench builtin/array_locals_bench_test.mbt:168 ("bench ArrayView::rev_each n=100000") ok
time (mean ± σ)         range (min … max) 
  64.93 µs ± 137.78 ns    64.68 µs …  65.10 µs  in 10 ×   1545 runs
[moonbitlang/core] bench builtin/array_locals_bench_test.mbt:179 ("bench ArrayView::rev_eachi n=100000") ok
time (mean ± σ)         range (min … max) 
  70.02 µs ± 165.10 ns    69.74 µs …  70.28 µs  in 10 ×   1430 runs
[moonbitlang/core] bench builtin/array_locals_bench_test.mbt:190 ("bench ArrayView::all n=100000") ok
time (mean ± σ)         range (min … max) 
  81.38 µs ±  90.47 ns    81.29 µs …  81.54 µs  in 10 ×   1230 runs
[moonbitlang/core] bench builtin/array_locals_bench_test.mbt:197 ("bench ArrayView::any n=100000") ok
time (mean ± σ)         range (min … max) 
  81.36 µs ±  46.80 ns    81.31 µs …  81.46 µs  in 10 ×   1229 runs
[moonbitlang/core] bench builtin/array_locals_bench_test.mbt:204 ("bench ArrayView::search_by n=100000") ok
time (mean ± σ)         range (min … max) 
  81.35 µs ±  43.96 ns    81.31 µs …  81.46 µs  in 10 ×   1229 runs
[moonbitlang/core] bench builtin/array_locals_bench_test.mbt:213 ("bench ArrayView::fold n=100000") ok
time (mean ± σ)         range (min … max) 
  58.99 µs ± 543.70 ns    58.39 µs …  59.66 µs  in 10 ×   1685 runs
[moonbitlang/core] bench builtin/array_locals_bench_test.mbt:220 ("bench ArrayView::rev_fold n=100000") ok
time (mean ± σ)         range (min … max) 
 515.03 µs ± 159.76 ns   514.84 µs … 515.29 µs  in 10 ×    195 runs
[moonbitlang/core] bench builtin/array_locals_bench_test.mbt:227 ("bench ArrayView::foldi n=100000") ok
time (mean ± σ)         range (min … max) 
  61.29 µs ± 315.43 ns    61.08 µs …  62.17 µs  in 10 ×   1636 runs
[moonbitlang/core] bench builtin/array_locals_bench_test.mbt:234 ("bench ArrayView::rev_foldi n=100000") ok
time (mean ± σ)         range (min … max) 
  72.94 µs ±  77.55 ns    72.85 µs …  73.08 µs  in 10 ×   1373 runs
[moonbitlang/core] bench builtin/array_locals_bench_test.mbt:241 ("bench ArrayView::map n=100000") ok
time (mean ± σ)         range (min … max) 
 185.65 µs ±   9.68 µs   179.23 µs … 202.32 µs  in 10 ×    549 runs
[moonbitlang/core] bench builtin/array_locals_bench_test.mbt:248 ("bench ArrayView::mapi n=100000") ok
time (mean ± σ)         range (min … max) 
 186.78 µs ±  10.90 µs   179.53 µs … 202.86 µs  in 10 ×    555 runs
[moonbitlang/core] bench builtin/array_locals_bench_test.mbt:255 ("bench ArrayView::filter n=100000") ok
time (mean ± σ)         range (min … max) 
 238.88 µs ±   5.37 µs   236.66 µs … 254.12 µs  in 10 ×    422 runs
[moonbitlang/core] bench builtin/array_locals_bench_test.mbt:262 ("bench ArrayView::filter_map n=100000") ok
time (mean ± σ)         range (min … max) 
 242.94 µs ±   5.32 µs   240.81 µs … 258.04 µs  in 10 ×    415 runs
[moonbitlang/core] bench bytes/find_bench_test.mbt:92 ("bench BytesView::find single byte hit end n=4096") ok
time (mean ± σ)         range (min … max) 
   2.23 µs ±   5.45 ns     2.23 µs …   2.25 µs  in 10 ×  44746 runs
[moonbitlang/core] bench bytes/find_bench_test.mbt:99 ("bench BytesView::find single byte miss n=4096") ok
time (mean ± σ)         range (min … max) 
   2.23 µs ±   1.63 ns     2.23 µs …   2.24 µs  in 10 ×  44804 runs
[moonbitlang/core] bench bytes/find_bench_test.mbt:106 ("bench BytesView::find substring rare hit end n=4096") ok
time (mean ± σ)         range (min … max) 
   2.24 µs ±   1.91 ns     2.23 µs …   2.24 µs  in 10 ×  44644 runs
[moonbitlang/core] bench bytes/find_bench_test.mbt:113 ("bench BytesView::find substring dense miss n=4096") ok
time (mean ± σ)         range (min … max) 
   2.23 µs ±   1.61 ns     2.23 µs …   2.23 µs  in 10 ×  44709 runs
[moonbitlang/core] bench bytes/find_bench_test.mbt:120 ("bench BytesView::find offset view rare hit end n=4096") ok
time (mean ± σ)         range (min … max) 
   2.23 µs ±   2.47 ns     2.23 µs …   2.24 µs  in 10 ×  44791 runs
[moonbitlang/core] bench bytes/find_bench_test.mbt:127 ("bench BytesView::find long dense miss n=4096") ok
time (mean ± σ)         range (min … max) 
   4.78 µs ±  14.14 ns     4.75 µs …   4.80 µs  in 10 ×  20941 runs
[moonbitlang/core] bench bytes/find_bench_test.mbt:134 ("bench BytesView::find single byte miss n=32") ok
time (mean ± σ)         range (min … max) 
  22.32 ns ±   0.20 ns    21.93 ns …  22.52 ns  in 10 × 100000 runs
[moonbitlang/core] bench bytes/find_bench_test.mbt:141 ("bench BytesView::find substring miss n=32") ok
time (mean ± σ)         range (min … max) 
  20.67 ns ±   0.21 ns    20.31 ns …  20.90 ns  in 10 × 100000 runs
[moonbitlang/core] bench bytes/find_bench_test.mbt:148 ("bench BytesView::rev_find single byte hit start n=4096") ok
time (mean ± σ)         range (min … max) 
   2.23 µs ±   1.64 ns     2.23 µs …   2.23 µs  in 10 ×  44766 runs
[moonbitlang/core] bench bytes/find_bench_test.mbt:155 ("bench BytesView::rev_find single byte miss n=4096") ok
time (mean ± σ)         range (min … max) 
   2.23 µs ±   1.43 ns     2.23 µs …   2.23 µs  in 10 ×  44777 runs
[moonbitlang/core] bench bytes/find_bench_test.mbt:162 ("bench BytesView::rev_find substring rare hit start n=4096") ok
time (mean ± σ)         range (min … max) 
   2.24 µs ±   4.07 ns     2.23 µs …   2.24 µs  in 10 ×  44739 runs
[moonbitlang/core] bench bytes/find_bench_test.mbt:169 ("bench BytesView::rev_find substring dense miss n=4096") ok
time (mean ± σ)         range (min … max) 
   3.34 µs ±   3.79 ns     3.33 µs …   3.35 µs  in 10 ×  29882 runs
[moonbitlang/core] bench bytes/find_bench_test.mbt:176 ("bench BytesView::rev_find offset view rare hit start n=4096") ok
time (mean ± σ)         range (min … max) 
   2.24 µs ±   1.17 ns     2.23 µs …   2.24 µs  in 10 ×  44702 runs
[moonbitlang/core] bench bytes/find_bench_test.mbt:185 ("bench BytesView::rev_find long dense miss n=4096") ok
time (mean ± σ)         range (min … max) 
   3.32 µs ±   8.17 ns     3.31 µs …   3.34 µs  in 10 ×  30165 runs
[moonbitlang/core] bench deque/deque_bench_test.mbt:22 ("bench Deque::to_array Int n=50000") ok
time (mean ± σ)         range (min … max) 
 130.54 µs ±   5.08 µs   127.96 µs … 142.39 µs  in 10 ×    682 runs
[moonbitlang/core] bench deque/deque_bench_test.mbt:28 ("bench Deque::to_array Ref n=50000") ok
time (mean ± σ)         range (min … max) 
 137.37 µs ±   3.57 µs   133.91 µs … 145.52 µs  in 10 ×    669 runs
[moonbitlang/core] bench encoding/ascii/ascii_bench_test.mbt:40 ("bench ASCII decode n=15") ok
time (mean ± σ)         range (min … max) 
 122.15 ns ±   1.06 ns   119.73 ns … 123.08 ns  in 10 × 100000 runs
[moonbitlang/core] bench encoding/ascii/ascii_bench_test.mbt:46 ("bench ASCII decode n=16") ok
time (mean ± σ)         range (min … max) 
 124.48 ns ±   0.47 ns   123.92 ns … 125.41 ns  in 10 × 100000 runs
[moonbitlang/core] bench encoding/ascii/ascii_bench_test.mbt:52 ("bench ASCII decode n=32") ok
time (mean ± σ)         range (min … max) 
 209.23 ns ±   0.70 ns   208.35 ns … 210.55 ns  in 10 × 100000 runs
[moonbitlang/core] bench encoding/ascii/ascii_bench_test.mbt:58 ("bench ASCII decode n=64") ok
time (mean ± σ)         range (min … max) 
 377.33 ns ±   0.54 ns   376.37 ns … 377.98 ns  in 10 × 100000 runs
[moonbitlang/core] bench encoding/ascii/ascii_bench_test.mbt:64 ("bench ASCII decode n=100000") ok
time (mean ± σ)         range (min … max) 
 595.61 µs ±   7.99 µs   582.80 µs … 606.80 µs  in 10 ×    171 runs
[moonbitlang/core] bench encoding/ascii/ascii_bench_test.mbt:70 ("bench ASCII decode n=1000000") ok
time (mean ± σ)         range (min … max) 
   6.45 ms ±  45.12 µs     6.40 ms …   6.53 ms  in 10 ×     16 runs
[moonbitlang/core] bench encoding/base64/v128_bench_wbtest.mbt:38 ("bench encode scalar n=64") ok
time (mean ± σ)         range (min … max) 
 491.12 ns ±   3.28 ns   486.75 ns … 495.75 ns  in 10 × 100000 runs
[moonbitlang/core] bench encoding/base64/v128_bench_wbtest.mbt:43 ("bench encode v128 n=64") ok
time (mean ± σ)         range (min … max) 
 495.51 ns ±   0.52 ns   494.62 ns … 496.30 ns  in 10 × 100000 runs
[moonbitlang/core] bench encoding/base64/v128_bench_wbtest.mbt:48 ("bench encode scalar n=1024") ok
time (mean ± σ)         range (min … max) 
   7.07 µs ±  52.80 ns     6.97 µs …   7.13 µs  in 10 ×  14213 runs
[moonbitlang/core] bench encoding/base64/v128_bench_wbtest.mbt:53 ("bench encode v128 n=1024") ok
time (mean ± σ)         range (min … max) 
   7.06 µs ±  54.15 ns     6.96 µs …   7.12 µs  in 10 ×  14239 runs
[moonbitlang/core] bench encoding/base64/v128_bench_wbtest.mbt:58 ("bench encode scalar n=65536") ok
time (mean ± σ)         range (min … max) 
 594.82 µs ± 459.96 ns   594.05 µs … 595.43 µs  in 10 ×    170 runs
[moonbitlang/core] bench encoding/base64/v128_bench_wbtest.mbt:63 ("bench encode v128 n=65536") ok
time (mean ± σ)         range (min … max) 
 592.59 µs ± 477.39 ns   591.77 µs … 593.11 µs  in 10 ×    170 runs
[moonbitlang/core] bench encoding/base64/v128_bench_wbtest.mbt:68 ("bench decode scalar n=64") ok
time (mean ± σ)         range (min … max) 
 626.45 ns ±   2.67 ns   622.61 ns … 630.33 ns  in 10 × 100000 runs
[moonbitlang/core] bench encoding/base64/v128_bench_wbtest.mbt:75 ("bench decode v128 n=64") ok
time (mean ± σ)         range (min … max) 
 628.97 ns ±   4.34 ns   623.31 ns … 637.23 ns  in 10 × 100000 runs
[moonbitlang/core] bench encoding/base64/v128_bench_wbtest.mbt:80 ("bench decode scalar n=1024") ok
time (mean ± σ)         range (min … max) 
  10.01 µs ± 268.64 ns     9.62 µs …  10.46 µs  in 10 ×   9740 runs
[moonbitlang/core] bench encoding/base64/v128_bench_wbtest.mbt:87 ("bench decode v128 n=1024") ok
time (mean ± σ)         range (min … max) 
   9.79 µs ± 326.59 ns     9.40 µs …  10.48 µs  in 10 ×   9739 runs
[moonbitlang/core] bench encoding/base64/v128_bench_wbtest.mbt:92 ("bench decode scalar n=65536") ok
time (mean ± σ)         range (min … max) 
 748.50 µs ±   4.10 µs   744.56 µs … 754.70 µs  in 10 ×    119 runs
[moonbitlang/core] bench encoding/base64/v128_bench_wbtest.mbt:99 ("bench decode v128 n=65536") ok
time (mean ± σ)         range (min … max) 
 752.77 µs ±   1.81 µs   750.59 µs … 756.05 µs  in 10 ×    117 runs
[moonbitlang/core] bench encoding/hex/v128_bench_wbtest.mbt:34 ("bench encode scalar 4k") ok
time (mean ± σ)         range (min … max) 
  40.50 µs ± 265.61 ns    39.85 µs …  40.68 µs  in 10 ×   2535 runs
[moonbitlang/core] bench encoding/hex/v128_bench_wbtest.mbt:39 ("bench encode public 64") ok
time (mean ± σ)         range (min … max) 
 667.33 ns ±   3.39 ns   661.80 ns … 673.36 ns  in 10 × 100000 runs
[moonbitlang/core] bench encoding/hex/v128_bench_wbtest.mbt:44 ("bench encode public 4k") ok
time (mean ± σ)         range (min … max) 
  40.62 µs ±  99.34 ns    40.46 µs …  40.73 µs  in 10 ×   2518 runs
[moonbitlang/core] bench encoding/hex/v128_bench_wbtest.mbt:49 ("bench encode public 64k") ok
time (mean ± σ)         range (min … max) 
   1.08 ms ±   1.87 µs     1.08 ms …   1.08 ms  in 10 ×     93 runs
[moonbitlang/core] bench encoding/hex/v128_bench_wbtest.mbt:54 ("bench decode scalar 4k") ok
time (mean ± σ)         range (min … max) 
  42.46 µs ± 624.51 ns    41.94 µs …  43.62 µs  in 10 ×   2338 runs
[moonbitlang/core] bench encoding/hex/v128_bench_wbtest.mbt:62 ("bench decode public 4k") ok
time (mean ± σ)         range (min … max) 
  43.19 µs ± 539.99 ns    42.28 µs …  44.20 µs  in 10 ×   2346 runs
[moonbitlang/core] bench encoding/hex/v128_bench_wbtest.mbt:70 ("bench decode public 64k") ok
time (mean ± σ)         range (min … max) 
 583.64 µs ± 785.87 ns   582.22 µs … 584.56 µs  in 10 ×    172 runs
[moonbitlang/core] bench encoding/utf16/utf16_v128_bench_test.mbt:57 ("bench utf16 encode ASCII LE n=100000") ok
time (mean ± σ)         range (min … max) 
 170.77 µs ±   6.04 µs   166.85 µs … 186.38 µs  in 10 ×    417 runs
[moonbitlang/core] bench encoding/utf16/utf16_v128_bench_test.mbt:63 ("bench utf16 encode ASCII BE n=100000") ok
time (mean ± σ)         range (min … max) 
 227.49 µs ±   1.29 µs   224.52 µs … 228.66 µs  in 10 ×    450 runs
[moonbitlang/core] bench encoding/utf16/utf16_v128_bench_test.mbt:69 ("bench utf16 encode mixed LE n=100000") ok
time (mean ± σ)         range (min … max) 
 170.76 µs ±   5.95 µs   168.00 µs … 186.47 µs  in 10 ×    432 runs
[moonbitlang/core] bench encoding/utf16/utf16_v128_bench_test.mbt:75 ("bench utf16 encode mixed BE n=100000") ok
time (mean ± σ)         range (min … max) 
 228.91 µs ±   1.96 µs   224.62 µs … 231.72 µs  in 10 ×    444 runs
[moonbitlang/core] bench encoding/utf16/utf16_v128_bench_test.mbt:81 ("bench utf16 decode ASCII LE n=100000") ok
time (mean ± σ)         range (min … max) 
 775.14 µs ± 716.77 ns   773.98 µs … 776.17 µs  in 10 ×    130 runs
[moonbitlang/core] bench encoding/utf16/utf16_v128_bench_test.mbt:87 ("bench utf16 decode ASCII BE n=100000") ok
time (mean ± σ)         range (min … max) 
 807.97 µs ±   2.29 µs   804.58 µs … 812.82 µs  in 10 ×    123 runs
[moonbitlang/core] bench encoding/utf16/utf16_v128_bench_test.mbt:95 ("bench utf16 decode mixed LE n=100000") ok
time (mean ± σ)         range (min … max) 
 805.84 µs ±   5.38 µs   799.10 µs … 813.08 µs  in 10 ×    123 runs
[moonbitlang/core] bench encoding/utf16/utf16_v128_bench_test.mbt:101 ("bench utf16 decode mixed BE n=100000") ok
time (mean ± σ)         range (min … max) 
 840.96 µs ±   4.71 µs   834.47 µs … 850.09 µs  in 10 ×    119 runs
[moonbitlang/core] bench encoding/utf16/utf16_v128_bench_test.mbt:109 ("bench utf16 decode emoji LE n=100000") ok
time (mean ± σ)         range (min … max) 
 698.74 µs ± 632.06 ns   697.74 µs … 699.67 µs  in 10 ×    144 runs
[moonbitlang/core] bench encoding/utf16/utf16_v128_bench_test.mbt:115 ("bench utf16 decode emoji BE n=100000") ok
time (mean ± σ)         range (min … max) 
 761.06 µs ±   2.49 µs   755.92 µs … 764.40 µs  in 10 ×    125 runs
[moonbitlang/core] bench hashmap/hashmap_bench_test.mbt:19 ("bench HashMap::set n=50000") ok
time (mean ± σ)         range (min … max) 
   2.00 ms ±  35.72 µs     1.95 ms …   2.04 ms  in 10 ×     51 runs
[moonbitlang/core] bench hashmap/hashmap_bench_test.mbt:30 ("bench HashMap::get n=50000") ok
time (mean ± σ)         range (min … max) 
 389.52 µs ±   1.70 µs   387.61 µs … 392.52 µs  in 10 ×    258 runs
[moonbitlang/core] bench hashmap/hashmap_bench_test.mbt:47 ("bench HashMap::get miss n=50000") ok
time (mean ± σ)         range (min … max) 
 534.34 µs ±   6.55 µs   528.63 µs … 543.44 µs  in 10 ×    185 runs
[moonbitlang/core] bench hashmap/hashmap_bench_test.mbt:67 ("bench HashMap::set+remove n=50000") ok
time (mean ± σ)         range (min … max) 
   3.01 ms ±  37.87 µs     2.96 ms …   3.07 ms  in 10 ×     34 runs
[moonbitlang/core] bench hashmap/hashmap_bench_test.mbt:87 ("bench HashMap::copy+remove n=50000") ok
time (mean ± σ)         range (min … max) 
   1.49 ms ±  18.30 µs     1.47 ms …   1.52 ms  in 10 ×     68 runs
[moonbitlang/core] bench hashmap/hashmap_bench_test.mbt:102 ("bench HashMap::copy n=50000") ok
time (mean ± σ)         range (min … max) 
 998.71 µs ±  48.27 µs   941.14 µs …   1.06 ms  in 10 ×     96 runs
[moonbitlang/core] bench hashmap/hashmap_bench_test.mbt:114 ("bench HashMap::to_array Int n=50000") ok
time (mean ± σ)         range (min … max) 
 884.82 µs ±  41.08 µs   830.43 µs … 938.66 µs  in 10 ×    111 runs
[moonbitlang/core] bench hashmap/hashmap_bench_test.mbt:123 ("bench HashMap::to_array Ref n=50000") ok
time (mean ± σ)         range (min … max) 
 877.17 µs ±  26.71 µs   843.00 µs … 914.51 µs  in 10 ×    113 runs
[moonbitlang/core] bench hashset/hashset_bench_test.mbt:19 ("bench HashSet::add n=50000") ok
time (mean ± σ)         range (min … max) 
   2.20 ms ±  26.28 µs     2.17 ms …   2.23 ms  in 10 ×     46 runs
[moonbitlang/core] bench hashset/hashset_bench_test.mbt:30 ("bench HashSet::contains n=50000") ok
time (mean ± σ)         range (min … max) 
 999.10 µs ±   4.87 µs   991.05 µs …   1.00 ms  in 10 ×    101 runs
[moonbitlang/core] bench immut/hashmap/hashmap_build_bench_test.mbt:37 ("bench HashMap constructor ordered n=10000") ok
time (mean ± σ)         range (min … max) 
   1.28 ms ±   5.56 µs     1.27 ms …   1.29 ms  in 10 ×     78 runs
[moonbitlang/core] bench immut/hashmap/hashmap_build_bench_test.mbt:43 ("bench HashMap constructor random n=10000") ok
time (mean ± σ)         range (min … max) 
   1.28 ms ±  11.80 µs     1.27 ms …   1.31 ms  in 10 ×     78 runs
[moonbitlang/core] bench immut/hashmap/hashmap_build_bench_test.mbt:49 ("bench HashMap::from_iter random n=10000") ok
time (mean ± σ)         range (min … max) 
   1.34 ms ±   6.49 µs     1.33 ms …   1.35 ms  in 10 ×     75 runs
[moonbitlang/core] bench immut/hashset/hashset_build_bench_test.mbt:34 ("bench HashSet constructor ordered n=10000") ok
time (mean ± σ)         range (min … max) 
   1.23 ms ±   4.14 µs     1.23 ms …   1.24 ms  in 10 ×     81 runs
[moonbitlang/core] bench immut/hashset/hashset_build_bench_test.mbt:40 ("bench HashSet constructor random n=10000") ok
time (mean ± σ)         range (min … max) 
   1.24 ms ±   5.24 µs     1.23 ms …   1.25 ms  in 10 ×     80 runs
[moonbitlang/core] bench immut/hashset/hashset_build_bench_test.mbt:46 ("bench HashSet::from_iter random n=10000") ok
time (mean ± σ)         range (min … max) 
   1.28 ms ±   6.28 µs     1.27 ms …   1.29 ms  in 10 ×     79 runs
[moonbitlang/core] bench immut/priority_queue/priority_queue_build_bench_test.mbt:38 ("bench PriorityQueue::from_array ordered n=10000") ok
time (mean ± σ)         range (min … max) 
  96.27 µs ±   1.68 µs    94.87 µs … 100.53 µs  in 10 ×    963 runs
[moonbitlang/core] bench immut/priority_queue/priority_queue_build_bench_test.mbt:44 ("bench PriorityQueue::from_array reverse n=10000") ok
time (mean ± σ)         range (min … max) 
  77.35 µs ± 371.15 ns    76.89 µs …  78.13 µs  in 10 ×   1233 runs
[moonbitlang/core] bench immut/priority_queue/priority_queue_build_bench_test.mbt:50 ("bench PriorityQueue::from_array random n=10000") ok
time (mean ± σ)         range (min … max) 
  94.31 µs ±   1.64 µs    93.33 µs …  98.81 µs  in 10 ×    988 runs
[moonbitlang/core] bench immut/priority_queue/priority_queue_build_bench_test.mbt:56 ("bench PriorityQueue::from_iter random n=10000") ok
time (mean ± σ)         range (min … max) 
 107.03 µs ±   1.02 µs   105.92 µs … 109.12 µs  in 10 ×    910 runs
[moonbitlang/core] bench immut/sorted_map/sorted_map_build_bench_test.mbt:54 ("bench SortedMap constructor reverse n=10000") ok
time (mean ± σ)         range (min … max) 
 127.89 µs ± 940.73 ns   127.00 µs … 129.51 µs  in 10 ×    779 runs
[moonbitlang/core] bench immut/sorted_map/sorted_map_build_bench_test.mbt:60 ("bench SortedMap::from_iter ordered n=10000") ok
time (mean ± σ)         range (min … max) 
   3.85 ms ±  36.70 µs     3.80 ms …   3.91 ms  in 10 ×     27 runs
[moonbitlang/core] bench immut/sorted_map/sorted_map_build_bench_test.mbt:66 ("bench SortedMap::from_iter almost ordered n=10000") ok
time (mean ± σ)         range (min … max) 
   3.87 ms ±  24.19 µs     3.84 ms …   3.91 ms  in 10 ×     26 runs
[moonbitlang/core] bench immut/sorted_map/sorted_map_build_bench_test.mbt:72 ("bench SortedMap::from_iter random n=10000") ok
time (mean ± σ)         range (min … max) 
   1.88 ms ±  15.71 µs     1.86 ms …   1.91 ms  in 10 ×     54 runs
[moonbitlang/core] bench immut/sorted_map/sorted_map_build_bench_test.mbt:78 ("bench SortedMap constructor ordered n=10000") ok
time (mean ± σ)         range (min … max) 
 130.81 µs ±   1.26 µs   129.09 µs … 132.41 µs  in 10 ×    760 runs
[moonbitlang/core] bench immut/sorted_map/sorted_map_build_bench_test.mbt:84 ("bench SortedMap constructor almost ordered n=10000") ok
time (mean ± σ)         range (min … max) 
 257.13 µs ±   1.52 µs   255.35 µs … 259.54 µs  in 10 ×    386 runs
[moonbitlang/core] bench immut/sorted_map/sorted_map_build_bench_test.mbt:90 ("bench SortedMap constructor random n=10000") ok
time (mean ± σ)         range (min … max) 
 836.39 µs ±   5.64 µs   829.65 µs … 847.95 µs  in 10 ×    118 runs
[moonbitlang/core] bench immut/sorted_map/merge_bench_test.mbt:29 ("bench merge disjoint n=1000") ok
time (mean ± σ)         range (min … max) 
   2.56 µs ±  26.00 ns     2.51 µs …   2.59 µs  in 10 ×  38750 runs
[moonbitlang/core] bench immut/sorted_map/merge_bench_test.mbt:36 ("bench merge disjoint n=5000") ok
time (mean ± σ)         range (min … max) 
   3.89 µs ±  25.16 ns     3.85 µs …   3.92 µs  in 10 ×  25617 runs
[moonbitlang/core] bench immut/sorted_map/merge_bench_test.mbt:43 ("bench merge disjoint n=10000") ok
time (mean ± σ)         range (min … max) 
   4.59 µs ±  66.74 ns     4.50 µs …   4.71 µs  in 10 ×  21394 runs
[moonbitlang/core] bench immut/sorted_map/merge_bench_test.mbt:50 ("bench merge overlapping 50% n=1000") ok
time (mean ± σ)         range (min … max) 
  10.96 µs ±  35.72 ns    10.92 µs …  11.03 µs  in 10 ×   9034 runs
[moonbitlang/core] bench immut/sorted_map/merge_bench_test.mbt:57 ("bench merge overlapping 50% n=5000") ok
time (mean ± σ)         range (min … max) 
  51.80 µs ± 169.00 ns    51.55 µs …  52.01 µs  in 10 ×   1921 runs
[moonbitlang/core] bench immut/sorted_map/merge_bench_test.mbt:64 ("bench merge overlapping 50% n=10000") ok
time (mean ± σ)         range (min … max) 
  93.13 µs ± 616.78 ns    92.19 µs …  94.23 µs  in 10 ×   1078 runs
[moonbitlang/core] bench immut/sorted_map/merge_bench_test.mbt:71 ("bench merge identical n=1000") ok
time (mean ± σ)         range (min … max) 
  13.96 µs ±  37.85 ns    13.90 µs …  14.00 µs  in 10 ×   7056 runs
[moonbitlang/core] bench immut/sorted_map/merge_bench_test.mbt:78 ("bench merge identical n=5000") ok
time (mean ± σ)         range (min … max) 
  71.24 µs ± 565.71 ns    70.71 µs …  72.20 µs  in 10 ×   1398 runs
[moonbitlang/core] bench immut/sorted_map/merge_bench_test.mbt:85 ("bench merge interleaved n=1000") ok
time (mean ± σ)         range (min … max) 
  57.18 µs ± 294.83 ns    56.87 µs …  57.72 µs  in 10 ×   1740 runs
[moonbitlang/core] bench immut/sorted_map/merge_bench_test.mbt:92 ("bench merge interleaved n=5000") ok
time (mean ± σ)         range (min … max) 
 293.71 µs ±   1.71 µs   290.58 µs … 295.77 µs  in 10 ×    344 runs
[moonbitlang/core] bench immut/sorted_map/merge_bench_test.mbt:99 ("bench merge small into large n=100+10000") ok
time (mean ± σ)         range (min … max) 
   3.84 µs ±  33.78 ns     3.78 µs …   3.88 µs  in 10 ×  26037 runs
[moonbitlang/core] bench immut/sorted_set/sorted_set_build_bench_test.mbt:51 ("bench SortedSet constructor reverse n=10000") ok
time (mean ± σ)         range (min … max) 
 113.34 µs ± 988.53 ns   112.20 µs … 114.91 µs  in 10 ×    875 runs
[moonbitlang/core] bench immut/sorted_set/sorted_set_build_bench_test.mbt:57 ("bench SortedSet::from_iter ordered n=10000") ok
time (mean ± σ)         range (min … max) 
   2.93 ms ±  26.44 µs     2.90 ms …   2.98 ms  in 10 ×     35 runs
[moonbitlang/core] bench immut/sorted_set/sorted_set_build_bench_test.mbt:63 ("bench SortedSet::from_iter almost ordered n=10000") ok
time (mean ± σ)         range (min … max) 
   2.92 ms ±  13.74 µs     2.90 ms …   2.94 ms  in 10 ×     35 runs
[moonbitlang/core] bench immut/sorted_set/sorted_set_build_bench_test.mbt:69 ("bench SortedSet::from_iter rev almost ordered n=10000") ok
time (mean ± σ)         range (min … max) 
   3.23 ms ±  31.25 µs     3.19 ms …   3.27 ms  in 10 ×     32 runs
[moonbitlang/core] bench immut/sorted_set/sorted_set_build_bench_test.mbt:75 ("bench SortedSet::from_iter random n=10000") ok
time (mean ± σ)         range (min … max) 
   1.71 ms ±   9.76 µs     1.69 ms …   1.72 ms  in 10 ×     60 runs
[moonbitlang/core] bench immut/sorted_set/sorted_set_build_bench_test.mbt:81 ("bench SortedSet constructor ordered n=10000") ok
time (mean ± σ)         range (min … max) 
 114.00 µs ± 758.67 ns   113.22 µs … 115.49 µs  in 10 ×    863 runs
[moonbitlang/core] bench immut/sorted_set/sorted_set_build_bench_test.mbt:87 ("bench SortedSet constructor almost ordered n=10000") ok
time (mean ± σ)         range (min … max) 
 174.53 µs ±   1.79 µs   171.97 µs … 176.80 µs  in 10 ×    566 runs
[moonbitlang/core] bench immut/sorted_set/sorted_set_build_bench_test.mbt:93 ("bench SortedSet constructor random n=10000") ok
time (mean ± σ)         range (min … max) 
 499.41 µs ±   1.25 µs   497.92 µs … 501.50 µs  in 10 ×    196 runs
[moonbitlang/core] bench immut/vector/vector_iter_bench_test.mbt:24 ("bench Vector::iter fold n=100000") ok
time (mean ± σ)         range (min … max) 
 629.99 µs ±   5.16 µs   620.48 µs … 637.05 µs  in 10 ×    159 runs
[moonbitlang/core] bench immut/vector/vector_iter_bench_test.mbt:30 ("bench Vector::iter each n=100000") ok
time (mean ± σ)         range (min … max) 
 629.28 µs ±   2.82 µs   624.34 µs … 631.85 µs  in 10 ×    159 runs
[moonbitlang/core] bench immut/vector/vector_iter_bench_test.mbt:40 ("bench Vector::iter to_array n=100000") ok
time (mean ± σ)         range (min … max) 
   1.32 ms ± 172.28 µs     1.11 ms …   1.47 ms  in 10 ×     90 runs
[moonbitlang/core] bench immut/vector/vector_iter_bench_test.mbt:46 ("bench Vector::for-in n=100000") ok
time (mean ± σ)         range (min … max) 
 624.21 µs ±   3.87 µs   618.61 µs … 629.75 µs  in 10 ×    159 runs
[moonbitlang/core] bench immut/vector/vector_contains_bench_test.mbt:24 ("bench Vector::contains missing n=100000") ok
time (mean ± σ)         range (min … max) 
  82.71 µs ± 204.42 ns    82.54 µs …  83.25 µs  in 10 ×   1210 runs
[moonbitlang/core] bench immut/vector/vector_contains_bench_test.mbt:30 ("bench Vector::contains tree-end n=100000") ok
time (mean ± σ)         range (min … max) 
  85.01 µs ± 233.82 ns    84.78 µs …  85.45 µs  in 10 ×   1181 runs
[moonbitlang/core] bench immut/vector/vector_contains_bench_test.mbt:36 ("bench Vector::contains tail-end n=100000") ok
time (mean ± σ)         range (min … max) 
  84.68 µs ±  72.16 ns    84.60 µs …  84.81 µs  in 10 ×   1179 runs
[moonbitlang/core] bench internal/strconv/parse_double_bench_test.mbt:48 ("bench parse_double fast digits n=4096") ok
time (mean ± σ)         range (min … max) 
 635.27 µs ±   6.71 µs   626.42 µs … 644.52 µs  in 10 ×    147 runs
[moonbitlang/core] bench internal/strconv/parse_double_bench_test.mbt:55 ("bench parse_double underscores n=4096") ok
time (mean ± σ)         range (min … max) 
 958.80 µs ±  20.84 µs   947.13 µs …   1.01 ms  in 10 ×     98 runs
[moonbitlang/core] bench internal/strconv/parse_double_bench_test.mbt:62 ("bench parse_double long mantissa n=4096") ok
time (mean ± σ)         range (min … max) 
   2.44 ms ±   2.66 µs     2.44 ms …   2.44 ms  in 10 ×     39 runs
[moonbitlang/core] bench json/stringify_indent_bench_test.mbt:45 ("bench Json::stringify deep wide indent=2 n=10000") ok
time (mean ± σ)         range (min … max) 
 245.57 µs ±   1.25 µs   243.57 µs … 246.78 µs  in 10 ×    412 runs
[moonbitlang/core] bench json/stringify_indent_bench_test.mbt:54 ("bench Json::stringify compact n=10000") ok
time (mean ± σ)         range (min … max) 
 181.44 µs ±   1.11 µs   179.40 µs … 182.44 µs  in 10 ×    549 runs
[moonbitlang/core] bench json/stringify_indent_bench_test.mbt:60 ("bench Json::stringify shallow wide indent=2 n=500") ok
time (mean ± σ)         range (min … max) 
 247.10 µs ± 207.68 ns   246.64 µs … 247.34 µs  in 10 ×    405 runs
[moonbitlang/core] bench json/stringify_indent_bench_test.mbt:66 ("bench Json::stringify shallow wide compact n=500") ok
time (mean ± σ)         range (min … max) 
 192.23 µs ±   1.24 µs   190.05 µs … 193.32 µs  in 10 ×    520 runs
[moonbitlang/core] bench json/stringify_escape_bench_test.mbt:24 ("bench Json::stringify strings no escape n=2048") ok
time (mean ± σ)         range (min … max) 
 158.56 µs ± 853.58 ns   157.72 µs … 160.47 µs  in 10 ×    632 runs
[moonbitlang/core] bench json/stringify_escape_bench_test.mbt:30 ("bench Json::stringify strings slash no escape n=2048") ok
time (mean ± σ)         range (min … max) 
 158.73 µs ± 783.79 ns   158.16 µs … 160.71 µs  in 10 ×    623 runs
[moonbitlang/core] bench json/stringify_escape_bench_test.mbt:36 ("bench Json::stringify strings slash escaped n=2048") ok
time (mean ± σ)         range (min … max) 
 501.74 µs ±   6.71 µs   495.61 µs … 511.52 µs  in 10 ×    197 runs
[moonbitlang/core] bench json/stringify_escape_bench_test.mbt:42 ("bench Json::stringify strings quotes controls n=2048") ok
time (mean ± σ)         range (min … max) 
 484.32 µs ±   1.47 µs   482.29 µs … 486.06 µs  in 10 ×    208 runs
[moonbitlang/core] bench json/parse_bench_test.mbt:45 ("bench json parse mixed object array n=1000") ok
time (mean ± σ)         range (min … max) 
   1.55 ms ±   8.57 µs     1.53 ms …   1.56 ms  in 10 ×     65 runs
[moonbitlang/core] bench json/number_bench_test.mbt:64 ("bench json parse int array n=10000") ok
time (mean ± σ)         range (min … max) 
   1.05 ms ±   5.97 µs     1.04 ms …   1.06 ms  in 10 ×     95 runs
[moonbitlang/core] bench json/number_bench_test.mbt:70 ("bench json parse float array n=10000") ok
time (mean ± σ)         range (min … max) 
   2.00 ms ±  77.02 µs     1.93 ms …   2.14 ms  in 10 ×     51 runs
[moonbitlang/core] bench json/number_bench_test.mbt:76 ("bench json parse long mantissa array n=10000") ok
time (mean ± σ)         range (min … max) 
   7.16 ms ± 404.75 µs     6.82 ms …   7.74 ms  in 10 ×     15 runs
[moonbitlang/core] bench lazy_list/concat_bench_test.mbt:40 ("bench LazyList build and traverse n=2048") ok
time (mean ± σ)         range (min … max) 
  66.22 µs ± 230.69 ns    65.90 µs …  66.60 µs  in 10 ×   1505 runs
[moonbitlang/core] bench lazy_list/concat_bench_test.mbt:49 ("bench LazyList re-traverse a forced list n=2048") ok
time (mean ± σ)         range (min … max) 
  33.27 µs ± 123.43 ns    33.14 µs …  33.48 µs  in 10 ×   2995 runs
[moonbitlang/core] bench lazy_list/concat_bench_test.mbt:57 ("bench LazyList left-nested concat, build only n=2048") ok
time (mean ± σ)         range (min … max) 
  75.87 µs ± 243.17 ns    75.26 µs …  76.08 µs  in 10 ×   1309 runs
[moonbitlang/core] bench lazy_list/concat_bench_test.mbt:62 ("bench LazyList left-nested concat, build and traverse n=2048") ok
time (mean ± σ)         range (min … max) 
 267.35 µs ±   1.45 µs   265.26 µs … 268.95 µs  in 10 ×    377 runs
[moonbitlang/core] bench lazy_list/concat_bench_test.mbt:69 ("bench LazyList concat while consuming n=2048") ok
time (mean ± σ)         range (min … max) 
 164.43 µs ±   1.00 µs   163.10 µs … 166.27 µs  in 10 ×    602 runs
[moonbitlang/core] bench lexbuf/lexbuf_bench_test.mbt:47 ("bench Lexbuf retained token chunks=10000 size=1") ok
time (mean ± σ)         range (min … max) 
 535.79 µs ±   3.85 µs   529.17 µs … 540.86 µs  in 10 ×    187 runs
[moonbitlang/core] bench lexbuf/lexbuf_bench_test.mbt:52 ("bench Lexbuf retained token chunks=1250 size=8") ok
time (mean ± σ)         range (min … max) 
  99.67 µs ± 299.15 ns    99.29 µs … 100.21 µs  in 10 ×    966 runs
[moonbitlang/core] bench lexbuf/lexbuf_bench_test.mbt:57 ("bench Lexbuf retained token chunks=157 size=64") ok
time (mean ± σ)         range (min … max) 
  60.71 µs ± 343.93 ns    60.22 µs …  61.19 µs  in 10 ×   1660 runs
[moonbitlang/core] bench lexbuf/lexbuf_bench_test.mbt:62 ("bench Lexbuf retained token chunks=20 size=512") ok
time (mean ± σ)         range (min … max) 
  49.67 µs ± 308.24 ns    49.10 µs …  50.04 µs  in 10 ×   2037 runs
[moonbitlang/core] bench quickcheck/shrink_collection_bench_test.mbt:16 ("bench shrink Array first candidate size=1000") ok
time (mean ± σ)         range (min … max) 
 122.35 ns ±   1.52 ns   119.37 ns … 123.38 ns  in 10 × 100000 runs
[moonbitlang/core] bench quickcheck/shrink_collection_bench_test.mbt:22 ("bench shrink List first candidate size=1000") ok
time (mean ± σ)         range (min … max) 
  66.07 µs ± 117.43 ns    65.96 µs …  66.35 µs  in 10 ×   1507 runs
[moonbitlang/core] bench quickcheck/generator_bench_test.mbt:16 ("bench Generator::zip_with n=1000000") ok
time (mean ± σ)         range (min … max) 
 260.41 ms ± 213.01 µs   260.18 ms … 260.90 ms  in 10 ×      1 runs
[moonbitlang/core] bench quickcheck/arbitrary_string_bench_test.mbt:16 ("bench Arbitrary String size=10000 count=100") ok
time (mean ± σ)         range (min … max) 
  59.94 ms ± 275.01 µs    59.54 ms …  60.24 ms  in 10 ×      2 runs
[moonbitlang/core] bench random/random_test.mbt:411 ("bench random") ok
time (mean ± σ)         range (min … max) 
 234.09 ms ±   2.01 ms   231.30 ms … 236.94 ms  in 10 ×      1 runs
[moonbitlang/core] bench set/linked_hash_set_bench_test.mbt:19 ("bench Set::add n=50000") ok
time (mean ± σ)         range (min … max) 
   3.17 ms ±  61.82 µs     3.10 ms …   3.27 ms  in 10 ×     32 runs
[moonbitlang/core] bench set/linked_hash_set_bench_test.mbt:30 ("bench Set::contains n=50000") ok
time (mean ± σ)         range (min … max) 
 980.69 µs ±   9.11 µs   967.53 µs …   1.00 ms  in 10 ×     97 runs
[moonbitlang/core] bench set/linked_hash_set_bench_test.mbt:47 ("bench Set::contains miss n=50000") ok
time (mean ± σ)         range (min … max) 
   1.03 ms ±   4.48 µs     1.02 ms …   1.04 ms  in 10 ×     97 runs
[moonbitlang/core] bench set/linked_hash_set_bench_test.mbt:67 ("bench Set::add+remove n=50000") ok
time (mean ± σ)         range (min … max) 
   4.03 ms ±  26.79 µs     4.01 ms …   4.09 ms  in 10 ×     25 runs
[moonbitlang/core] bench sorted_set/sorted_set_bench_test.mbt:22 ("bench SortedSet::to_array Int n=50000") ok
time (mean ± σ)         range (min … max) 
 368.57 µs ±   2.35 µs   366.19 µs … 372.23 µs  in 10 ×    273 runs
[moonbitlang/core] bench sorted_set/sorted_set_bench_test.mbt:30 ("bench SortedSet::to_array Ref n=50000") ok
time (mean ± σ)         range (min … max) 
 363.21 µs ±   2.78 µs   358.66 µs … 365.43 µs  in 10 ×    273 runs
[moonbitlang/core] bench string/regex_bench_test.mbt:16 ("bench regex /aa?b/ on 1MB string") ok
time (mean ± σ)         range (min … max) 
  33.79 ms ± 127.44 µs    33.60 ms …  33.94 ms  in 10 ×      3 runs
[moonbitlang/core] bench string/regex_bench_test.mbt:23 ("bench regex phone lines") ok
time (mean ± σ)         range (min … max) 
  22.33 µs ±  45.92 ns    22.24 µs …  22.37 µs  in 10 ×   4494 runs
[moonbitlang/core] bench string/regex_bench_test.mbt:43 ("bench regex large pattern") ok
time (mean ± σ)         range (min … max) 
  19.56 ms ±  84.18 µs    19.46 ms …  19.69 ms  in 10 ×      1 runs
[moonbitlang/core] bench v128/v128_bench_test.mbt:32 ("bench V128 i64x2_add n=10000") ok
time (mean ± σ)         range (min … max) 
 438.21 µs ±   2.74 µs   434.96 µs … 442.44 µs  in 10 ×    230 runs
[moonbitlang/core] bench v128/v128_bench_test.mbt:44 ("bench V128 i32x4_add n=10000") ok
time (mean ± σ)         range (min … max) 
   2.77 ms ±  18.67 µs     2.74 ms …   2.79 ms  in 10 ×     36 runs
[moonbitlang/core] bench v128/v128_bench_test.mbt:56 ("bench V128 i8x16_add n=10000") ok
time (mean ± σ)         range (min … max) 
  12.30 ms ± 137.08 µs    12.08 ms …  12.52 ms  in 10 ×      9 runs
[moonbitlang/core] bench v128/v128_bench_test.mbt:68 ("bench V128 i8x16_splat n=10000") ok
time (mean ± σ)         range (min … max) 
  14.23 ms ± 303.79 µs    14.01 ms …  14.85 ms  in 10 ×      7 runs
[moonbitlang/core] bench v128/v128_bench_test.mbt:79 ("bench V128 i8x16_extract_lane_u n=10000") ok
time (mean ± σ)         range (min … max) 
 256.95 µs ±   5.00 µs   249.66 µs … 261.44 µs  in 10 ×    369 runs
[moonbitlang/core] bench v128/v128_bench_test.mbt:93 ("bench V128 i8x16_replace_lane n=10000") ok
time (mean ± σ)         range (min … max) 
 700.60 µs ±  15.89 µs   678.91 µs … 719.23 µs  in 10 ×    140 runs
[moonbitlang/core] bench v128/v128_bench_test.mbt:108 ("bench V128 i8x16_bitmask n=10000") ok
time (mean ± σ)         range (min … max) 
   4.36 ms ±  20.50 µs     4.31 ms …   4.38 ms  in 10 ×     23 runs
[moonbitlang/core] bench v128/v128_bench_test.mbt:120 ("bench V128 load/store n=10000") ok
time (mean ± σ)         range (min … max) 
   5.53 ms ±  42.23 µs     5.49 ms …   5.61 ms  in 10 ×     19 runs
[moonbitlang/core] bench v128/v128_bench_test.mbt:135 ("bench V128 load8x8_u n=10000") ok
time (mean ± σ)         range (min … max) 
   2.41 ms ±  52.85 µs     2.32 ms …   2.46 ms  in 10 ×     42 runs
[moonbitlang/core] bench v128/v128_bench_test.mbt:147 ("bench V128 load8x8_s n=10000") ok
time (mean ± σ)         range (min … max) 
   2.49 ms ±  43.52 µs     2.44 ms …   2.54 ms  in 10 ×     40 runs
[moonbitlang/core] bench v128/v128_bench_test.mbt:159 ("bench V128 load16x4_u n=10000") ok
time (mean ± σ)         range (min … max) 
   1.93 ms ±  42.89 µs     1.88 ms …   1.98 ms  in 10 ×     52 runs
[moonbitlang/core] bench v128/v128_bench_test.mbt:171 ("bench V128 load16x4_s n=10000") ok
time (mean ± σ)         range (min … max) 
   1.96 ms ±  39.70 µs     1.91 ms …   2.01 ms  in 10 ×     51 runs
[moonbitlang/core] bench v128/v128_bench_test.mbt:183 ("bench V128 load32x2_u n=10000") ok
time (mean ± σ)         range (min … max) 
   1.68 ms ±  22.15 µs     1.64 ms …   1.70 ms  in 10 ×     59 runs
[moonbitlang/core] bench v128/v128_bench_test.mbt:195 ("bench V128 load32x2_s n=10000") ok
time (mean ± σ)         range (min … max) 
   1.70 ms ±  32.79 µs     1.66 ms …   1.74 ms  in 10 ×     58 runs
[moonbitlang/core] bench v128/v128_bench_test.mbt:207 ("bench V128 load_splat n=10000") ok
time (mean ± σ)         range (min … max) 
   7.88 ms ±  60.27 µs     7.73 ms …   7.96 ms  in 10 ×     13 runs
[moonbitlang/core] bench v128/v128_bench_test.mbt:223 ("bench V128 load8_lane n=10000") ok
time (mean ± σ)         range (min … max) 
 702.13 µs ±  10.89 µs   693.16 µs … 718.08 µs  in 10 ×    141 runs
[moonbitlang/core] bench v128/v128_bench_test.mbt:235 ("bench V128 load16_lane n=10000") ok
time (mean ± σ)         range (min … max) 
 707.95 µs ±  12.32 µs   696.02 µs … 722.67 µs  in 10 ×    139 runs
[moonbitlang/core] bench v128/v128_bench_test.mbt:247 ("bench V128 load32_lane n=10000") ok
time (mean ± σ)         range (min … max) 
 692.17 µs ±  13.66 µs   676.65 µs … 709.72 µs  in 10 ×    143 runs
[moonbitlang/core] bench v128/v128_bench_test.mbt:259 ("bench V128 load64_lane n=10000") ok
time (mean ± σ)         range (min … max) 
   1.13 ms ±  34.33 µs     1.09 ms …   1.16 ms  in 10 ×     87 runs
[moonbitlang/core] bench v128/v128_bench_test.mbt:271 ("bench V128 extend i8x16 to i16x8 n=10000") ok
time (mean ± σ)         range (min … max) 
   9.64 ms ±  48.17 µs     9.53 ms …   9.68 ms  in 10 ×     11 runs
[moonbitlang/core] bench v128/v128_bench_test.mbt:285 ("bench V128 extend i16x8 to i32x4 n=10000") ok
time (mean ± σ)         range (min … max) 
   3.96 ms ±  21.38 µs     3.92 ms …   3.99 ms  in 10 ×     26 runs
[moonbitlang/core] bench v128/v128_bench_test.mbt:299 ("bench V128 extend i32x4 to i64x2 n=10000") ok
time (mean ± σ)         range (min … max) 
   2.37 ms ±  13.25 µs     2.34 ms …   2.39 ms  in 10 ×     43 runs
[moonbitlang/core] bench v128/v128_bench_test.mbt:313 ("bench V128 all_true n=10000") ok
time (mean ± σ)         range (min … max) 
 748.57 µs ±   6.60 µs   736.66 µs … 753.40 µs  in 10 ×    134 runs
[moonbitlang/core] bench v128/v128_bench_test.mbt:337 ("bench V128 bitmask all widths n=10000") ok
time (mean ± σ)         range (min … max) 
   7.86 ms ±  23.59 µs     7.83 ms …   7.91 ms  in 10 ×     13 runs
[moonbitlang/core] bench v128/v128_bench_test.mbt:353 ("bench V128 swizzle n=10000") ok
time (mean ± σ)         range (min … max) 
  23.26 ms ±  20.43 µs    23.23 ms …  23.30 ms  in 10 ×      5 runs
[moonbitlang/core] bench v128/v128_bench_test.mbt:371 ("bench V128 shuffle n=10000") ok
time (mean ± σ)         range (min … max) 
  17.99 ms ±  54.57 µs    17.85 ms …  18.02 ms  in 10 ×      6 runs
Total tests: 371, passed: 371, failed: 0.
