[moonbitlang/core] bench bench/hash_bench_test.mbt:16 ("bench Hash for Bytes (small)") ok
time (mean ± σ)         range (min … max) 
  12.97 ns ±   0.49 ns    12.50 ns …  13.73 ns  in 10 × 100000 runs
[moonbitlang/core] bench bench/hash_bench_test.mbt:22 ("bench Hash for Bytes (medium)") ok
time (mean ± σ)         range (min … max) 
 138.28 ns ±   0.20 ns   138.03 ns … 138.71 ns  in 10 × 100000 runs
[moonbitlang/core] bench bench/hash_bench_test.mbt:28 ("bench Hash for Bytes (large)") ok
time (mean ± σ)         range (min … max) 
   2.29 µs ±   6.02 ns     2.29 µs …   2.31 µs  in 10 ×  43513 runs
[moonbitlang/core] bench bench/hash_bench_test.mbt:34 ("bench Hash for BytesView (small)") ok
time (mean ± σ)         range (min … max) 
  16.14 ns ±   0.29 ns    15.70 ns …  16.61 ns  in 10 × 100000 runs
[moonbitlang/core] bench bench/hash_bench_test.mbt:41 ("bench Hash for BytesView (medium)") ok
time (mean ± σ)         range (min … max) 
 140.47 ns ±   0.18 ns   140.27 ns … 140.82 ns  in 10 × 100000 runs
[moonbitlang/core] bench bench/hash_bench_test.mbt:48 ("bench Hash for BytesView (large)") ok
time (mean ± σ)         range (min … max) 
   2.31 µs ±   2.37 ns     2.30 µs …   2.31 µs  in 10 ×  43368 runs
[moonbitlang/core] bench bench/hash_bench_test.mbt:55 ("bench Hasher::combine_bytes (small)") ok
time (mean ± σ)         range (min … max) 
  15.01 ns ±   0.35 ns    14.42 ns …  15.57 ns  in 10 × 100000 runs
[moonbitlang/core] bench bench/hash_bench_test.mbt:65 ("bench Hasher::combine_bytes (medium)") ok
time (mean ± σ)         range (min … max) 
 124.74 ns ±   0.18 ns   124.53 ns … 125.10 ns  in 10 × 100000 runs
[moonbitlang/core] bench bench/hash_bench_test.mbt:75 ("bench Hasher::combine_bytes (large)") ok
time (mean ± σ)         range (min … max) 
   2.02 µs ±   0.95 ns     2.02 µs …   2.03 µs  in 10 ×  49330 runs
[moonbitlang/core] bench bigint/to_string_radix_bench_test.mbt:23 ("bench bigint to_string radix=7 (4000 bits)") ok
time (mean ± σ)         range (min … max) 
  31.95 µs ± 104.66 ns    31.86 µs …  32.21 µs  in 10 ×   3094 runs
[moonbitlang/core] bench bigint/to_string_radix_bench_test.mbt:29 ("bench bigint to_string radix=36 (4000 bits)") ok
time (mean ± σ)         range (min … max) 
  36.22 µs ±  77.19 ns    36.13 µs …  36.36 µs  in 10 ×   2749 runs
[moonbitlang/core] bench bigint/to_string_radix_bench_test.mbt:35 ("bench bigint to_string radix=10 reference (4000 bits)") ok
time (mean ± σ)         range (min … max) 
  29.88 µs ±  99.92 ns    29.79 µs …  30.13 µs  in 10 ×   3311 runs
[moonbitlang/core] bench bigint/to_string_bench_test.mbt:30 ("bench BigInt::to_string n=40 digits") ok
time (mean ± σ)         range (min … max) 
 201.58 ns ±   1.65 ns   200.22 ns … 205.13 ns  in 10 × 100000 runs
[moonbitlang/core] bench bigint/to_string_bench_test.mbt:36 ("bench BigInt::to_string n=400 digits") ok
time (mean ± σ)         range (min … max) 
   4.08 µs ±  21.84 ns     4.06 µs …   4.13 µs  in 10 ×  24285 runs
[moonbitlang/core] bench bigint/to_string_bench_test.mbt:42 ("bench BigInt::to_string n=4000 digits") ok
time (mean ± σ)         range (min … max) 
 306.27 µs ± 106.39 ns   306.10 µs … 306.47 µs  in 10 ×    326 runs
[moonbitlang/core] bench bigint/to_string_bench_test.mbt:48 ("bench BigInt::to_string n=40000 digits") ok
time (mean ± σ)         range (min … max) 
  29.20 ms ±  32.60 µs    29.15 ms …  29.25 ms  in 10 ×      4 runs
[moonbitlang/core] bench bigint/to_string_bench_test.mbt:54 ("bench BigInt::to_string n=250000 digits") ok
time (mean ± σ)         range (min … max) 
   1.14 s ± 812.07 µs     1.14 s …   1.14 s  in 10 ×      1 runs
[moonbitlang/core] bench bigint/from_octets_bench_test.mbt:21 ("bench BigInt::from_octets n=64") ok
time (mean ± σ)         range (min … max) 
  58.58 ns ±   2.96 ns    56.14 ns …  62.73 ns  in 10 × 100000 runs
[moonbitlang/core] bench bigint/from_octets_bench_test.mbt:27 ("bench BigInt::from_octets n=1024") ok
time (mean ± σ)         range (min … max) 
 731.88 ns ±   8.25 ns   723.21 ns … 742.00 ns  in 10 × 100000 runs
[moonbitlang/core] bench bigint/division_bench_test.mbt:66 ("bench BigInt balanced division n=4000 digits") ok
time (mean ± σ)         range (min … max) 
 211.30 µs ± 232.37 ns   211.14 µs … 211.91 µs  in 10 ×    473 runs
[moonbitlang/core] bench bigint/division_bench_test.mbt:72 ("bench BigInt balanced division n=40000 digits") ok
time (mean ± σ)         range (min … max) 
  20.46 ms ±  16.20 µs    20.44 ms …  20.48 ms  in 10 ×      5 runs
[moonbitlang/core] bench bigint/division_bench_test.mbt:78 ("bench BigInt balanced division n=250000 digits") ok
time (mean ± σ)         range (min … max) 
 797.09 ms ± 291.14 µs   796.86 ms … 797.86 ms  in 10 ×      1 runs
[moonbitlang/core] bench bigint/division_bench_test.mbt:84 ("bench BigInt unbalanced division q=65536 d=64 limbs") ok
time (mean ± σ)         range (min … max) 
  21.24 ms ±  62.85 µs    21.18 ms …  21.36 ms  in 10 ×      5 runs
[moonbitlang/core] bench bigint/division_bench_test.mbt:90 ("bench BigInt narrow division q=9 d=64 limbs") ok
time (mean ± σ)         range (min … max) 
 880.65 ns ±  16.16 ns   862.11 ns … 896.53 ns  in 10 × 100000 runs
[moonbitlang/core] bench buffer/write_bench_test.mbt:30 ("bench Buffer::write_byte n=4096") ok
time (mean ± σ)         range (min … max) 
   8.04 µs ± 128.12 ns     7.94 µs …   8.22 µs  in 10 ×  12644 runs
[moonbitlang/core] bench buffer/write_bench_test.mbt:42 ("bench Buffer::write_uint16_be n=4096") ok
time (mean ± σ)         range (min … max) 
   8.56 µs ±  32.88 ns     8.51 µs …   8.58 µs  in 10 ×  11697 runs
[moonbitlang/core] bench buffer/write_bench_test.mbt:54 ("bench Buffer::write_uint_le n=4096") ok
time (mean ± σ)         range (min … max) 
  10.30 µs ± 137.97 ns    10.09 µs …  10.43 µs  in 10 ×   9650 runs
[moonbitlang/core] bench buffer/write_bench_test.mbt:66 ("bench Buffer::write_uint64_be n=4096") ok
time (mean ± σ)         range (min … max) 
  13.92 µs ±  14.16 ns    13.90 µs …  13.95 µs  in 10 ×   7196 runs
[moonbitlang/core] bench buffer/write_bench_test.mbt:78 ("bench Buffer::write_char_utf8 ASCII n=4096") ok
time (mean ± σ)         range (min … max) 
   8.24 µs ±  12.60 ns     8.21 µs …   8.26 µs  in 10 ×  12309 runs
[moonbitlang/core] bench buffer/write_bench_test.mbt:90 ("bench Buffer::write_char_utf8 non-BMP n=4096") ok
time (mean ± σ)         range (min … max) 
  13.08 µs ± 154.03 ns    12.84 µs …  13.20 µs  in 10 ×   7828 runs
[moonbitlang/core] bench buffer/write_bench_test.mbt:103 ("bench Buffer::write_char_utf16le BMP n=4096") ok
time (mean ± σ)         range (min … max) 
   8.66 µs ±  74.73 ns     8.52 µs …   8.77 µs  in 10 ×  11489 runs
[moonbitlang/core] bench buffer/write_bench_test.mbt:115 ("bench Buffer::write_string_utf16le chunks n=4096") ok
time (mean ± σ)         range (min … max) 
  72.51 µs ±  40.81 ns    72.44 µs …  72.57 µs  in 10 ×   1369 runs
[moonbitlang/core] bench buffer/write_bench_test.mbt:130 ("bench @buffer.from_array n=4096") ok
time (mean ± σ)         range (min … max) 
   2.62 µs ±   9.85 ns     2.61 µs …   2.64 µs  in 10 ×  38127 runs
[moonbitlang/core] bench builtin/view_bench_test.mbt:34 ("bench ArrayView::at Int n=100000") ok
time (mean ± σ)         range (min … max) 
  81.39 µs ±  26.07 ns    81.35 µs …  81.43 µs  in 10 ×   1230 runs
[moonbitlang/core] bench builtin/view_bench_test.mbt:47 ("bench ArrayView::get Int n=100000") ok
time (mean ± σ)         range (min … max) 
  67.99 µs ±  25.46 ns    67.96 µs …  68.03 µs  in 10 ×   1472 runs
[moonbitlang/core] bench builtin/view_bench_test.mbt:62 ("bench ArrayView::unsafe_get Int n=100000") ok
time (mean ± σ)         range (min … max) 
  58.54 µs ±  89.08 ns    58.47 µs …  58.70 µs  in 10 ×   1706 runs
[moonbitlang/core] bench builtin/view_bench_test.mbt:75 ("bench ArrayView::rev_fold Int n=100000") ok
time (mean ± σ)         range (min … max) 
  56.88 µs ± 147.48 ns    56.77 µs …  57.28 µs  in 10 ×   1761 runs
[moonbitlang/core] bench builtin/view_bench_test.mbt:82 ("bench ArrayView::rev_foldi Int n=100000") ok
time (mean ± σ)         range (min … max) 
  56.81 µs ±  41.73 ns    56.76 µs …  56.90 µs  in 10 ×   1762 runs
[moonbitlang/core] bench builtin/view_bench_test.mbt:91 ("bench ArrayView::equal Int n=100000") ok
time (mean ± σ)         range (min … max) 
  76.73 µs ± 149.05 ns    76.57 µs …  76.96 µs  in 10 ×   1303 runs
[moonbitlang/core] bench builtin/view_bench_test.mbt:99 ("bench ArrayView::compare Int n=100000") ok
time (mean ± σ)         range (min … max) 
  98.34 µs ±  63.36 ns    98.27 µs …  98.48 µs  in 10 ×   1018 runs
[moonbitlang/core] bench builtin/view_bench_test.mbt:107 ("bench MutArrayView::at Int n=100000") ok
time (mean ± σ)         range (min … max) 
  81.37 µs ±  34.91 ns    81.33 µs …  81.44 µs  in 10 ×   1230 runs
[moonbitlang/core] bench builtin/view_bench_test.mbt:120 ("bench MutArrayView::unsafe_get Int n=100000") ok
time (mean ± σ)         range (min … max) 
  58.64 µs ± 102.61 ns    58.49 µs …  58.74 µs  in 10 ×   1706 runs
[moonbitlang/core] bench builtin/view_bench_test.mbt:133 ("bench MutArrayView::set Int n=100000") ok
time (mean ± σ)         range (min … max) 
 108.45 µs ±  47.42 ns   108.39 µs … 108.53 µs  in 10 ×    923 runs
[moonbitlang/core] bench builtin/view_bench_test.mbt:145 ("bench MutArrayView::unsafe_set Int n=100000") ok
time (mean ± σ)         range (min … max) 
  58.36 µs ± 393.78 ns    57.99 µs …  59.01 µs  in 10 ×   1700 runs
[moonbitlang/core] bench builtin/view_bench_test.mbt:157 ("bench BytesView::at n=100000") ok
time (mean ± σ)         range (min … max) 
  81.34 µs ±  38.80 ns    81.30 µs …  81.43 µs  in 10 ×   1230 runs
[moonbitlang/core] bench builtin/view_bench_test.mbt:170 ("bench BytesView::unsafe_get n=100000") ok
time (mean ± σ)         range (min … max) 
  52.86 µs ±  56.48 ns    52.78 µs …  52.97 µs  in 10 ×   1891 runs
[moonbitlang/core] bench builtin/stringbuilder_bench_test.mbt:28 ("bench StringBuilder::write_string chunks n=4096") ok
time (mean ± σ)         range (min … max) 
  83.70 µs ±   1.50 µs    80.31 µs …  85.03 µs  in 10 ×   1291 runs
[moonbitlang/core] bench builtin/stringbuilder_bench_test.mbt:41 ("bench StringBuilder::write_view chunks n=4096") ok
time (mean ± σ)         range (min … max) 
  78.47 µs ± 464.95 ns    77.95 µs …  79.11 µs  in 10 ×   1276 runs
[moonbitlang/core] bench builtin/stringbuilder_bench_test.mbt:54 ("bench StringBuilder::write_stringview chunks n=4096") ok
time (mean ± σ)         range (min … max) 
  78.65 µs ± 596.85 ns    77.88 µs …  79.28 µs  in 10 ×   1280 runs
[moonbitlang/core] bench builtin/stringbuilder_bench_test.mbt:67 ("bench StringBuilder::write_char ASCII n=4096") ok
time (mean ± σ)         range (min … max) 
   8.65 µs ± 447.57 ns     8.36 µs …   9.30 µs  in 10 ×  11950 runs
[moonbitlang/core] bench builtin/stringbuilder_bench_test.mbt:79 ("bench StringBuilder::write_char non-BMP n=4096") ok
time (mean ± σ)         range (min … max) 
  10.86 µs ± 320.30 ns    10.72 µs …  11.77 µs  in 10 ×   9317 runs
[moonbitlang/core] bench builtin/stringbuilder_bench_test.mbt:92 ("bench StringBuilder::reset reuse spare capacity n=4096") ok
time (mean ± σ)         range (min … max) 
 130.35 µs ± 994.48 ns   129.52 µs … 131.88 µs  in 10 ×    774 runs
[moonbitlang/core] bench builtin/string_to_lower_bench_test.mbt:61 ("bench String::to_lower short") ok
time (mean ± σ)         range (min … max) 
  29.10 ns ±   0.26 ns    28.88 ns …  29.51 ns  in 10 × 100000 runs
[moonbitlang/core] bench builtin/string_to_lower_bench_test.mbt:66 ("bench String::to_lower long") ok
time (mean ± σ)         range (min … max) 
   1.22 µs ±   2.36 ns     1.21 µs …   1.22 µs  in 10 ×  82301 runs
[moonbitlang/core] bench builtin/string_to_lower_bench_test.mbt:71 ("bench String::to_lower sparse") ok
time (mean ± σ)         range (min … max) 
   1.02 µs ±   2.78 ns     1.02 µs …   1.03 µs  in 10 ×  97343 runs
[moonbitlang/core] bench builtin/string_to_lower_bench_test.mbt:76 ("bench String::to_lower late-uppercase") ok
time (mean ± σ)         range (min … max) 
   1.03 µs ±   3.80 ns     1.03 µs …   1.04 µs  in 10 ×  97059 runs
[moonbitlang/core] bench builtin/string_to_lower_bench_test.mbt:81 ("bench String::to_lower one-unit runs") ok
time (mean ± σ)         range (min … max) 
   1.08 µs ±   3.30 ns     1.08 µs …   1.08 µs  in 10 ×  92885 runs
[moonbitlang/core] bench builtin/string_to_lower_bench_test.mbt:86 ("bench String::to_lower all-uppercase") ok
time (mean ± σ)         range (min … max) 
   1.19 µs ±   3.06 ns     1.18 µs …   1.19 µs  in 10 ×  84403 runs
[moonbitlang/core] bench builtin/string_to_lower_bench_test.mbt:91 ("bench String::to_lower no-change short") ok
time (mean ± σ)         range (min … max) 
  13.65 ns ±   0.26 ns    13.41 ns …  14.12 ns  in 10 × 100000 runs
[moonbitlang/core] bench builtin/string_to_lower_bench_test.mbt:96 ("bench String::to_lower no-change long") ok
time (mean ± σ)         range (min … max) 
 501.85 ns ±   0.31 ns   501.34 ns … 502.19 ns  in 10 × 100000 runs
[moonbitlang/core] bench builtin/string_to_lower_bench_test.mbt:101 ("bench StringView::to_lower short") ok
time (mean ± σ)         range (min … max) 
  30.95 ns ±   0.27 ns    30.57 ns …  31.36 ns  in 10 × 100000 runs
[moonbitlang/core] bench builtin/string_to_lower_bench_test.mbt:106 ("bench StringView::to_lower long") ok
time (mean ± σ)         range (min … max) 
   1.22 µs ±   4.27 ns     1.21 µs …   1.23 µs  in 10 ×  81830 runs
[moonbitlang/core] bench builtin/string_to_lower_bench_test.mbt:111 ("bench StringView::to_lower no-change long") ok
time (mean ± σ)         range (min … max) 
 502.65 ns ±   0.38 ns   502.03 ns … 503.28 ns  in 10 × 100000 runs
[moonbitlang/core] bench builtin/string_methods_bench_test.mbt:36 ("bench StringView::has_prefix match n=100000 needle=128") ok
time (mean ± σ)         range (min … max) 
 103.49 ns ±   0.21 ns   103.23 ns … 103.79 ns  in 10 × 100000 runs
[moonbitlang/core] bench builtin/string_methods_bench_test.mbt:45 ("bench StringView::has_prefix mismatch n=100000 needle=128") ok
time (mean ± σ)         range (min … max) 
  10.36 ns ±   0.27 ns    10.07 ns …  10.80 ns  in 10 × 100000 runs
[moonbitlang/core] bench builtin/string_methods_bench_test.mbt:54 ("bench StringView::has_suffix match n=100000 needle=128") ok
time (mean ± σ)         range (min … max) 
 103.57 ns ±   0.19 ns   103.31 ns … 103.82 ns  in 10 × 100000 runs
[moonbitlang/core] bench builtin/string_methods_bench_test.mbt:63 ("bench StringView::has_suffix mismatch n=100000 needle=128") ok
time (mean ± σ)         range (min … max) 
  10.06 ns ±   0.29 ns     9.62 ns …  10.44 ns  in 10 × 100000 runs
[moonbitlang/core] bench builtin/string_find_code_unit_bench_test.mbt:16 ("bench find one code unit absent n=4") ok
time (mean ± σ)         range (min … max) 
  11.78 ns ±   0.28 ns    11.38 ns …  12.20 ns  in 10 × 100000 runs
[moonbitlang/core] bench builtin/string_find_code_unit_bench_test.mbt:22 ("bench find one code unit absent n=8") ok
time (mean ± σ)         range (min … max) 
  13.41 ns ±   0.22 ns    13.11 ns …  13.69 ns  in 10 × 100000 runs
[moonbitlang/core] bench builtin/string_find_code_unit_bench_test.mbt:28 ("bench find one code unit present@0 n=8") ok
time (mean ± σ)         range (min … max) 
  10.15 ns ±   0.40 ns     9.61 ns …  10.57 ns  in 10 × 100000 runs
[moonbitlang/core] bench builtin/string_find_code_unit_bench_test.mbt:34 ("bench find one code unit absent n=64") ok
time (mean ± σ)         range (min … max) 
  43.60 ns ±   0.31 ns    43.24 ns …  44.05 ns  in 10 × 100000 runs
[moonbitlang/core] bench builtin/string_find_code_unit_bench_test.mbt:40 ("bench find one code unit absent n=256") ok
time (mean ± σ)         range (min … max) 
 152.22 ns ±   0.27 ns   151.77 ns … 152.58 ns  in 10 × 100000 runs
[moonbitlang/core] bench builtin/string_find_code_unit_bench_test.mbt:46 ("bench find one code unit present@end n=256") ok
time (mean ± σ)         range (min … max) 
 147.15 ns ±   0.44 ns   146.74 ns … 148.30 ns  in 10 × 100000 runs
[moonbitlang/core] bench builtin/string_find_code_unit_bench_test.mbt:52 ("bench rev_find one code unit absent n=256") ok
time (mean ± σ)         range (min … max) 
 154.80 ns ±   0.40 ns   154.31 ns … 155.37 ns  in 10 × 100000 runs
[moonbitlang/core] bench builtin/string_find_code_unit_bench_test.mbt:58 ("bench rev_find one code unit present@start n=256") ok
time (mean ± σ)         range (min … max) 
 148.69 ns ±   0.22 ns   148.39 ns … 148.99 ns  in 10 × 100000 runs
[moonbitlang/core] bench builtin/string_find_code_unit_bench_test.mbt:64 ("bench rev_find one code unit present@end n=8") ok
time (mean ± σ)         range (min … max) 
  10.20 ns ±   0.39 ns     9.69 ns …  10.68 ns  in 10 × 100000 runs
[moonbitlang/core] bench builtin/string_find_code_unit_bench_test.mbt:70 ("bench StringView find one code unit absent n=256") ok
time (mean ± σ)         range (min … max) 
 142.62 ns ±   2.43 ns   139.43 ns … 146.51 ns  in 10 × 100000 runs
[moonbitlang/core] bench builtin/string_find_code_unit_bench_test.mbt:77 ("bench StringView rev_find one code unit absent n=256") ok
time (mean ± σ)         range (min … max) 
 145.18 ns ±   1.01 ns   144.04 ns … 147.03 ns  in 10 × 100000 runs
[moonbitlang/core] bench builtin/string_find_code_unit_bench_test.mbt:84 ("bench find two anchors absent n=256") ok
time (mean ± σ)         range (min … max) 
 225.63 ns ±   0.28 ns   225.36 ns … 226.17 ns  in 10 × 100000 runs
[moonbitlang/core] bench builtin/string_find_code_unit_bench_test.mbt:90 ("bench find two anchors present@end n=256") ok
time (mean ± σ)         range (min … max) 
 229.90 ns ±   0.25 ns   229.44 ns … 230.20 ns  in 10 × 100000 runs
[moonbitlang/core] bench builtin/string_find_code_unit_bench_test.mbt:96 ("bench find two anchors dense false positives n=256") ok
time (mean ± σ)         range (min … max) 
 675.41 ns ±   7.84 ns   670.87 ns … 690.45 ns  in 10 × 100000 runs
[moonbitlang/core] bench builtin/string_find_code_unit_bench_test.mbt:102 ("bench find two anchors long absent n=256") ok
time (mean ± σ)         range (min … max) 
 204.20 ns ±   0.23 ns   203.87 ns … 204.65 ns  in 10 × 100000 runs
[moonbitlang/core] bench builtin/string_find_code_unit_bench_test.mbt:108 ("bench rev_find two anchors absent n=256") ok
time (mean ± σ)         range (min … max) 
 217.27 ns ±   0.30 ns   216.99 ns … 217.96 ns  in 10 × 100000 runs
[moonbitlang/core] bench builtin/string_find_code_unit_bench_test.mbt:114 ("bench rev_find two anchors present@start n=256") ok
time (mean ± σ)         range (min … max) 
 224.45 ns ±   0.17 ns   224.17 ns … 224.74 ns  in 10 × 100000 runs
[moonbitlang/core] bench builtin/string_find_code_unit_bench_test.mbt:120 ("bench rev_find two anchors dense false positives n=256") ok
time (mean ± σ)         range (min … max) 
 675.40 ns ±   0.49 ns   674.57 ns … 676.02 ns  in 10 × 100000 runs
[moonbitlang/core] bench builtin/string_find_code_unit_bench_test.mbt:126 ("bench StringView find two anchors absent n=256") ok
time (mean ± σ)         range (min … max) 
 257.68 ns ±   0.36 ns   257.13 ns … 258.14 ns  in 10 × 100000 runs
[moonbitlang/core] bench builtin/string_find_adversary_bench_test.mbt:26 ("bench find adversary m=64 n=4096") ok
time (mean ± σ)         range (min … max) 
   9.48 µs ±   6.01 ns     9.47 µs …   9.49 µs  in 10 ×  10553 runs
[moonbitlang/core] bench builtin/string_find_adversary_bench_test.mbt:33 ("bench rev_find adversary m=64 n=4096") ok
time (mean ± σ)         range (min … max) 
  10.67 µs ±  33.06 ns    10.61 µs …  10.73 µs  in 10 ×   9365 runs
[moonbitlang/core] bench builtin/string_find_adversary_bench_test.mbt:40 ("bench find adversary m=512 n=65536") ok
time (mean ± σ)         range (min … max) 
 156.44 µs ±   8.72 µs   146.95 µs … 164.58 µs  in 10 ×    608 runs
[moonbitlang/core] bench builtin/string_find_adversary_bench_test.mbt:47 ("bench find dense miss fast path n=4096") ok
time (mean ± σ)         range (min … max) 
   3.47 µs ± 227.93 ns     3.36 µs …   3.90 µs  in 10 ×  25626 runs
[moonbitlang/core] bench builtin/string_find_adversary_bench_test.mbt:53 ("bench find rare hit end fast path n=4096") ok
time (mean ± σ)         range (min … max) 
   3.34 µs ±   1.67 ns     3.34 µs …   3.34 µs  in 10 ×  29895 runs
[moonbitlang/core] bench builtin/string_equal_bench_test.mbt:28 ("bench StringView::equal n=100000 equal") ok
time (mean ± σ)         range (min … max) 
  75.50 µs ± 142.22 ns    75.40 µs …  75.90 µs  in 10 ×   1326 runs
[moonbitlang/core] bench builtin/string_equal_bench_test.mbt:35 ("bench StringView::equal n=100000 mismatch at end") ok
time (mean ± σ)         range (min … max) 
  75.53 µs ±  80.68 ns    75.41 µs …  75.64 µs  in 10 ×   1290 runs
[moonbitlang/core] bench builtin/string_equal_bench_test.mbt:44 ("bench StringView::equal_to_string n=100000 equal") ok
time (mean ± σ)         range (min … max) 
  74.61 µs ± 112.01 ns    74.47 µs …  74.75 µs  in 10 ×   1344 runs
[moonbitlang/core] bench builtin/string_char_set_bench_test.mbt:43 ("bench StringView::contains_any ASCII miss n=100000") ok
time (mean ± σ)         range (min … max) 
 135.62 µs ±  68.14 ns   135.52 µs … 135.75 µs  in 10 ×    738 runs
[moonbitlang/core] bench builtin/string_char_set_bench_test.mbt:54 ("bench StringView::contains_any ASCII match at end n=100000") ok
time (mean ± σ)         range (min … max) 
 135.63 µs ±  76.68 ns   135.53 µs … 135.80 µs  in 10 ×    738 runs
[moonbitlang/core] bench builtin/string_char_set_bench_test.mbt:67 ("bench StringView::trim_start ASCII n=100000") ok
time (mean ± σ)         range (min … max) 
 135.62 µs ±  80.20 ns   135.51 µs … 135.76 µs  in 10 ×    738 runs
[moonbitlang/core] bench builtin/string_char_set_bench_test.mbt:74 ("bench StringView::trim_end ASCII n=100000") ok
time (mean ± σ)         range (min … max) 
 135.61 µs ±  65.48 ns   135.52 µs … 135.76 µs  in 10 ×    731 runs
[moonbitlang/core] bench builtin/string_char_set_bench_test.mbt:79 ("bench StringView::trim ASCII n=100000") ok
time (mean ± σ)         range (min … max) 
 271.32 µs ±  83.39 ns   271.20 µs … 271.42 µs  in 10 ×    369 runs
[moonbitlang/core] bench builtin/string_char_set_bench_test.mbt:96 ("bench StringView::trim short inputs") ok
time (mean ± σ)         range (min … max) 
 129.24 ns ±   0.41 ns   128.81 ns … 130.08 ns  in 10 × 100000 runs
[moonbitlang/core] bench builtin/string_char_set_bench_test.mbt:107 ("bench StringView::contains_any short inputs") ok
time (mean ± σ)         range (min … max) 
  81.82 ns ±   0.26 ns    81.46 ns …  82.29 ns  in 10 × 100000 runs
[moonbitlang/core] bench builtin/sort_bench_test.mbt:21 ("bench Array::sort n=1000") ok
time (mean ± σ)         range (min … max) 
  14.68 µs ± 163.31 ns    14.55 µs …  14.97 µs  in 10 ×   6641 runs
[moonbitlang/core] bench builtin/sort_bench_test.mbt:31 ("bench Array::sort n=100000") ok
time (mean ± σ)         range (min … max) 
   5.50 ms ±  23.21 µs     5.48 ms …   5.55 ms  in 10 ×     19 runs
[moonbitlang/core] bench builtin/sort_bench_test.mbt:41 ("bench Array::sort_by n=10000") ok
time (mean ± σ)         range (min … max) 
 431.08 µs ±   1.17 µs   429.82 µs … 433.37 µs  in 10 ×    231 runs
[moonbitlang/core] bench builtin/linked_hash_map_bench_test.mbt:19 ("bench Map::set n=50000") ok
time (mean ± σ)         range (min … max) 
   2.31 ms ±  32.07 µs     2.26 ms …   2.36 ms  in 10 ×     44 runs
[moonbitlang/core] bench builtin/linked_hash_map_bench_test.mbt:30 ("bench Map::get n=50000") ok
time (mean ± σ)         range (min … max) 
   1.08 ms ± 838.44 ns     1.08 ms …   1.08 ms  in 10 ×     93 runs
[moonbitlang/core] bench builtin/linked_hash_map_bench_test.mbt:47 ("bench Map::get miss n=50000") ok
time (mean ± σ)         range (min … max) 
   1.10 ms ±   2.77 µs     1.10 ms …   1.11 ms  in 10 ×     92 runs
[moonbitlang/core] bench builtin/linked_hash_map_bench_test.mbt:67 ("bench Map::set+remove n=50000") ok
time (mean ± σ)         range (min … max) 
   3.37 ms ±  13.70 µs     3.36 ms …   3.41 ms  in 10 ×     30 runs
[moonbitlang/core] bench builtin/linked_hash_map_bench_test.mbt:83 ("bench Map::each n=50000") ok
time (mean ± σ)         range (min … max) 
 219.78 µs ±  74.47 ns   219.67 µs … 219.89 µs  in 10 ×    456 runs
[moonbitlang/core] bench builtin/lexical_compare_bench_test.mbt:42 ("bench lexical_compare equal n=256") ok
time (mean ± σ)         range (min … max) 
 258.45 ns ±   0.33 ns   257.85 ns … 258.79 ns  in 10 × 100000 runs
[moonbitlang/core] bench builtin/lexical_compare_bench_test.mbt:47 ("bench lexical_compare common-prefix n=256") ok
time (mean ± σ)         range (min … max) 
 260.70 ns ±   0.27 ns   260.30 ns … 261.14 ns  in 10 × 100000 runs
[moonbitlang/core] bench builtin/lexical_compare_bench_test.mbt:52 ("bench lexical_compare early-diff n=256") ok
time (mean ± σ)         range (min … max) 
  10.67 ns ±   0.26 ns    10.31 ns …  10.99 ns  in 10 × 100000 runs
[moonbitlang/core] bench builtin/contains_code_unit_bench_test.mbt:19 ("bench contains_code_unit absent n=4") ok
time (mean ± σ)         range (min … max) 
   6.66 ns ±   0.18 ns     6.45 ns …   7.07 ns  in 10 × 100000 runs
[moonbitlang/core] bench builtin/contains_code_unit_bench_test.mbt:25 ("bench contains_code_unit absent n=8") ok
time (mean ± σ)         range (min … max) 
   8.38 ns ±   0.28 ns     8.11 ns …   8.90 ns  in 10 × 100000 runs
[moonbitlang/core] bench builtin/contains_code_unit_bench_test.mbt:31 ("bench contains_code_unit present@0 n=8") ok
time (mean ± σ)         range (min … max) 
   5.34 ns ±   0.23 ns     5.13 ns …   5.84 ns  in 10 × 100000 runs
[moonbitlang/core] bench builtin/contains_code_unit_bench_test.mbt:37 ("bench contains_code_unit absent n=16") ok
time (mean ± σ)         range (min … max) 
  11.78 ns ±   0.12 ns    11.62 ns …  12.00 ns  in 10 × 100000 runs
[moonbitlang/core] bench builtin/contains_code_unit_bench_test.mbt:43 ("bench contains_code_unit absent n=64") ok
time (mean ± σ)         range (min … max) 
  34.14 ns ±   0.16 ns    33.96 ns …  34.34 ns  in 10 × 100000 runs
[moonbitlang/core] bench builtin/contains_code_unit_bench_test.mbt:49 ("bench contains_code_unit absent n=256") ok
time (mean ± σ)         range (min … max) 
 131.56 ns ±   0.24 ns   131.17 ns … 131.86 ns  in 10 × 100000 runs
[moonbitlang/core] bench builtin/contains_code_unit_bench_test.mbt:55 ("bench contains_code_unit present@end n=256") ok
time (mean ± σ)         range (min … max) 
 132.51 ns ±   0.17 ns   132.32 ns … 132.83 ns  in 10 × 100000 runs
[moonbitlang/core] bench builtin/contains_code_unit_bench_test.mbt:61 ("bench contains_code_unit present@0 n=256") ok
time (mean ± σ)         range (min … max) 
   5.45 ns ±   0.14 ns     5.23 ns …   5.73 ns  in 10 × 100000 runs
[moonbitlang/core] bench builtin/contains_code_unit_bench_test.mbt:67 ("bench StringView contains_code_unit absent n=256") ok
time (mean ± σ)         range (min … max) 
 146.34 ns ±   1.89 ns   142.98 ns … 148.52 ns  in 10 × 100000 runs
[moonbitlang/core] bench builtin/bytesview_compare_bench_test.mbt:16 ("bench BytesView Compare equal n=1000000") ok
time (mean ± σ)         range (min … max) 
 959.50 µs ±   2.25 µs   956.70 µs … 962.57 µs  in 10 ×    105 runs
[moonbitlang/core] bench builtin/bytesview_compare_bench_test.mbt:23 ("bench BytesView Compare last-diff n=1000000") ok
time (mean ± σ)         range (min … max) 
 960.93 µs ±   2.38 µs   957.19 µs … 963.98 µs  in 10 ×    105 runs
[moonbitlang/core] bench builtin/bytes_unsafe_bench_test.mbt:31 ("bench Bytes::unsafe_read_uint16_le n=4096") ok
time (mean ± σ)         range (min … max) 
   2.75 µs ±  96.77 ns     2.65 µs …   2.87 µs  in 10 ×  35872 runs
[moonbitlang/core] bench builtin/bytes_unsafe_bench_test.mbt:43 ("bench Bytes::unsafe_read_uint32_le n=4096") ok
time (mean ± σ)         range (min … max) 
   5.05 µs ±  24.58 ns     5.00 µs …   5.08 µs  in 10 ×  19832 runs
[moonbitlang/core] bench builtin/bytes_unsafe_bench_test.mbt:55 ("bench Bytes::unsafe_read_uint64_le n=4096") ok
time (mean ± σ)         range (min … max) 
  10.17 µs ±   1.45 µs     9.47 µs …  12.92 µs  in 10 ×  10552 runs
[moonbitlang/core] bench builtin/bytes_unsafe_bench_test.mbt:67 ("bench FixedArray::unsafe_write_uint16_le n=4096") ok
time (mean ± σ)         range (min … max) 
   2.09 µs ±   0.41 ns     2.09 µs …   2.09 µs  in 10 ×  47182 runs
[moonbitlang/core] bench builtin/bytes_unsafe_bench_test.mbt:78 ("bench FixedArray::unsafe_write_uint32_le n=4096") ok
time (mean ± σ)         range (min … max) 
   4.59 µs ±   2.65 ns     4.58 µs …   4.59 µs  in 10 ×  21787 runs
[moonbitlang/core] bench builtin/bytes_unsafe_bench_test.mbt:89 ("bench FixedArray::unsafe_write_uint64_le n=4096") ok
time (mean ± σ)         range (min … max) 
  11.34 µs ±  28.87 ns    11.32 µs …  11.41 µs  in 10 ×   8824 runs
[moonbitlang/core] bench builtin/bytes_output_bench_test.mbt:19 ("bench Bytes Show binary n=100000") ok
time (mean ± σ)         range (min … max) 
   1.06 ms ± 164.36 µs   917.07 µs …   1.26 ms  in 10 ×     80 runs
[moonbitlang/core] bench builtin/bytes_output_bench_test.mbt:24 ("bench Bytes ToJson binary n=100000") ok
time (mean ± σ)         range (min … max) 
 939.21 µs ± 170.15 µs   802.93 µs …   1.15 ms  in 10 ×     88 runs
[moonbitlang/core] bench builtin/bytes_hash_bench_test.mbt:54 ("bench Hash::hash(Bytes) n=32") ok
time (mean ± σ)         range (min … max) 
  19.83 ns ±   0.53 ns    19.12 ns …  20.62 ns  in 10 × 100000 runs
[moonbitlang/core] bench builtin/bytes_hash_bench_test.mbt:60 ("bench Hash::hash(Bytes) n=8192") ok
time (mean ± σ)         range (min … max) 
   4.59 µs ±   4.74 ns     4.58 µs …   4.59 µs  in 10 ×  21747 runs
[moonbitlang/core] bench builtin/bytes_hash_bench_test.mbt:66 ("bench Map::at Bytes n=1024 key_bytes=32") ok
time (mean ± σ)         range (min … max) 
  51.15 µs ± 154.72 ns    50.87 µs …  51.31 µs  in 10 ×   1952 runs
[moonbitlang/core] bench builtin/bytes_from_array_bench_test.mbt:30 ("bench Bytes::from_array n=262144 full") ok
time (mean ± σ)         range (min … max) 
  97.12 µs ± 412.98 ns    96.10 µs …  97.73 µs  in 10 ×   1041 runs
[moonbitlang/core] bench builtin/bytes_from_array_bench_test.mbt:41 ("bench Bytes::from_array n=262144 sliced") ok
time (mean ± σ)         range (min … max) 
  97.15 µs ± 296.62 ns    96.55 µs …  97.77 µs  in 10 ×   1041 runs
[moonbitlang/core] bench builtin/bytes_from_array_bench_test.mbt:48 ("bench Bytes::makei from ArrayView n=262144 full") ok
time (mean ± σ)         range (min … max) 
 393.90 µs ±   1.23 µs   391.91 µs … 395.68 µs  in 10 ×    260 runs
[moonbitlang/core] bench builtin/bytes_from_array_bench_test.mbt:59 ("bench Bytes::makei from ArrayView n=262144 sliced") ok
time (mean ± σ)         range (min … max) 
 416.81 µs ±   5.36 µs   409.51 µs … 423.76 µs  in 10 ×    247 runs
[moonbitlang/core] bench builtin/bytes_equal_bench_test.mbt:37 ("bench Bytes::equal n=100000 equal") ok
time (mean ± σ)         range (min … max) 
  61.46 µs ± 414.27 ns    61.04 µs …  61.88 µs  in 10 ×   1617 runs
[moonbitlang/core] bench builtin/bytes_equal_bench_test.mbt:44 ("bench Bytes::equal n=100000 aliased object") ok
time (mean ± σ)         range (min … max) 
  61.06 µs ±  44.82 ns    61.01 µs …  61.15 µs  in 10 ×   1640 runs
[moonbitlang/core] bench builtin/bytes_equal_bench_test.mbt:54 ("bench Bytes::equal n=100000 mismatch at end") ok
time (mean ± σ)         range (min … max) 
  61.45 µs ± 420.71 ns    61.02 µs …  61.88 µs  in 10 ×   1618 runs
[moonbitlang/core] bench builtin/bytes_add_bench_test.mbt:16 ("bench Bytes add total=1000000") ok
time (mean ± σ)         range (min … max) 
 353.93 µs ±   1.11 µs   352.14 µs … 355.44 µs  in 10 ×    284 runs
[moonbitlang/core] bench builtin/bitstring_uint_aligned_bench_test.mbt:24 ("bench Bytes::unsafe_extract_uint_le_aligned n=8192") ok
time (mean ± σ)         range (min … max) 
   2.73 µs ±   5.94 ns     2.72 µs …   2.74 µs  in 10 ×  36416 runs
[moonbitlang/core] bench builtin/bitstring_uint64_aligned_bench_test.mbt:24 ("bench Bytes::unsafe_extract_uint64_le_aligned n=8192") ok
time (mean ± σ)         range (min … max) 
   3.18 µs ±  14.47 ns     3.15 µs …   3.20 µs  in 10 ×  39211 runs
[moonbitlang/core] bench builtin/bitstring_extract_bench_test.mbt:35 ("bench BytesView uint_le aligned len=32") ok
time (mean ± σ)         range (min … max) 
   4.56 µs ±  54.04 ns     4.48 µs …   4.61 µs  in 10 ×  22287 runs
[moonbitlang/core] bench builtin/bitstring_extract_bench_test.mbt:48 ("bench BytesView uint_be aligned len=32") ok
time (mean ± σ)         range (min … max) 
   4.58 µs ±  53.21 ns     4.50 µs …   4.63 µs  in 10 ×  22281 runs
[moonbitlang/core] bench builtin/bitstring_extract_bench_test.mbt:61 ("bench ArrayView uint_le aligned len=32") ok
time (mean ± σ)         range (min … max) 
   4.61 µs ±  65.66 ns     4.52 µs …   4.69 µs  in 10 ×  22255 runs
[moonbitlang/core] bench builtin/bitstring_extract_bench_test.mbt:75 ("bench ArrayView uint_be aligned len=32") ok
time (mean ± σ)         range (min … max) 
   4.53 µs ±  24.83 ns     4.50 µs …   4.56 µs  in 10 ×  22235 runs
[moonbitlang/core] bench builtin/bitstring_extract_bench_test.mbt:89 ("bench BytesView uint64_le aligned len=64") ok
time (mean ± σ)         range (min … max) 
   3.43 µs ±  33.69 ns     3.39 µs …   3.47 µs  in 10 ×  28784 runs
[moonbitlang/core] bench builtin/bitstring_extract_bench_test.mbt:102 ("bench BytesView uint64_be aligned len=64") ok
time (mean ± σ)         range (min … max) 
   3.40 µs ±  25.59 ns     3.38 µs …   3.45 µs  in 10 ×  28941 runs
[moonbitlang/core] bench builtin/bitstring_extract_bench_test.mbt:115 ("bench ArrayView uint64_le aligned len=64") ok
time (mean ± σ)         range (min … max) 
   3.43 µs ±  35.44 ns     3.39 µs …   3.48 µs  in 10 ×  28800 runs
[moonbitlang/core] bench builtin/bitstring_extract_bench_test.mbt:129 ("bench ArrayView uint64_be aligned len=64") ok
time (mean ± σ)         range (min … max) 
   3.48 µs ±   1.17 ns     3.48 µs …   3.48 µs  in 10 ×  28750 runs
[moonbitlang/core] bench builtin/bitstring_extract_bench_test.mbt:143 ("bench BytesView uint_le unaligned len=32") ok
time (mean ± σ)         range (min … max) 
  17.92 µs ± 114.77 ns    17.77 µs …  18.03 µs  in 10 ×   5544 runs
[moonbitlang/core] bench builtin/bitstring_extract_bench_test.mbt:156 ("bench BytesView uint64_le unaligned len=64") ok
time (mean ± σ)         range (min … max) 
  15.41 µs ±  10.25 ns    15.40 µs …  15.43 µs  in 10 ×   6498 runs
[moonbitlang/core] bench builtin/bitstring_extract_bench_test.mbt:169 ("bench BytesView uint_le aligned len=16") ok
time (mean ± σ)         range (min … max) 
   6.65 µs ±   1.79 µs     4.05 µs …   7.89 µs  in 10 ×  12832 runs
[moonbitlang/core] bench builtin/bitstring_extract_bench_test.mbt:182 ("bench BytesView uint_le aligned len=24") ok
time (mean ± σ)         range (min … max) 
  13.22 µs ±  59.19 ns    13.12 µs …  13.30 µs  in 10 ×   7555 runs
[moonbitlang/core] bench builtin/array_retain_bench_test.mbt:29 ("bench Array::retain all keep Int n=100000") ok
time (mean ± σ)         range (min … max) 
  61.03 µs ±  41.49 ns    60.99 µs …  61.14 µs  in 10 ×   1640 runs
[moonbitlang/core] bench builtin/array_retain_bench_test.mbt:42 ("bench Array::retain all keep Ref n=100000") ok
time (mean ± σ)         range (min … max) 
  71.44 µs ± 286.92 ns    71.18 µs …  72.11 µs  in 10 ×   1405 runs
[moonbitlang/core] bench builtin/array_retain_bench_test.mbt:55 ("bench Array::retain drop tail n=100000") ok
time (mean ± σ)         range (min … max) 
 129.76 µs ±   2.01 µs   127.83 µs … 132.48 µs  in 10 ×    744 runs
[moonbitlang/core] bench builtin/array_retain_bench_test.mbt:66 ("bench Array::retain late sparse drop n=100000") ok
time (mean ± σ)         range (min … max) 
 176.84 µs ± 642.35 ns   175.96 µs … 178.05 µs  in 10 ×    561 runs
[moonbitlang/core] bench builtin/array_retain_bench_test.mbt:77 ("bench Array::retain drop first n=100000") ok
time (mean ± σ)         range (min … max) 
 146.27 µs ±   1.81 µs   144.12 µs … 148.75 µs  in 10 ×    670 runs
[moonbitlang/core] bench builtin/array_make_blit_bench_test.mbt:32 ("bench FixedArray::copy Ref n=1000000") ok
time (mean ± σ)         range (min … max) 
   2.30 ms ±  54.40 µs     2.15 ms …   2.34 ms  in 10 ×     43 runs
[moonbitlang/core] bench builtin/array_make_blit_bench_test.mbt:38 ("bench Array::from_fixed_array Ref n=1000000") ok
time (mean ± σ)         range (min … max) 
   2.30 ms ±  52.23 µs     2.15 ms …   2.33 ms  in 10 ×     43 runs
[moonbitlang/core] bench builtin/array_make_blit_bench_test.mbt:44 ("bench Array::add Ref n=500000+500000") ok
time (mean ± σ)         range (min … max) 
   2.18 ms ±  96.17 µs     2.12 ms …   2.36 ms  in 10 ×     46 runs
[moonbitlang/core] bench builtin/array_make_blit_bench_test.mbt:51 ("bench ArrayView::add Ref n=500000+500000") ok
time (mean ± σ)         range (min … max) 
   2.18 ms ±  94.91 µs     2.12 ms …   2.36 ms  in 10 ×     46 runs
[moonbitlang/core] bench builtin/array_make_blit_bench_test.mbt:60 ("bench Array::blit_to Ref n=1000000 overwrite") ok
time (mean ± σ)         range (min … max) 
 154.55 µs ± 902.84 ns   153.72 µs … 155.64 µs  in 10 ×    649 runs
[moonbitlang/core] bench builtin/array_make_blit_bench_test.mbt:70 ("bench Array::blit_to Ref n=1000000 grow") ok
time (mean ± σ)         range (min … max) 
   3.34 ms ± 162.62 µs     3.19 ms …   3.60 ms  in 10 ×     32 runs
[moonbitlang/core] bench builtin/array_make_blit_bench_test.mbt:80 ("bench ArrayView::blit_to Ref n=1000000 overwrite") ok
time (mean ± σ)         range (min … max) 
 156.71 µs ± 965.40 ns   156.06 µs … 158.61 µs  in 10 ×    641 runs
[moonbitlang/core] bench builtin/array_make_blit_bench_test.mbt:90 ("bench ArrayView::blit_to Ref n=1000000 grow") ok
time (mean ± σ)         range (min … max) 
   3.32 ms ± 179.63 µs     3.13 ms …   3.60 ms  in 10 ×     32 runs
[moonbitlang/core] bench builtin/array_make_blit_bench_test.mbt:100 ("bench Array::append Ref n=1000000 grow") ok
time (mean ± σ)         range (min … max) 
   3.43 ms ± 146.43 µs     3.35 ms …   3.71 ms  in 10 ×     31 runs
[moonbitlang/core] bench builtin/array_make_blit_bench_test.mbt:110 ("bench Array::push Ref n=1000000 resize") ok
time (mean ± σ)         range (min … max) 
   4.99 ms ± 236.40 µs     4.59 ms …   5.31 ms  in 10 ×     20 runs
[moonbitlang/core] bench builtin/array_make_blit_bench_test.mbt:129 ("bench Array::copy Int n=1000000") ok
time (mean ± σ)         range (min … max) 
 578.26 µs ±   1.29 µs   576.00 µs … 580.35 µs  in 10 ×    173 runs
[moonbitlang/core] bench builtin/array_make_blit_bench_test.mbt:135 ("bench Array::copy Ref n=1000000") ok
time (mean ± σ)         range (min … max) 
   2.17 ms ±  92.74 µs     2.11 ms …   2.35 ms  in 10 ×     46 runs
[moonbitlang/core] bench builtin/array_locals_bench_test.mbt:29 ("bench Array::retain_map n=100000") ok
time (mean ± σ)         range (min … max) 
  64.50 µs ± 154.90 ns    64.41 µs …  64.94 µs  in 10 ×   1553 runs
[moonbitlang/core] bench builtin/array_locals_bench_test.mbt:38 ("bench Array::shuffle_in_place n=100000") ok
time (mean ± σ)         range (min … max) 
 148.10 µs ± 299.83 ns   147.81 µs … 148.68 µs  in 10 ×    676 runs
[moonbitlang/core] bench builtin/array_locals_bench_test.mbt:50 ("bench Array::filter_map n=100000") ok
time (mean ± σ)         range (min … max) 
 165.47 µs ± 683.09 ns   164.78 µs … 166.69 µs  in 10 ×    601 runs
[moonbitlang/core] bench builtin/array_locals_bench_test.mbt:58 ("bench FixedArray::each n=100000") ok
time (mean ± σ)         range (min … max) 
  52.32 µs ± 202.70 ns    52.14 µs …  52.62 µs  in 10 ×   1900 runs
[moonbitlang/core] bench builtin/array_locals_bench_test.mbt:68 ("bench FixedArray::eachi n=100000") ok
time (mean ± σ)         range (min … max) 
  64.37 µs ±  33.91 ns    64.33 µs …  64.45 µs  in 10 ×   1555 runs
[moonbitlang/core] bench builtin/array_locals_bench_test.mbt:78 ("bench FixedArray::rev_each n=100000") ok
time (mean ± σ)         range (min … max) 
  49.54 µs ± 419.04 ns    49.17 µs …  50.12 µs  in 10 ×   1997 runs
[moonbitlang/core] bench builtin/array_locals_bench_test.mbt:88 ("bench FixedArray::rev_eachi n=100000") ok
time (mean ± σ)         range (min … max) 
  71.92 µs ±  57.42 ns    71.86 µs …  72.06 µs  in 10 ×   1391 runs
[moonbitlang/core] bench builtin/array_locals_bench_test.mbt:98 ("bench FixedArray::map n=100000") ok
time (mean ± σ)         range (min … max) 
  85.21 µs ± 338.78 ns    84.76 µs …  85.61 µs  in 10 ×   1174 runs
[moonbitlang/core] bench builtin/array_locals_bench_test.mbt:104 ("bench FixedArray::mapi n=100000") ok
time (mean ± σ)         range (min … max) 
  83.56 µs ± 379.56 ns    83.08 µs …  84.14 µs  in 10 ×   1198 runs
[moonbitlang/core] bench builtin/array_locals_bench_test.mbt:110 ("bench FixedArray::makei n=100000") ok
time (mean ± σ)         range (min … max) 
  82.57 µs ± 343.44 ns    82.10 µs …  83.05 µs  in 10 ×   1236 runs
[moonbitlang/core] bench builtin/array_locals_bench_test.mbt:115 ("bench FixedArray::fold n=100000") ok
time (mean ± σ)         range (min … max) 
  51.61 µs ±  47.03 ns    51.55 µs …  51.69 µs  in 10 ×   1936 runs
[moonbitlang/core] bench builtin/array_locals_bench_test.mbt:121 ("bench FixedArray::rev_fold n=100000") ok
time (mean ± σ)         range (min … max) 
  51.00 µs ±  58.44 ns    50.91 µs …  51.10 µs  in 10 ×   1966 runs
[moonbitlang/core] bench builtin/array_locals_bench_test.mbt:127 ("bench FixedArray::foldi n=100000") ok
time (mean ± σ)         range (min … max) 
  54.42 µs ±  41.80 ns    54.39 µs …  54.52 µs  in 10 ×   1838 runs
[moonbitlang/core] bench builtin/array_locals_bench_test.mbt:133 ("bench FixedArray::rev_foldi n=100000") ok
time (mean ± σ)         range (min … max) 
  59.77 µs ± 165.67 ns    59.66 µs …  60.21 µs  in 10 ×   1676 runs
[moonbitlang/core] bench builtin/array_locals_bench_test.mbt:139 ("bench ArrayView::chunk_by n=100000") ok
time (mean ± σ)         range (min … max) 
  88.49 µs ±  86.20 ns    88.39 µs …  88.65 µs  in 10 ×   1132 runs
[moonbitlang/core] bench builtin/array_locals_bench_test.mbt:146 ("bench ArrayView::each n=100000") ok
time (mean ± σ)         range (min … max) 
  59.34 µs ±  51.46 ns    59.26 µs …  59.42 µs  in 10 ×   1686 runs
[moonbitlang/core] bench builtin/array_locals_bench_test.mbt:157 ("bench ArrayView::eachi n=100000") ok
time (mean ± σ)         range (min … max) 
  66.01 µs ± 105.54 ns    65.85 µs …  66.16 µs  in 10 ×   1517 runs
[moonbitlang/core] bench builtin/array_locals_bench_test.mbt:168 ("bench ArrayView::rev_each n=100000") ok
time (mean ± σ)         range (min … max) 
  62.94 µs ±  59.35 ns    62.86 µs …  63.03 µs  in 10 ×   1592 runs
[moonbitlang/core] bench builtin/array_locals_bench_test.mbt:179 ("bench ArrayView::rev_eachi n=100000") ok
time (mean ± σ)         range (min … max) 
  71.81 µs ±  74.06 ns    71.70 µs …  71.90 µs  in 10 ×   1394 runs
[moonbitlang/core] bench builtin/array_locals_bench_test.mbt:190 ("bench ArrayView::all n=100000") ok
time (mean ± σ)         range (min … max) 
  59.28 µs ± 216.15 ns    59.01 µs …  59.77 µs  in 10 ×   1692 runs
[moonbitlang/core] bench builtin/array_locals_bench_test.mbt:197 ("bench ArrayView::any n=100000") ok
time (mean ± σ)         range (min … max) 
  58.57 µs ± 134.34 ns    58.42 µs …  58.86 µs  in 10 ×   1710 runs
[moonbitlang/core] bench builtin/array_locals_bench_test.mbt:204 ("bench ArrayView::search_by n=100000") ok
time (mean ± σ)         range (min … max) 
  58.63 µs ±  73.40 ns    58.50 µs …  58.73 µs  in 10 ×   1709 runs
[moonbitlang/core] bench builtin/array_locals_bench_test.mbt:213 ("bench ArrayView::fold n=100000") ok
time (mean ± σ)         range (min … max) 
  58.48 µs ± 105.38 ns    58.36 µs …  58.63 µs  in 10 ×   1711 runs
[moonbitlang/core] bench builtin/array_locals_bench_test.mbt:220 ("bench ArrayView::rev_fold n=100000") ok
time (mean ± σ)         range (min … max) 
  56.77 µs ±  39.15 ns    56.71 µs …  56.84 µs  in 10 ×   1764 runs
[moonbitlang/core] bench builtin/array_locals_bench_test.mbt:227 ("bench ArrayView::foldi n=100000") ok
time (mean ± σ)         range (min … max) 
  65.35 µs ±  59.33 ns    65.26 µs …  65.45 µs  in 10 ×   1531 runs
[moonbitlang/core] bench builtin/array_locals_bench_test.mbt:234 ("bench ArrayView::rev_foldi n=100000") ok
time (mean ± σ)         range (min … max) 
  72.14 µs ± 186.54 ns    72.05 µs …  72.66 µs  in 10 ×   1388 runs
[moonbitlang/core] bench builtin/array_locals_bench_test.mbt:241 ("bench ArrayView::map n=100000") ok
time (mean ± σ)         range (min … max) 
 131.40 µs ±   1.22 µs   130.09 µs … 134.25 µs  in 10 ×    761 runs
[moonbitlang/core] bench builtin/array_locals_bench_test.mbt:248 ("bench ArrayView::mapi n=100000") ok
time (mean ± σ)         range (min … max) 
 132.92 µs ± 495.34 ns   132.35 µs … 133.65 µs  in 10 ×    749 runs
[moonbitlang/core] bench builtin/array_locals_bench_test.mbt:255 ("bench ArrayView::filter n=100000") ok
time (mean ± σ)         range (min … max) 
 139.49 µs ± 602.49 ns   138.96 µs … 140.62 µs  in 10 ×    715 runs
[moonbitlang/core] bench builtin/array_locals_bench_test.mbt:262 ("bench ArrayView::filter_map n=100000") ok
time (mean ± σ)         range (min … max) 
 179.23 µs ± 994.79 ns   178.24 µs … 181.01 µs  in 10 ×    493 runs
[moonbitlang/core] bench bytes/find_bench_test.mbt:92 ("bench BytesView::find single byte hit end n=4096") ok
time (mean ± σ)         range (min … max) 
   2.08 µs ±   3.49 ns     2.08 µs …   2.09 µs  in 10 ×  50458 runs
[moonbitlang/core] bench bytes/find_bench_test.mbt:99 ("bench BytesView::find single byte miss n=4096") ok
time (mean ± σ)         range (min … max) 
   2.12 µs ±   6.27 ns     2.11 µs …   2.13 µs  in 10 ×  49745 runs
[moonbitlang/core] bench bytes/find_bench_test.mbt:106 ("bench BytesView::find substring rare hit end n=4096") ok
time (mean ± σ)         range (min … max) 
   2.23 µs ±   1.26 ns     2.23 µs …   2.23 µs  in 10 ×  45187 runs
[moonbitlang/core] bench bytes/find_bench_test.mbt:113 ("bench BytesView::find substring dense miss n=4096") ok
time (mean ± σ)         range (min … max) 
   2.28 µs ±   2.93 ns     2.27 µs …   2.28 µs  in 10 ×  44569 runs
[moonbitlang/core] bench bytes/find_bench_test.mbt:120 ("bench BytesView::find offset view rare hit end n=4096") ok
time (mean ± σ)         range (min … max) 
   2.23 µs ±   1.57 ns     2.22 µs …   2.23 µs  in 10 ×  45132 runs
[moonbitlang/core] bench bytes/find_bench_test.mbt:127 ("bench BytesView::find long dense miss n=4096") ok
time (mean ± σ)         range (min … max) 
   4.70 µs ±   5.36 ns     4.70 µs …   4.71 µs  in 10 ×  21220 runs
[moonbitlang/core] bench bytes/find_bench_test.mbt:134 ("bench BytesView::find single byte miss n=32") ok
time (mean ± σ)         range (min … max) 
  22.57 ns ±   0.15 ns    22.28 ns …  22.89 ns  in 10 × 100000 runs
[moonbitlang/core] bench bytes/find_bench_test.mbt:141 ("bench BytesView::find substring miss n=32") ok
time (mean ± σ)         range (min … max) 
  24.99 ns ±   0.27 ns    24.51 ns …  25.23 ns  in 10 × 100000 runs
[moonbitlang/core] bench bytes/find_bench_test.mbt:148 ("bench BytesView::rev_find single byte hit start n=4096") ok
time (mean ± σ)         range (min … max) 
   2.03 µs ±   4.58 ns     2.02 µs …   2.03 µs  in 10 ×  50404 runs
[moonbitlang/core] bench bytes/find_bench_test.mbt:155 ("bench BytesView::rev_find single byte miss n=4096") ok
time (mean ± σ)         range (min … max) 
   2.17 µs ±   6.10 ns     2.16 µs …   2.18 µs  in 10 ×  49595 runs
[moonbitlang/core] bench bytes/find_bench_test.mbt:162 ("bench BytesView::rev_find substring rare hit start n=4096") ok
time (mean ± σ)         range (min … max) 
   3.34 µs ±   1.35 ns     3.34 µs …   3.34 µs  in 10 ×  29911 runs
[moonbitlang/core] bench bytes/find_bench_test.mbt:169 ("bench BytesView::rev_find substring dense miss n=4096") ok
time (mean ± σ)         range (min … max) 
   3.50 µs ±   5.85 ns     3.49 µs …   3.51 µs  in 10 ×  28512 runs
[moonbitlang/core] bench bytes/find_bench_test.mbt:176 ("bench BytesView::rev_find offset view rare hit start n=4096") ok
time (mean ± σ)         range (min … max) 
   3.34 µs ±   2.25 ns     3.34 µs …   3.34 µs  in 10 ×  29919 runs
[moonbitlang/core] bench bytes/find_bench_test.mbt:185 ("bench BytesView::rev_find long dense miss n=4096") ok
time (mean ± σ)         range (min … max) 
   3.47 µs ±   8.98 ns     3.46 µs …   3.49 µs  in 10 ×  28726 runs
[moonbitlang/core] bench deque/deque_bench_test.mbt:22 ("bench Deque::to_array Int n=50000") ok
time (mean ± σ)         range (min … max) 
  99.17 µs ± 726.59 ns    98.15 µs …  99.99 µs  in 10 ×   1010 runs
[moonbitlang/core] bench deque/deque_bench_test.mbt:28 ("bench Deque::to_array Ref n=50000") ok
time (mean ± σ)         range (min … max) 
 124.54 µs ±   1.80 µs   122.78 µs … 127.75 µs  in 10 ×    797 runs
[moonbitlang/core] bench encoding/ascii/ascii_bench_test.mbt:40 ("bench ASCII decode n=15") ok
time (mean ± σ)         range (min … max) 
  51.95 ns ±   1.25 ns    50.65 ns …  53.54 ns  in 10 × 100000 runs
[moonbitlang/core] bench encoding/ascii/ascii_bench_test.mbt:46 ("bench ASCII decode n=16") ok
time (mean ± σ)         range (min … max) 
  55.47 ns ±   0.32 ns    55.02 ns …  56.06 ns  in 10 × 100000 runs
[moonbitlang/core] bench encoding/ascii/ascii_bench_test.mbt:52 ("bench ASCII decode n=32") ok
time (mean ± σ)         range (min … max) 
  94.31 ns ±   0.55 ns    93.67 ns …  95.24 ns  in 10 × 100000 runs
[moonbitlang/core] bench encoding/ascii/ascii_bench_test.mbt:58 ("bench ASCII decode n=64") ok
time (mean ± σ)         range (min … max) 
 135.51 ns ±   0.74 ns   134.72 ns … 136.93 ns  in 10 × 100000 runs
[moonbitlang/core] bench encoding/ascii/ascii_bench_test.mbt:64 ("bench ASCII decode n=100000") ok
time (mean ± σ)         range (min … max) 
 228.61 µs ± 845.63 ns   226.71 µs … 229.69 µs  in 10 ×    439 runs
[moonbitlang/core] bench encoding/ascii/ascii_bench_test.mbt:70 ("bench ASCII decode n=1000000") ok
time (mean ± σ)         range (min … max) 
   2.19 ms ±  10.83 µs     2.18 ms …   2.21 ms  in 10 ×     46 runs
[moonbitlang/core] bench encoding/base64/v128_bench_wbtest.mbt:38 ("bench encode scalar n=64") ok
time (mean ± σ)         range (min … max) 
   1.61 µs ±   9.38 ns     1.60 µs …   1.63 µs  in 10 ×  61415 runs
[moonbitlang/core] bench encoding/base64/v128_bench_wbtest.mbt:43 ("bench encode v128 n=64") ok
time (mean ± σ)         range (min … max) 
   1.62 µs ±   4.15 ns     1.61 µs …   1.62 µs  in 10 ×  58713 runs
[moonbitlang/core] bench encoding/base64/v128_bench_wbtest.mbt:48 ("bench encode scalar n=1024") ok
time (mean ± σ)         range (min … max) 
  24.83 µs ± 228.69 ns    24.59 µs …  25.24 µs  in 10 ×   3952 runs
[moonbitlang/core] bench encoding/base64/v128_bench_wbtest.mbt:53 ("bench encode v128 n=1024") ok
time (mean ± σ)         range (min … max) 
  24.98 µs ± 366.81 ns    24.66 µs …  25.73 µs  in 10 ×   3952 runs
[moonbitlang/core] bench encoding/base64/v128_bench_wbtest.mbt:58 ("bench encode scalar n=65536") ok
time (mean ± σ)         range (min … max) 
   1.60 ms ±   5.96 µs     1.59 ms …   1.61 ms  in 10 ×     63 runs
[moonbitlang/core] bench encoding/base64/v128_bench_wbtest.mbt:63 ("bench encode v128 n=65536") ok
time (mean ± σ)         range (min … max) 
   1.60 ms ±   5.13 µs     1.59 ms …   1.61 ms  in 10 ×     63 runs
[moonbitlang/core] bench encoding/base64/v128_bench_wbtest.mbt:68 ("bench decode scalar n=64") ok
time (mean ± σ)         range (min … max) 
 256.38 ns ±   1.83 ns   254.63 ns … 258.76 ns  in 10 × 100000 runs
[moonbitlang/core] bench encoding/base64/v128_bench_wbtest.mbt:75 ("bench decode v128 n=64") ok
time (mean ± σ)         range (min … max) 
 256.55 ns ±   1.32 ns   254.92 ns … 258.28 ns  in 10 × 100000 runs
[moonbitlang/core] bench encoding/base64/v128_bench_wbtest.mbt:80 ("bench decode scalar n=1024") ok
time (mean ± σ)         range (min … max) 
   3.64 µs ±  14.43 ns     3.63 µs …   3.67 µs  in 10 ×  25853 runs
[moonbitlang/core] bench encoding/base64/v128_bench_wbtest.mbt:87 ("bench decode v128 n=1024") ok
time (mean ± σ)         range (min … max) 
   3.65 µs ±  20.55 ns     3.63 µs …   3.69 µs  in 10 ×  25768 runs
[moonbitlang/core] bench encoding/base64/v128_bench_wbtest.mbt:92 ("bench decode scalar n=65536") ok
time (mean ± σ)         range (min … max) 
 583.10 µs ±   2.51 µs   578.54 µs … 585.74 µs  in 10 ×    171 runs
[moonbitlang/core] bench encoding/base64/v128_bench_wbtest.mbt:99 ("bench decode v128 n=65536") ok
time (mean ± σ)         range (min … max) 
 581.89 µs ±   1.33 µs   579.69 µs … 582.92 µs  in 10 ×    173 runs
[moonbitlang/core] bench encoding/hex/v128_bench_wbtest.mbt:34 ("bench encode scalar 4k") ok
time (mean ± σ)         range (min … max) 
 141.90 µs ± 964.65 ns   140.03 µs … 143.07 µs  in 10 ×    704 runs
[moonbitlang/core] bench encoding/hex/v128_bench_wbtest.mbt:39 ("bench encode public 64") ok
time (mean ± σ)         range (min … max) 
   2.24 µs ±  14.85 ns     2.21 µs …   2.26 µs  in 10 ×  44172 runs
[moonbitlang/core] bench encoding/hex/v128_bench_wbtest.mbt:44 ("bench encode public 4k") ok
time (mean ± σ)         range (min … max) 
 142.02 µs ± 430.77 ns   141.40 µs … 142.73 µs  in 10 ×    698 runs
[moonbitlang/core] bench encoding/hex/v128_bench_wbtest.mbt:49 ("bench encode public 64k") ok
time (mean ± σ)         range (min … max) 
   2.28 ms ±   5.97 µs     2.27 ms …   2.29 ms  in 10 ×     44 runs
[moonbitlang/core] bench encoding/hex/v128_bench_wbtest.mbt:54 ("bench decode scalar 4k") ok
time (mean ± σ)         range (min … max) 
  27.46 µs ± 440.27 ns    26.77 µs …  28.06 µs  in 10 ×   3506 runs
[moonbitlang/core] bench encoding/hex/v128_bench_wbtest.mbt:62 ("bench decode public 4k") ok
time (mean ± σ)         range (min … max) 
  24.78 µs ±   1.51 µs    22.97 µs …  26.83 µs  in 10 ×   3716 runs
[moonbitlang/core] bench encoding/hex/v128_bench_wbtest.mbt:70 ("bench decode public 64k") ok
time (mean ± σ)         range (min … max) 
 570.74 µs ±   2.69 µs   568.20 µs … 575.57 µs  in 10 ×    175 runs
[moonbitlang/core] bench encoding/utf16/utf16_v128_bench_test.mbt:57 ("bench utf16 encode ASCII LE n=100000") ok
time (mean ± σ)         range (min … max) 
 103.96 µs ± 145.21 ns   103.81 µs … 104.20 µs  in 10 ×    953 runs
[moonbitlang/core] bench encoding/utf16/utf16_v128_bench_test.mbt:63 ("bench utf16 encode ASCII BE n=100000") ok
time (mean ± σ)         range (min … max) 
 110.86 µs ± 741.46 ns   110.09 µs … 111.84 µs  in 10 ×    904 runs
[moonbitlang/core] bench encoding/utf16/utf16_v128_bench_test.mbt:69 ("bench utf16 encode mixed LE n=100000") ok
time (mean ± σ)         range (min … max) 
 105.78 µs ± 203.77 ns   105.52 µs … 106.09 µs  in 10 ×    944 runs
[moonbitlang/core] bench encoding/utf16/utf16_v128_bench_test.mbt:75 ("bench utf16 encode mixed BE n=100000") ok
time (mean ± σ)         range (min … max) 
 110.66 µs ± 867.36 ns   109.70 µs … 111.72 µs  in 10 ×    902 runs
[moonbitlang/core] bench encoding/utf16/utf16_v128_bench_test.mbt:81 ("bench utf16 decode ASCII LE n=100000") ok
time (mean ± σ)         range (min … max) 
 189.57 µs ±   3.56 µs   184.64 µs … 194.29 µs  in 10 ×    536 runs
[moonbitlang/core] bench encoding/utf16/utf16_v128_bench_test.mbt:87 ("bench utf16 decode ASCII BE n=100000") ok
time (mean ± σ)         range (min … max) 
 324.72 µs ±   1.33 µs   323.12 µs … 326.79 µs  in 10 ×    307 runs
[moonbitlang/core] bench encoding/utf16/utf16_v128_bench_test.mbt:95 ("bench utf16 decode mixed LE n=100000") ok
time (mean ± σ)         range (min … max) 
 193.36 µs ± 996.22 ns   191.16 µs … 194.56 µs  in 10 ×    542 runs
[moonbitlang/core] bench encoding/utf16/utf16_v128_bench_test.mbt:101 ("bench utf16 decode mixed BE n=100000") ok
time (mean ± σ)         range (min … max) 
 325.35 µs ± 702.10 ns   324.30 µs … 326.19 µs  in 10 ×    308 runs
[moonbitlang/core] bench encoding/utf16/utf16_v128_bench_test.mbt:109 ("bench utf16 decode emoji LE n=100000") ok
time (mean ± σ)         range (min … max) 
 284.30 µs ±   2.79 µs   280.70 µs … 287.26 µs  in 10 ×    351 runs
[moonbitlang/core] bench encoding/utf16/utf16_v128_bench_test.mbt:115 ("bench utf16 decode emoji BE n=100000") ok
time (mean ± σ)         range (min … max) 
 333.45 µs ±   1.45 µs   332.37 µs … 336.21 µs  in 10 ×    300 runs
[moonbitlang/core] bench hashmap/hashmap_bench_test.mbt:19 ("bench HashMap::set n=50000") ok
time (mean ± σ)         range (min … max) 
   1.63 ms ±  17.84 µs     1.61 ms …   1.66 ms  in 10 ×     61 runs
[moonbitlang/core] bench hashmap/hashmap_bench_test.mbt:30 ("bench HashMap::get n=50000") ok
time (mean ± σ)         range (min … max) 
 476.56 µs ± 352.64 ns   475.99 µs … 477.03 µs  in 10 ×    211 runs
[moonbitlang/core] bench hashmap/hashmap_bench_test.mbt:47 ("bench HashMap::get miss n=50000") ok
time (mean ± σ)         range (min … max) 
 604.27 µs ± 293.07 ns   603.97 µs … 604.78 µs  in 10 ×    166 runs
[moonbitlang/core] bench hashmap/hashmap_bench_test.mbt:67 ("bench HashMap::set+remove n=50000") ok
time (mean ± σ)         range (min … max) 
   2.27 ms ±  17.52 µs     2.25 ms …   2.30 ms  in 10 ×     44 runs
[moonbitlang/core] bench hashmap/hashmap_bench_test.mbt:87 ("bench HashMap::copy+remove n=50000") ok
time (mean ± σ)         range (min … max) 
   1.26 ms ±  21.59 µs     1.23 ms …   1.29 ms  in 10 ×     81 runs
[moonbitlang/core] bench hashmap/hashmap_bench_test.mbt:102 ("bench HashMap::copy n=50000") ok
time (mean ± σ)         range (min … max) 
 618.78 µs ±   9.70 µs   604.21 µs … 633.82 µs  in 10 ×    163 runs
[moonbitlang/core] bench hashmap/hashmap_bench_test.mbt:114 ("bench HashMap::to_array Int n=50000") ok
time (mean ± σ)         range (min … max) 
 597.96 µs ±  19.08 µs   571.64 µs … 626.68 µs  in 10 ×    167 runs
[moonbitlang/core] bench hashmap/hashmap_bench_test.mbt:123 ("bench HashMap::to_array Ref n=50000") ok
time (mean ± σ)         range (min … max) 
 717.03 µs ±   7.33 µs   708.81 µs … 728.99 µs  in 10 ×    141 runs
[moonbitlang/core] bench hashset/hashset_bench_test.mbt:19 ("bench HashSet::add n=50000") ok
time (mean ± σ)         range (min … max) 
   2.02 ms ±  31.86 µs     1.99 ms …   2.07 ms  in 10 ×     50 runs
[moonbitlang/core] bench hashset/hashset_bench_test.mbt:30 ("bench HashSet::contains n=50000") ok
time (mean ± σ)         range (min … max) 
   1.08 ms ±   1.73 µs     1.07 ms …   1.08 ms  in 10 ×     94 runs
[moonbitlang/core] bench immut/hashmap/hashmap_build_bench_test.mbt:37 ("bench HashMap constructor ordered n=10000") ok
time (mean ± σ)         range (min … max) 
 560.20 µs ±   1.82 µs   557.63 µs … 562.49 µs  in 10 ×    179 runs
[moonbitlang/core] bench immut/hashmap/hashmap_build_bench_test.mbt:43 ("bench HashMap constructor random n=10000") ok
time (mean ± σ)         range (min … max) 
 562.99 µs ±   1.59 µs   560.93 µs … 566.32 µs  in 10 ×    178 runs
[moonbitlang/core] bench immut/hashmap/hashmap_build_bench_test.mbt:49 ("bench HashMap::from_iter random n=10000") ok
time (mean ± σ)         range (min … max) 
 590.53 µs ±   2.59 µs   587.71 µs … 596.72 µs  in 10 ×    170 runs
[moonbitlang/core] bench immut/hashset/hashset_build_bench_test.mbt:34 ("bench HashSet constructor ordered n=10000") ok
time (mean ± σ)         range (min … max) 
 590.02 µs ±   2.60 µs   586.28 µs … 593.88 µs  in 10 ×    170 runs
[moonbitlang/core] bench immut/hashset/hashset_build_bench_test.mbt:40 ("bench HashSet constructor random n=10000") ok
time (mean ± σ)         range (min … max) 
 593.90 µs ±   2.83 µs   590.53 µs … 598.82 µs  in 10 ×    169 runs
[moonbitlang/core] bench immut/hashset/hashset_build_bench_test.mbt:46 ("bench HashSet::from_iter random n=10000") ok
time (mean ± σ)         range (min … max) 
 619.76 µs ±   3.20 µs   614.21 µs … 624.39 µs  in 10 ×    162 runs
[moonbitlang/core] bench immut/priority_queue/priority_queue_build_bench_test.mbt:38 ("bench PriorityQueue::from_array ordered n=10000") ok
time (mean ± σ)         range (min … max) 
  51.22 µs ±   1.24 µs    49.98 µs …  52.84 µs  in 10 ×   1897 runs
[moonbitlang/core] bench immut/priority_queue/priority_queue_build_bench_test.mbt:44 ("bench PriorityQueue::from_array reverse n=10000") ok
time (mean ± σ)         range (min … max) 
  40.86 µs ± 724.27 ns    40.31 µs …  42.39 µs  in 10 ×   2334 runs
[moonbitlang/core] bench immut/priority_queue/priority_queue_build_bench_test.mbt:50 ("bench PriorityQueue::from_array random n=10000") ok
time (mean ± σ)         range (min … max) 
  52.37 µs ±   1.12 µs    51.25 µs …  53.66 µs  in 10 ×   1857 runs
[moonbitlang/core] bench immut/priority_queue/priority_queue_build_bench_test.mbt:56 ("bench PriorityQueue::from_iter random n=10000") ok
time (mean ± σ)         range (min … max) 
  86.47 µs ± 328.71 ns    86.11 µs …  87.08 µs  in 10 ×   1152 runs
[moonbitlang/core] bench immut/sorted_map/sorted_map_build_bench_test.mbt:54 ("bench SortedMap constructor reverse n=10000") ok
time (mean ± σ)         range (min … max) 
  81.91 µs ± 103.67 ns    81.73 µs …  82.05 µs  in 10 ×   1220 runs
[moonbitlang/core] bench immut/sorted_map/sorted_map_build_bench_test.mbt:60 ("bench SortedMap::from_iter ordered n=10000") ok
time (mean ± σ)         range (min … max) 
   1.79 ms ±  10.63 µs     1.77 ms …   1.80 ms  in 10 ×     56 runs
[moonbitlang/core] bench immut/sorted_map/sorted_map_build_bench_test.mbt:66 ("bench SortedMap::from_iter almost ordered n=10000") ok
time (mean ± σ)         range (min … max) 
   1.78 ms ±   9.85 µs     1.77 ms …   1.80 ms  in 10 ×     57 runs
[moonbitlang/core] bench immut/sorted_map/sorted_map_build_bench_test.mbt:72 ("bench SortedMap::from_iter random n=10000") ok
time (mean ± σ)         range (min … max) 
   1.10 ms ±   4.09 µs     1.10 ms …   1.11 ms  in 10 ×     92 runs
[moonbitlang/core] bench immut/sorted_map/sorted_map_build_bench_test.mbt:78 ("bench SortedMap constructor ordered n=10000") ok
time (mean ± σ)         range (min … max) 
  83.74 µs ± 267.56 ns    83.44 µs …  84.32 µs  in 10 ×   1196 runs
[moonbitlang/core] bench immut/sorted_map/sorted_map_build_bench_test.mbt:84 ("bench SortedMap constructor almost ordered n=10000") ok
time (mean ± σ)         range (min … max) 
 178.81 µs ± 371.96 ns   178.30 µs … 179.36 µs  in 10 ×    561 runs
[moonbitlang/core] bench immut/sorted_map/sorted_map_build_bench_test.mbt:90 ("bench SortedMap constructor random n=10000") ok
time (mean ± σ)         range (min … max) 
 701.91 µs ±   1.88 µs   699.81 µs … 705.40 µs  in 10 ×    142 runs
[moonbitlang/core] bench immut/sorted_map/merge_bench_test.mbt:29 ("bench merge disjoint n=1000") ok
time (mean ± σ)         range (min … max) 
   1.78 µs ±   7.02 ns     1.77 µs …   1.79 µs  in 10 ×  53441 runs
[moonbitlang/core] bench immut/sorted_map/merge_bench_test.mbt:36 ("bench merge disjoint n=5000") ok
time (mean ± σ)         range (min … max) 
   2.65 µs ±   5.17 ns     2.65 µs …   2.66 µs  in 10 ×  37732 runs
[moonbitlang/core] bench immut/sorted_map/merge_bench_test.mbt:43 ("bench merge disjoint n=10000") ok
time (mean ± σ)         range (min … max) 
   3.11 µs ±  18.40 ns     3.07 µs …   3.13 µs  in 10 ×  32327 runs
[moonbitlang/core] bench immut/sorted_map/merge_bench_test.mbt:50 ("bench merge overlapping 50% n=1000") ok
time (mean ± σ)         range (min … max) 
   7.43 µs ±  63.94 ns     7.36 µs …   7.54 µs  in 10 ×  13233 runs
[moonbitlang/core] bench immut/sorted_map/merge_bench_test.mbt:57 ("bench merge overlapping 50% n=5000") ok
time (mean ± σ)         range (min … max) 
  36.48 µs ± 152.54 ns    36.31 µs …  36.73 µs  in 10 ×   2746 runs
[moonbitlang/core] bench immut/sorted_map/merge_bench_test.mbt:64 ("bench merge overlapping 50% n=10000") ok
time (mean ± σ)         range (min … max) 
  65.81 µs ± 152.16 ns    65.64 µs …  66.10 µs  in 10 ×   1519 runs
[moonbitlang/core] bench immut/sorted_map/merge_bench_test.mbt:71 ("bench merge identical n=1000") ok
time (mean ± σ)         range (min … max) 
  11.08 µs ±  16.64 ns    11.05 µs …  11.10 µs  in 10 ×   9019 runs
[moonbitlang/core] bench immut/sorted_map/merge_bench_test.mbt:78 ("bench merge identical n=5000") ok
time (mean ± σ)         range (min … max) 
  57.33 µs ± 158.63 ns    57.16 µs …  57.65 µs  in 10 ×   1747 runs
[moonbitlang/core] bench immut/sorted_map/merge_bench_test.mbt:85 ("bench merge interleaved n=1000") ok
time (mean ± σ)         range (min … max) 
  38.40 µs ± 149.15 ns    38.19 µs …  38.64 µs  in 10 ×   2612 runs
[moonbitlang/core] bench immut/sorted_map/merge_bench_test.mbt:92 ("bench merge interleaved n=5000") ok
time (mean ± σ)         range (min … max) 
 211.03 µs ± 714.96 ns   210.21 µs … 212.34 µs  in 10 ×    476 runs
[moonbitlang/core] bench immut/sorted_map/merge_bench_test.mbt:99 ("bench merge small into large n=100+10000") ok
time (mean ± σ)         range (min … max) 
   2.53 µs ±  22.42 ns     2.49 µs …   2.55 µs  in 10 ×  39015 runs
[moonbitlang/core] bench immut/sorted_set/sorted_set_build_bench_test.mbt:51 ("bench SortedSet constructor reverse n=10000") ok
time (mean ± σ)         range (min … max) 
  75.91 µs ± 115.75 ns    75.73 µs …  76.07 µs  in 10 ×   1316 runs
[moonbitlang/core] bench immut/sorted_set/sorted_set_build_bench_test.mbt:57 ("bench SortedSet::from_iter ordered n=10000") ok
time (mean ± σ)         range (min … max) 
   1.79 ms ±   7.47 µs     1.78 ms …   1.80 ms  in 10 ×     57 runs
[moonbitlang/core] bench immut/sorted_set/sorted_set_build_bench_test.mbt:63 ("bench SortedSet::from_iter almost ordered n=10000") ok
time (mean ± σ)         range (min … max) 
   1.80 ms ±  13.80 µs     1.78 ms …   1.82 ms  in 10 ×     56 runs
[moonbitlang/core] bench immut/sorted_set/sorted_set_build_bench_test.mbt:69 ("bench SortedSet::from_iter rev almost ordered n=10000") ok
time (mean ± σ)         range (min … max) 
   1.79 ms ±   9.28 µs     1.78 ms …   1.81 ms  in 10 ×     57 runs
[moonbitlang/core] bench immut/sorted_set/sorted_set_build_bench_test.mbt:75 ("bench SortedSet::from_iter random n=10000") ok
time (mean ± σ)         range (min … max) 
   1.09 ms ±   5.05 µs     1.09 ms …   1.10 ms  in 10 ×     92 runs
[moonbitlang/core] bench immut/sorted_set/sorted_set_build_bench_test.mbt:81 ("bench SortedSet constructor ordered n=10000") ok
time (mean ± σ)         range (min … max) 
  78.03 µs ± 227.23 ns    77.74 µs …  78.27 µs  in 10 ×   1273 runs
[moonbitlang/core] bench immut/sorted_set/sorted_set_build_bench_test.mbt:87 ("bench SortedSet constructor almost ordered n=10000") ok
time (mean ± σ)         range (min … max) 
 106.12 µs ±   1.34 µs   104.65 µs … 107.76 µs  in 10 ×    930 runs
[moonbitlang/core] bench immut/sorted_set/sorted_set_build_bench_test.mbt:93 ("bench SortedSet constructor random n=10000") ok
time (mean ± σ)         range (min … max) 
 286.67 µs ± 286.61 ns   286.34 µs … 287.20 µs  in 10 ×    349 runs
[moonbitlang/core] bench immut/vector/vector_iter_bench_test.mbt:24 ("bench Vector::iter fold n=100000") ok
time (mean ± σ)         range (min … max) 
 488.24 µs ± 446.51 ns   487.22 µs … 488.77 µs  in 10 ×    205 runs
[moonbitlang/core] bench immut/vector/vector_iter_bench_test.mbt:30 ("bench Vector::iter each n=100000") ok
time (mean ± σ)         range (min … max) 
 503.16 µs ±   1.35 µs   501.04 µs … 505.67 µs  in 10 ×    199 runs
[moonbitlang/core] bench immut/vector/vector_iter_bench_test.mbt:40 ("bench Vector::iter to_array n=100000") ok
time (mean ± σ)         range (min … max) 
 618.70 µs ±   5.61 µs   611.52 µs … 626.08 µs  in 10 ×    164 runs
[moonbitlang/core] bench immut/vector/vector_iter_bench_test.mbt:46 ("bench Vector::for-in n=100000") ok
time (mean ± σ)         range (min … max) 
 486.81 µs ±   1.46 µs   484.74 µs … 489.64 µs  in 10 ×    206 runs
[moonbitlang/core] bench immut/vector/vector_contains_bench_test.mbt:24 ("bench Vector::contains missing n=100000") ok
time (mean ± σ)         range (min … max) 
  52.68 µs ±  36.90 ns    52.60 µs …  52.73 µs  in 10 ×   1905 runs
[moonbitlang/core] bench immut/vector/vector_contains_bench_test.mbt:30 ("bench Vector::contains tree-end n=100000") ok
time (mean ± σ)         range (min … max) 
  53.17 µs ± 178.69 ns    52.73 µs …  53.29 µs  in 10 ×   1906 runs
[moonbitlang/core] bench immut/vector/vector_contains_bench_test.mbt:36 ("bench Vector::contains tail-end n=100000") ok
time (mean ± σ)         range (min … max) 
  52.98 µs ± 106.79 ns    52.72 µs …  53.10 µs  in 10 ×   1901 runs
[moonbitlang/core] bench internal/strconv/parse_double_bench_test.mbt:48 ("bench parse_double fast digits n=4096") ok
time (mean ± σ)         range (min … max) 
 345.72 µs ±  15.64 µs   328.11 µs … 371.13 µs  in 10 ×    270 runs
[moonbitlang/core] bench internal/strconv/parse_double_bench_test.mbt:55 ("bench parse_double underscores n=4096") ok
time (mean ± σ)         range (min … max) 
 615.36 µs ±  11.25 µs   608.00 µs … 640.76 µs  in 10 ×    152 runs
[moonbitlang/core] bench internal/strconv/parse_double_bench_test.mbt:62 ("bench parse_double long mantissa n=4096") ok
time (mean ± σ)         range (min … max) 
 527.15 µs ±  12.77 µs   497.80 µs … 535.94 µs  in 10 ×    198 runs
[moonbitlang/core] bench json/stringify_indent_bench_test.mbt:45 ("bench Json::stringify deep wide indent=2 n=10000") ok
time (mean ± σ)         range (min … max) 
 398.82 µs ±   1.82 µs   397.21 µs … 402.47 µs  in 10 ×    178 runs
[moonbitlang/core] bench json/stringify_indent_bench_test.mbt:54 ("bench Json::stringify compact n=10000") ok
time (mean ± σ)         range (min … max) 
 189.23 µs ± 569.15 ns   188.11 µs … 189.93 µs  in 10 ×    477 runs
[moonbitlang/core] bench json/stringify_indent_bench_test.mbt:60 ("bench Json::stringify shallow wide indent=2 n=500") ok
time (mean ± σ)         range (min … max) 
 163.83 µs ± 355.69 ns   163.52 µs … 164.76 µs  in 10 ×    605 runs
[moonbitlang/core] bench json/stringify_indent_bench_test.mbt:66 ("bench Json::stringify shallow wide compact n=500") ok
time (mean ± σ)         range (min … max) 
 116.66 µs ± 524.58 ns   116.17 µs … 117.61 µs  in 10 ×    852 runs
[moonbitlang/core] bench json/stringify_escape_bench_test.mbt:24 ("bench Json::stringify strings no escape n=2048") ok
time (mean ± σ)         range (min … max) 
 128.70 µs ± 490.07 ns   127.93 µs … 129.42 µs  in 10 ×    773 runs
[moonbitlang/core] bench json/stringify_escape_bench_test.mbt:30 ("bench Json::stringify strings slash no escape n=2048") ok
time (mean ± σ)         range (min … max) 
 128.77 µs ± 363.74 ns   128.44 µs … 129.44 µs  in 10 ×    772 runs
[moonbitlang/core] bench json/stringify_escape_bench_test.mbt:36 ("bench Json::stringify strings slash escaped n=2048") ok
time (mean ± σ)         range (min … max) 
 262.88 µs ± 760.61 ns   262.15 µs … 264.67 µs  in 10 ×    346 runs
[moonbitlang/core] bench json/stringify_escape_bench_test.mbt:42 ("bench Json::stringify strings quotes controls n=2048") ok
time (mean ± σ)         range (min … max) 
 249.37 µs ±   1.19 µs   248.36 µs … 251.89 µs  in 10 ×    363 runs
[moonbitlang/core] bench json/parse_bench_test.mbt:45 ("bench json parse mixed object array n=1000") ok
time (mean ± σ)         range (min … max) 
   1.14 ms ±   4.02 µs     1.14 ms …   1.15 ms  in 10 ×     88 runs
[moonbitlang/core] bench json/number_bench_test.mbt:64 ("bench json parse int array n=10000") ok
time (mean ± σ)         range (min … max) 
 739.37 µs ±   7.73 µs   725.40 µs … 750.82 µs  in 10 ×    136 runs
[moonbitlang/core] bench json/number_bench_test.mbt:70 ("bench json parse float array n=10000") ok
time (mean ± σ)         range (min … max) 
   1.06 ms ±  13.53 µs     1.05 ms …   1.08 ms  in 10 ×     95 runs
[moonbitlang/core] bench json/number_bench_test.mbt:76 ("bench json parse long mantissa array n=10000") ok
time (mean ± σ)         range (min … max) 
   1.73 ms ±  16.10 µs     1.71 ms …   1.76 ms  in 10 ×     57 runs
[moonbitlang/core] bench lazy_list/concat_bench_test.mbt:40 ("bench LazyList build and traverse n=2048") ok
time (mean ± σ)         range (min … max) 
  33.11 µs ± 386.58 ns    32.12 µs …  33.39 µs  in 10 ×   3003 runs
[moonbitlang/core] bench lazy_list/concat_bench_test.mbt:49 ("bench LazyList re-traverse a forced list n=2048") ok
time (mean ± σ)         range (min … max) 
  15.46 µs ±  92.08 ns    15.35 µs …  15.66 µs  in 10 ×   6397 runs
[moonbitlang/core] bench lazy_list/concat_bench_test.mbt:57 ("bench LazyList left-nested concat, build only n=2048") ok
time (mean ± σ)         range (min … max) 
  73.84 µs ± 124.69 ns    73.63 µs …  74.04 µs  in 10 ×   1359 runs
[moonbitlang/core] bench lazy_list/concat_bench_test.mbt:62 ("bench LazyList left-nested concat, build and traverse n=2048") ok
time (mean ± σ)         range (min … max) 
 142.50 µs ±  86.00 ns   142.33 µs … 142.62 µs  in 10 ×    702 runs
[moonbitlang/core] bench lazy_list/concat_bench_test.mbt:69 ("bench LazyList concat while consuming n=2048") ok
time (mean ± σ)         range (min … max) 
 109.61 µs ± 473.52 ns   108.63 µs … 110.11 µs  in 10 ×    911 runs
[moonbitlang/core] bench lexbuf/lexbuf_bench_test.mbt:47 ("bench Lexbuf retained token chunks=10000 size=1") ok
time (mean ± σ)         range (min … max) 
 306.71 µs ±   1.05 µs   305.23 µs … 308.47 µs  in 10 ×    326 runs
[moonbitlang/core] bench lexbuf/lexbuf_bench_test.mbt:52 ("bench Lexbuf retained token chunks=1250 size=8") ok
time (mean ± σ)         range (min … max) 
  91.26 µs ± 464.23 ns    90.84 µs …  92.11 µs  in 10 ×   1092 runs
[moonbitlang/core] bench lexbuf/lexbuf_bench_test.mbt:57 ("bench Lexbuf retained token chunks=157 size=64") ok
time (mean ± σ)         range (min … max) 
  44.69 µs ±  90.38 ns    44.52 µs …  44.78 µs  in 10 ×   2225 runs
[moonbitlang/core] bench lexbuf/lexbuf_bench_test.mbt:62 ("bench Lexbuf retained token chunks=20 size=512") ok
time (mean ± σ)         range (min … max) 
  41.17 µs ±  91.43 ns    41.05 µs …  41.31 µs  in 10 ×   2423 runs
[moonbitlang/core] bench quickcheck/shrink_collection_bench_test.mbt:16 ("bench shrink Array first candidate size=10000") ok
time (mean ± σ)         range (min … max) 
 127.26 ns ±   1.82 ns   124.45 ns … 129.43 ns  in 10 × 100000 runs
[moonbitlang/core] bench quickcheck/shrink_collection_bench_test.mbt:22 ("bench shrink List first candidate size=10000") ok
time (mean ± σ)         range (min … max) 
  76.16 µs ± 117.43 ns    76.00 µs …  76.36 µs  in 10 ×   1309 runs
[moonbitlang/core] bench quickcheck/generator_bench_test.mbt:16 ("bench Generator::zip_with n=1000000") ok
time (mean ± σ)         range (min … max) 
  11.85 ms ±  67.78 µs    11.72 ms …  11.93 ms  in 10 ×      9 runs
[moonbitlang/core] bench quickcheck/arbitrary_string_bench_test.mbt:16 ("bench Arbitrary String size=10000 count=100") ok
time (mean ± σ)         range (min … max) 
   5.22 ms ±  44.28 µs     5.17 ms …   5.30 ms  in 10 ×     18 runs
[moonbitlang/core] bench random/random_test.mbt:411 ("bench random") ok
time (mean ± σ)         range (min … max) 
  29.29 ms ± 678.35 µs    28.74 ms …  30.50 ms  in 10 ×      4 runs
[moonbitlang/core] bench set/linked_hash_set_bench_test.mbt:19 ("bench Set::add n=50000") ok
time (mean ± σ)         range (min … max) 
   2.20 ms ±  34.81 µs     2.16 ms …   2.26 ms  in 10 ×     47 runs
[moonbitlang/core] bench set/linked_hash_set_bench_test.mbt:30 ("bench Set::contains n=50000") ok
time (mean ± σ)         range (min … max) 
   1.07 ms ±   1.05 µs     1.07 ms …   1.08 ms  in 10 ×     94 runs
[moonbitlang/core] bench set/linked_hash_set_bench_test.mbt:47 ("bench Set::contains miss n=50000") ok
time (mean ± σ)         range (min … max) 
   1.10 ms ±   1.33 µs     1.10 ms …   1.10 ms  in 10 ×     91 runs
[moonbitlang/core] bench set/linked_hash_set_bench_test.mbt:67 ("bench Set::add+remove n=50000") ok
time (mean ± σ)         range (min … max) 
   3.33 ms ±  32.05 µs     3.30 ms …   3.40 ms  in 10 ×     31 runs
[moonbitlang/core] bench sorted_set/sorted_set_bench_test.mbt:22 ("bench SortedSet::to_array Int n=50000") ok
time (mean ± σ)         range (min … max) 
 157.86 µs ± 484.50 ns   157.26 µs … 158.64 µs  in 10 ×    635 runs
[moonbitlang/core] bench sorted_set/sorted_set_bench_test.mbt:30 ("bench SortedSet::to_array Ref n=50000") ok
time (mean ± σ)         range (min … max) 
 168.98 µs ±   2.36 µs   165.58 µs … 172.76 µs  in 10 ×    596 runs
[moonbitlang/core] bench string/regex_bench_test.mbt:16 ("bench regex /aa?b/ on 1MB string") ok
time (mean ± σ)         range (min … max) 
   2.65 ms ±  19.16 µs     2.63 ms …   2.68 ms  in 10 ×     38 runs
[moonbitlang/core] bench string/regex_bench_test.mbt:23 ("bench regex phone lines") ok
time (mean ± σ)         range (min … max) 
   3.21 µs ±  56.89 ns     3.17 µs …   3.31 µs  in 10 ×  30403 runs
[moonbitlang/core] bench string/regex_bench_test.mbt:43 ("bench regex large pattern") ok
time (mean ± σ)         range (min … max) 
   2.07 ms ±   4.19 µs     2.06 ms …   2.08 ms  in 10 ×     49 runs
[moonbitlang/core] bench v128/v128_bench_test.mbt:32 ("bench V128 i64x2_add n=10000") ok
time (mean ± σ)         range (min … max) 
   5.43 µs ±   7.58 ns     5.43 µs …   5.45 µs  in 10 ×  18372 runs
[moonbitlang/core] bench v128/v128_bench_test.mbt:44 ("bench V128 i32x4_add n=10000") ok
time (mean ± σ)         range (min … max) 
   5.43 µs ±   6.01 ns     5.43 µs …   5.44 µs  in 10 ×  18375 runs
[moonbitlang/core] bench v128/v128_bench_test.mbt:56 ("bench V128 i8x16_add n=10000") ok
time (mean ± σ)         range (min … max) 
   5.43 µs ±   7.45 ns     5.43 µs …   5.45 µs  in 10 ×  18379 runs
[moonbitlang/core] bench v128/v128_bench_test.mbt:68 ("bench V128 i8x16_splat n=10000") ok
time (mean ± σ)         range (min … max) 
   5.40 µs ±   3.27 ns     5.39 µs …   5.40 µs  in 10 ×  18525 runs
[moonbitlang/core] bench v128/v128_bench_test.mbt:79 ("bench V128 i8x16_extract_lane_u n=10000") ok
time (mean ± σ)         range (min … max) 
   8.21 µs ±  49.74 ns     8.15 µs …   8.29 µs  in 10 ×  11581 runs
[moonbitlang/core] bench v128/v128_bench_test.mbt:93 ("bench V128 i8x16_replace_lane n=10000") ok
time (mean ± σ)         range (min … max) 
  39.31 µs ±  32.80 ns    39.27 µs …  39.36 µs  in 10 ×   2546 runs
[moonbitlang/core] bench v128/v128_bench_test.mbt:108 ("bench V128 i8x16_bitmask n=10000") ok
time (mean ± σ)         range (min … max) 
   7.65 µs ±   7.86 ns     7.64 µs …   7.67 µs  in 10 ×  13039 runs
[moonbitlang/core] bench v128/v128_bench_test.mbt:120 ("bench V128 load/store n=10000") ok
time (mean ± σ)         range (min … max) 
 123.97 µs ± 127.81 ns   123.75 µs … 124.14 µs  in 10 ×    809 runs
[moonbitlang/core] bench v128/v128_bench_test.mbt:135 ("bench V128 load8x8_u n=10000") ok
time (mean ± σ)         range (min … max) 
  41.15 µs ±  77.88 ns    41.08 µs …  41.31 µs  in 10 ×   2411 runs
[moonbitlang/core] bench v128/v128_bench_test.mbt:147 ("bench V128 load8x8_s n=10000") ok
time (mean ± σ)         range (min … max) 
  46.75 µs ± 484.89 ns    46.35 µs …  47.70 µs  in 10 ×   2159 runs
[moonbitlang/core] bench v128/v128_bench_test.mbt:159 ("bench V128 load16x4_u n=10000") ok
time (mean ± σ)         range (min … max) 
  35.53 µs ± 346.86 ns    35.16 µs …  36.03 µs  in 10 ×   2777 runs
[moonbitlang/core] bench v128/v128_bench_test.mbt:171 ("bench V128 load16x4_s n=10000") ok
time (mean ± σ)         range (min … max) 
  40.93 µs ± 103.33 ns    40.77 µs …  41.03 µs  in 10 ×   2457 runs
[moonbitlang/core] bench v128/v128_bench_test.mbt:183 ("bench V128 load32x2_u n=10000") ok
time (mean ± σ)         range (min … max) 
  33.48 µs ± 262.41 ns    33.22 µs …  33.87 µs  in 10 ×   2950 runs
[moonbitlang/core] bench v128/v128_bench_test.mbt:195 ("bench V128 load32x2_s n=10000") ok
time (mean ± σ)         range (min … max) 
  36.11 µs ± 113.59 ns    35.96 µs …  36.22 µs  in 10 ×   2781 runs
[moonbitlang/core] bench v128/v128_bench_test.mbt:207 ("bench V128 load_splat n=10000") ok
time (mean ± σ)         range (min … max) 
  49.46 µs ± 224.91 ns    49.09 µs …  49.90 µs  in 10 ×   2047 runs
[moonbitlang/core] bench v128/v128_bench_test.mbt:223 ("bench V128 load8_lane n=10000") ok
time (mean ± σ)         range (min … max) 
  39.31 µs ±  19.93 ns    39.28 µs …  39.35 µs  in 10 ×   2546 runs
[moonbitlang/core] bench v128/v128_bench_test.mbt:235 ("bench V128 load16_lane n=10000") ok
time (mean ± σ)         range (min … max) 
  39.55 µs ±  26.22 ns    39.52 µs …  39.60 µs  in 10 ×   2530 runs
[moonbitlang/core] bench v128/v128_bench_test.mbt:247 ("bench V128 load32_lane n=10000") ok
time (mean ± σ)         range (min … max) 
  39.85 µs ±  25.81 ns    39.83 µs …  39.90 µs  in 10 ×   2511 runs
[moonbitlang/core] bench v128/v128_bench_test.mbt:259 ("bench V128 load64_lane n=10000") ok
time (mean ± σ)         range (min … max) 
  62.35 µs ±  38.38 ns    62.31 µs …  62.44 µs  in 10 ×   1605 runs
[moonbitlang/core] bench v128/v128_bench_test.mbt:271 ("bench V128 extend i8x16 to i16x8 n=10000") ok
time (mean ± σ)         range (min … max) 
  10.84 µs ±   3.54 ns    10.83 µs …  10.85 µs  in 10 ×   9209 runs
[moonbitlang/core] bench v128/v128_bench_test.mbt:285 ("bench V128 extend i16x8 to i32x4 n=10000") ok
time (mean ± σ)         range (min … max) 
  10.85 µs ±  25.89 ns    10.83 µs …  10.92 µs  in 10 ×   9211 runs
[moonbitlang/core] bench v128/v128_bench_test.mbt:299 ("bench V128 extend i32x4 to i64x2 n=10000") ok
time (mean ± σ)         range (min … max) 
  10.84 µs ±   4.32 ns    10.83 µs …  10.85 µs  in 10 ×   9218 runs
[moonbitlang/core] bench v128/v128_bench_test.mbt:313 ("bench V128 all_true n=10000") ok
time (mean ± σ)         range (min … max) 
  14.23 µs ±  14.76 ns    14.22 µs …  14.26 µs  in 10 ×   7021 runs
[moonbitlang/core] bench v128/v128_bench_test.mbt:337 ("bench V128 bitmask all widths n=10000") ok
time (mean ± σ)         range (min … max) 
  16.27 µs ±  21.28 ns    16.25 µs …  16.30 µs  in 10 ×   6153 runs
[moonbitlang/core] bench v128/v128_bench_test.mbt:353 ("bench V128 swizzle n=10000") ok
time (mean ± σ)         range (min … max) 
   5.44 µs ±   6.92 ns     5.43 µs …   5.45 µs  in 10 ×  18365 runs
[moonbitlang/core] bench v128/v128_bench_test.mbt:371 ("bench V128 shuffle n=10000") ok
time (mean ± σ)         range (min … max) 
  10.86 µs ±   5.69 ns    10.85 µs …  10.87 µs  in 10 ×   9199 runs
Total tests: 371, passed: 371, failed: 0.
