[moonbitlang/core] bench bench/hash_bench_test.mbt:16 ("bench Hash for Bytes (small)") ok
time (mean ± σ)         range (min … max) 
  13.00 ns ±   0.46 ns    12.37 ns …  13.66 ns  in 10 × 100000 runs
[moonbitlang/core] bench bench/hash_bench_test.mbt:22 ("bench Hash for Bytes (medium)") ok
time (mean ± σ)         range (min … max) 
 136.92 ns ±   0.22 ns   136.60 ns … 137.29 ns  in 10 × 100000 runs
[moonbitlang/core] bench bench/hash_bench_test.mbt:28 ("bench Hash for Bytes (large)") ok
time (mean ± σ)         range (min … max) 
   2.29 µs ±   1.86 ns     2.29 µs …   2.29 µs  in 10 ×  43584 runs
[moonbitlang/core] bench bench/hash_bench_test.mbt:34 ("bench Hash for BytesView (small)") ok
time (mean ± σ)         range (min … max) 
  16.49 ns ±   0.23 ns    16.12 ns …  16.84 ns  in 10 × 100000 runs
[moonbitlang/core] bench bench/hash_bench_test.mbt:41 ("bench Hash for BytesView (medium)") ok
time (mean ± σ)         range (min … max) 
 140.28 ns ±   0.23 ns   139.96 ns … 140.63 ns  in 10 × 100000 runs
[moonbitlang/core] bench bench/hash_bench_test.mbt:48 ("bench Hash for BytesView (large)") ok
time (mean ± σ)         range (min … max) 
   2.30 µs ±   5.80 ns     2.30 µs …   2.32 µs  in 10 ×  43370 runs
[moonbitlang/core] bench bench/hash_bench_test.mbt:55 ("bench Hasher::combine_bytes (small)") ok
time (mean ± σ)         range (min … max) 
  15.25 ns ±   0.34 ns    14.69 ns …  15.70 ns  in 10 × 100000 runs
[moonbitlang/core] bench bench/hash_bench_test.mbt:65 ("bench Hasher::combine_bytes (medium)") ok
time (mean ± σ)         range (min … max) 
 124.67 ns ±   0.19 ns   124.41 ns … 124.99 ns  in 10 × 100000 runs
[moonbitlang/core] bench bench/hash_bench_test.mbt:75 ("bench Hasher::combine_bytes (large)") ok
time (mean ± σ)         range (min … max) 
   2.02 µs ±   0.84 ns     2.02 µs …   2.03 µs  in 10 ×  49321 runs
[moonbitlang/core] bench bigint/to_string_radix_bench_test.mbt:23 ("bench bigint to_string radix=7 (4000 bits)") ok
time (mean ± σ)         range (min … max) 
  31.95 µs ± 117.06 ns    31.85 µs …  32.21 µs  in 10 ×   3089 runs
[moonbitlang/core] bench bigint/to_string_radix_bench_test.mbt:29 ("bench bigint to_string radix=36 (4000 bits)") ok
time (mean ± σ)         range (min … max) 
  36.26 µs ±  66.15 ns    36.21 µs …  36.41 µs  in 10 ×   2745 runs
[moonbitlang/core] bench bigint/to_string_radix_bench_test.mbt:35 ("bench bigint to_string radix=10 reference (4000 bits)") ok
time (mean ± σ)         range (min … max) 
  29.85 µs ± 111.68 ns    29.72 µs …  30.13 µs  in 10 ×   3300 runs
[moonbitlang/core] bench bigint/to_string_bench_test.mbt:30 ("bench BigInt::to_string n=40 digits") ok
time (mean ± σ)         range (min … max) 
 200.47 ns ±   0.28 ns   199.98 ns … 200.82 ns  in 10 × 100000 runs
[moonbitlang/core] bench bigint/to_string_bench_test.mbt:36 ("bench BigInt::to_string n=400 digits") ok
time (mean ± σ)         range (min … max) 
   4.06 µs ±  23.45 ns     4.04 µs …   4.10 µs  in 10 ×  24256 runs
[moonbitlang/core] bench bigint/to_string_bench_test.mbt:42 ("bench BigInt::to_string n=4000 digits") ok
time (mean ± σ)         range (min … max) 
 306.72 µs ± 770.01 ns   306.19 µs … 308.87 µs  in 10 ×    326 runs
[moonbitlang/core] bench bigint/to_string_bench_test.mbt:48 ("bench BigInt::to_string n=40000 digits") ok
time (mean ± σ)         range (min … max) 
  29.21 ms ±  20.01 µs    29.18 ms …  29.24 ms  in 10 ×      4 runs
[moonbitlang/core] bench bigint/to_string_bench_test.mbt:54 ("bench BigInt::to_string n=250000 digits") ok
time (mean ± σ)         range (min … max) 
   1.14 s ±   1.72 ms     1.14 s …   1.14 s  in 10 ×      1 runs
[moonbitlang/core] bench bigint/from_octets_bench_test.mbt:21 ("bench BigInt::from_octets n=64") ok
time (mean ± σ)         range (min … max) 
  62.71 ns ±   3.75 ns    59.64 ns …  67.50 ns  in 10 × 100000 runs
[moonbitlang/core] bench bigint/from_octets_bench_test.mbt:27 ("bench BigInt::from_octets n=1024") ok
time (mean ± σ)         range (min … max) 
 740.25 ns ±  26.42 ns   721.62 ns … 790.15 ns  in 10 × 100000 runs
[moonbitlang/core] bench bigint/division_bench_test.mbt:66 ("bench BigInt balanced division n=4000 digits") ok
time (mean ± σ)         range (min … max) 
 211.39 µs ± 171.03 ns   211.22 µs … 211.78 µs  in 10 ×    474 runs
[moonbitlang/core] bench bigint/division_bench_test.mbt:72 ("bench BigInt balanced division n=40000 digits") ok
time (mean ± σ)         range (min … max) 
  20.49 ms ±  52.62 µs    20.45 ms …  20.62 ms  in 10 ×      5 runs
[moonbitlang/core] bench bigint/division_bench_test.mbt:78 ("bench BigInt balanced division n=250000 digits") ok
time (mean ± σ)         range (min … max) 
 797.96 ms ± 626.52 µs   797.39 ms … 799.03 ms  in 10 ×      1 runs
[moonbitlang/core] bench bigint/division_bench_test.mbt:84 ("bench BigInt unbalanced division q=65536 d=64 limbs") ok
time (mean ± σ)         range (min … max) 
  21.24 ms ±  45.42 µs    21.19 ms …  21.32 ms  in 10 ×      5 runs
[moonbitlang/core] bench bigint/division_bench_test.mbt:90 ("bench BigInt narrow division q=9 d=64 limbs") ok
time (mean ± σ)         range (min … max) 
 868.99 ns ±  14.49 ns   859.86 ns … 896.38 ns  in 10 × 100000 runs
[moonbitlang/core] bench buffer/write_bench_test.mbt:30 ("bench Buffer::write_byte n=4096") ok
time (mean ± σ)         range (min … max) 
   8.02 µs ± 137.87 ns     7.94 µs …   8.23 µs  in 10 ×  12642 runs
[moonbitlang/core] bench buffer/write_bench_test.mbt:42 ("bench Buffer::write_uint16_be n=4096") ok
time (mean ± σ)         range (min … max) 
   8.55 µs ±  27.04 ns     8.50 µs …   8.57 µs  in 10 ×  11669 runs
[moonbitlang/core] bench buffer/write_bench_test.mbt:54 ("bench Buffer::write_uint_le n=4096") ok
time (mean ± σ)         range (min … max) 
  10.27 µs ±  66.65 ns    10.17 µs …  10.36 µs  in 10 ×   9776 runs
[moonbitlang/core] bench buffer/write_bench_test.mbt:66 ("bench Buffer::write_uint64_be n=4096") ok
time (mean ± σ)         range (min … max) 
  13.93 µs ±  44.76 ns    13.90 µs …  14.04 µs  in 10 ×   7125 runs
[moonbitlang/core] bench buffer/write_bench_test.mbt:78 ("bench Buffer::write_char_utf8 ASCII n=4096") ok
time (mean ± σ)         range (min … max) 
   8.18 µs ±  21.27 ns     8.16 µs …   8.22 µs  in 10 ×  12299 runs
[moonbitlang/core] bench buffer/write_bench_test.mbt:90 ("bench Buffer::write_char_utf8 non-BMP n=4096") ok
time (mean ± σ)         range (min … max) 
  12.96 µs ±  87.90 ns    12.84 µs …  13.10 µs  in 10 ×   7628 runs
[moonbitlang/core] bench buffer/write_bench_test.mbt:103 ("bench Buffer::write_char_utf16le BMP n=4096") ok
time (mean ± σ)         range (min … max) 
   8.64 µs ±  57.74 ns     8.55 µs …   8.72 µs  in 10 ×  11382 runs
[moonbitlang/core] bench buffer/write_bench_test.mbt:115 ("bench Buffer::write_string_utf16le chunks n=4096") ok
time (mean ± σ)         range (min … max) 
  72.61 µs ± 297.40 ns    72.41 µs …  73.28 µs  in 10 ×   1363 runs
[moonbitlang/core] bench buffer/write_bench_test.mbt:130 ("bench @buffer.from_array n=4096") ok
time (mean ± σ)         range (min … max) 
   2.63 µs ±  17.53 ns     2.61 µs …   2.66 µs  in 10 ×  38141 runs
[moonbitlang/core] bench builtin/view_bench_test.mbt:34 ("bench ArrayView::at Int n=100000") ok
time (mean ± σ)         range (min … max) 
  81.38 µs ±  62.94 ns    81.30 µs …  81.48 µs  in 10 ×   1230 runs
[moonbitlang/core] bench builtin/view_bench_test.mbt:47 ("bench ArrayView::get Int n=100000") ok
time (mean ± σ)         range (min … max) 
  68.14 µs ± 253.88 ns    67.96 µs …  68.55 µs  in 10 ×   1463 runs
[moonbitlang/core] bench builtin/view_bench_test.mbt:62 ("bench ArrayView::unsafe_get Int n=100000") ok
time (mean ± σ)         range (min … max) 
  58.58 µs ±  47.48 ns    58.51 µs …  58.69 µs  in 10 ×   1707 runs
[moonbitlang/core] bench builtin/view_bench_test.mbt:75 ("bench ArrayView::rev_fold Int n=100000") ok
time (mean ± σ)         range (min … max) 
  56.82 µs ±  47.33 ns    56.76 µs …  56.91 µs  in 10 ×   1760 runs
[moonbitlang/core] bench builtin/view_bench_test.mbt:82 ("bench ArrayView::rev_foldi Int n=100000") ok
time (mean ± σ)         range (min … max) 
  56.84 µs ±  45.28 ns    56.77 µs …  56.91 µs  in 10 ×   1761 runs
[moonbitlang/core] bench builtin/view_bench_test.mbt:91 ("bench ArrayView::equal Int n=100000") ok
time (mean ± σ)         range (min … max) 
  76.58 µs ± 177.27 ns    76.47 µs …  77.06 µs  in 10 ×   1308 runs
[moonbitlang/core] bench builtin/view_bench_test.mbt:99 ("bench ArrayView::compare Int n=100000") ok
time (mean ± σ)         range (min … max) 
  98.27 µs ±  38.72 ns    98.21 µs …  98.33 µs  in 10 ×   1018 runs
[moonbitlang/core] bench builtin/view_bench_test.mbt:107 ("bench MutArrayView::at Int n=100000") ok
time (mean ± σ)         range (min … max) 
  81.36 µs ±  35.98 ns    81.32 µs …  81.42 µs  in 10 ×   1230 runs
[moonbitlang/core] bench builtin/view_bench_test.mbt:120 ("bench MutArrayView::unsafe_get Int n=100000") ok
time (mean ± σ)         range (min … max) 
  58.62 µs ±  48.53 ns    58.53 µs …  58.68 µs  in 10 ×   1705 runs
[moonbitlang/core] bench builtin/view_bench_test.mbt:133 ("bench MutArrayView::set Int n=100000") ok
time (mean ± σ)         range (min … max) 
 108.43 µs ±  57.07 ns   108.37 µs … 108.53 µs  in 10 ×    923 runs
[moonbitlang/core] bench builtin/view_bench_test.mbt:145 ("bench MutArrayView::unsafe_set Int n=100000") ok
time (mean ± σ)         range (min … max) 
  58.01 µs ± 985.51 ns    57.48 µs …  60.68 µs  in 10 ×   1741 runs
[moonbitlang/core] bench builtin/view_bench_test.mbt:157 ("bench BytesView::at n=100000") ok
time (mean ± σ)         range (min … max) 
  81.39 µs ± 196.60 ns    81.29 µs …  81.94 µs  in 10 ×   1229 runs
[moonbitlang/core] bench builtin/view_bench_test.mbt:170 ("bench BytesView::unsafe_get n=100000") ok
time (mean ± σ)         range (min … max) 
  52.98 µs ±  95.92 ns    52.86 µs …  53.17 µs  in 10 ×   1890 runs
[moonbitlang/core] bench builtin/stringbuilder_bench_test.mbt:28 ("bench StringBuilder::write_string chunks n=4096") ok
time (mean ± σ)         range (min … max) 
  83.87 µs ±   2.16 µs    79.40 µs …  85.23 µs  in 10 ×   1290 runs
[moonbitlang/core] bench builtin/stringbuilder_bench_test.mbt:41 ("bench StringBuilder::write_view chunks n=4096") ok
time (mean ± σ)         range (min … max) 
  78.73 µs ± 619.90 ns    78.10 µs …  79.37 µs  in 10 ×   1279 runs
[moonbitlang/core] bench builtin/stringbuilder_bench_test.mbt:54 ("bench StringBuilder::write_stringview chunks n=4096") ok
time (mean ± σ)         range (min … max) 
  78.45 µs ± 533.33 ns    78.01 µs …  79.43 µs  in 10 ×   1271 runs
[moonbitlang/core] bench builtin/stringbuilder_bench_test.mbt:67 ("bench StringBuilder::write_char ASCII n=4096") ok
time (mean ± σ)         range (min … max) 
   8.72 µs ± 439.17 ns     8.42 µs …   9.36 µs  in 10 ×  11829 runs
[moonbitlang/core] bench builtin/stringbuilder_bench_test.mbt:79 ("bench StringBuilder::write_char non-BMP n=4096") ok
time (mean ± σ)         range (min … max) 
  10.95 µs ± 410.33 ns    10.73 µs …  12.00 µs  in 10 ×   9296 runs
[moonbitlang/core] bench builtin/stringbuilder_bench_test.mbt:92 ("bench StringBuilder::reset reuse spare capacity n=4096") ok
time (mean ± σ)         range (min … max) 
 131.37 µs ± 946.86 ns   130.13 µs … 132.26 µs  in 10 ×    772 runs
[moonbitlang/core] bench builtin/string_to_lower_bench_test.mbt:61 ("bench String::to_lower short") ok
time (mean ± σ)         range (min … max) 
  29.04 ns ±   0.21 ns    28.86 ns …  29.42 ns  in 10 × 100000 runs
[moonbitlang/core] bench builtin/string_to_lower_bench_test.mbt:66 ("bench String::to_lower long") ok
time (mean ± σ)         range (min … max) 
   1.21 µs ±   3.48 ns     1.21 µs …   1.22 µs  in 10 ×  82163 runs
[moonbitlang/core] bench builtin/string_to_lower_bench_test.mbt:71 ("bench String::to_lower sparse") ok
time (mean ± σ)         range (min … max) 
   1.02 µs ±   2.47 ns     1.02 µs …   1.03 µs  in 10 ×  97964 runs
[moonbitlang/core] bench builtin/string_to_lower_bench_test.mbt:76 ("bench String::to_lower late-uppercase") ok
time (mean ± σ)         range (min … max) 
   1.03 µs ±   1.50 ns     1.03 µs …   1.04 µs  in 10 ×  96896 runs
[moonbitlang/core] bench builtin/string_to_lower_bench_test.mbt:81 ("bench String::to_lower one-unit runs") ok
time (mean ± σ)         range (min … max) 
   1.08 µs ±   2.83 ns     1.08 µs …   1.09 µs  in 10 ×  92251 runs
[moonbitlang/core] bench builtin/string_to_lower_bench_test.mbt:86 ("bench String::to_lower all-uppercase") ok
time (mean ± σ)         range (min … max) 
   1.19 µs ±   3.66 ns     1.18 µs …   1.20 µs  in 10 ×  84521 runs
[moonbitlang/core] bench builtin/string_to_lower_bench_test.mbt:91 ("bench String::to_lower no-change short") ok
time (mean ± σ)         range (min … max) 
  13.46 ns ±   0.12 ns    13.31 ns …  13.64 ns  in 10 × 100000 runs
[moonbitlang/core] bench builtin/string_to_lower_bench_test.mbt:96 ("bench String::to_lower no-change long") ok
time (mean ± σ)         range (min … max) 
 502.19 ns ±   0.42 ns   501.62 ns … 502.81 ns  in 10 × 100000 runs
[moonbitlang/core] bench builtin/string_to_lower_bench_test.mbt:101 ("bench StringView::to_lower short") ok
time (mean ± σ)         range (min … max) 
  30.76 ns ±   0.41 ns    30.32 ns …  31.52 ns  in 10 × 100000 runs
[moonbitlang/core] bench builtin/string_to_lower_bench_test.mbt:106 ("bench StringView::to_lower long") ok
time (mean ± σ)         range (min … max) 
   1.22 µs ±   8.84 ns     1.21 µs …   1.23 µs  in 10 ×  81975 runs
[moonbitlang/core] bench builtin/string_to_lower_bench_test.mbt:111 ("bench StringView::to_lower no-change long") ok
time (mean ± σ)         range (min … max) 
 502.60 ns ±   0.54 ns   501.95 ns … 503.45 ns  in 10 × 100000 runs
[moonbitlang/core] bench builtin/string_methods_bench_test.mbt:36 ("bench StringView::has_prefix match n=100000 needle=128") ok
time (mean ± σ)         range (min … max) 
 103.80 ns ±   0.29 ns   103.51 ns … 104.48 ns  in 10 × 100000 runs
[moonbitlang/core] bench builtin/string_methods_bench_test.mbt:45 ("bench StringView::has_prefix mismatch n=100000 needle=128") ok
time (mean ± σ)         range (min … max) 
   9.82 ns ±   0.26 ns     9.48 ns …  10.22 ns  in 10 × 100000 runs
[moonbitlang/core] bench builtin/string_methods_bench_test.mbt:54 ("bench StringView::has_suffix match n=100000 needle=128") ok
time (mean ± σ)         range (min … max) 
 104.14 ns ±   0.15 ns   103.90 ns … 104.37 ns  in 10 × 100000 runs
[moonbitlang/core] bench builtin/string_methods_bench_test.mbt:63 ("bench StringView::has_suffix mismatch n=100000 needle=128") ok
time (mean ± σ)         range (min … max) 
  10.12 ns ±   0.31 ns     9.74 ns …  10.55 ns  in 10 × 100000 runs
[moonbitlang/core] bench builtin/string_find_code_unit_bench_test.mbt:16 ("bench find one code unit absent n=4") ok
time (mean ± σ)         range (min … max) 
  11.84 ns ±   0.39 ns    11.27 ns …  12.39 ns  in 10 × 100000 runs
[moonbitlang/core] bench builtin/string_find_code_unit_bench_test.mbt:22 ("bench find one code unit absent n=8") ok
time (mean ± σ)         range (min … max) 
  13.45 ns ±   0.43 ns    12.80 ns …  13.95 ns  in 10 × 100000 runs
[moonbitlang/core] bench builtin/string_find_code_unit_bench_test.mbt:28 ("bench find one code unit present@0 n=8") ok
time (mean ± σ)         range (min … max) 
  10.30 ns ±   0.40 ns     9.70 ns …  10.77 ns  in 10 × 100000 runs
[moonbitlang/core] bench builtin/string_find_code_unit_bench_test.mbt:34 ("bench find one code unit absent n=64") ok
time (mean ± σ)         range (min … max) 
  43.94 ns ±   0.18 ns    43.70 ns …  44.31 ns  in 10 × 100000 runs
[moonbitlang/core] bench builtin/string_find_code_unit_bench_test.mbt:40 ("bench find one code unit absent n=256") ok
time (mean ± σ)         range (min … max) 
 152.51 ns ±   0.45 ns   151.86 ns … 153.14 ns  in 10 × 100000 runs
[moonbitlang/core] bench builtin/string_find_code_unit_bench_test.mbt:46 ("bench find one code unit present@end n=256") ok
time (mean ± σ)         range (min … max) 
 149.86 ns ±   2.18 ns   148.42 ns … 155.06 ns  in 10 × 100000 runs
[moonbitlang/core] bench builtin/string_find_code_unit_bench_test.mbt:52 ("bench rev_find one code unit absent n=256") ok
time (mean ± σ)         range (min … max) 
 154.07 ns ±   0.22 ns   153.73 ns … 154.36 ns  in 10 × 100000 runs
[moonbitlang/core] bench builtin/string_find_code_unit_bench_test.mbt:58 ("bench rev_find one code unit present@start n=256") ok
time (mean ± σ)         range (min … max) 
 149.05 ns ±   0.32 ns   148.70 ns … 149.64 ns  in 10 × 100000 runs
[moonbitlang/core] bench builtin/string_find_code_unit_bench_test.mbt:64 ("bench rev_find one code unit present@end n=8") ok
time (mean ± σ)         range (min … max) 
  10.42 ns ±   0.32 ns    10.01 ns …  10.85 ns  in 10 × 100000 runs
[moonbitlang/core] bench builtin/string_find_code_unit_bench_test.mbt:70 ("bench StringView find one code unit absent n=256") ok
time (mean ± σ)         range (min … max) 
 136.52 ns ±   0.17 ns   136.19 ns … 136.75 ns  in 10 × 100000 runs
[moonbitlang/core] bench builtin/string_find_code_unit_bench_test.mbt:77 ("bench StringView rev_find one code unit absent n=256") ok
time (mean ± σ)         range (min … max) 
 150.29 ns ±   0.25 ns   149.95 ns … 150.77 ns  in 10 × 100000 runs
[moonbitlang/core] bench builtin/string_find_code_unit_bench_test.mbt:84 ("bench find two anchors absent n=256") ok
time (mean ± σ)         range (min … max) 
 225.18 ns ±   0.29 ns   224.77 ns … 225.62 ns  in 10 × 100000 runs
[moonbitlang/core] bench builtin/string_find_code_unit_bench_test.mbt:90 ("bench find two anchors present@end n=256") ok
time (mean ± σ)         range (min … max) 
 229.53 ns ±   0.24 ns   229.07 ns … 229.83 ns  in 10 × 100000 runs
[moonbitlang/core] bench builtin/string_find_code_unit_bench_test.mbt:96 ("bench find two anchors dense false positives n=256") ok
time (mean ± σ)         range (min … max) 
 686.78 ns ±  27.54 ns   668.11 ns … 739.55 ns  in 10 × 100000 runs
[moonbitlang/core] bench builtin/string_find_code_unit_bench_test.mbt:102 ("bench find two anchors long absent n=256") ok
time (mean ± σ)         range (min … max) 
 204.27 ns ±   0.31 ns   204.01 ns … 204.85 ns  in 10 × 100000 runs
[moonbitlang/core] bench builtin/string_find_code_unit_bench_test.mbt:108 ("bench rev_find two anchors absent n=256") ok
time (mean ± σ)         range (min … max) 
 216.51 ns ±   0.23 ns   216.15 ns … 216.84 ns  in 10 × 100000 runs
[moonbitlang/core] bench builtin/string_find_code_unit_bench_test.mbt:114 ("bench rev_find two anchors present@start n=256") ok
time (mean ± σ)         range (min … max) 
 225.00 ns ±   0.21 ns   224.70 ns … 225.35 ns  in 10 × 100000 runs
[moonbitlang/core] bench builtin/string_find_code_unit_bench_test.mbt:120 ("bench rev_find two anchors dense false positives n=256") ok
time (mean ± σ)         range (min … max) 
 686.75 ns ±   1.26 ns   685.05 ns … 688.92 ns  in 10 × 100000 runs
[moonbitlang/core] bench builtin/string_find_code_unit_bench_test.mbt:126 ("bench StringView find two anchors absent n=256") ok
time (mean ± σ)         range (min … max) 
 258.40 ns ±   0.92 ns   257.40 ns … 260.65 ns  in 10 × 100000 runs
[moonbitlang/core] bench builtin/string_find_adversary_bench_test.mbt:26 ("bench find adversary m=64 n=4096") ok
time (mean ± σ)         range (min … max) 
   9.51 µs ±  59.12 ns     9.47 µs …   9.62 µs  in 10 ×   8280 runs
[moonbitlang/core] bench builtin/string_find_adversary_bench_test.mbt:33 ("bench rev_find adversary m=64 n=4096") ok
time (mean ± σ)         range (min … max) 
  11.96 µs ± 679.52 ns    10.82 µs …  12.59 µs  in 10 ×   8808 runs
[moonbitlang/core] bench builtin/string_find_adversary_bench_test.mbt:40 ("bench find adversary m=512 n=65536") ok
time (mean ± σ)         range (min … max) 
 157.48 µs ±   9.47 µs   147.10 µs … 166.42 µs  in 10 ×    602 runs
[moonbitlang/core] bench builtin/string_find_adversary_bench_test.mbt:47 ("bench find dense miss fast path n=4096") ok
time (mean ± σ)         range (min … max) 
   3.48 µs ± 224.43 ns     3.36 µs …   3.90 µs  in 10 ×  25614 runs
[moonbitlang/core] bench builtin/string_find_adversary_bench_test.mbt:53 ("bench find rare hit end fast path n=4096") ok
time (mean ± σ)         range (min … max) 
   3.34 µs ±   2.93 ns     3.34 µs …   3.35 µs  in 10 ×  29895 runs
[moonbitlang/core] bench builtin/string_equal_bench_test.mbt:28 ("bench StringView::equal n=100000 equal") ok
time (mean ± σ)         range (min … max) 
  75.41 µs ±  84.23 ns    75.33 µs …  75.53 µs  in 10 ×   1326 runs
[moonbitlang/core] bench builtin/string_equal_bench_test.mbt:35 ("bench StringView::equal n=100000 mismatch at end") ok
time (mean ± σ)         range (min … max) 
  75.58 µs ± 168.24 ns    75.44 µs …  76.04 µs  in 10 ×   1325 runs
[moonbitlang/core] bench builtin/string_equal_bench_test.mbt:44 ("bench StringView::equal_to_string n=100000 equal") ok
time (mean ± σ)         range (min … max) 
  74.62 µs ±  61.24 ns    74.53 µs …  74.73 µs  in 10 ×   1340 runs
[moonbitlang/core] bench builtin/string_char_set_bench_test.mbt:43 ("bench StringView::contains_any ASCII miss n=100000") ok
time (mean ± σ)         range (min … max) 
 135.60 µs ±  58.22 ns   135.54 µs … 135.71 µs  in 10 ×    738 runs
[moonbitlang/core] bench builtin/string_char_set_bench_test.mbt:54 ("bench StringView::contains_any ASCII match at end n=100000") ok
time (mean ± σ)         range (min … max) 
 135.64 µs ±  85.30 ns   135.56 µs … 135.79 µs  in 10 ×    738 runs
[moonbitlang/core] bench builtin/string_char_set_bench_test.mbt:67 ("bench StringView::trim_start ASCII n=100000") ok
time (mean ± σ)         range (min … max) 
 135.59 µs ±  81.47 ns   135.49 µs … 135.74 µs  in 10 ×    738 runs
[moonbitlang/core] bench builtin/string_char_set_bench_test.mbt:74 ("bench StringView::trim_end ASCII n=100000") ok
time (mean ± σ)         range (min … max) 
 135.61 µs ±  71.99 ns   135.52 µs … 135.74 µs  in 10 ×    738 runs
[moonbitlang/core] bench builtin/string_char_set_bench_test.mbt:79 ("bench StringView::trim ASCII n=100000") ok
time (mean ± σ)         range (min … max) 
 271.49 µs ± 668.59 ns   271.09 µs … 273.33 µs  in 10 ×    369 runs
[moonbitlang/core] bench builtin/string_char_set_bench_test.mbt:96 ("bench StringView::trim short inputs") ok
time (mean ± σ)         range (min … max) 
 130.21 ns ±   1.70 ns   128.74 ns … 133.12 ns  in 10 × 100000 runs
[moonbitlang/core] bench builtin/string_char_set_bench_test.mbt:107 ("bench StringView::contains_any short inputs") ok
time (mean ± σ)         range (min … max) 
  83.64 ns ±   0.28 ns    83.20 ns …  84.17 ns  in 10 × 100000 runs
[moonbitlang/core] bench builtin/sort_bench_test.mbt:21 ("bench Array::sort n=1000") ok
time (mean ± σ)         range (min … max) 
  14.77 µs ± 356.68 ns    14.52 µs …  15.62 µs  in 10 ×   6647 runs
[moonbitlang/core] bench builtin/sort_bench_test.mbt:31 ("bench Array::sort n=100000") ok
time (mean ± σ)         range (min … max) 
   5.51 ms ±  21.81 µs     5.49 ms …   5.55 ms  in 10 ×     19 runs
[moonbitlang/core] bench builtin/sort_bench_test.mbt:41 ("bench Array::sort_by n=10000") ok
time (mean ± σ)         range (min … max) 
 432.96 µs ±   1.35 µs   431.45 µs … 435.17 µs  in 10 ×    229 runs
[moonbitlang/core] bench builtin/linked_hash_map_bench_test.mbt:19 ("bench Map::set n=50000") ok
time (mean ± σ)         range (min … max) 
   2.32 ms ±  36.17 µs     2.27 ms …   2.37 ms  in 10 ×     44 runs
[moonbitlang/core] bench builtin/linked_hash_map_bench_test.mbt:30 ("bench Map::get n=50000") ok
time (mean ± σ)         range (min … max) 
   1.13 ms ±   3.26 µs     1.13 ms …   1.14 ms  in 10 ×     88 runs
[moonbitlang/core] bench builtin/linked_hash_map_bench_test.mbt:47 ("bench Map::get miss n=50000") ok
time (mean ± σ)         range (min … max) 
   1.11 ms ±   2.59 µs     1.11 ms …   1.12 ms  in 10 ×     91 runs
[moonbitlang/core] bench builtin/linked_hash_map_bench_test.mbt:67 ("bench Map::set+remove n=50000") ok
time (mean ± σ)         range (min … max) 
   3.36 ms ±  16.65 µs     3.35 ms …   3.41 ms  in 10 ×     30 runs
[moonbitlang/core] bench builtin/linked_hash_map_bench_test.mbt:83 ("bench Map::each n=50000") ok
time (mean ± σ)         range (min … max) 
 223.53 µs ±  84.30 ns   223.44 µs … 223.72 µs  in 10 ×    448 runs
[moonbitlang/core] bench builtin/lexical_compare_bench_test.mbt:42 ("bench lexical_compare equal n=256") ok
time (mean ± σ)         range (min … max) 
 259.42 ns ±   0.29 ns   258.92 ns … 259.81 ns  in 10 × 100000 runs
[moonbitlang/core] bench builtin/lexical_compare_bench_test.mbt:47 ("bench lexical_compare common-prefix n=256") ok
time (mean ± σ)         range (min … max) 
 260.96 ns ±   0.24 ns   260.55 ns … 261.23 ns  in 10 × 100000 runs
[moonbitlang/core] bench builtin/lexical_compare_bench_test.mbt:52 ("bench lexical_compare early-diff n=256") ok
time (mean ± σ)         range (min … max) 
  10.29 ns ±   0.14 ns    10.11 ns …  10.55 ns  in 10 × 100000 runs
[moonbitlang/core] bench builtin/contains_code_unit_bench_test.mbt:19 ("bench contains_code_unit absent n=4") ok
time (mean ± σ)         range (min … max) 
   6.85 ns ±   0.21 ns     6.60 ns …   7.17 ns  in 10 × 100000 runs
[moonbitlang/core] bench builtin/contains_code_unit_bench_test.mbt:25 ("bench contains_code_unit absent n=8") ok
time (mean ± σ)         range (min … max) 
   8.49 ns ±   0.20 ns     8.20 ns …   8.80 ns  in 10 × 100000 runs
[moonbitlang/core] bench builtin/contains_code_unit_bench_test.mbt:31 ("bench contains_code_unit present@0 n=8") ok
time (mean ± σ)         range (min … max) 
   5.55 ns ±   0.21 ns     5.36 ns …   6.01 ns  in 10 × 100000 runs
[moonbitlang/core] bench builtin/contains_code_unit_bench_test.mbt:37 ("bench contains_code_unit absent n=16") ok
time (mean ± σ)         range (min … max) 
  12.00 ns ±   0.17 ns    11.80 ns …  12.33 ns  in 10 × 100000 runs
[moonbitlang/core] bench builtin/contains_code_unit_bench_test.mbt:43 ("bench contains_code_unit absent n=64") ok
time (mean ± σ)         range (min … max) 
  34.34 ns ±   0.14 ns    34.16 ns …  34.58 ns  in 10 × 100000 runs
[moonbitlang/core] bench builtin/contains_code_unit_bench_test.mbt:49 ("bench contains_code_unit absent n=256") ok
time (mean ± σ)         range (min … max) 
 131.86 ns ±   0.30 ns   131.38 ns … 132.43 ns  in 10 × 100000 runs
[moonbitlang/core] bench builtin/contains_code_unit_bench_test.mbt:55 ("bench contains_code_unit present@end n=256") ok
time (mean ± σ)         range (min … max) 
 133.17 ns ±   0.29 ns   132.76 ns … 133.62 ns  in 10 × 100000 runs
[moonbitlang/core] bench builtin/contains_code_unit_bench_test.mbt:61 ("bench contains_code_unit present@0 n=256") ok
time (mean ± σ)         range (min … max) 
   5.59 ns ±   0.13 ns     5.34 ns …   5.76 ns  in 10 × 100000 runs
[moonbitlang/core] bench builtin/contains_code_unit_bench_test.mbt:67 ("bench StringView contains_code_unit absent n=256") ok
time (mean ± σ)         range (min … max) 
 146.79 ns ±   2.06 ns   144.42 ns … 149.52 ns  in 10 × 100000 runs
[moonbitlang/core] bench builtin/bytesview_compare_bench_test.mbt:16 ("bench BytesView Compare equal n=1000000") ok
time (mean ± σ)         range (min … max) 
 961.40 µs ±   1.39 µs   959.40 µs … 964.14 µs  in 10 ×    105 runs
[moonbitlang/core] bench builtin/bytesview_compare_bench_test.mbt:23 ("bench BytesView Compare last-diff n=1000000") ok
time (mean ± σ)         range (min … max) 
 963.12 µs ±   1.98 µs   959.30 µs … 965.27 µs  in 10 ×    105 runs
[moonbitlang/core] bench builtin/bytes_unsafe_bench_test.mbt:31 ("bench Bytes::unsafe_read_uint16_le n=4096") ok
time (mean ± σ)         range (min … max) 
   2.83 µs ±  85.16 ns     2.67 µs …   2.89 µs  in 10 ×  35505 runs
[moonbitlang/core] bench builtin/bytes_unsafe_bench_test.mbt:43 ("bench Bytes::unsafe_read_uint32_le n=4096") ok
time (mean ± σ)         range (min … max) 
   5.04 µs ±  30.64 ns     5.01 µs …   5.09 µs  in 10 ×  19797 runs
[moonbitlang/core] bench builtin/bytes_unsafe_bench_test.mbt:55 ("bench Bytes::unsafe_read_uint64_le n=4096") ok
time (mean ± σ)         range (min … max) 
  10.22 µs ±   1.54 µs     9.48 µs …  13.15 µs  in 10 ×  10536 runs
[moonbitlang/core] bench builtin/bytes_unsafe_bench_test.mbt:67 ("bench FixedArray::unsafe_write_uint16_le n=4096") ok
time (mean ± σ)         range (min … max) 
   2.09 µs ±   0.74 ns     2.09 µs …   2.09 µs  in 10 ×  47395 runs
[moonbitlang/core] bench builtin/bytes_unsafe_bench_test.mbt:78 ("bench FixedArray::unsafe_write_uint32_le n=4096") ok
time (mean ± σ)         range (min … max) 
   4.59 µs ±   2.59 ns     4.59 µs …   4.59 µs  in 10 ×  21785 runs
[moonbitlang/core] bench builtin/bytes_unsafe_bench_test.mbt:89 ("bench FixedArray::unsafe_write_uint64_le n=4096") ok
time (mean ± σ)         range (min … max) 
  11.34 µs ±  29.77 ns    11.32 µs …  11.42 µs  in 10 ×   8818 runs
[moonbitlang/core] bench builtin/bytes_output_bench_test.mbt:19 ("bench Bytes Show binary n=100000") ok
time (mean ± σ)         range (min … max) 
   1.06 ms ± 164.61 µs   917.75 µs …   1.26 ms  in 10 ×     81 runs
[moonbitlang/core] bench builtin/bytes_output_bench_test.mbt:24 ("bench Bytes ToJson binary n=100000") ok
time (mean ± σ)         range (min … max) 
 940.41 µs ± 170.62 µs   803.82 µs …   1.15 ms  in 10 ×     88 runs
[moonbitlang/core] bench builtin/bytes_hash_bench_test.mbt:54 ("bench Hash::hash(Bytes) n=32") ok
time (mean ± σ)         range (min … max) 
  18.61 ns ±   0.12 ns    18.49 ns …  18.83 ns  in 10 × 100000 runs
[moonbitlang/core] bench builtin/bytes_hash_bench_test.mbt:60 ("bench Hash::hash(Bytes) n=8192") ok
time (mean ± σ)         range (min … max) 
   4.60 µs ±  11.69 ns     4.58 µs …   4.62 µs  in 10 ×  21756 runs
[moonbitlang/core] bench builtin/bytes_hash_bench_test.mbt:66 ("bench Map::at Bytes n=1024 key_bytes=32") ok
time (mean ± σ)         range (min … max) 
  51.24 µs ±  94.43 ns    51.09 µs …  51.33 µs  in 10 ×   1951 runs
[moonbitlang/core] bench builtin/bytes_from_array_bench_test.mbt:30 ("bench Bytes::from_array n=262144 full") ok
time (mean ± σ)         range (min … max) 
  97.25 µs ± 342.82 ns    96.66 µs …  97.92 µs  in 10 ×   1042 runs
[moonbitlang/core] bench builtin/bytes_from_array_bench_test.mbt:41 ("bench Bytes::from_array n=262144 sliced") ok
time (mean ± σ)         range (min … max) 
  97.22 µs ± 300.88 ns    96.94 µs …  97.86 µs  in 10 ×   1039 runs
[moonbitlang/core] bench builtin/bytes_from_array_bench_test.mbt:48 ("bench Bytes::makei from ArrayView n=262144 full") ok
time (mean ± σ)         range (min … max) 
 394.86 µs ± 719.89 ns   394.10 µs … 396.45 µs  in 10 ×    259 runs
[moonbitlang/core] bench builtin/bytes_from_array_bench_test.mbt:59 ("bench Bytes::makei from ArrayView n=262144 sliced") ok
time (mean ± σ)         range (min … max) 
 415.39 µs ±   6.28 µs   405.73 µs … 421.26 µs  in 10 ×    248 runs
[moonbitlang/core] bench builtin/bytes_equal_bench_test.mbt:37 ("bench Bytes::equal n=100000 equal") ok
time (mean ± σ)         range (min … max) 
  61.53 µs ± 414.00 ns    61.04 µs …  61.88 µs  in 10 ×   1618 runs
[moonbitlang/core] bench builtin/bytes_equal_bench_test.mbt:44 ("bench Bytes::equal n=100000 aliased object") ok
time (mean ± σ)         range (min … max) 
  61.05 µs ±  50.58 ns    61.02 µs …  61.17 µs  in 10 ×   1638 runs
[moonbitlang/core] bench builtin/bytes_equal_bench_test.mbt:54 ("bench Bytes::equal n=100000 mismatch at end") ok
time (mean ± σ)         range (min … max) 
  61.48 µs ± 404.50 ns    61.05 µs …  61.90 µs  in 10 ×   1619 runs
[moonbitlang/core] bench builtin/bytes_add_bench_test.mbt:16 ("bench Bytes add total=1000000") ok
time (mean ± σ)         range (min … max) 
 353.92 µs ± 877.13 ns   352.60 µs … 355.12 µs  in 10 ×    283 runs
[moonbitlang/core] bench builtin/bitstring_uint_aligned_bench_test.mbt:24 ("bench Bytes::unsafe_extract_uint_le_aligned n=8192") ok
time (mean ± σ)         range (min … max) 
   2.74 µs ±   2.72 ns     2.73 µs …   2.74 µs  in 10 ×  36465 runs
[moonbitlang/core] bench builtin/bitstring_uint64_aligned_bench_test.mbt:24 ("bench Bytes::unsafe_extract_uint64_le_aligned n=8192") ok
time (mean ± σ)         range (min … max) 
   3.16 µs ±  14.93 ns     3.14 µs …   3.18 µs  in 10 ×  39237 runs
[moonbitlang/core] bench builtin/bitstring_extract_bench_test.mbt:35 ("bench BytesView uint_le aligned len=32") ok
time (mean ± σ)         range (min … max) 
   4.59 µs ±  28.66 ns     4.54 µs …   4.63 µs  in 10 ×  22055 runs
[moonbitlang/core] bench builtin/bitstring_extract_bench_test.mbt:48 ("bench BytesView uint_be aligned len=32") ok
time (mean ± σ)         range (min … max) 
   4.57 µs ±  58.32 ns     4.51 µs …   4.65 µs  in 10 ×  22339 runs
[moonbitlang/core] bench builtin/bitstring_extract_bench_test.mbt:61 ("bench ArrayView uint_le aligned len=32") ok
time (mean ± σ)         range (min … max) 
   4.59 µs ±  29.25 ns     4.53 µs …   4.63 µs  in 10 ×  22045 runs
[moonbitlang/core] bench builtin/bitstring_extract_bench_test.mbt:75 ("bench ArrayView uint_be aligned len=32") ok
time (mean ± σ)         range (min … max) 
   4.54 µs ±  38.79 ns     4.49 µs …   4.59 µs  in 10 ×  21974 runs
[moonbitlang/core] bench builtin/bitstring_extract_bench_test.mbt:89 ("bench BytesView uint64_le aligned len=64") ok
time (mean ± σ)         range (min … max) 
   3.48 µs ±  29.89 ns     3.42 µs …   3.50 µs  in 10 ×  28539 runs
[moonbitlang/core] bench builtin/bitstring_extract_bench_test.mbt:102 ("bench BytesView uint64_be aligned len=64") ok
time (mean ± σ)         range (min … max) 
   3.42 µs ±  16.64 ns     3.41 µs …   3.45 µs  in 10 ×  29380 runs
[moonbitlang/core] bench builtin/bitstring_extract_bench_test.mbt:115 ("bench ArrayView uint64_le aligned len=64") ok
time (mean ± σ)         range (min … max) 
   3.45 µs ±  48.91 ns     3.40 µs …   3.51 µs  in 10 ×  28603 runs
[moonbitlang/core] bench builtin/bitstring_extract_bench_test.mbt:129 ("bench ArrayView uint64_be aligned len=64") ok
time (mean ± σ)         range (min … max) 
   3.49 µs ±  31.42 ns     3.45 µs …   3.52 µs  in 10 ×  29096 runs
[moonbitlang/core] bench builtin/bitstring_extract_bench_test.mbt:143 ("bench BytesView uint_le unaligned len=32") ok
time (mean ± σ)         range (min … max) 
  17.90 µs ± 169.34 ns    17.77 µs …  18.23 µs  in 10 ×   5484 runs
[moonbitlang/core] bench builtin/bitstring_extract_bench_test.mbt:156 ("bench BytesView uint64_le unaligned len=64") ok
time (mean ± σ)         range (min … max) 
  15.49 µs ± 136.44 ns    15.40 µs …  15.75 µs  in 10 ×   6491 runs
[moonbitlang/core] bench builtin/bitstring_extract_bench_test.mbt:169 ("bench BytesView uint_le aligned len=16") ok
time (mean ± σ)         range (min … max) 
   6.65 µs ±   1.78 µs     4.06 µs …   7.84 µs  in 10 ×  12736 runs
[moonbitlang/core] bench builtin/bitstring_extract_bench_test.mbt:182 ("bench BytesView uint_le aligned len=24") ok
time (mean ± σ)         range (min … max) 
  13.39 µs ± 109.84 ns    13.30 µs …  13.60 µs  in 10 ×   7353 runs
[moonbitlang/core] bench builtin/array_retain_bench_test.mbt:29 ("bench Array::retain all keep Int n=100000") ok
time (mean ± σ)         range (min … max) 
  61.04 µs ±  49.31 ns    60.99 µs …  61.15 µs  in 10 ×   1638 runs
[moonbitlang/core] bench builtin/array_retain_bench_test.mbt:42 ("bench Array::retain all keep Ref n=100000") ok
time (mean ± σ)         range (min … max) 
  74.04 µs ± 925.96 ns    72.28 µs …  75.13 µs  in 10 ×   1346 runs
[moonbitlang/core] bench builtin/array_retain_bench_test.mbt:55 ("bench Array::retain drop tail n=100000") ok
time (mean ± σ)         range (min … max) 
 128.80 µs ±   1.50 µs   127.52 µs … 132.20 µs  in 10 ×    764 runs
[moonbitlang/core] bench builtin/array_retain_bench_test.mbt:66 ("bench Array::retain late sparse drop n=100000") ok
time (mean ± σ)         range (min … max) 
 176.87 µs ± 472.74 ns   176.25 µs … 177.58 µs  in 10 ×    551 runs
[moonbitlang/core] bench builtin/array_retain_bench_test.mbt:77 ("bench Array::retain drop first n=100000") ok
time (mean ± σ)         range (min … max) 
 143.63 µs ± 704.37 ns   142.25 µs … 144.66 µs  in 10 ×    675 runs
[moonbitlang/core] bench builtin/array_make_blit_bench_test.mbt:32 ("bench FixedArray::copy Ref n=1000000") ok
time (mean ± σ)         range (min … max) 
   2.30 ms ±   3.10 µs     2.29 ms …   2.30 ms  in 10 ×     44 runs
[moonbitlang/core] bench builtin/array_make_blit_bench_test.mbt:38 ("bench Array::from_fixed_array Ref n=1000000") ok
time (mean ± σ)         range (min … max) 
   2.30 ms ±  52.30 µs     2.15 ms …   2.33 ms  in 10 ×     43 runs
[moonbitlang/core] bench builtin/array_make_blit_bench_test.mbt:44 ("bench Array::add Ref n=500000+500000") ok
time (mean ± σ)         range (min … max) 
   2.18 ms ±  99.18 µs     2.12 ms …   2.38 ms  in 10 ×     46 runs
[moonbitlang/core] bench builtin/array_make_blit_bench_test.mbt:51 ("bench ArrayView::add Ref n=500000+500000") ok
time (mean ± σ)         range (min … max) 
   2.18 ms ±  93.52 µs     2.13 ms …   2.36 ms  in 10 ×     46 runs
[moonbitlang/core] bench builtin/array_make_blit_bench_test.mbt:60 ("bench Array::blit_to Ref n=1000000 overwrite") ok
time (mean ± σ)         range (min … max) 
 140.02 µs ±  81.51 ns   139.95 µs … 140.20 µs  in 10 ×    715 runs
[moonbitlang/core] bench builtin/array_make_blit_bench_test.mbt:70 ("bench Array::blit_to Ref n=1000000 grow") ok
time (mean ± σ)         range (min … max) 
   3.36 ms ± 185.67 µs     3.19 ms …   3.70 ms  in 10 ×     31 runs
[moonbitlang/core] bench builtin/array_make_blit_bench_test.mbt:80 ("bench ArrayView::blit_to Ref n=1000000 overwrite") ok
time (mean ± σ)         range (min … max) 
 156.55 µs ± 573.86 ns   156.11 µs … 157.62 µs  in 10 ×    641 runs
[moonbitlang/core] bench builtin/array_make_blit_bench_test.mbt:90 ("bench ArrayView::blit_to Ref n=1000000 grow") ok
time (mean ± σ)         range (min … max) 
   3.31 ms ± 185.72 µs     2.92 ms …   3.48 ms  in 10 ×     29 runs
[moonbitlang/core] bench builtin/array_make_blit_bench_test.mbt:100 ("bench Array::append Ref n=1000000 grow") ok
time (mean ± σ)         range (min … max) 
   3.44 ms ± 142.25 µs     3.35 ms …   3.70 ms  in 10 ×     31 runs
[moonbitlang/core] bench builtin/array_make_blit_bench_test.mbt:110 ("bench Array::push Ref n=1000000 resize") ok
time (mean ± σ)         range (min … max) 
   5.00 ms ± 258.39 µs     4.61 ms …   5.36 ms  in 10 ×     20 runs
[moonbitlang/core] bench builtin/array_make_blit_bench_test.mbt:129 ("bench Array::copy Int n=1000000") ok
time (mean ± σ)         range (min … max) 
 578.91 µs ±   1.29 µs   577.17 µs … 580.81 µs  in 10 ×    173 runs
[moonbitlang/core] bench builtin/array_make_blit_bench_test.mbt:135 ("bench Array::copy Ref n=1000000") ok
time (mean ± σ)         range (min … max) 
   2.17 ms ±  94.30 µs     2.12 ms …   2.36 ms  in 10 ×     46 runs
[moonbitlang/core] bench builtin/array_locals_bench_test.mbt:29 ("bench Array::retain_map n=100000") ok
time (mean ± σ)         range (min … max) 
  64.45 µs ±  41.81 ns    64.41 µs …  64.53 µs  in 10 ×   1552 runs
[moonbitlang/core] bench builtin/array_locals_bench_test.mbt:38 ("bench Array::shuffle_in_place n=100000") ok
time (mean ± σ)         range (min … max) 
 147.94 µs ±  86.83 ns   147.81 µs … 148.05 µs  in 10 ×    677 runs
[moonbitlang/core] bench builtin/array_locals_bench_test.mbt:50 ("bench Array::filter_map n=100000") ok
time (mean ± σ)         range (min … max) 
 166.22 µs ±   1.03 µs   165.24 µs … 168.04 µs  in 10 ×    602 runs
[moonbitlang/core] bench builtin/array_locals_bench_test.mbt:58 ("bench FixedArray::each n=100000") ok
time (mean ± σ)         range (min … max) 
  52.12 µs ±  61.66 ns    52.07 µs …  52.25 µs  in 10 ×   1902 runs
[moonbitlang/core] bench builtin/array_locals_bench_test.mbt:68 ("bench FixedArray::eachi n=100000") ok
time (mean ± σ)         range (min … max) 
  64.41 µs ±  34.66 ns    64.37 µs …  64.47 µs  in 10 ×   1554 runs
[moonbitlang/core] bench builtin/array_locals_bench_test.mbt:78 ("bench FixedArray::rev_each n=100000") ok
time (mean ± σ)         range (min … max) 
  49.54 µs ± 331.81 ns    49.21 µs …  49.98 µs  in 10 ×   2033 runs
[moonbitlang/core] bench builtin/array_locals_bench_test.mbt:88 ("bench FixedArray::rev_eachi n=100000") ok
time (mean ± σ)         range (min … max) 
  71.94 µs ±  47.72 ns    71.90 µs …  72.06 µs  in 10 ×   1392 runs
[moonbitlang/core] bench builtin/array_locals_bench_test.mbt:98 ("bench FixedArray::map n=100000") ok
time (mean ± σ)         range (min … max) 
  85.58 µs ± 512.18 ns    84.96 µs …  86.46 µs  in 10 ×   1171 runs
[moonbitlang/core] bench builtin/array_locals_bench_test.mbt:104 ("bench FixedArray::mapi n=100000") ok
time (mean ± σ)         range (min … max) 
  83.60 µs ± 537.30 ns    83.09 µs …  84.67 µs  in 10 ×   1195 runs
[moonbitlang/core] bench builtin/array_locals_bench_test.mbt:110 ("bench FixedArray::makei n=100000") ok
time (mean ± σ)         range (min … max) 
  82.38 µs ± 275.89 ns    82.00 µs …  82.74 µs  in 10 ×   1240 runs
[moonbitlang/core] bench builtin/array_locals_bench_test.mbt:115 ("bench FixedArray::fold n=100000") ok
time (mean ± σ)         range (min … max) 
  51.64 µs ±  44.62 ns    51.59 µs …  51.70 µs  in 10 ×   1941 runs
[moonbitlang/core] bench builtin/array_locals_bench_test.mbt:121 ("bench FixedArray::rev_fold n=100000") ok
time (mean ± σ)         range (min … max) 
  50.91 µs ±  48.81 ns    50.85 µs …  51.00 µs  in 10 ×   1966 runs
[moonbitlang/core] bench builtin/array_locals_bench_test.mbt:127 ("bench FixedArray::foldi n=100000") ok
time (mean ± σ)         range (min … max) 
  54.44 µs ±  37.74 ns    54.40 µs …  54.53 µs  in 10 ×   1839 runs
[moonbitlang/core] bench builtin/array_locals_bench_test.mbt:133 ("bench FixedArray::rev_foldi n=100000") ok
time (mean ± σ)         range (min … max) 
  59.71 µs ±  30.57 ns    59.68 µs …  59.77 µs  in 10 ×   1676 runs
[moonbitlang/core] bench builtin/array_locals_bench_test.mbt:139 ("bench ArrayView::chunk_by n=100000") ok
time (mean ± σ)         range (min … max) 
  88.57 µs ± 298.30 ns    88.33 µs …  89.26 µs  in 10 ×   1132 runs
[moonbitlang/core] bench builtin/array_locals_bench_test.mbt:146 ("bench ArrayView::each n=100000") ok
time (mean ± σ)         range (min … max) 
  59.48 µs ± 115.51 ns    59.33 µs …  59.62 µs  in 10 ×   1685 runs
[moonbitlang/core] bench builtin/array_locals_bench_test.mbt:157 ("bench ArrayView::eachi n=100000") ok
time (mean ± σ)         range (min … max) 
  66.02 µs ±  86.03 ns    65.85 µs …  66.14 µs  in 10 ×   1517 runs
[moonbitlang/core] bench builtin/array_locals_bench_test.mbt:168 ("bench ArrayView::rev_each n=100000") ok
time (mean ± σ)         range (min … max) 
  62.83 µs ±  74.03 ns    62.71 µs …  62.93 µs  in 10 ×   1590 runs
[moonbitlang/core] bench builtin/array_locals_bench_test.mbt:179 ("bench ArrayView::rev_eachi n=100000") ok
time (mean ± σ)         range (min … max) 
  71.81 µs ±  85.50 ns    71.74 µs …  71.95 µs  in 10 ×   1393 runs
[moonbitlang/core] bench builtin/array_locals_bench_test.mbt:190 ("bench ArrayView::all n=100000") ok
time (mean ± σ)         range (min … max) 
  59.11 µs ± 107.85 ns    58.93 µs …  59.22 µs  in 10 ×   1694 runs
[moonbitlang/core] bench builtin/array_locals_bench_test.mbt:197 ("bench ArrayView::any n=100000") ok
time (mean ± σ)         range (min … max) 
  58.58 µs ±  99.21 ns    58.46 µs …  58.77 µs  in 10 ×   1710 runs
[moonbitlang/core] bench builtin/array_locals_bench_test.mbt:204 ("bench ArrayView::search_by n=100000") ok
time (mean ± σ)         range (min … max) 
  58.59 µs ±  91.53 ns    58.49 µs …  58.75 µs  in 10 ×   1711 runs
[moonbitlang/core] bench builtin/array_locals_bench_test.mbt:213 ("bench ArrayView::fold n=100000") ok
time (mean ± σ)         range (min … max) 
  58.38 µs ± 103.02 ns    58.25 µs …  58.57 µs  in 10 ×   1709 runs
[moonbitlang/core] bench builtin/array_locals_bench_test.mbt:220 ("bench ArrayView::rev_fold n=100000") ok
time (mean ± σ)         range (min … max) 
  56.83 µs ±  57.26 ns    56.75 µs …  56.91 µs  in 10 ×   1762 runs
[moonbitlang/core] bench builtin/array_locals_bench_test.mbt:227 ("bench ArrayView::foldi n=100000") ok
time (mean ± σ)         range (min … max) 
  65.38 µs ±  98.27 ns    65.28 µs …  65.53 µs  in 10 ×   1531 runs
[moonbitlang/core] bench builtin/array_locals_bench_test.mbt:234 ("bench ArrayView::rev_foldi n=100000") ok
time (mean ± σ)         range (min … max) 
  72.04 µs ±  28.07 ns    71.99 µs …  72.08 µs  in 10 ×   1389 runs
[moonbitlang/core] bench builtin/array_locals_bench_test.mbt:241 ("bench ArrayView::map n=100000") ok
time (mean ± σ)         range (min … max) 
 130.57 µs ± 466.30 ns   130.07 µs … 131.27 µs  in 10 ×    760 runs
[moonbitlang/core] bench builtin/array_locals_bench_test.mbt:248 ("bench ArrayView::mapi n=100000") ok
time (mean ± σ)         range (min … max) 
 132.87 µs ± 715.39 ns   132.26 µs … 134.29 µs  in 10 ×    750 runs
[moonbitlang/core] bench builtin/array_locals_bench_test.mbt:255 ("bench ArrayView::filter n=100000") ok
time (mean ± σ)         range (min … max) 
 139.65 µs ± 893.13 ns   138.84 µs … 141.66 µs  in 10 ×    713 runs
[moonbitlang/core] bench builtin/array_locals_bench_test.mbt:262 ("bench ArrayView::filter_map n=100000") ok
time (mean ± σ)         range (min … max) 
 179.60 µs ± 922.60 ns   178.61 µs … 181.29 µs  in 10 ×    492 runs
[moonbitlang/core] bench bytes/find_bench_test.mbt:92 ("bench BytesView::find single byte hit end n=4096") ok
time (mean ± σ)         range (min … max) 
   2.09 µs ±   4.51 ns     2.08 µs …   2.10 µs  in 10 ×  49911 runs
[moonbitlang/core] bench bytes/find_bench_test.mbt:99 ("bench BytesView::find single byte miss n=4096") ok
time (mean ± σ)         range (min … max) 
   2.12 µs ±   6.44 ns     2.12 µs …   2.13 µs  in 10 ×  49790 runs
[moonbitlang/core] bench bytes/find_bench_test.mbt:106 ("bench BytesView::find substring rare hit end n=4096") ok
time (mean ± σ)         range (min … max) 
   2.23 µs ±   1.60 ns     2.22 µs …   2.23 µs  in 10 ×  45060 runs
[moonbitlang/core] bench bytes/find_bench_test.mbt:113 ("bench BytesView::find substring dense miss n=4096") ok
time (mean ± σ)         range (min … max) 
   2.32 µs ±  24.54 ns     2.29 µs …   2.36 µs  in 10 ×  44496 runs
[moonbitlang/core] bench bytes/find_bench_test.mbt:120 ("bench BytesView::find offset view rare hit end n=4096") ok
time (mean ± σ)         range (min … max) 
   2.23 µs ±   1.39 ns     2.22 µs …   2.23 µs  in 10 ×  45052 runs
[moonbitlang/core] bench bytes/find_bench_test.mbt:127 ("bench BytesView::find long dense miss n=4096") ok
time (mean ± σ)         range (min … max) 
   4.71 µs ±   3.15 ns     4.71 µs …   4.72 µs  in 10 ×  21206 runs
[moonbitlang/core] bench bytes/find_bench_test.mbt:134 ("bench BytesView::find single byte miss n=32") ok
time (mean ± σ)         range (min … max) 
  22.62 ns ±   0.21 ns    22.35 ns …  22.94 ns  in 10 × 100000 runs
[moonbitlang/core] bench bytes/find_bench_test.mbt:141 ("bench BytesView::find substring miss n=32") ok
time (mean ± σ)         range (min … max) 
  24.67 ns ±   0.22 ns    24.42 ns …  25.02 ns  in 10 × 100000 runs
[moonbitlang/core] bench bytes/find_bench_test.mbt:148 ("bench BytesView::rev_find single byte hit start n=4096") ok
time (mean ± σ)         range (min … max) 
   2.04 µs ±   6.66 ns     2.03 µs …   2.05 µs  in 10 ×  49921 runs
[moonbitlang/core] bench bytes/find_bench_test.mbt:155 ("bench BytesView::rev_find single byte miss n=4096") ok
time (mean ± σ)         range (min … max) 
   2.11 µs ±  10.40 ns     2.10 µs …   2.13 µs  in 10 ×  49388 runs
[moonbitlang/core] bench bytes/find_bench_test.mbt:162 ("bench BytesView::rev_find substring rare hit start n=4096") ok
time (mean ± σ)         range (min … max) 
   3.34 µs ±   3.16 ns     3.34 µs …   3.35 µs  in 10 ×  29894 runs
[moonbitlang/core] bench bytes/find_bench_test.mbt:169 ("bench BytesView::rev_find substring dense miss n=4096") ok
time (mean ± σ)         range (min … max) 
   3.50 µs ±   6.10 ns     3.49 µs …   3.51 µs  in 10 ×  28206 runs
[moonbitlang/core] bench bytes/find_bench_test.mbt:176 ("bench BytesView::rev_find offset view rare hit start n=4096") ok
time (mean ± σ)         range (min … max) 
   3.34 µs ±   2.13 ns     3.34 µs …   3.34 µs  in 10 ×  29917 runs
[moonbitlang/core] bench bytes/find_bench_test.mbt:185 ("bench BytesView::rev_find long dense miss n=4096") ok
time (mean ± σ)         range (min … max) 
   3.47 µs ±   6.91 ns     3.46 µs …   3.48 µs  in 10 ×  28678 runs
[moonbitlang/core] bench deque/deque_bench_test.mbt:22 ("bench Deque::to_array Int n=50000") ok
time (mean ± σ)         range (min … max) 
  99.03 µs ± 651.65 ns    98.25 µs …  99.92 µs  in 10 ×   1011 runs
[moonbitlang/core] bench deque/deque_bench_test.mbt:28 ("bench Deque::to_array Ref n=50000") ok
time (mean ± σ)         range (min … max) 
 125.40 µs ±   2.00 µs   122.75 µs … 128.33 µs  in 10 ×    800 runs
[moonbitlang/core] bench encoding/ascii/ascii_bench_test.mbt:40 ("bench ASCII decode n=15") ok
time (mean ± σ)         range (min … max) 
  51.71 ns ±   0.55 ns    50.83 ns …  52.50 ns  in 10 × 100000 runs
[moonbitlang/core] bench encoding/ascii/ascii_bench_test.mbt:46 ("bench ASCII decode n=16") ok
time (mean ± σ)         range (min … max) 
  55.46 ns ±   0.96 ns    53.98 ns …  56.48 ns  in 10 × 100000 runs
[moonbitlang/core] bench encoding/ascii/ascii_bench_test.mbt:52 ("bench ASCII decode n=32") ok
time (mean ± σ)         range (min … max) 
  96.47 ns ±   2.00 ns    93.59 ns …  98.32 ns  in 10 × 100000 runs
[moonbitlang/core] bench encoding/ascii/ascii_bench_test.mbt:58 ("bench ASCII decode n=64") ok
time (mean ± σ)         range (min … max) 
 135.50 ns ±   0.30 ns   135.22 ns … 136.06 ns  in 10 × 100000 runs
[moonbitlang/core] bench encoding/ascii/ascii_bench_test.mbt:64 ("bench ASCII decode n=100000") ok
time (mean ± σ)         range (min … max) 
 228.02 µs ±   1.29 µs   226.11 µs … 229.23 µs  in 10 ×    439 runs
[moonbitlang/core] bench encoding/ascii/ascii_bench_test.mbt:70 ("bench ASCII decode n=1000000") ok
time (mean ± σ)         range (min … max) 
   2.18 ms ±   9.78 µs     2.16 ms …   2.19 ms  in 10 ×     46 runs
[moonbitlang/core] bench encoding/base64/v128_bench_wbtest.mbt:38 ("bench encode scalar n=64") ok
time (mean ± σ)         range (min … max) 
   1.64 µs ±   8.65 ns     1.63 µs …   1.65 µs  in 10 ×  59506 runs
[moonbitlang/core] bench encoding/base64/v128_bench_wbtest.mbt:43 ("bench encode v128 n=64") ok
time (mean ± σ)         range (min … max) 
   1.63 µs ±   6.40 ns     1.62 µs …   1.64 µs  in 10 ×  58109 runs
[moonbitlang/core] bench encoding/base64/v128_bench_wbtest.mbt:48 ("bench encode scalar n=1024") ok
time (mean ± σ)         range (min … max) 
  24.61 µs ± 292.73 ns    24.37 µs …  25.24 µs  in 10 ×   3924 runs
[moonbitlang/core] bench encoding/base64/v128_bench_wbtest.mbt:53 ("bench encode v128 n=1024") ok
time (mean ± σ)         range (min … max) 
  25.04 µs ± 233.76 ns    24.78 µs …  25.45 µs  in 10 ×   3928 runs
[moonbitlang/core] bench encoding/base64/v128_bench_wbtest.mbt:58 ("bench encode scalar n=65536") ok
time (mean ± σ)         range (min … max) 
   1.61 ms ±   5.75 µs     1.60 ms …   1.62 ms  in 10 ×     63 runs
[moonbitlang/core] bench encoding/base64/v128_bench_wbtest.mbt:63 ("bench encode v128 n=65536") ok
time (mean ± σ)         range (min … max) 
   1.61 ms ±   5.08 µs     1.60 ms …   1.62 ms  in 10 ×     63 runs
[moonbitlang/core] bench encoding/base64/v128_bench_wbtest.mbt:68 ("bench decode scalar n=64") ok
time (mean ± σ)         range (min … max) 
 257.52 ns ±   1.36 ns   255.37 ns … 258.96 ns  in 10 × 100000 runs
[moonbitlang/core] bench encoding/base64/v128_bench_wbtest.mbt:75 ("bench decode v128 n=64") ok
time (mean ± σ)         range (min … max) 
 257.41 ns ±   1.46 ns   255.04 ns … 258.63 ns  in 10 × 100000 runs
[moonbitlang/core] bench encoding/base64/v128_bench_wbtest.mbt:80 ("bench decode scalar n=1024") ok
time (mean ± σ)         range (min … max) 
   3.64 µs ±  12.99 ns     3.63 µs …   3.67 µs  in 10 ×  25784 runs
[moonbitlang/core] bench encoding/base64/v128_bench_wbtest.mbt:87 ("bench decode v128 n=1024") ok
time (mean ± σ)         range (min … max) 
   3.66 µs ±  19.84 ns     3.64 µs …   3.70 µs  in 10 ×  25718 runs
[moonbitlang/core] bench encoding/base64/v128_bench_wbtest.mbt:92 ("bench decode scalar n=65536") ok
time (mean ± σ)         range (min … max) 
 582.39 µs ±   2.10 µs   579.96 µs … 584.72 µs  in 10 ×    172 runs
[moonbitlang/core] bench encoding/base64/v128_bench_wbtest.mbt:99 ("bench decode v128 n=65536") ok
time (mean ± σ)         range (min … max) 
 581.42 µs ±   1.65 µs   579.70 µs … 584.34 µs  in 10 ×    172 runs
[moonbitlang/core] bench encoding/hex/v128_bench_wbtest.mbt:34 ("bench encode scalar 4k") ok
time (mean ± σ)         range (min … max) 
 143.44 µs ± 627.27 ns   142.64 µs … 144.54 µs  in 10 ×    700 runs
[moonbitlang/core] bench encoding/hex/v128_bench_wbtest.mbt:39 ("bench encode public 64") ok
time (mean ± σ)         range (min … max) 
   2.25 µs ±  10.33 ns     2.24 µs …   2.27 µs  in 10 ×  43435 runs
[moonbitlang/core] bench encoding/hex/v128_bench_wbtest.mbt:44 ("bench encode public 4k") ok
time (mean ± σ)         range (min … max) 
 143.33 µs ± 669.86 ns   142.24 µs … 144.28 µs  in 10 ×    694 runs
[moonbitlang/core] bench encoding/hex/v128_bench_wbtest.mbt:49 ("bench encode public 64k") ok
time (mean ± σ)         range (min … max) 
   2.30 ms ±  17.05 µs     2.27 ms …   2.33 ms  in 10 ×     44 runs
[moonbitlang/core] bench encoding/hex/v128_bench_wbtest.mbt:54 ("bench decode scalar 4k") ok
time (mean ± σ)         range (min … max) 
  27.85 µs ± 514.48 ns    26.89 µs …  28.32 µs  in 10 ×   3520 runs
[moonbitlang/core] bench encoding/hex/v128_bench_wbtest.mbt:62 ("bench decode public 4k") ok
time (mean ± σ)         range (min … max) 
  24.20 µs ± 360.64 ns    23.48 µs …  24.82 µs  in 10 ×   4065 runs
[moonbitlang/core] bench encoding/hex/v128_bench_wbtest.mbt:70 ("bench decode public 64k") ok
time (mean ± σ)         range (min … max) 
 573.30 µs ±   2.27 µs   570.47 µs … 577.16 µs  in 10 ×    175 runs
[moonbitlang/core] bench encoding/utf16/utf16_v128_bench_test.mbt:57 ("bench utf16 encode ASCII LE n=100000") ok
time (mean ± σ)         range (min … max) 
 104.54 µs ± 686.83 ns   104.01 µs … 105.68 µs  in 10 ×    942 runs
[moonbitlang/core] bench encoding/utf16/utf16_v128_bench_test.mbt:63 ("bench utf16 encode ASCII BE n=100000") ok
time (mean ± σ)         range (min … max) 
 110.81 µs ± 831.54 ns   109.84 µs … 111.74 µs  in 10 ×    905 runs
[moonbitlang/core] bench encoding/utf16/utf16_v128_bench_test.mbt:69 ("bench utf16 encode mixed LE n=100000") ok
time (mean ± σ)         range (min … max) 
 104.68 µs ± 739.14 ns   103.97 µs … 105.78 µs  in 10 ×    944 runs
[moonbitlang/core] bench encoding/utf16/utf16_v128_bench_test.mbt:75 ("bench utf16 encode mixed BE n=100000") ok
time (mean ± σ)         range (min … max) 
 111.61 µs ±   1.32 µs   110.00 µs … 113.17 µs  in 10 ×    905 runs
[moonbitlang/core] bench encoding/utf16/utf16_v128_bench_test.mbt:81 ("bench utf16 decode ASCII LE n=100000") ok
time (mean ± σ)         range (min … max) 
 193.19 µs ±   1.11 µs   190.25 µs … 194.51 µs  in 10 ×    538 runs
[moonbitlang/core] bench encoding/utf16/utf16_v128_bench_test.mbt:87 ("bench utf16 decode ASCII BE n=100000") ok
time (mean ± σ)         range (min … max) 
 324.10 µs ±   1.78 µs   321.54 µs … 326.58 µs  in 10 ×    309 runs
[moonbitlang/core] bench encoding/utf16/utf16_v128_bench_test.mbt:95 ("bench utf16 decode mixed LE n=100000") ok
time (mean ± σ)         range (min … max) 
 190.32 µs ±   4.41 µs   184.09 µs … 194.25 µs  in 10 ×    540 runs
[moonbitlang/core] bench encoding/utf16/utf16_v128_bench_test.mbt:101 ("bench utf16 decode mixed BE n=100000") ok
time (mean ± σ)         range (min … max) 
 324.57 µs ±   1.48 µs   322.38 µs … 326.96 µs  in 10 ×    309 runs
[moonbitlang/core] bench encoding/utf16/utf16_v128_bench_test.mbt:109 ("bench utf16 decode emoji LE n=100000") ok
time (mean ± σ)         range (min … max) 
 282.27 µs ± 982.29 ns   281.04 µs … 284.37 µs  in 10 ×    356 runs
[moonbitlang/core] bench encoding/utf16/utf16_v128_bench_test.mbt:115 ("bench utf16 decode emoji BE n=100000") ok
time (mean ± σ)         range (min … max) 
 333.43 µs ±   1.86 µs   331.76 µs … 336.86 µs  in 10 ×    299 runs
[moonbitlang/core] bench hashmap/hashmap_bench_test.mbt:19 ("bench HashMap::set n=50000") ok
time (mean ± σ)         range (min … max) 
   1.64 ms ±  16.78 µs     1.61 ms …   1.67 ms  in 10 ×     61 runs
[moonbitlang/core] bench hashmap/hashmap_bench_test.mbt:30 ("bench HashMap::get n=50000") ok
time (mean ± σ)         range (min … max) 
 475.61 µs ± 244.51 ns   475.28 µs … 475.89 µs  in 10 ×    210 runs
[moonbitlang/core] bench hashmap/hashmap_bench_test.mbt:47 ("bench HashMap::get miss n=50000") ok
time (mean ± σ)         range (min … max) 
 605.05 µs ±   1.69 µs   601.97 µs … 607.04 µs  in 10 ×    167 runs
[moonbitlang/core] bench hashmap/hashmap_bench_test.mbt:67 ("bench HashMap::set+remove n=50000") ok
time (mean ± σ)         range (min … max) 
   2.29 ms ±  16.89 µs     2.27 ms …   2.33 ms  in 10 ×     44 runs
[moonbitlang/core] bench hashmap/hashmap_bench_test.mbt:87 ("bench HashMap::copy+remove n=50000") ok
time (mean ± σ)         range (min … max) 
   1.25 ms ±  21.70 µs     1.23 ms …   1.29 ms  in 10 ×     81 runs
[moonbitlang/core] bench hashmap/hashmap_bench_test.mbt:102 ("bench HashMap::copy n=50000") ok
time (mean ± σ)         range (min … max) 
 618.42 µs ±   7.41 µs   607.41 µs … 625.81 µs  in 10 ×    163 runs
[moonbitlang/core] bench hashmap/hashmap_bench_test.mbt:114 ("bench HashMap::to_array Int n=50000") ok
time (mean ± σ)         range (min … max) 
 603.55 µs ±  12.38 µs   581.67 µs … 621.70 µs  in 10 ×    166 runs
[moonbitlang/core] bench hashmap/hashmap_bench_test.mbt:123 ("bench HashMap::to_array Ref n=50000") ok
time (mean ± σ)         range (min … max) 
 705.51 µs ±  12.67 µs   680.97 µs … 722.05 µs  in 10 ×    144 runs
[moonbitlang/core] bench hashset/hashset_bench_test.mbt:19 ("bench HashSet::add n=50000") ok
time (mean ± σ)         range (min … max) 
   2.01 ms ±  22.56 µs     1.99 ms …   2.05 ms  in 10 ×     50 runs
[moonbitlang/core] bench hashset/hashset_bench_test.mbt:30 ("bench HashSet::contains n=50000") ok
time (mean ± σ)         range (min … max) 
   1.07 ms ±   2.19 µs     1.07 ms …   1.07 ms  in 10 ×     94 runs
[moonbitlang/core] bench immut/hashmap/hashmap_build_bench_test.mbt:37 ("bench HashMap constructor ordered n=10000") ok
time (mean ± σ)         range (min … max) 
 558.85 µs ±   1.26 µs   556.89 µs … 560.96 µs  in 10 ×    179 runs
[moonbitlang/core] bench immut/hashmap/hashmap_build_bench_test.mbt:43 ("bench HashMap constructor random n=10000") ok
time (mean ± σ)         range (min … max) 
 561.59 µs ± 855.67 ns   560.53 µs … 562.86 µs  in 10 ×    178 runs
[moonbitlang/core] bench immut/hashmap/hashmap_build_bench_test.mbt:49 ("bench HashMap::from_iter random n=10000") ok
time (mean ± σ)         range (min … max) 
 588.15 µs ±   1.28 µs   586.36 µs … 590.04 µs  in 10 ×    170 runs
[moonbitlang/core] bench immut/hashset/hashset_build_bench_test.mbt:34 ("bench HashSet constructor ordered n=10000") ok
time (mean ± σ)         range (min … max) 
 591.83 µs ±   1.71 µs   589.31 µs … 594.00 µs  in 10 ×    169 runs
[moonbitlang/core] bench immut/hashset/hashset_build_bench_test.mbt:40 ("bench HashSet constructor random n=10000") ok
time (mean ± σ)         range (min … max) 
 593.09 µs ±   1.84 µs   589.90 µs … 596.02 µs  in 10 ×    167 runs
[moonbitlang/core] bench immut/hashset/hashset_build_bench_test.mbt:46 ("bench HashSet::from_iter random n=10000") ok
time (mean ± σ)         range (min … max) 
 620.11 µs ±   2.25 µs   616.54 µs … 623.84 µs  in 10 ×    161 runs
[moonbitlang/core] bench immut/priority_queue/priority_queue_build_bench_test.mbt:38 ("bench PriorityQueue::from_array ordered n=10000") ok
time (mean ± σ)         range (min … max) 
  51.24 µs ±   1.14 µs    50.10 µs …  52.71 µs  in 10 ×   1893 runs
[moonbitlang/core] bench immut/priority_queue/priority_queue_build_bench_test.mbt:44 ("bench PriorityQueue::from_array reverse n=10000") ok
time (mean ± σ)         range (min … max) 
  40.83 µs ± 646.95 ns    40.32 µs …  42.23 µs  in 10 ×   2346 runs
[moonbitlang/core] bench immut/priority_queue/priority_queue_build_bench_test.mbt:50 ("bench PriorityQueue::from_array random n=10000") ok
time (mean ± σ)         range (min … max) 
  52.39 µs ±   1.22 µs    51.24 µs …  53.91 µs  in 10 ×   1857 runs
[moonbitlang/core] bench immut/priority_queue/priority_queue_build_bench_test.mbt:56 ("bench PriorityQueue::from_iter random n=10000") ok
time (mean ± σ)         range (min … max) 
  86.85 µs ± 456.99 ns    86.36 µs …  87.53 µs  in 10 ×   1151 runs
[moonbitlang/core] bench immut/sorted_map/sorted_map_build_bench_test.mbt:54 ("bench SortedMap constructor reverse n=10000") ok
time (mean ± σ)         range (min … max) 
  81.97 µs ± 276.16 ns    81.67 µs …  82.64 µs  in 10 ×   1225 runs
[moonbitlang/core] bench immut/sorted_map/sorted_map_build_bench_test.mbt:60 ("bench SortedMap::from_iter ordered n=10000") ok
time (mean ± σ)         range (min … max) 
   1.79 ms ±   7.29 µs     1.78 ms …   1.80 ms  in 10 ×     56 runs
[moonbitlang/core] bench immut/sorted_map/sorted_map_build_bench_test.mbt:66 ("bench SortedMap::from_iter almost ordered n=10000") ok
time (mean ± σ)         range (min … max) 
   1.79 ms ±   9.39 µs     1.78 ms …   1.81 ms  in 10 ×     57 runs
[moonbitlang/core] bench immut/sorted_map/sorted_map_build_bench_test.mbt:72 ("bench SortedMap::from_iter random n=10000") ok
time (mean ± σ)         range (min … max) 
   1.11 ms ±   7.25 µs     1.11 ms …   1.13 ms  in 10 ×     90 runs
[moonbitlang/core] bench immut/sorted_map/sorted_map_build_bench_test.mbt:78 ("bench SortedMap constructor ordered n=10000") ok
time (mean ± σ)         range (min … max) 
  83.70 µs ± 192.59 ns    83.45 µs …  84.01 µs  in 10 ×   1193 runs
[moonbitlang/core] bench immut/sorted_map/sorted_map_build_bench_test.mbt:84 ("bench SortedMap constructor almost ordered n=10000") ok
time (mean ± σ)         range (min … max) 
 178.84 µs ± 345.60 ns   178.36 µs … 179.46 µs  in 10 ×    560 runs
[moonbitlang/core] bench immut/sorted_map/sorted_map_build_bench_test.mbt:90 ("bench SortedMap constructor random n=10000") ok
time (mean ± σ)         range (min … max) 
 703.27 µs ±   2.98 µs   700.04 µs … 710.07 µs  in 10 ×    143 runs
[moonbitlang/core] bench immut/sorted_map/merge_bench_test.mbt:29 ("bench merge disjoint n=1000") ok
time (mean ± σ)         range (min … max) 
   1.82 µs ±   7.94 ns     1.81 µs …   1.84 µs  in 10 ×  52270 runs
[moonbitlang/core] bench immut/sorted_map/merge_bench_test.mbt:36 ("bench merge disjoint n=5000") ok
time (mean ± σ)         range (min … max) 
   2.71 µs ±   5.06 ns     2.70 µs …   2.72 µs  in 10 ×  36908 runs
[moonbitlang/core] bench immut/sorted_map/merge_bench_test.mbt:43 ("bench merge disjoint n=10000") ok
time (mean ± σ)         range (min … max) 
   3.16 µs ±  10.39 ns     3.15 µs …   3.19 µs  in 10 ×  31659 runs
[moonbitlang/core] bench immut/sorted_map/merge_bench_test.mbt:50 ("bench merge overlapping 50% n=1000") ok
time (mean ± σ)         range (min … max) 
   7.46 µs ±  47.46 ns     7.41 µs …   7.53 µs  in 10 ×  13264 runs
[moonbitlang/core] bench immut/sorted_map/merge_bench_test.mbt:57 ("bench merge overlapping 50% n=5000") ok
time (mean ± σ)         range (min … max) 
  36.43 µs ± 102.08 ns    36.32 µs …  36.61 µs  in 10 ×   2745 runs
[moonbitlang/core] bench immut/sorted_map/merge_bench_test.mbt:64 ("bench merge overlapping 50% n=10000") ok
time (mean ± σ)         range (min … max) 
  66.24 µs ± 366.28 ns    65.68 µs …  66.80 µs  in 10 ×   1517 runs
[moonbitlang/core] bench immut/sorted_map/merge_bench_test.mbt:71 ("bench merge identical n=1000") ok
time (mean ± σ)         range (min … max) 
  11.00 µs ±  11.24 ns    10.98 µs …  11.02 µs  in 10 ×   9084 runs
[moonbitlang/core] bench immut/sorted_map/merge_bench_test.mbt:78 ("bench merge identical n=5000") ok
time (mean ± σ)         range (min … max) 
  58.08 µs ± 448.88 ns    57.58 µs …  58.89 µs  in 10 ×   1715 runs
[moonbitlang/core] bench immut/sorted_map/merge_bench_test.mbt:85 ("bench merge interleaved n=1000") ok
time (mean ± σ)         range (min … max) 
  38.20 µs ± 199.58 ns    37.89 µs …  38.41 µs  in 10 ×   2626 runs
[moonbitlang/core] bench immut/sorted_map/merge_bench_test.mbt:92 ("bench merge interleaved n=5000") ok
time (mean ± σ)         range (min … max) 
 211.77 µs ± 677.51 ns   210.71 µs … 213.29 µs  in 10 ×    475 runs
[moonbitlang/core] bench immut/sorted_map/merge_bench_test.mbt:99 ("bench merge small into large n=100+10000") ok
time (mean ± σ)         range (min … max) 
   2.57 µs ±  12.66 ns     2.55 µs …   2.59 µs  in 10 ×  38679 runs
[moonbitlang/core] bench immut/sorted_set/sorted_set_build_bench_test.mbt:51 ("bench SortedSet constructor reverse n=10000") ok
time (mean ± σ)         range (min … max) 
  76.04 µs ± 303.66 ns    75.74 µs …  76.81 µs  in 10 ×   1318 runs
[moonbitlang/core] bench immut/sorted_set/sorted_set_build_bench_test.mbt:57 ("bench SortedSet::from_iter ordered n=10000") ok
time (mean ± σ)         range (min … max) 
   1.80 ms ±  10.40 µs     1.78 ms …   1.81 ms  in 10 ×     56 runs
[moonbitlang/core] bench immut/sorted_set/sorted_set_build_bench_test.mbt:63 ("bench SortedSet::from_iter almost ordered n=10000") ok
time (mean ± σ)         range (min … max) 
   1.79 ms ±   7.86 µs     1.79 ms …   1.81 ms  in 10 ×     56 runs
[moonbitlang/core] bench immut/sorted_set/sorted_set_build_bench_test.mbt:69 ("bench SortedSet::from_iter rev almost ordered n=10000") ok
time (mean ± σ)         range (min … max) 
   1.79 ms ±  11.02 µs     1.77 ms …   1.81 ms  in 10 ×     57 runs
[moonbitlang/core] bench immut/sorted_set/sorted_set_build_bench_test.mbt:75 ("bench SortedSet::from_iter random n=10000") ok
time (mean ± σ)         range (min … max) 
   1.09 ms ±   3.72 µs     1.08 ms …   1.09 ms  in 10 ×     92 runs
[moonbitlang/core] bench immut/sorted_set/sorted_set_build_bench_test.mbt:81 ("bench SortedSet constructor ordered n=10000") ok
time (mean ± σ)         range (min … max) 
  78.01 µs ± 116.65 ns    77.80 µs …  78.18 µs  in 10 ×   1283 runs
[moonbitlang/core] bench immut/sorted_set/sorted_set_build_bench_test.mbt:87 ("bench SortedSet constructor almost ordered n=10000") ok
time (mean ± σ)         range (min … max) 
 106.25 µs ±   1.32 µs   104.84 µs … 108.11 µs  in 10 ×    927 runs
[moonbitlang/core] bench immut/sorted_set/sorted_set_build_bench_test.mbt:93 ("bench SortedSet constructor random n=10000") ok
time (mean ± σ)         range (min … max) 
 286.46 µs ± 673.22 ns   285.63 µs … 287.56 µs  in 10 ×    349 runs
[moonbitlang/core] bench immut/vector/vector_iter_bench_test.mbt:24 ("bench Vector::iter fold n=100000") ok
time (mean ± σ)         range (min … max) 
 488.78 µs ± 325.96 ns   488.41 µs … 489.30 µs  in 10 ×    205 runs
[moonbitlang/core] bench immut/vector/vector_iter_bench_test.mbt:30 ("bench Vector::iter each n=100000") ok
time (mean ± σ)         range (min … max) 
 503.51 µs ± 991.21 ns   501.92 µs … 504.77 µs  in 10 ×    199 runs
[moonbitlang/core] bench immut/vector/vector_iter_bench_test.mbt:40 ("bench Vector::iter to_array n=100000") ok
time (mean ± σ)         range (min … max) 
 625.71 µs ±   6.82 µs   611.55 µs … 630.55 µs  in 10 ×    162 runs
[moonbitlang/core] bench immut/vector/vector_iter_bench_test.mbt:46 ("bench Vector::for-in n=100000") ok
time (mean ± σ)         range (min … max) 
 489.47 µs ±   1.66 µs   487.14 µs … 493.00 µs  in 10 ×    205 runs
[moonbitlang/core] bench immut/vector/vector_contains_bench_test.mbt:24 ("bench Vector::contains missing n=100000") ok
time (mean ± σ)         range (min … max) 
  52.83 µs ± 101.87 ns    52.73 µs …  52.99 µs  in 10 ×   1890 runs
[moonbitlang/core] bench immut/vector/vector_contains_bench_test.mbt:30 ("bench Vector::contains tree-end n=100000") ok
time (mean ± σ)         range (min … max) 
  52.67 µs ± 148.76 ns    52.57 µs …  52.98 µs  in 10 ×   1866 runs
[moonbitlang/core] bench immut/vector/vector_contains_bench_test.mbt:36 ("bench Vector::contains tail-end n=100000") ok
time (mean ± σ)         range (min … max) 
  52.71 µs ± 200.45 ns    52.57 µs …  53.12 µs  in 10 ×   1885 runs
[moonbitlang/core] bench internal/strconv/parse_double_bench_test.mbt:48 ("bench parse_double fast digits n=4096") ok
time (mean ± σ)         range (min … max) 
 346.54 µs ±  11.73 µs   331.76 µs … 365.46 µs  in 10 ×    283 runs
[moonbitlang/core] bench internal/strconv/parse_double_bench_test.mbt:55 ("bench parse_double underscores n=4096") ok
time (mean ± σ)         range (min … max) 
 627.36 µs ±  19.64 µs   600.42 µs … 660.01 µs  in 10 ×    163 runs
[moonbitlang/core] bench internal/strconv/parse_double_bench_test.mbt:62 ("bench parse_double long mantissa n=4096") ok
time (mean ± σ)         range (min … max) 
 508.69 µs ±  14.47 µs   491.48 µs … 533.56 µs  in 10 ×    200 runs
[moonbitlang/core] bench json/stringify_indent_bench_test.mbt:45 ("bench Json::stringify deep wide indent=2 n=10000") ok
time (mean ± σ)         range (min … max) 
 398.56 µs ±   1.92 µs   396.57 µs … 402.26 µs  in 10 ×    178 runs
[moonbitlang/core] bench json/stringify_indent_bench_test.mbt:54 ("bench Json::stringify compact n=10000") ok
time (mean ± σ)         range (min … max) 
 190.49 µs ± 675.16 ns   189.73 µs … 191.97 µs  in 10 ×    476 runs
[moonbitlang/core] bench json/stringify_indent_bench_test.mbt:60 ("bench Json::stringify shallow wide indent=2 n=500") ok
time (mean ± σ)         range (min … max) 
 164.30 µs ± 775.77 ns   163.60 µs … 166.06 µs  in 10 ×    606 runs
[moonbitlang/core] bench json/stringify_indent_bench_test.mbt:66 ("bench Json::stringify shallow wide compact n=500") ok
time (mean ± σ)         range (min … max) 
 118.43 µs ± 388.88 ns   117.74 µs … 119.07 µs  in 10 ×    840 runs
[moonbitlang/core] bench json/stringify_escape_bench_test.mbt:24 ("bench Json::stringify strings no escape n=2048") ok
time (mean ± σ)         range (min … max) 
 128.83 µs ± 226.73 ns   128.46 µs … 129.09 µs  in 10 ×    770 runs
[moonbitlang/core] bench json/stringify_escape_bench_test.mbt:30 ("bench Json::stringify strings slash no escape n=2048") ok
time (mean ± σ)         range (min … max) 
 128.77 µs ± 358.59 ns   128.38 µs … 129.55 µs  in 10 ×    772 runs
[moonbitlang/core] bench json/stringify_escape_bench_test.mbt:36 ("bench Json::stringify strings slash escaped n=2048") ok
time (mean ± σ)         range (min … max) 
 263.31 µs ± 778.63 ns   262.34 µs … 264.79 µs  in 10 ×    346 runs
[moonbitlang/core] bench json/stringify_escape_bench_test.mbt:42 ("bench Json::stringify strings quotes controls n=2048") ok
time (mean ± σ)         range (min … max) 
 250.18 µs ±   1.29 µs   248.77 µs … 252.12 µs  in 10 ×    363 runs
[moonbitlang/core] bench json/parse_bench_test.mbt:45 ("bench json parse mixed object array n=1000") ok
time (mean ± σ)         range (min … max) 
   1.15 ms ±   3.80 µs     1.14 ms …   1.16 ms  in 10 ×     87 runs
[moonbitlang/core] bench json/number_bench_test.mbt:64 ("bench json parse int array n=10000") ok
time (mean ± σ)         range (min … max) 
 737.43 µs ±   5.95 µs   728.32 µs … 748.40 µs  in 10 ×    135 runs
[moonbitlang/core] bench json/number_bench_test.mbt:70 ("bench json parse float array n=10000") ok
time (mean ± σ)         range (min … max) 
   1.06 ms ±  14.75 µs     1.04 ms …   1.08 ms  in 10 ×     95 runs
[moonbitlang/core] bench json/number_bench_test.mbt:76 ("bench json parse long mantissa array n=10000") ok
time (mean ± σ)         range (min … max) 
   1.74 ms ±  17.19 µs     1.71 ms …   1.76 ms  in 10 ×     58 runs
[moonbitlang/core] bench lazy_list/concat_bench_test.mbt:40 ("bench LazyList build and traverse n=2048") ok
time (mean ± σ)         range (min … max) 
  33.44 µs ± 373.70 ns    32.40 µs …  33.63 µs  in 10 ×   2973 runs
[moonbitlang/core] bench lazy_list/concat_bench_test.mbt:49 ("bench LazyList re-traverse a forced list n=2048") ok
time (mean ± σ)         range (min … max) 
  15.54 µs ± 149.62 ns    15.39 µs …  15.83 µs  in 10 ×   6219 runs
[moonbitlang/core] bench lazy_list/concat_bench_test.mbt:57 ("bench LazyList left-nested concat, build only n=2048") ok
time (mean ± σ)         range (min … max) 
  74.31 µs ± 500.75 ns    73.46 µs …  74.75 µs  in 10 ×   1361 runs
[moonbitlang/core] bench lazy_list/concat_bench_test.mbt:62 ("bench LazyList left-nested concat, build and traverse n=2048") ok
time (mean ± σ)         range (min … max) 
 142.48 µs ±   1.55 µs   140.26 µs … 143.91 µs  in 10 ×    699 runs
[moonbitlang/core] bench lazy_list/concat_bench_test.mbt:69 ("bench LazyList concat while consuming n=2048") ok
time (mean ± σ)         range (min … max) 
 110.91 µs ± 286.21 ns   110.48 µs … 111.21 µs  in 10 ×    903 runs
[moonbitlang/core] bench lexbuf/lexbuf_bench_test.mbt:47 ("bench Lexbuf retained token chunks=10000 size=1") ok
time (mean ± σ)         range (min … max) 
 309.72 µs ± 522.10 ns   309.34 µs … 311.10 µs  in 10 ×    324 runs
[moonbitlang/core] bench lexbuf/lexbuf_bench_test.mbt:52 ("bench Lexbuf retained token chunks=1250 size=8") ok
time (mean ± σ)         range (min … max) 
  92.34 µs ± 193.79 ns    92.05 µs …  92.74 µs  in 10 ×   1079 runs
[moonbitlang/core] bench lexbuf/lexbuf_bench_test.mbt:57 ("bench Lexbuf retained token chunks=157 size=64") ok
time (mean ± σ)         range (min … max) 
  44.31 µs ± 194.97 ns    44.15 µs …  44.80 µs  in 10 ×   2231 runs
[moonbitlang/core] bench lexbuf/lexbuf_bench_test.mbt:62 ("bench Lexbuf retained token chunks=20 size=512") ok
time (mean ± σ)         range (min … max) 
  41.68 µs ±  63.22 ns    41.61 µs …  41.81 µs  in 10 ×   2396 runs
[moonbitlang/core] bench quickcheck/shrink_collection_bench_test.mbt:16 ("bench shrink Array first candidate size=10000") ok
time (mean ± σ)         range (min … max) 
 129.89 ns ±   1.22 ns   128.20 ns … 131.35 ns  in 10 × 100000 runs
[moonbitlang/core] bench quickcheck/shrink_collection_bench_test.mbt:22 ("bench shrink List first candidate size=10000") ok
time (mean ± σ)         range (min … max) 
  74.11 µs ± 123.25 ns    73.94 µs …  74.31 µs  in 10 ×   1344 runs
[moonbitlang/core] bench quickcheck/generator_bench_test.mbt:16 ("bench Generator::zip_with n=1000000") ok
time (mean ± σ)         range (min … max) 
  12.04 ms ±  13.38 µs    12.01 ms …  12.05 ms  in 10 ×      9 runs
[moonbitlang/core] bench quickcheck/arbitrary_string_bench_test.mbt:16 ("bench Arbitrary String size=10000 count=100") ok
time (mean ± σ)         range (min … max) 
   5.22 ms ±  43.65 µs     5.17 ms …   5.30 ms  in 10 ×     18 runs
[moonbitlang/core] bench random/random_test.mbt:411 ("bench random") ok
time (mean ± σ)         range (min … max) 
  28.90 ms ±  75.15 µs    28.82 ms …  29.06 ms  in 10 ×      4 runs
[moonbitlang/core] bench set/linked_hash_set_bench_test.mbt:19 ("bench Set::add n=50000") ok
time (mean ± σ)         range (min … max) 
   2.20 ms ±  32.85 µs     2.15 ms …   2.25 ms  in 10 ×     47 runs
[moonbitlang/core] bench set/linked_hash_set_bench_test.mbt:30 ("bench Set::contains n=50000") ok
time (mean ± σ)         range (min … max) 
   1.07 ms ± 709.10 ns     1.07 ms …   1.07 ms  in 10 ×     94 runs
[moonbitlang/core] bench set/linked_hash_set_bench_test.mbt:47 ("bench Set::contains miss n=50000") ok
time (mean ± σ)         range (min … max) 
   1.09 ms ±   4.17 µs     1.08 ms …   1.09 ms  in 10 ×     93 runs
[moonbitlang/core] bench set/linked_hash_set_bench_test.mbt:67 ("bench Set::add+remove n=50000") ok
time (mean ± σ)         range (min … max) 
   3.32 ms ±  21.00 µs     3.30 ms …   3.35 ms  in 10 ×     30 runs
[moonbitlang/core] bench sorted_set/sorted_set_bench_test.mbt:22 ("bench SortedSet::to_array Int n=50000") ok
time (mean ± σ)         range (min … max) 
 159.34 µs ± 756.25 ns   158.02 µs … 160.67 µs  in 10 ×    626 runs
[moonbitlang/core] bench sorted_set/sorted_set_bench_test.mbt:30 ("bench SortedSet::to_array Ref n=50000") ok
time (mean ± σ)         range (min … max) 
 170.15 µs ±   1.59 µs   168.94 µs … 173.63 µs  in 10 ×    584 runs
[moonbitlang/core] bench string/regex_bench_test.mbt:16 ("bench regex /aa?b/ on 1MB string") ok
time (mean ± σ)         range (min … max) 
   2.66 ms ±  14.31 µs     2.65 ms …   2.69 ms  in 10 ×     38 runs
[moonbitlang/core] bench string/regex_bench_test.mbt:23 ("bench regex phone lines") ok
time (mean ± σ)         range (min … max) 
   3.22 µs ±  36.17 ns     3.20 µs …   3.28 µs  in 10 ×  30360 runs
[moonbitlang/core] bench string/regex_bench_test.mbt:43 ("bench regex large pattern") ok
time (mean ± σ)         range (min … max) 
   2.08 ms ±   9.18 µs     2.06 ms …   2.09 ms  in 10 ×     49 runs
[moonbitlang/core] bench v128/v128_bench_test.mbt:32 ("bench V128 i64x2_add n=10000") ok
time (mean ± σ)         range (min … max) 
   5.44 µs ±   7.81 ns     5.43 µs …   5.45 µs  in 10 ×  18357 runs
[moonbitlang/core] bench v128/v128_bench_test.mbt:44 ("bench V128 i32x4_add n=10000") ok
time (mean ± σ)         range (min … max) 
   5.44 µs ±   7.06 ns     5.43 µs …   5.45 µs  in 10 ×  18368 runs
[moonbitlang/core] bench v128/v128_bench_test.mbt:56 ("bench V128 i8x16_add n=10000") ok
time (mean ± σ)         range (min … max) 
   5.44 µs ±   6.75 ns     5.43 µs …   5.45 µs  in 10 ×  18371 runs
[moonbitlang/core] bench v128/v128_bench_test.mbt:68 ("bench V128 i8x16_splat n=10000") ok
time (mean ± σ)         range (min … max) 
   5.40 µs ±  12.94 ns     5.39 µs …   5.44 µs  in 10 ×  18519 runs
[moonbitlang/core] bench v128/v128_bench_test.mbt:79 ("bench V128 i8x16_extract_lane_u n=10000") ok
time (mean ± σ)         range (min … max) 
   8.25 µs ± 119.32 ns     8.14 µs …   8.49 µs  in 10 ×  12036 runs
[moonbitlang/core] bench v128/v128_bench_test.mbt:93 ("bench V128 i8x16_replace_lane n=10000") ok
time (mean ± σ)         range (min … max) 
  39.29 µs ±  37.49 ns    39.25 µs …  39.36 µs  in 10 ×   2547 runs
[moonbitlang/core] bench v128/v128_bench_test.mbt:108 ("bench V128 i8x16_bitmask n=10000") ok
time (mean ± σ)         range (min … max) 
   7.65 µs ±   5.84 ns     7.64 µs …   7.66 µs  in 10 ×  13046 runs
[moonbitlang/core] bench v128/v128_bench_test.mbt:120 ("bench V128 load/store n=10000") ok
time (mean ± σ)         range (min … max) 
 123.82 µs ±  70.97 ns   123.73 µs … 123.93 µs  in 10 ×    792 runs
[moonbitlang/core] bench v128/v128_bench_test.mbt:135 ("bench V128 load8x8_u n=10000") ok
time (mean ± σ)         range (min … max) 
  41.49 µs ± 339.35 ns    41.06 µs …  41.88 µs  in 10 ×   2435 runs
[moonbitlang/core] bench v128/v128_bench_test.mbt:147 ("bench V128 load8x8_s n=10000") ok
time (mean ± σ)         range (min … max) 
  46.40 µs ± 121.48 ns    46.32 µs …  46.74 µs  in 10 ×   2158 runs
[moonbitlang/core] bench v128/v128_bench_test.mbt:159 ("bench V128 load16x4_u n=10000") ok
time (mean ± σ)         range (min … max) 
  35.65 µs ± 402.37 ns    35.19 µs …  36.21 µs  in 10 ×   2817 runs
[moonbitlang/core] bench v128/v128_bench_test.mbt:171 ("bench V128 load16x4_s n=10000") ok
time (mean ± σ)         range (min … max) 
  40.56 µs ± 466.82 ns    40.17 µs …  41.28 µs  in 10 ×   2430 runs
[moonbitlang/core] bench v128/v128_bench_test.mbt:183 ("bench V128 load32x2_u n=10000") ok
time (mean ± σ)         range (min … max) 
  33.97 µs ± 347.13 ns    33.40 µs …  34.27 µs  in 10 ×   2924 runs
[moonbitlang/core] bench v128/v128_bench_test.mbt:195 ("bench V128 load32x2_s n=10000") ok
time (mean ± σ)         range (min … max) 
  36.22 µs ± 318.98 ns    35.74 µs …  36.60 µs  in 10 ×   2730 runs
[moonbitlang/core] bench v128/v128_bench_test.mbt:207 ("bench V128 load_splat n=10000") ok
time (mean ± σ)         range (min … max) 
  50.10 µs ± 499.73 ns    49.47 µs …  50.78 µs  in 10 ×   1972 runs
[moonbitlang/core] bench v128/v128_bench_test.mbt:223 ("bench V128 load8_lane n=10000") ok
time (mean ± σ)         range (min … max) 
  39.34 µs ± 111.95 ns    39.27 µs …  39.64 µs  in 10 ×   2546 runs
[moonbitlang/core] bench v128/v128_bench_test.mbt:235 ("bench V128 load16_lane n=10000") ok
time (mean ± σ)         range (min … max) 
  39.56 µs ±  35.53 ns    39.53 µs …  39.62 µs  in 10 ×   2528 runs
[moonbitlang/core] bench v128/v128_bench_test.mbt:247 ("bench V128 load32_lane n=10000") ok
time (mean ± σ)         range (min … max) 
  39.85 µs ±  29.26 ns    39.81 µs …  39.90 µs  in 10 ×   2511 runs
[moonbitlang/core] bench v128/v128_bench_test.mbt:259 ("bench V128 load64_lane n=10000") ok
time (mean ± σ)         range (min … max) 
  62.35 µs ±  35.21 ns    62.30 µs …  62.41 µs  in 10 ×   1605 runs
[moonbitlang/core] bench v128/v128_bench_test.mbt:271 ("bench V128 extend i8x16 to i16x8 n=10000") ok
time (mean ± σ)         range (min … max) 
  10.84 µs ±   4.68 ns    10.84 µs …  10.85 µs  in 10 ×   9211 runs
[moonbitlang/core] bench v128/v128_bench_test.mbt:285 ("bench V128 extend i16x8 to i32x4 n=10000") ok
time (mean ± σ)         range (min … max) 
  10.84 µs ±   4.07 ns    10.84 µs …  10.85 µs  in 10 ×   9214 runs
[moonbitlang/core] bench v128/v128_bench_test.mbt:299 ("bench V128 extend i32x4 to i64x2 n=10000") ok
time (mean ± σ)         range (min … max) 
  10.85 µs ±  29.41 ns    10.83 µs …  10.93 µs  in 10 ×   9198 runs
[moonbitlang/core] bench v128/v128_bench_test.mbt:313 ("bench V128 all_true n=10000") ok
time (mean ± σ)         range (min … max) 
  14.25 µs ±  18.99 ns    14.23 µs …  14.28 µs  in 10 ×   7023 runs
[moonbitlang/core] bench v128/v128_bench_test.mbt:337 ("bench V128 bitmask all widths n=10000") ok
time (mean ± σ)         range (min … max) 
  16.30 µs ±  16.88 ns    16.28 µs …  16.32 µs  in 10 ×   6143 runs
[moonbitlang/core] bench v128/v128_bench_test.mbt:353 ("bench V128 swizzle n=10000") ok
time (mean ± σ)         range (min … max) 
   5.44 µs ±   7.28 ns     5.43 µs …   5.45 µs  in 10 ×  18361 runs
[moonbitlang/core] bench v128/v128_bench_test.mbt:371 ("bench V128 shuffle n=10000") ok
time (mean ± σ)         range (min … max) 
  10.86 µs ±   3.95 ns    10.86 µs …  10.87 µs  in 10 ×   9194 runs
Total tests: 371, passed: 371, failed: 0.
