[moonbitlang/core] bench bench/hash_bench_test.mbt:16 ("bench Hash for Bytes (small)") ok
time (mean ± σ)         range (min … max) 
  12.56 ns ±   0.32 ns    12.03 ns …  13.03 ns  in 10 × 100000 runs
[moonbitlang/core] bench bench/hash_bench_test.mbt:22 ("bench Hash for Bytes (medium)") ok
time (mean ± σ)         range (min … max) 
 136.82 ns ±   0.18 ns   136.55 ns … 137.13 ns  in 10 × 100000 runs
[moonbitlang/core] bench bench/hash_bench_test.mbt:28 ("bench Hash for Bytes (large)") ok
time (mean ± σ)         range (min … max) 
   2.29 µs ±   6.16 ns     2.28 µs …   2.30 µs  in 10 ×  43695 runs
[moonbitlang/core] bench bench/hash_bench_test.mbt:34 ("bench Hash for BytesView (small)") ok
time (mean ± σ)         range (min … max) 
  11.26 ns ±   0.30 ns    10.86 ns …  11.79 ns  in 10 × 100000 runs
[moonbitlang/core] bench bench/hash_bench_test.mbt:41 ("bench Hash for BytesView (medium)") ok
time (mean ± σ)         range (min … max) 
 127.61 ns ±   0.58 ns   126.97 ns … 128.93 ns  in 10 × 100000 runs
[moonbitlang/core] bench bench/hash_bench_test.mbt:48 ("bench Hash for BytesView (large)") ok
time (mean ± σ)         range (min … max) 
   2.26 µs ±   1.19 ns     2.26 µs …   2.27 µs  in 10 ×  44110 runs
[moonbitlang/core] bench bench/hash_bench_test.mbt:55 ("bench Hasher::combine_bytes (small)") ok
time (mean ± σ)         range (min … max) 
  10.92 ns ±   0.19 ns    10.58 ns …  11.09 ns  in 10 × 100000 runs
[moonbitlang/core] bench bench/hash_bench_test.mbt:65 ("bench Hasher::combine_bytes (medium)") ok
time (mean ± σ)         range (min … max) 
 112.06 ns ±   0.32 ns   111.55 ns … 112.45 ns  in 10 × 100000 runs
[moonbitlang/core] bench bench/hash_bench_test.mbt:75 ("bench Hasher::combine_bytes (large)") ok
time (mean ± σ)         range (min … max) 
   1.97 µs ±   1.27 ns     1.97 µs …   1.98 µs  in 10 ×  50669 runs
[moonbitlang/core] bench bigint/to_string_radix_bench_test.mbt:23 ("bench bigint to_string radix=7 (4000 bits)") ok
time (mean ± σ)         range (min … max) 
  15.20 µs ±  14.31 ns    15.18 µs …  15.22 µs  in 10 ×   6552 runs
[moonbitlang/core] bench bigint/to_string_radix_bench_test.mbt:29 ("bench bigint to_string radix=36 (4000 bits)") ok
time (mean ± σ)         range (min … max) 
  13.49 µs ±  10.36 ns    13.47 µs …  13.50 µs  in 10 ×   7404 runs
[moonbitlang/core] bench bigint/to_string_radix_bench_test.mbt:35 ("bench bigint to_string radix=10 reference (4000 bits)") ok
time (mean ± σ)         range (min … max) 
  11.90 µs ±  17.43 ns    11.87 µs …  11.92 µs  in 10 ×   8357 runs
[moonbitlang/core] bench bigint/to_string_bench_test.mbt:30 ("bench BigInt::to_string n=40 digits") ok
time (mean ± σ)         range (min … max) 
  86.96 ns ±   0.18 ns    86.74 ns …  87.28 ns  in 10 × 100000 runs
[moonbitlang/core] bench bigint/to_string_bench_test.mbt:36 ("bench BigInt::to_string n=400 digits") ok
time (mean ± σ)         range (min … max) 
   2.83 µs ±   1.30 ns     2.83 µs …   2.83 µs  in 10 ×  35340 runs
[moonbitlang/core] bench bigint/to_string_bench_test.mbt:42 ("bench BigInt::to_string n=4000 digits") ok
time (mean ± σ)         range (min … max) 
  61.32 µs ±  83.99 ns    61.19 µs …  61.43 µs  in 10 ×   1628 runs
[moonbitlang/core] bench bigint/to_string_bench_test.mbt:48 ("bench BigInt::to_string n=40000 digits") ok
time (mean ± σ)         range (min … max) 
   2.22 ms ±   1.57 µs     2.22 ms …   2.22 ms  in 10 ×     45 runs
[moonbitlang/core] bench bigint/to_string_bench_test.mbt:54 ("bench BigInt::to_string n=250000 digits") ok
time (mean ± σ)         range (min … max) 
  24.30 ms ±  35.76 µs    24.27 ms …  24.38 ms  in 10 ×      5 runs
[moonbitlang/core] bench bigint/from_octets_bench_test.mbt:21 ("bench BigInt::from_octets n=64") ok
time (mean ± σ)         range (min … max) 
   1.46 µs ±   4.07 ns     1.46 µs …   1.47 µs  in 10 ×  68622 runs
[moonbitlang/core] bench bigint/from_octets_bench_test.mbt:27 ("bench BigInt::from_octets n=1024") ok
time (mean ± σ)         range (min … max) 
  22.34 µs ± 163.77 ns    22.18 µs …  22.66 µs  in 10 ×   4463 runs
[moonbitlang/core] bench bigint/division_bench_test.mbt:66 ("bench BigInt balanced division n=4000 digits") ok
time (mean ± σ)         range (min … max) 
  27.61 ns ±   3.34 ns    26.21 ns …  36.97 ns  in 10 ×   4053 runs
[moonbitlang/core] bench bigint/division_bench_test.mbt:72 ("bench BigInt balanced division n=40000 digits") ok
time (mean ± σ)         range (min … max) 
   1.39 ms ± 755.32 ns     1.39 ms …   1.40 ms  in 10 ×     72 runs
[moonbitlang/core] bench bigint/division_bench_test.mbt:78 ("bench BigInt balanced division n=250000 digits") ok
time (mean ± σ)         range (min … max) 
  16.12 ms ±  10.01 µs    16.11 ms …  16.15 ms  in 10 ×      7 runs
[moonbitlang/core] bench bigint/division_bench_test.mbt:84 ("bench BigInt unbalanced division q=65536 d=64 limbs") ok
time (mean ± σ)         range (min … max) 
   6.71 ms ±   7.97 µs     6.69 ms …   6.72 ms  in 10 ×     15 runs
[moonbitlang/core] bench bigint/division_bench_test.mbt:90 ("bench BigInt narrow division q=9 d=64 limbs") ok
time (mean ± σ)         range (min … max) 
   5.10 ns ±   0.29 ns     4.59 ns …   5.37 ns  in 10 × 100000 runs
[moonbitlang/core] bench buffer/write_bench_test.mbt:30 ("bench Buffer::write_byte n=4096") ok
time (mean ± σ)         range (min … max) 
   4.98 µs ±  11.50 ns     4.98 µs …   5.01 µs  in 10 ×  20077 runs
[moonbitlang/core] bench buffer/write_bench_test.mbt:42 ("bench Buffer::write_uint16_be n=4096") ok
time (mean ± σ)         range (min … max) 
   4.31 µs ±  26.70 ns     4.29 µs …   4.37 µs  in 10 ×  22672 runs
[moonbitlang/core] bench buffer/write_bench_test.mbt:54 ("bench Buffer::write_uint_le n=4096") ok
time (mean ± σ)         range (min … max) 
   5.28 µs ±   2.49 ns     5.28 µs …   5.29 µs  in 10 ×  18914 runs
[moonbitlang/core] bench buffer/write_bench_test.mbt:66 ("bench Buffer::write_uint64_be n=4096") ok
time (mean ± σ)         range (min … max) 
 593.36 µs ±   6.87 µs   582.49 µs … 598.71 µs  in 10 ×    165 runs
[moonbitlang/core] bench buffer/write_bench_test.mbt:78 ("bench Buffer::write_char_utf8 ASCII n=4096") ok
time (mean ± σ)         range (min … max) 
  16.31 µs ± 129.66 ns    16.17 µs …  16.52 µs  in 10 ×   6179 runs
[moonbitlang/core] bench buffer/write_bench_test.mbt:90 ("bench Buffer::write_char_utf8 non-BMP n=4096") ok
time (mean ± σ)         range (min … max) 
  20.51 µs ±  33.20 ns    20.48 µs …  20.58 µs  in 10 ×   4874 runs
[moonbitlang/core] bench buffer/write_bench_test.mbt:103 ("bench Buffer::write_char_utf16le BMP n=4096") ok
time (mean ± σ)         range (min … max) 
   4.39 µs ±  40.35 ns     4.34 µs …   4.44 µs  in 10 ×  22569 runs
[moonbitlang/core] bench buffer/write_bench_test.mbt:115 ("bench Buffer::write_string_utf16le chunks n=4096") ok
time (mean ± σ)         range (min … max) 
  91.05 µs ±  53.56 ns    91.00 µs …  91.19 µs  in 10 ×   1097 runs
[moonbitlang/core] bench buffer/write_bench_test.mbt:130 ("bench @buffer.from_array n=4096") ok
time (mean ± σ)         range (min … max) 
   4.16 µs ±   8.68 ns     4.14 µs …   4.17 µs  in 10 ×  24190 runs
[moonbitlang/core] bench builtin/view_bench_test.mbt:34 ("bench ArrayView::at Int n=100000") ok
time (mean ± σ)         range (min … max) 
  81.64 µs ± 476.70 ns    81.30 µs …  82.52 µs  in 10 ×   1214 runs
[moonbitlang/core] bench builtin/view_bench_test.mbt:47 ("bench ArrayView::get Int n=100000") ok
time (mean ± σ)         range (min … max) 
  67.80 µs ±  40.24 ns    67.76 µs …  67.89 µs  in 10 ×   1475 runs
[moonbitlang/core] bench builtin/view_bench_test.mbt:62 ("bench ArrayView::unsafe_get Int n=100000") ok
time (mean ± σ)         range (min … max) 
  54.26 µs ±  37.19 ns    54.22 µs …  54.35 µs  in 10 ×   1843 runs
[moonbitlang/core] bench builtin/view_bench_test.mbt:75 ("bench ArrayView::rev_fold Int n=100000") ok
time (mean ± σ)         range (min … max) 
  54.45 µs ± 183.13 ns    54.33 µs …  54.92 µs  in 10 ×   1840 runs
[moonbitlang/core] bench builtin/view_bench_test.mbt:82 ("bench ArrayView::rev_foldi Int n=100000") ok
time (mean ± σ)         range (min … max) 
  54.40 µs ±  55.54 ns    54.34 µs …  54.53 µs  in 10 ×   1838 runs
[moonbitlang/core] bench builtin/view_bench_test.mbt:91 ("bench ArrayView::equal Int n=100000") ok
time (mean ± σ)         range (min … max) 
 109.72 µs ±   2.85 µs   108.44 µs … 117.43 µs  in 10 ×    819 runs
[moonbitlang/core] bench builtin/view_bench_test.mbt:99 ("bench ArrayView::compare Int n=100000") ok
time (mean ± σ)         range (min … max) 
 139.46 µs ±   3.73 µs   136.32 µs … 146.61 µs  in 10 ×    669 runs
[moonbitlang/core] bench builtin/view_bench_test.mbt:107 ("bench MutArrayView::at Int n=100000") ok
time (mean ± σ)         range (min … max) 
  96.65 µs ± 902.05 ns    94.93 µs …  97.19 µs  in 10 ×   1034 runs
[moonbitlang/core] bench builtin/view_bench_test.mbt:120 ("bench MutArrayView::unsafe_get Int n=100000") ok
time (mean ± σ)         range (min … max) 
  54.29 µs ±  54.93 ns    54.23 µs …  54.38 µs  in 10 ×   1843 runs
[moonbitlang/core] bench builtin/view_bench_test.mbt:133 ("bench MutArrayView::set Int n=100000") ok
time (mean ± σ)         range (min … max) 
 112.47 µs ± 736.64 ns   111.20 µs … 113.58 µs  in 10 ×    896 runs
[moonbitlang/core] bench builtin/view_bench_test.mbt:145 ("bench MutArrayView::unsafe_set Int n=100000") ok
time (mean ± σ)         range (min … max) 
  54.29 µs ±  41.90 ns    54.23 µs …  54.36 µs  in 10 ×   1843 runs
[moonbitlang/core] bench builtin/view_bench_test.mbt:157 ("bench BytesView::at n=100000") ok
time (mean ± σ)         range (min … max) 
  67.82 µs ±  39.57 ns    67.78 µs …  67.91 µs  in 10 ×   1476 runs
[moonbitlang/core] bench builtin/view_bench_test.mbt:170 ("bench BytesView::unsafe_get n=100000") ok
time (mean ± σ)         range (min … max) 
  40.74 µs ± 107.11 ns    40.66 µs …  40.98 µs  in 10 ×   2452 runs
[moonbitlang/core] bench builtin/stringbuilder_bench_test.mbt:28 ("bench StringBuilder::write_string chunks n=4096") ok
time (mean ± σ)         range (min … max) 
  11.64 µs ±  23.07 ns    11.61 µs …  11.68 µs  in 10 ×   8618 runs
[moonbitlang/core] bench builtin/stringbuilder_bench_test.mbt:41 ("bench StringBuilder::write_view chunks n=4096") ok
time (mean ± σ)         range (min … max) 
  16.85 µs ±  87.42 ns    16.72 µs …  16.95 µs  in 10 ×   6002 runs
[moonbitlang/core] bench builtin/stringbuilder_bench_test.mbt:54 ("bench StringBuilder::write_stringview chunks n=4096") ok
time (mean ± σ)         range (min … max) 
  16.69 µs ±  90.98 ns    16.55 µs …  16.81 µs  in 10 ×   5934 runs
[moonbitlang/core] bench builtin/stringbuilder_bench_test.mbt:67 ("bench StringBuilder::write_char ASCII n=4096") ok
time (mean ± σ)         range (min … max) 
  16.80 µs ± 122.91 ns    16.62 µs …  16.95 µs  in 10 ×   5964 runs
[moonbitlang/core] bench builtin/stringbuilder_bench_test.mbt:79 ("bench StringBuilder::write_char non-BMP n=4096") ok
time (mean ± σ)         range (min … max) 
  16.69 µs ±  80.69 ns    16.57 µs …  16.79 µs  in 10 ×   6045 runs
[moonbitlang/core] bench builtin/stringbuilder_bench_test.mbt:92 ("bench StringBuilder::reset reuse spare capacity n=4096") ok
time (mean ± σ)         range (min … max) 
  11.80 µs ±  68.00 ns    11.69 µs …  11.89 µs  in 10 ×   8601 runs
[moonbitlang/core] bench builtin/string_to_lower_bench_test.mbt:61 ("bench String::to_lower short") ok
time (mean ± σ)         range (min … max) 
 109.86 ns ±   0.98 ns   108.37 ns … 111.19 ns  in 10 × 100000 runs
[moonbitlang/core] bench builtin/string_to_lower_bench_test.mbt:66 ("bench String::to_lower long") ok
time (mean ± σ)         range (min … max) 
   5.67 µs ±   4.38 ns     5.66 µs …   5.67 µs  in 10 ×  17672 runs
[moonbitlang/core] bench builtin/string_to_lower_bench_test.mbt:71 ("bench String::to_lower sparse") ok
time (mean ± σ)         range (min … max) 
   5.09 µs ±  18.12 ns     5.05 µs …   5.11 µs  in 10 ×  20023 runs
[moonbitlang/core] bench builtin/string_to_lower_bench_test.mbt:76 ("bench String::to_lower late-uppercase") ok
time (mean ± σ)         range (min … max) 
 995.67 ns ±   0.49 ns   995.02 ns … 996.53 ns  in 10 ×  99009 runs
[moonbitlang/core] bench builtin/string_to_lower_bench_test.mbt:81 ("bench String::to_lower one-unit runs") ok
time (mean ± σ)         range (min … max) 
   4.33 µs ±   9.22 ns     4.32 µs …   4.34 µs  in 10 ×  23211 runs
[moonbitlang/core] bench builtin/string_to_lower_bench_test.mbt:86 ("bench String::to_lower all-uppercase") ok
time (mean ± σ)         range (min … max) 
   4.14 µs ±   6.62 ns     4.13 µs …   4.15 µs  in 10 ×  24264 runs
[moonbitlang/core] bench builtin/string_to_lower_bench_test.mbt:91 ("bench String::to_lower no-change short") ok
time (mean ± σ)         range (min … max) 
  20.86 ns ±   0.50 ns    20.39 ns …  21.59 ns  in 10 × 100000 runs
[moonbitlang/core] bench builtin/string_to_lower_bench_test.mbt:96 ("bench String::to_lower no-change long") ok
time (mean ± σ)         range (min … max) 
   1.71 µs ±   7.94 ns     1.70 µs …   1.73 µs  in 10 ×  57586 runs
[moonbitlang/core] bench builtin/string_to_lower_bench_test.mbt:101 ("bench StringView::to_lower short") ok
time (mean ± σ)         range (min … max) 
 110.10 ns ±   0.46 ns   109.50 ns … 110.95 ns  in 10 × 100000 runs
[moonbitlang/core] bench builtin/string_to_lower_bench_test.mbt:106 ("bench StringView::to_lower long") ok
time (mean ± σ)         range (min … max) 
   5.62 µs ±  15.64 ns     5.60 µs …   5.65 µs  in 10 ×  17897 runs
[moonbitlang/core] bench builtin/string_to_lower_bench_test.mbt:111 ("bench StringView::to_lower no-change long") ok
time (mean ± σ)         range (min … max) 
   1.90 µs ±   8.19 ns     1.90 µs …   1.92 µs  in 10 ×  52110 runs
[moonbitlang/core] bench builtin/string_methods_bench_test.mbt:36 ("bench StringView::has_prefix match n=100000 needle=128") ok
time (mean ± σ)         range (min … max) 
 528.45 ns ±   0.55 ns   527.73 ns … 529.32 ns  in 10 × 100000 runs
[moonbitlang/core] bench builtin/string_methods_bench_test.mbt:45 ("bench StringView::has_prefix mismatch n=100000 needle=128") ok
time (mean ± σ)         range (min … max) 
   7.02 ns ±   0.45 ns     6.58 ns …   7.72 ns  in 10 × 100000 runs
[moonbitlang/core] bench builtin/string_methods_bench_test.mbt:54 ("bench StringView::has_suffix match n=100000 needle=128") ok
time (mean ± σ)         range (min … max) 
 528.46 ns ±   0.41 ns   527.67 ns … 528.96 ns  in 10 × 100000 runs
[moonbitlang/core] bench builtin/string_methods_bench_test.mbt:63 ("bench StringView::has_suffix mismatch n=100000 needle=128") ok
time (mean ± σ)         range (min … max) 
   7.31 ns ±   0.36 ns     6.86 ns …   7.74 ns  in 10 × 100000 runs
[moonbitlang/core] bench builtin/string_find_code_unit_bench_test.mbt:16 ("bench find one code unit absent n=4") ok
time (mean ± σ)         range (min … max) 
  10.37 ns ±   0.47 ns     9.98 ns …  11.11 ns  in 10 × 100000 runs
[moonbitlang/core] bench builtin/string_find_code_unit_bench_test.mbt:22 ("bench find one code unit absent n=8") ok
time (mean ± σ)         range (min … max) 
  13.76 ns ±   0.43 ns    13.33 ns …  14.25 ns  in 10 × 100000 runs
[moonbitlang/core] bench builtin/string_find_code_unit_bench_test.mbt:28 ("bench find one code unit present@0 n=8") ok
time (mean ± σ)         range (min … max) 
   6.02 ns ±   0.35 ns     5.55 ns …   6.55 ns  in 10 × 100000 runs
[moonbitlang/core] bench builtin/string_find_code_unit_bench_test.mbt:34 ("bench find one code unit absent n=64") ok
time (mean ± σ)         range (min … max) 
  78.14 ns ±   0.46 ns    77.62 ns …  78.71 ns  in 10 × 100000 runs
[moonbitlang/core] bench builtin/string_find_code_unit_bench_test.mbt:40 ("bench find one code unit absent n=256") ok
time (mean ± σ)         range (min … max) 
 286.35 ns ±   0.53 ns   285.70 ns … 287.09 ns  in 10 × 100000 runs
[moonbitlang/core] bench builtin/string_find_code_unit_bench_test.mbt:46 ("bench find one code unit present@end n=256") ok
time (mean ± σ)         range (min … max) 
 287.64 ns ±   0.48 ns   287.16 ns … 288.38 ns  in 10 × 100000 runs
[moonbitlang/core] bench builtin/string_find_code_unit_bench_test.mbt:52 ("bench rev_find one code unit absent n=256") ok
time (mean ± σ)         range (min … max) 
 288.57 ns ±   0.55 ns   287.85 ns … 289.48 ns  in 10 × 100000 runs
[moonbitlang/core] bench builtin/string_find_code_unit_bench_test.mbt:58 ("bench rev_find one code unit present@start n=256") ok
time (mean ± σ)         range (min … max) 
 288.40 ns ±   0.61 ns   287.80 ns … 289.66 ns  in 10 × 100000 runs
[moonbitlang/core] bench builtin/string_find_code_unit_bench_test.mbt:64 ("bench rev_find one code unit present@end n=8") ok
time (mean ± σ)         range (min … max) 
   6.16 ns ±   0.43 ns     5.56 ns …   6.76 ns  in 10 × 100000 runs
[moonbitlang/core] bench builtin/string_find_code_unit_bench_test.mbt:70 ("bench StringView find one code unit absent n=256") ok
time (mean ± σ)         range (min … max) 
 286.91 ns ±   0.53 ns   286.22 ns … 287.65 ns  in 10 × 100000 runs
[moonbitlang/core] bench builtin/string_find_code_unit_bench_test.mbt:77 ("bench StringView rev_find one code unit absent n=256") ok
time (mean ± σ)         range (min … max) 
 286.80 ns ±   0.42 ns   286.18 ns … 287.45 ns  in 10 × 100000 runs
[moonbitlang/core] bench builtin/string_find_code_unit_bench_test.mbt:84 ("bench find two anchors absent n=256") ok
time (mean ± σ)         range (min … max) 
 495.47 ns ±   0.87 ns   494.62 ns … 497.53 ns  in 10 × 100000 runs
[moonbitlang/core] bench builtin/string_find_code_unit_bench_test.mbt:90 ("bench find two anchors present@end n=256") ok
time (mean ± σ)         range (min … max) 
 495.47 ns ±   0.48 ns   494.75 ns … 496.00 ns  in 10 × 100000 runs
[moonbitlang/core] bench builtin/string_find_code_unit_bench_test.mbt:96 ("bench find two anchors dense false positives n=256") ok
time (mean ± σ)         range (min … max) 
   1.18 µs ±   0.85 ns     1.18 µs …   1.18 µs  in 10 ×  85032 runs
[moonbitlang/core] bench builtin/string_find_code_unit_bench_test.mbt:102 ("bench find two anchors long absent n=256") ok
time (mean ± σ)         range (min … max) 
 272.58 ns ±   0.46 ns   272.01 ns … 273.40 ns  in 10 × 100000 runs
[moonbitlang/core] bench builtin/string_find_code_unit_bench_test.mbt:108 ("bench rev_find two anchors absent n=256") ok
time (mean ± σ)         range (min … max) 
 288.44 ns ±   0.44 ns   287.97 ns … 289.22 ns  in 10 × 100000 runs
[moonbitlang/core] bench builtin/string_find_code_unit_bench_test.mbt:114 ("bench rev_find two anchors present@start n=256") ok
time (mean ± σ)         range (min … max) 
 357.79 ns ±   0.46 ns   357.26 ns … 358.51 ns  in 10 × 100000 runs
[moonbitlang/core] bench builtin/string_find_code_unit_bench_test.mbt:120 ("bench rev_find two anchors dense false positives n=256") ok
time (mean ± σ)         range (min … max) 
   1.31 µs ±   0.62 ns     1.31 µs …   1.32 µs  in 10 ×  76051 runs
[moonbitlang/core] bench builtin/string_find_code_unit_bench_test.mbt:126 ("bench StringView find two anchors absent n=256") ok
time (mean ± σ)         range (min … max) 
 495.25 ns ±   0.58 ns   494.44 ns … 496.18 ns  in 10 × 100000 runs
[moonbitlang/core] bench builtin/string_find_adversary_bench_test.mbt:26 ("bench find adversary m=64 n=4096") ok
time (mean ± σ)         range (min … max) 
  30.62 µs ±   9.94 µs    22.90 µs …  42.76 µs  in 10 ×   2343 runs
[moonbitlang/core] bench builtin/string_find_adversary_bench_test.mbt:33 ("bench rev_find adversary m=64 n=4096") ok
time (mean ± σ)         range (min … max) 
  32.48 µs ±  10.49 µs    24.03 µs …  44.70 µs  in 10 ×   2224 runs
[moonbitlang/core] bench builtin/string_find_adversary_bench_test.mbt:40 ("bench find adversary m=512 n=65536") ok
time (mean ± σ)         range (min … max) 
 685.86 µs ±  23.37 µs   668.18 µs … 727.79 µs  in 10 ×    138 runs
[moonbitlang/core] bench builtin/string_find_adversary_bench_test.mbt:47 ("bench find dense miss fast path n=4096") ok
time (mean ± σ)         range (min … max) 
  16.66 µs ±   6.45 ns    16.65 µs …  16.67 µs  in 10 ×   6002 runs
[moonbitlang/core] bench builtin/string_find_adversary_bench_test.mbt:53 ("bench find rare hit end fast path n=4096") ok
time (mean ± σ)         range (min … max) 
  10.01 µs ±   6.11 ns    10.00 µs …  10.02 µs  in 10 ×  10002 runs
[moonbitlang/core] bench builtin/string_equal_bench_test.mbt:28 ("bench StringView::equal n=100000 equal") ok
time (mean ± σ)         range (min … max) 
   3.16 µs ±  22.51 ns     3.14 µs …   3.21 µs  in 10 ×  31687 runs
[moonbitlang/core] bench builtin/string_equal_bench_test.mbt:35 ("bench StringView::equal n=100000 mismatch at end") ok
time (mean ± σ)         range (min … max) 
 410.05 µs ± 135.79 ns   409.87 µs … 410.24 µs  in 10 ×    244 runs
[moonbitlang/core] bench builtin/string_equal_bench_test.mbt:44 ("bench StringView::equal_to_string n=100000 equal") ok
time (mean ± σ)         range (min … max) 
   3.25 µs ±  62.08 ns     3.18 µs …   3.34 µs  in 10 ×  31688 runs
[moonbitlang/core] bench builtin/string_char_set_bench_test.mbt:43 ("bench StringView::contains_any ASCII miss n=100000") ok
time (mean ± σ)         range (min … max) 
 298.60 µs ± 309.08 ns   298.31 µs … 299.33 µs  in 10 ×    335 runs
[moonbitlang/core] bench builtin/string_char_set_bench_test.mbt:54 ("bench StringView::contains_any ASCII match at end n=100000") ok
time (mean ± σ)         range (min … max) 
 298.74 µs ± 515.05 ns   298.24 µs … 299.95 µs  in 10 ×    335 runs
[moonbitlang/core] bench builtin/string_char_set_bench_test.mbt:67 ("bench StringView::trim_start ASCII n=100000") ok
time (mean ± σ)         range (min … max) 
 298.55 µs ± 322.79 ns   298.23 µs … 299.38 µs  in 10 ×    335 runs
[moonbitlang/core] bench builtin/string_char_set_bench_test.mbt:74 ("bench StringView::trim_end ASCII n=100000") ok
time (mean ± σ)         range (min … max) 
 325.73 µs ± 361.56 ns   325.32 µs … 326.56 µs  in 10 ×    307 runs
[moonbitlang/core] bench builtin/string_char_set_bench_test.mbt:79 ("bench StringView::trim ASCII n=100000") ok
time (mean ± σ)         range (min … max) 
 597.02 µs ± 227.65 ns   596.69 µs … 597.33 µs  in 10 ×    168 runs
[moonbitlang/core] bench builtin/string_char_set_bench_test.mbt:96 ("bench StringView::trim short inputs") ok
time (mean ± σ)         range (min … max) 
 146.70 ns ±   0.79 ns   145.90 ns … 148.30 ns  in 10 × 100000 runs
[moonbitlang/core] bench builtin/string_char_set_bench_test.mbt:107 ("bench StringView::contains_any short inputs") ok
time (mean ± σ)         range (min … max) 
 112.12 ns ±   1.44 ns   109.59 ns … 113.45 ns  in 10 × 100000 runs
[moonbitlang/core] bench builtin/sort_bench_test.mbt:21 ("bench Array::sort n=1000") ok
time (mean ± σ)         range (min … max) 
  19.41 µs ±  40.56 ns    19.34 µs …  19.47 µs  in 10 ×   5166 runs
[moonbitlang/core] bench builtin/sort_bench_test.mbt:31 ("bench Array::sort n=100000") ok
time (mean ± σ)         range (min … max) 
   6.01 ms ± 137.13 µs     5.93 ms …   6.39 ms  in 10 ×     17 runs
[moonbitlang/core] bench builtin/sort_bench_test.mbt:41 ("bench Array::sort_by n=10000") ok
time (mean ± σ)         range (min … max) 
 457.77 µs ± 246.45 ns   457.40 µs … 458.11 µs  in 10 ×    219 runs
[moonbitlang/core] bench builtin/linked_hash_map_bench_test.mbt:19 ("bench Map::set n=50000") ok
time (mean ± σ)         range (min … max) 
   3.29 ms ± 293.36 µs     2.91 ms …   3.73 ms  in 10 ×     35 runs
[moonbitlang/core] bench builtin/linked_hash_map_bench_test.mbt:30 ("bench Map::get n=50000") ok
time (mean ± σ)         range (min … max) 
 889.75 µs ±   6.42 µs   886.25 µs … 907.86 µs  in 10 ×    105 runs
[moonbitlang/core] bench builtin/linked_hash_map_bench_test.mbt:47 ("bench Map::get miss n=50000") ok
time (mean ± σ)         range (min … max) 
   1.04 ms ±   2.56 µs     1.04 ms …   1.05 ms  in 10 ×     94 runs
[moonbitlang/core] bench builtin/linked_hash_map_bench_test.mbt:67 ("bench Map::set+remove n=50000") ok
time (mean ± σ)         range (min … max) 
   4.43 ms ± 122.03 µs     4.33 ms …   4.75 ms  in 10 ×     22 runs
[moonbitlang/core] bench builtin/linked_hash_map_bench_test.mbt:83 ("bench Map::each n=50000") ok
time (mean ± σ)         range (min … max) 
  63.00 µs ± 284.04 ns    62.46 µs …  63.59 µs  in 10 ×   1609 runs
[moonbitlang/core] bench builtin/lexical_compare_bench_test.mbt:42 ("bench lexical_compare equal n=256") ok
time (mean ± σ)         range (min … max) 
 254.70 ns ±   0.65 ns   253.94 ns … 255.81 ns  in 10 × 100000 runs
[moonbitlang/core] bench builtin/lexical_compare_bench_test.mbt:47 ("bench lexical_compare common-prefix n=256") ok
time (mean ± σ)         range (min … max) 
 256.56 ns ±   0.75 ns   255.71 ns … 257.86 ns  in 10 × 100000 runs
[moonbitlang/core] bench builtin/lexical_compare_bench_test.mbt:52 ("bench lexical_compare early-diff n=256") ok
time (mean ± σ)         range (min … max) 
   6.56 ns ±   0.38 ns     6.12 ns …   7.08 ns  in 10 × 100000 runs
[moonbitlang/core] bench builtin/contains_code_unit_bench_test.mbt:19 ("bench contains_code_unit absent n=4") ok
time (mean ± σ)         range (min … max) 
   9.61 ns ±   0.47 ns     9.12 ns …  10.28 ns  in 10 × 100000 runs
[moonbitlang/core] bench builtin/contains_code_unit_bench_test.mbt:25 ("bench contains_code_unit absent n=8") ok
time (mean ± σ)         range (min … max) 
  13.21 ns ±   0.40 ns    12.80 ns …  13.61 ns  in 10 × 100000 runs
[moonbitlang/core] bench builtin/contains_code_unit_bench_test.mbt:31 ("bench contains_code_unit present@0 n=8") ok
time (mean ± σ)         range (min … max) 
   5.24 ns ±   0.35 ns     4.76 ns …   5.75 ns  in 10 × 100000 runs
[moonbitlang/core] bench builtin/contains_code_unit_bench_test.mbt:37 ("bench contains_code_unit absent n=16") ok
time (mean ± σ)         range (min … max) 
  21.95 ns ±   0.50 ns    21.48 ns …  22.44 ns  in 10 × 100000 runs
[moonbitlang/core] bench builtin/contains_code_unit_bench_test.mbt:43 ("bench contains_code_unit absent n=64") ok
time (mean ± σ)         range (min … max) 
  77.17 ns ±   0.52 ns    76.61 ns …  77.79 ns  in 10 × 100000 runs
[moonbitlang/core] bench builtin/contains_code_unit_bench_test.mbt:49 ("bench contains_code_unit absent n=256") ok
time (mean ± σ)         range (min … max) 
 285.69 ns ±   0.53 ns   285.05 ns … 286.62 ns  in 10 × 100000 runs
[moonbitlang/core] bench builtin/contains_code_unit_bench_test.mbt:55 ("bench contains_code_unit present@end n=256") ok
time (mean ± σ)         range (min … max) 
 286.73 ns ±   0.59 ns   286.06 ns … 287.53 ns  in 10 × 100000 runs
[moonbitlang/core] bench builtin/contains_code_unit_bench_test.mbt:61 ("bench contains_code_unit present@0 n=256") ok
time (mean ± σ)         range (min … max) 
   5.21 ns ±   0.37 ns     4.70 ns …   5.70 ns  in 10 × 100000 runs
[moonbitlang/core] bench builtin/contains_code_unit_bench_test.mbt:67 ("bench StringView contains_code_unit absent n=256") ok
time (mean ± σ)         range (min … max) 
 287.06 ns ±   0.54 ns   286.38 ns … 287.82 ns  in 10 × 100000 runs
[moonbitlang/core] bench builtin/bytesview_compare_bench_test.mbt:16 ("bench BytesView Compare equal n=1000000") ok
time (mean ± σ)         range (min … max) 
 960.71 µs ±   1.85 µs   959.36 µs … 965.82 µs  in 10 ×    105 runs
[moonbitlang/core] bench builtin/bytesview_compare_bench_test.mbt:23 ("bench BytesView Compare last-diff n=1000000") ok
time (mean ± σ)         range (min … max) 
 958.13 µs ±   4.63 µs   949.10 µs … 961.12 µs  in 10 ×    106 runs
[moonbitlang/core] bench builtin/bytes_unsafe_bench_test.mbt:31 ("bench Bytes::unsafe_read_uint16_le n=4096") ok
time (mean ± σ)         range (min … max) 
   2.52 µs ±  18.23 ns     2.51 µs …   2.56 µs  in 10 ×  39690 runs
[moonbitlang/core] bench builtin/bytes_unsafe_bench_test.mbt:43 ("bench Bytes::unsafe_read_uint32_le n=4096") ok
time (mean ± σ)         range (min … max) 
   3.77 µs ±   9.60 ns     3.77 µs …   3.80 µs  in 10 ×  26546 runs
[moonbitlang/core] bench builtin/bytes_unsafe_bench_test.mbt:55 ("bench Bytes::unsafe_read_uint64_le n=4096") ok
time (mean ± σ)         range (min … max) 
 302.16 µs ±   1.79 µs   299.74 µs … 304.56 µs  in 10 ×    334 runs
[moonbitlang/core] bench builtin/bytes_unsafe_bench_test.mbt:67 ("bench FixedArray::unsafe_write_uint16_le n=4096") ok
time (mean ± σ)         range (min … max) 
   2.26 µs ±  15.98 ns     2.25 µs …   2.29 µs  in 10 ×  44428 runs
[moonbitlang/core] bench builtin/bytes_unsafe_bench_test.mbt:78 ("bench FixedArray::unsafe_write_uint32_le n=4096") ok
time (mean ± σ)         range (min … max) 
   3.42 µs ±  26.23 ns     3.40 µs …   3.47 µs  in 10 ×  29381 runs
[moonbitlang/core] bench builtin/bytes_unsafe_bench_test.mbt:89 ("bench FixedArray::unsafe_write_uint64_le n=4096") ok
time (mean ± σ)         range (min … max) 
 565.78 µs ±   1.82 µs   562.80 µs … 568.13 µs  in 10 ×    178 runs
[moonbitlang/core] bench builtin/bytes_output_bench_test.mbt:19 ("bench Bytes Show binary n=100000") ok
time (mean ± σ)         range (min … max) 
   4.69 ms ± 642.44 µs     4.05 ms …   5.78 ms  in 10 ×     21 runs
[moonbitlang/core] bench builtin/bytes_output_bench_test.mbt:24 ("bench Bytes ToJson binary n=100000") ok
time (mean ± σ)         range (min … max) 
   4.42 ms ± 379.23 µs     4.01 ms …   4.89 ms  in 10 ×     23 runs
[moonbitlang/core] bench builtin/bytes_hash_bench_test.mbt:54 ("bench Hash::hash(Bytes) n=32") ok
time (mean ± σ)         range (min … max) 
  19.45 ns ±   0.49 ns    18.72 ns …  20.16 ns  in 10 × 100000 runs
[moonbitlang/core] bench builtin/bytes_hash_bench_test.mbt:60 ("bench Hash::hash(Bytes) n=8192") ok
time (mean ± σ)         range (min … max) 
   4.58 µs ±  12.30 ns     4.57 µs …   4.61 µs  in 10 ×  21852 runs
[moonbitlang/core] bench builtin/bytes_hash_bench_test.mbt:66 ("bench Map::at Bytes n=1024 key_bytes=32") ok
time (mean ± σ)         range (min … max) 
  69.00 µs ± 430.23 ns    68.65 µs …  69.90 µs  in 10 ×   1415 runs
[moonbitlang/core] bench builtin/bytes_from_array_bench_test.mbt:30 ("bench Bytes::from_array n=262144 full") ok
time (mean ± σ)         range (min … max) 
 543.01 µs ±   7.13 µs   540.22 µs … 563.24 µs  in 10 ×    184 runs
[moonbitlang/core] bench builtin/bytes_from_array_bench_test.mbt:41 ("bench Bytes::from_array n=262144 sliced") ok
time (mean ± σ)         range (min … max) 
 548.84 µs ±  12.25 µs   543.00 µs … 583.47 µs  in 10 ×    182 runs
[moonbitlang/core] bench builtin/bytes_from_array_bench_test.mbt:48 ("bench Bytes::makei from ArrayView n=262144 full") ok
time (mean ± σ)         range (min … max) 
 528.52 µs ±   6.00 µs   525.94 µs … 545.53 µs  in 10 ×    188 runs
[moonbitlang/core] bench builtin/bytes_from_array_bench_test.mbt:59 ("bench Bytes::makei from ArrayView n=262144 sliced") ok
time (mean ± σ)         range (min … max) 
 532.47 µs ±   9.58 µs   522.57 µs … 557.76 µs  in 10 ×    191 runs
[moonbitlang/core] bench builtin/bytes_equal_bench_test.mbt:37 ("bench Bytes::equal n=100000 equal") ok
time (mean ± σ)         range (min … max) 
  54.42 µs ± 124.10 ns    54.33 µs …  54.74 µs  in 10 ×   1461 runs
[moonbitlang/core] bench builtin/bytes_equal_bench_test.mbt:44 ("bench Bytes::equal n=100000 aliased object") ok
time (mean ± σ)         range (min … max) 
  81.45 µs ± 201.78 ns    81.33 µs …  82.01 µs  in 10 ×   1224 runs
[moonbitlang/core] bench builtin/bytes_equal_bench_test.mbt:54 ("bench Bytes::equal n=100000 mismatch at end") ok
time (mean ± σ)         range (min … max) 
  54.38 µs ±  59.43 ns    54.31 µs …  54.52 µs  in 10 ×   1467 runs
[moonbitlang/core] bench builtin/bytes_add_bench_test.mbt:16 ("bench Bytes add total=1000000") ok
time (mean ± σ)         range (min … max) 
   2.14 ms ± 121.69 µs     2.06 ms …   2.34 ms  in 10 ×     43 runs
[moonbitlang/core] bench builtin/bitstring_uint_aligned_bench_test.mbt:24 ("bench Bytes::unsafe_extract_uint_le_aligned n=8192") ok
time (mean ± σ)         range (min … max) 
   2.10 µs ±  19.73 ns     2.08 µs …   2.13 µs  in 10 ×  47630 runs
[moonbitlang/core] bench builtin/bitstring_uint64_aligned_bench_test.mbt:24 ("bench Bytes::unsafe_extract_uint64_le_aligned n=8192") ok
time (mean ± σ)         range (min … max) 
  75.82 µs ± 240.97 ns    75.46 µs …  76.15 µs  in 10 ×   1319 runs
[moonbitlang/core] bench builtin/bitstring_extract_bench_test.mbt:35 ("bench BytesView uint_le aligned len=32") ok
time (mean ± σ)         range (min … max) 
   2.36 µs ±  14.86 ns     2.35 µs …   2.39 µs  in 10 ×  42157 runs
[moonbitlang/core] bench builtin/bitstring_extract_bench_test.mbt:48 ("bench BytesView uint_be aligned len=32") ok
time (mean ± σ)         range (min … max) 
   2.33 µs ±  15.77 ns     2.32 µs …   2.36 µs  in 10 ×  42967 runs
[moonbitlang/core] bench builtin/bitstring_extract_bench_test.mbt:61 ("bench ArrayView uint_le aligned len=32") ok
time (mean ± σ)         range (min … max) 
   3.85 µs ±  49.06 ns     3.77 µs …   3.90 µs  in 10 ×  25888 runs
[moonbitlang/core] bench builtin/bitstring_extract_bench_test.mbt:75 ("bench ArrayView uint_be aligned len=32") ok
time (mean ± σ)         range (min … max) 
   3.91 µs ±  19.24 ns     3.90 µs …   3.95 µs  in 10 ×  25339 runs
[moonbitlang/core] bench builtin/bitstring_extract_bench_test.mbt:89 ("bench BytesView uint64_le aligned len=64") ok
time (mean ± σ)         range (min … max) 
  78.97 µs ± 649.10 ns    77.72 µs …  79.67 µs  in 10 ×   1293 runs
[moonbitlang/core] bench builtin/bitstring_extract_bench_test.mbt:102 ("bench BytesView uint64_be aligned len=64") ok
time (mean ± σ)         range (min … max) 
  80.08 µs ± 433.46 ns    79.17 µs …  80.69 µs  in 10 ×   1244 runs
[moonbitlang/core] bench builtin/bitstring_extract_bench_test.mbt:115 ("bench ArrayView uint64_le aligned len=64") ok
time (mean ± σ)         range (min … max) 
  83.43 µs ± 621.17 ns    82.68 µs …  84.20 µs  in 10 ×   1172 runs
[moonbitlang/core] bench builtin/bitstring_extract_bench_test.mbt:129 ("bench ArrayView uint64_be aligned len=64") ok
time (mean ± σ)         range (min … max) 
  85.56 µs ± 627.16 ns    84.56 µs …  86.49 µs  in 10 ×   1152 runs
[moonbitlang/core] bench builtin/bitstring_extract_bench_test.mbt:143 ("bench BytesView uint_le unaligned len=32") ok
time (mean ± σ)         range (min … max) 
  28.31 µs ± 167.31 ns    28.03 µs …  28.51 µs  in 10 ×   3515 runs
[moonbitlang/core] bench builtin/bitstring_extract_bench_test.mbt:156 ("bench BytesView uint64_le unaligned len=64") ok
time (mean ± σ)         range (min … max) 
 102.21 µs ± 684.10 ns   101.13 µs … 103.13 µs  in 10 ×    981 runs
[moonbitlang/core] bench builtin/bitstring_extract_bench_test.mbt:169 ("bench BytesView uint_le aligned len=16") ok
time (mean ± σ)         range (min … max) 
   3.84 µs ±  16.59 ns     3.82 µs …   3.87 µs  in 10 ×  26276 runs
[moonbitlang/core] bench builtin/bitstring_extract_bench_test.mbt:182 ("bench BytesView uint_le aligned len=24") ok
time (mean ± σ)         range (min … max) 
  22.52 µs ±  86.86 ns    22.34 µs …  22.62 µs  in 10 ×   4412 runs
[moonbitlang/core] bench builtin/array_retain_bench_test.mbt:29 ("bench Array::retain all keep Int n=100000") ok
time (mean ± σ)         range (min … max) 
  70.15 µs ± 561.55 ns    69.36 µs …  71.05 µs  in 10 ×   1437 runs
[moonbitlang/core] bench builtin/array_retain_bench_test.mbt:42 ("bench Array::retain all keep Ref n=100000") ok
time (mean ± σ)         range (min … max) 
  83.59 µs ± 347.17 ns    83.13 µs …  84.29 µs  in 10 ×   1190 runs
[moonbitlang/core] bench builtin/array_retain_bench_test.mbt:55 ("bench Array::retain drop tail n=100000") ok
time (mean ± σ)         range (min … max) 
 218.70 µs ±  45.01 µs   187.57 µs … 285.73 µs  in 10 ×    520 runs
[moonbitlang/core] bench builtin/array_retain_bench_test.mbt:66 ("bench Array::retain late sparse drop n=100000") ok
time (mean ± σ)         range (min … max) 
 221.34 µs ±   1.25 µs   219.56 µs … 223.21 µs  in 10 ×    447 runs
[moonbitlang/core] bench builtin/array_retain_bench_test.mbt:77 ("bench Array::retain drop first n=100000") ok
time (mean ± σ)         range (min … max) 
 225.53 µs ± 816.75 ns   224.31 µs … 226.61 µs  in 10 ×    435 runs
[moonbitlang/core] bench builtin/array_make_blit_bench_test.mbt:32 ("bench FixedArray::copy Ref n=1000000") ok
time (mean ± σ)         range (min … max) 
   1.35 ms ±  82.12 µs     1.23 ms …   1.43 ms  in 10 ×     73 runs
[moonbitlang/core] bench builtin/array_make_blit_bench_test.mbt:38 ("bench Array::from_fixed_array Ref n=1000000") ok
time (mean ± σ)         range (min … max) 
   3.82 ms ± 255.01 µs     3.50 ms …   4.10 ms  in 10 ×     27 runs
[moonbitlang/core] bench builtin/array_make_blit_bench_test.mbt:44 ("bench Array::add Ref n=500000+500000") ok
time (mean ± σ)         range (min … max) 
   3.68 ms ± 258.76 µs     3.37 ms …   3.92 ms  in 10 ×     27 runs
[moonbitlang/core] bench builtin/array_make_blit_bench_test.mbt:51 ("bench ArrayView::add Ref n=500000+500000") ok
time (mean ± σ)         range (min … max) 
   3.65 ms ± 241.35 µs     3.36 ms …   3.91 ms  in 10 ×     28 runs
[moonbitlang/core] bench builtin/array_make_blit_bench_test.mbt:60 ("bench Array::blit_to Ref n=1000000 overwrite") ok
time (mean ± σ)         range (min … max) 
   2.08 ms ±   3.82 µs     2.07 ms …   2.09 ms  in 10 ×     48 runs
[moonbitlang/core] bench builtin/array_make_blit_bench_test.mbt:70 ("bench Array::blit_to Ref n=1000000 grow") ok
time (mean ± σ)         range (min … max) 
   3.68 ms ± 275.56 µs     3.35 ms …   3.92 ms  in 10 ×     27 runs
[moonbitlang/core] bench builtin/array_make_blit_bench_test.mbt:80 ("bench ArrayView::blit_to Ref n=1000000 overwrite") ok
time (mean ± σ)         range (min … max) 
   2.09 ms ±   1.33 µs     2.09 ms …   2.10 ms  in 10 ×     48 runs
[moonbitlang/core] bench builtin/array_make_blit_bench_test.mbt:90 ("bench ArrayView::blit_to Ref n=1000000 grow") ok
time (mean ± σ)         range (min … max) 
   3.70 ms ± 274.11 µs     3.37 ms …   3.95 ms  in 10 ×     27 runs
[moonbitlang/core] bench builtin/array_make_blit_bench_test.mbt:100 ("bench Array::append Ref n=1000000 grow") ok
time (mean ± σ)         range (min … max) 
   8.74 ms ± 417.98 µs     8.28 ms …   9.58 ms  in 10 ×     11 runs
[moonbitlang/core] bench builtin/array_make_blit_bench_test.mbt:110 ("bench Array::push Ref n=1000000 resize") ok
time (mean ± σ)         range (min … max) 
   9.51 ms ± 595.72 µs     8.52 ms …   9.94 ms  in 10 ×     12 runs
[moonbitlang/core] bench builtin/array_make_blit_bench_test.mbt:129 ("bench Array::copy Int n=1000000") ok
time (mean ± σ)         range (min … max) 
   1.18 ms ±  51.78 µs     1.07 ms …   1.22 ms  in 10 ×     83 runs
[moonbitlang/core] bench builtin/array_make_blit_bench_test.mbt:135 ("bench Array::copy Ref n=1000000") ok
time (mean ± σ)         range (min … max) 
   1.35 ms ±  87.02 µs     1.19 ms …   1.42 ms  in 10 ×     76 runs
[moonbitlang/core] bench builtin/array_locals_bench_test.mbt:29 ("bench Array::retain_map n=100000") ok
time (mean ± σ)         range (min … max) 
 106.26 µs ±   1.67 µs   104.28 µs … 107.95 µs  in 10 ×    955 runs
[moonbitlang/core] bench builtin/array_locals_bench_test.mbt:38 ("bench Array::shuffle_in_place n=100000") ok
time (mean ± σ)         range (min … max) 
 205.45 µs ± 507.02 ns   205.13 µs … 206.67 µs  in 10 ×    488 runs
[moonbitlang/core] bench builtin/array_locals_bench_test.mbt:50 ("bench Array::filter_map n=100000") ok
time (mean ± σ)         range (min … max) 
 243.54 µs ±   5.72 µs   240.82 µs … 259.63 µs  in 10 ×    416 runs
[moonbitlang/core] bench builtin/array_locals_bench_test.mbt:58 ("bench FixedArray::each n=100000") ok
time (mean ± σ)         range (min … max) 
  52.01 µs ±   1.22 µs    50.85 µs …  53.81 µs  in 10 ×   1859 runs
[moonbitlang/core] bench builtin/array_locals_bench_test.mbt:68 ("bench FixedArray::eachi n=100000") ok
time (mean ± σ)         range (min … max) 
  56.24 µs ±   1.82 µs    54.25 µs …  58.32 µs  in 10 ×   1722 runs
[moonbitlang/core] bench builtin/array_locals_bench_test.mbt:78 ("bench FixedArray::rev_each n=100000") ok
time (mean ± σ)         range (min … max) 
 515.26 µs ± 252.52 ns   514.91 µs … 515.55 µs  in 10 ×    195 runs
[moonbitlang/core] bench builtin/array_locals_bench_test.mbt:88 ("bench FixedArray::rev_eachi n=100000") ok
time (mean ± σ)         range (min … max) 
  71.72 µs ±  49.35 ns    71.63 µs …  71.79 µs  in 10 ×   1397 runs
[moonbitlang/core] bench builtin/array_locals_bench_test.mbt:98 ("bench FixedArray::map n=100000") ok
time (mean ± σ)         range (min … max) 
 243.03 µs ±  12.94 µs   233.94 µs … 267.37 µs  in 10 ×    427 runs
[moonbitlang/core] bench builtin/array_locals_bench_test.mbt:104 ("bench FixedArray::mapi n=100000") ok
time (mean ± σ)         range (min … max) 
 244.60 µs ±  13.27 µs   235.52 µs … 269.46 µs  in 10 ×    424 runs
[moonbitlang/core] bench builtin/array_locals_bench_test.mbt:110 ("bench FixedArray::makei n=100000") ok
time (mean ± σ)         range (min … max) 
 258.48 µs ±  13.25 µs   251.80 µs … 283.70 µs  in 10 ×    402 runs
[moonbitlang/core] bench builtin/array_locals_bench_test.mbt:115 ("bench FixedArray::fold n=100000") ok
time (mean ± σ)         range (min … max) 
  52.66 µs ±   1.20 µs    50.91 µs …  53.90 µs  in 10 ×   1858 runs
[moonbitlang/core] bench builtin/array_locals_bench_test.mbt:121 ("bench FixedArray::rev_fold n=100000") ok
time (mean ± σ)         range (min … max) 
 516.52 µs ±   3.69 µs   514.92 µs … 526.98 µs  in 10 ×    195 runs
[moonbitlang/core] bench builtin/array_locals_bench_test.mbt:127 ("bench FixedArray::foldi n=100000") ok
time (mean ± σ)         range (min … max) 
  56.49 µs ±   1.20 µs    55.21 µs …  58.12 µs  in 10 ×   1736 runs
[moonbitlang/core] bench builtin/array_locals_bench_test.mbt:133 ("bench FixedArray::rev_foldi n=100000") ok
time (mean ± σ)         range (min … max) 
  62.39 µs ± 153.07 ns    62.19 µs …  62.63 µs  in 10 ×   1580 runs
[moonbitlang/core] bench builtin/array_locals_bench_test.mbt:139 ("bench ArrayView::chunk_by n=100000") ok
time (mean ± σ)         range (min … max) 
 101.74 µs ±  57.23 ns   101.67 µs … 101.86 µs  in 10 ×    983 runs
[moonbitlang/core] bench builtin/array_locals_bench_test.mbt:146 ("bench ArrayView::each n=100000") ok
time (mean ± σ)         range (min … max) 
  58.13 µs ± 555.62 ns    57.74 µs …  59.31 µs  in 10 ×   1707 runs
[moonbitlang/core] bench builtin/array_locals_bench_test.mbt:157 ("bench ArrayView::eachi n=100000") ok
time (mean ± σ)         range (min … max) 
  61.05 µs ±  36.95 ns    61.01 µs …  61.13 µs  in 10 ×   1638 runs
[moonbitlang/core] bench builtin/array_locals_bench_test.mbt:168 ("bench ArrayView::rev_each n=100000") ok
time (mean ± σ)         range (min … max) 
  63.91 µs ± 229.76 ns    63.71 µs …  64.38 µs  in 10 ×   1553 runs
[moonbitlang/core] bench builtin/array_locals_bench_test.mbt:179 ("bench ArrayView::rev_eachi n=100000") ok
time (mean ± σ)         range (min … max) 
  69.67 µs ± 173.00 ns    69.26 µs …  69.79 µs  in 10 ×   1448 runs
[moonbitlang/core] bench builtin/array_locals_bench_test.mbt:190 ("bench ArrayView::all n=100000") ok
time (mean ± σ)         range (min … max) 
  81.44 µs ± 174.64 ns    81.33 µs …  81.89 µs  in 10 ×   1227 runs
[moonbitlang/core] bench builtin/array_locals_bench_test.mbt:197 ("bench ArrayView::any n=100000") ok
time (mean ± σ)         range (min … max) 
  81.39 µs ±  57.27 ns    81.33 µs …  81.52 µs  in 10 ×   1229 runs
[moonbitlang/core] bench builtin/array_locals_bench_test.mbt:204 ("bench ArrayView::search_by n=100000") ok
time (mean ± σ)         range (min … max) 
  81.41 µs ±  72.30 ns    81.32 µs …  81.54 µs  in 10 ×   1229 runs
[moonbitlang/core] bench builtin/array_locals_bench_test.mbt:213 ("bench ArrayView::fold n=100000") ok
time (mean ± σ)         range (min … max) 
  58.90 µs ± 936.90 ns    57.76 µs …  60.06 µs  in 10 ×   1667 runs
[moonbitlang/core] bench builtin/array_locals_bench_test.mbt:220 ("bench ArrayView::rev_fold n=100000") ok
time (mean ± σ)         range (min … max) 
 515.00 µs ± 214.76 ns   514.77 µs … 515.37 µs  in 10 ×    195 runs
[moonbitlang/core] bench builtin/array_locals_bench_test.mbt:227 ("bench ArrayView::foldi n=100000") ok
time (mean ± σ)         range (min … max) 
  61.08 µs ± 156.03 ns    60.99 µs …  61.50 µs  in 10 ×   1637 runs
[moonbitlang/core] bench builtin/array_locals_bench_test.mbt:234 ("bench ArrayView::rev_foldi n=100000") ok
time (mean ± σ)         range (min … max) 
  72.92 µs ±  84.79 ns    72.85 µs …  73.08 µs  in 10 ×   1370 runs
[moonbitlang/core] bench builtin/array_locals_bench_test.mbt:241 ("bench ArrayView::map n=100000") ok
time (mean ± σ)         range (min … max) 
 186.33 µs ±  10.61 µs   179.42 µs … 202.09 µs  in 10 ×    557 runs
[moonbitlang/core] bench builtin/array_locals_bench_test.mbt:248 ("bench ArrayView::mapi n=100000") ok
time (mean ± σ)         range (min … max) 
 185.48 µs ±   9.69 µs   179.33 µs … 202.06 µs  in 10 ×    557 runs
[moonbitlang/core] bench builtin/array_locals_bench_test.mbt:255 ("bench ArrayView::filter n=100000") ok
time (mean ± σ)         range (min … max) 
 238.28 µs ±   5.22 µs   236.10 µs … 253.11 µs  in 10 ×    423 runs
[moonbitlang/core] bench builtin/array_locals_bench_test.mbt:262 ("bench ArrayView::filter_map n=100000") ok
time (mean ± σ)         range (min … max) 
 243.09 µs ±   4.55 µs   241.01 µs … 255.99 µs  in 10 ×    413 runs
[moonbitlang/core] bench bytes/find_bench_test.mbt:92 ("bench BytesView::find single byte hit end n=4096") ok
time (mean ± σ)         range (min … max) 
   2.24 µs ±   9.41 ns     2.23 µs …   2.26 µs  in 10 ×  44801 runs
[moonbitlang/core] bench bytes/find_bench_test.mbt:99 ("bench BytesView::find single byte miss n=4096") ok
time (mean ± σ)         range (min … max) 
   2.23 µs ±   3.55 ns     2.23 µs …   2.24 µs  in 10 ×  44777 runs
[moonbitlang/core] bench bytes/find_bench_test.mbt:106 ("bench BytesView::find substring rare hit end n=4096") ok
time (mean ± σ)         range (min … max) 
   2.23 µs ±   1.94 ns     2.23 µs …   2.24 µs  in 10 ×  44727 runs
[moonbitlang/core] bench bytes/find_bench_test.mbt:113 ("bench BytesView::find substring dense miss n=4096") ok
time (mean ± σ)         range (min … max) 
   2.23 µs ±   1.35 ns     2.23 µs …   2.23 µs  in 10 ×  44794 runs
[moonbitlang/core] bench bytes/find_bench_test.mbt:120 ("bench BytesView::find offset view rare hit end n=4096") ok
time (mean ± σ)         range (min … max) 
   2.23 µs ±   1.16 ns     2.23 µs …   2.23 µs  in 10 ×  44765 runs
[moonbitlang/core] bench bytes/find_bench_test.mbt:127 ("bench BytesView::find long dense miss n=4096") ok
time (mean ± σ)         range (min … max) 
   4.65 µs ±  21.22 ns     4.64 µs …   4.69 µs  in 10 ×  21253 runs
[moonbitlang/core] bench bytes/find_bench_test.mbt:134 ("bench BytesView::find single byte miss n=32") ok
time (mean ± σ)         range (min … max) 
  22.41 ns ±   0.11 ns    22.12 ns …  22.58 ns  in 10 × 100000 runs
[moonbitlang/core] bench bytes/find_bench_test.mbt:141 ("bench BytesView::find substring miss n=32") ok
time (mean ± σ)         range (min … max) 
  20.61 ns ±   0.22 ns    20.28 ns …  20.81 ns  in 10 × 100000 runs
[moonbitlang/core] bench bytes/find_bench_test.mbt:148 ("bench BytesView::rev_find single byte hit start n=4096") ok
time (mean ± σ)         range (min … max) 
   2.23 µs ±   1.82 ns     2.23 µs …   2.23 µs  in 10 ×  44757 runs
[moonbitlang/core] bench bytes/find_bench_test.mbt:155 ("bench BytesView::rev_find single byte miss n=4096") ok
time (mean ± σ)         range (min … max) 
   2.23 µs ±   1.04 ns     2.23 µs …   2.23 µs  in 10 ×  44751 runs
[moonbitlang/core] bench bytes/find_bench_test.mbt:162 ("bench BytesView::rev_find substring rare hit start n=4096") ok
time (mean ± σ)         range (min … max) 
   2.23 µs ±   1.25 ns     2.23 µs …   2.24 µs  in 10 ×  44741 runs
[moonbitlang/core] bench bytes/find_bench_test.mbt:169 ("bench BytesView::rev_find substring dense miss n=4096") ok
time (mean ± σ)         range (min … max) 
   3.34 µs ±   2.68 ns     3.34 µs …   3.34 µs  in 10 ×  29935 runs
[moonbitlang/core] bench bytes/find_bench_test.mbt:176 ("bench BytesView::rev_find offset view rare hit start n=4096") ok
time (mean ± σ)         range (min … max) 
   2.24 µs ±   2.12 ns     2.23 µs …   2.24 µs  in 10 ×  44698 runs
[moonbitlang/core] bench bytes/find_bench_test.mbt:185 ("bench BytesView::rev_find long dense miss n=4096") ok
time (mean ± σ)         range (min … max) 
   3.32 µs ±   9.01 ns     3.31 µs …   3.34 µs  in 10 ×  30131 runs
[moonbitlang/core] bench deque/deque_bench_test.mbt:22 ("bench Deque::to_array Int n=50000") ok
time (mean ± σ)         range (min … max) 
 128.81 µs ±   5.03 µs   125.95 µs … 140.52 µs  in 10 ×    691 runs
[moonbitlang/core] bench deque/deque_bench_test.mbt:28 ("bench Deque::to_array Ref n=50000") ok
time (mean ± σ)         range (min … max) 
 136.65 µs ±   4.49 µs   133.45 µs … 146.70 µs  in 10 ×    666 runs
[moonbitlang/core] bench encoding/ascii/ascii_bench_test.mbt:40 ("bench ASCII decode n=15") ok
time (mean ± σ)         range (min … max) 
 120.87 ns ±   1.40 ns   117.97 ns … 122.26 ns  in 10 × 100000 runs
[moonbitlang/core] bench encoding/ascii/ascii_bench_test.mbt:46 ("bench ASCII decode n=16") ok
time (mean ± σ)         range (min … max) 
 123.59 ns ±   0.33 ns   123.20 ns … 124.20 ns  in 10 × 100000 runs
[moonbitlang/core] bench encoding/ascii/ascii_bench_test.mbt:52 ("bench ASCII decode n=32") ok
time (mean ± σ)         range (min … max) 
 202.37 ns ±   0.45 ns   201.73 ns … 203.14 ns  in 10 × 100000 runs
[moonbitlang/core] bench encoding/ascii/ascii_bench_test.mbt:58 ("bench ASCII decode n=64") ok
time (mean ± σ)         range (min … max) 
 373.42 ns ±   2.28 ns   368.97 ns … 375.64 ns  in 10 × 100000 runs
[moonbitlang/core] bench encoding/ascii/ascii_bench_test.mbt:64 ("bench ASCII decode n=100000") ok
time (mean ± σ)         range (min … max) 
 589.90 µs ±   7.32 µs   582.48 µs … 597.44 µs  in 10 ×    170 runs
[moonbitlang/core] bench encoding/ascii/ascii_bench_test.mbt:70 ("bench ASCII decode n=1000000") ok
time (mean ± σ)         range (min … max) 
   6.40 ms ±  43.89 µs     6.36 ms …   6.47 ms  in 10 ×     16 runs
[moonbitlang/core] bench encoding/base64/v128_bench_wbtest.mbt:38 ("bench encode scalar n=64") ok
time (mean ± σ)         range (min … max) 
 492.47 ns ±   1.79 ns   490.07 ns … 494.41 ns  in 10 × 100000 runs
[moonbitlang/core] bench encoding/base64/v128_bench_wbtest.mbt:43 ("bench encode v128 n=64") ok
time (mean ± σ)         range (min … max) 
 490.16 ns ±   4.07 ns   484.31 ns … 495.98 ns  in 10 × 100000 runs
[moonbitlang/core] bench encoding/base64/v128_bench_wbtest.mbt:48 ("bench encode scalar n=1024") ok
time (mean ± σ)         range (min … max) 
   7.04 µs ±  44.86 ns     6.96 µs …   7.10 µs  in 10 ×  14360 runs
[moonbitlang/core] bench encoding/base64/v128_bench_wbtest.mbt:53 ("bench encode v128 n=1024") ok
time (mean ± σ)         range (min … max) 
   7.03 µs ±  52.94 ns     6.94 µs …   7.09 µs  in 10 ×  14339 runs
[moonbitlang/core] bench encoding/base64/v128_bench_wbtest.mbt:58 ("bench encode scalar n=65536") ok
time (mean ± σ)         range (min … max) 
 583.47 µs ±   2.17 µs   579.48 µs … 585.29 µs  in 10 ×    174 runs
[moonbitlang/core] bench encoding/base64/v128_bench_wbtest.mbt:63 ("bench encode v128 n=65536") ok
time (mean ± σ)         range (min … max) 
 582.44 µs ±   3.01 µs   576.56 µs … 585.13 µs  in 10 ×    173 runs
[moonbitlang/core] bench encoding/base64/v128_bench_wbtest.mbt:68 ("bench decode scalar n=64") ok
time (mean ± σ)         range (min … max) 
 622.55 ns ±   0.95 ns   621.26 ns … 624.16 ns  in 10 × 100000 runs
[moonbitlang/core] bench encoding/base64/v128_bench_wbtest.mbt:75 ("bench decode v128 n=64") ok
time (mean ± σ)         range (min … max) 
 621.41 ns ±   2.36 ns   619.39 ns … 627.80 ns  in 10 × 100000 runs
[moonbitlang/core] bench encoding/base64/v128_bench_wbtest.mbt:80 ("bench decode scalar n=1024") ok
time (mean ± σ)         range (min … max) 
   9.24 µs ± 205.29 ns     9.13 µs …   9.80 µs  in 10 ×  10287 runs
[moonbitlang/core] bench encoding/base64/v128_bench_wbtest.mbt:87 ("bench decode v128 n=1024") ok
time (mean ± σ)         range (min … max) 
  10.05 µs ± 364.05 ns     9.60 µs …  10.62 µs  in 10 ×  10095 runs
[moonbitlang/core] bench encoding/base64/v128_bench_wbtest.mbt:92 ("bench decode scalar n=65536") ok
time (mean ± σ)         range (min … max) 
 749.42 µs ±   3.64 µs   746.33 µs … 758.63 µs  in 10 ×    117 runs
[moonbitlang/core] bench encoding/base64/v128_bench_wbtest.mbt:99 ("bench decode v128 n=65536") ok
time (mean ± σ)         range (min … max) 
 747.00 µs ±   1.14 µs   745.03 µs … 748.66 µs  in 10 ×    117 runs
[moonbitlang/core] bench encoding/hex/v128_bench_wbtest.mbt:34 ("bench encode scalar 4k") ok
time (mean ± σ)         range (min … max) 
  39.84 µs ±  98.46 ns    39.66 µs …  39.94 µs  in 10 ×   2559 runs
[moonbitlang/core] bench encoding/hex/v128_bench_wbtest.mbt:39 ("bench encode public 64") ok
time (mean ± σ)         range (min … max) 
 654.17 ns ±   4.09 ns   645.27 ns … 659.22 ns  in 10 × 100000 runs
[moonbitlang/core] bench encoding/hex/v128_bench_wbtest.mbt:44 ("bench encode public 4k") ok
time (mean ± σ)         range (min … max) 
  39.79 µs ± 269.95 ns    39.21 µs …  39.99 µs  in 10 ×   2552 runs
[moonbitlang/core] bench encoding/hex/v128_bench_wbtest.mbt:49 ("bench encode public 64k") ok
time (mean ± σ)         range (min … max) 
   1.05 ms ±   1.89 µs     1.05 ms …   1.05 ms  in 10 ×     96 runs
[moonbitlang/core] bench encoding/hex/v128_bench_wbtest.mbt:54 ("bench decode scalar 4k") ok
time (mean ± σ)         range (min … max) 
  41.60 µs ± 623.50 ns    40.82 µs …  42.84 µs  in 10 ×   2429 runs
[moonbitlang/core] bench encoding/hex/v128_bench_wbtest.mbt:62 ("bench decode public 4k") ok
time (mean ± σ)         range (min … max) 
  42.74 µs ± 763.96 ns    41.53 µs …  43.89 µs  in 10 ×   2373 runs
[moonbitlang/core] bench encoding/hex/v128_bench_wbtest.mbt:70 ("bench decode public 64k") ok
time (mean ± σ)         range (min … max) 
 592.15 µs ± 862.13 ns   590.34 µs … 593.10 µs  in 10 ×    169 runs
[moonbitlang/core] bench encoding/utf16/utf16_v128_bench_test.mbt:57 ("bench utf16 encode ASCII LE n=100000") ok
time (mean ± σ)         range (min … max) 
 170.09 µs ±   4.99 µs   167.82 µs … 184.07 µs  in 10 ×    489 runs
[moonbitlang/core] bench encoding/utf16/utf16_v128_bench_test.mbt:63 ("bench utf16 encode ASCII BE n=100000") ok
time (mean ± σ)         range (min … max) 
 222.21 µs ± 196.69 ns   222.02 µs … 222.57 µs  in 10 ×    452 runs
[moonbitlang/core] bench encoding/utf16/utf16_v128_bench_test.mbt:69 ("bench utf16 encode mixed LE n=100000") ok
time (mean ± σ)         range (min … max) 
 170.66 µs ±   6.10 µs   167.90 µs … 186.62 µs  in 10 ×    418 runs
[moonbitlang/core] bench encoding/utf16/utf16_v128_bench_test.mbt:75 ("bench utf16 encode mixed BE n=100000") ok
time (mean ± σ)         range (min … max) 
 222.32 µs ± 232.48 ns   222.11 µs … 222.76 µs  in 10 ×    453 runs
[moonbitlang/core] bench encoding/utf16/utf16_v128_bench_test.mbt:81 ("bench utf16 decode ASCII LE n=100000") ok
time (mean ± σ)         range (min … max) 
 759.48 µs ±   2.65 µs   754.84 µs … 762.93 µs  in 10 ×    131 runs
[moonbitlang/core] bench encoding/utf16/utf16_v128_bench_test.mbt:87 ("bench utf16 decode ASCII BE n=100000") ok
time (mean ± σ)         range (min … max) 
 798.33 µs ±   2.36 µs   794.38 µs … 802.86 µs  in 10 ×    125 runs
[moonbitlang/core] bench encoding/utf16/utf16_v128_bench_test.mbt:95 ("bench utf16 decode mixed LE n=100000") ok
time (mean ± σ)         range (min … max) 
 797.98 µs ±   6.44 µs   785.28 µs … 805.02 µs  in 10 ×    125 runs
[moonbitlang/core] bench encoding/utf16/utf16_v128_bench_test.mbt:101 ("bench utf16 decode mixed BE n=100000") ok
time (mean ± σ)         range (min … max) 
 833.65 µs ±   4.76 µs   829.74 µs … 840.05 µs  in 10 ×    121 runs
[moonbitlang/core] bench encoding/utf16/utf16_v128_bench_test.mbt:109 ("bench utf16 decode emoji LE n=100000") ok
time (mean ± σ)         range (min … max) 
 692.48 µs ± 902.73 ns   691.22 µs … 693.70 µs  in 10 ×    145 runs
[moonbitlang/core] bench encoding/utf16/utf16_v128_bench_test.mbt:115 ("bench utf16 decode emoji BE n=100000") ok
time (mean ± σ)         range (min … max) 
 754.38 µs ±   1.21 µs   751.97 µs … 756.23 µs  in 10 ×    126 runs
[moonbitlang/core] bench hashmap/hashmap_bench_test.mbt:19 ("bench HashMap::set n=50000") ok
time (mean ± σ)         range (min … max) 
   2.01 ms ±  33.71 µs     1.97 ms …   2.05 ms  in 10 ×     50 runs
[moonbitlang/core] bench hashmap/hashmap_bench_test.mbt:30 ("bench HashMap::get n=50000") ok
time (mean ± σ)         range (min … max) 
 389.50 µs ±   1.29 µs   388.23 µs … 392.18 µs  in 10 ×    257 runs
[moonbitlang/core] bench hashmap/hashmap_bench_test.mbt:47 ("bench HashMap::get miss n=50000") ok
time (mean ± σ)         range (min … max) 
 517.96 µs ±   9.37 µs   508.67 µs … 537.77 µs  in 10 ×    183 runs
[moonbitlang/core] bench hashmap/hashmap_bench_test.mbt:67 ("bench HashMap::set+remove n=50000") ok
time (mean ± σ)         range (min … max) 
   3.00 ms ±  46.42 µs     2.95 ms …   3.06 ms  in 10 ×     34 runs
[moonbitlang/core] bench hashmap/hashmap_bench_test.mbt:87 ("bench HashMap::copy+remove n=50000") ok
time (mean ± σ)         range (min … max) 
   1.50 ms ±  17.82 µs     1.47 ms …   1.52 ms  in 10 ×     68 runs
[moonbitlang/core] bench hashmap/hashmap_bench_test.mbt:102 ("bench HashMap::copy n=50000") ok
time (mean ± σ)         range (min … max) 
 998.64 µs ±  37.53 µs   944.73 µs …   1.06 ms  in 10 ×     96 runs
[moonbitlang/core] bench hashmap/hashmap_bench_test.mbt:114 ("bench HashMap::to_array Int n=50000") ok
time (mean ± σ)         range (min … max) 
 853.28 µs ±  13.63 µs   829.76 µs … 872.13 µs  in 10 ×    118 runs
[moonbitlang/core] bench hashmap/hashmap_bench_test.mbt:123 ("bench HashMap::to_array Ref n=50000") ok
time (mean ± σ)         range (min … max) 
 858.76 µs ±  26.38 µs   820.77 µs … 896.54 µs  in 10 ×    121 runs
[moonbitlang/core] bench hashset/hashset_bench_test.mbt:19 ("bench HashSet::add n=50000") ok
time (mean ± σ)         range (min … max) 
   2.18 ms ±  29.94 µs     2.15 ms …   2.24 ms  in 10 ×     47 runs
[moonbitlang/core] bench hashset/hashset_bench_test.mbt:30 ("bench HashSet::contains n=50000") ok
time (mean ± σ)         range (min … max) 
 986.29 µs ±   1.40 µs   984.10 µs … 987.94 µs  in 10 ×    102 runs
[moonbitlang/core] bench immut/hashmap/hashmap_build_bench_test.mbt:37 ("bench HashMap constructor ordered n=10000") ok
time (mean ± σ)         range (min … max) 
   1.25 ms ±   5.16 µs     1.24 ms …   1.26 ms  in 10 ×     80 runs
[moonbitlang/core] bench immut/hashmap/hashmap_build_bench_test.mbt:43 ("bench HashMap constructor random n=10000") ok
time (mean ± σ)         range (min … max) 
   1.27 ms ±   5.35 µs     1.27 ms …   1.28 ms  in 10 ×     78 runs
[moonbitlang/core] bench immut/hashmap/hashmap_build_bench_test.mbt:49 ("bench HashMap::from_iter random n=10000") ok
time (mean ± σ)         range (min … max) 
   1.29 ms ±   5.21 µs     1.28 ms …   1.30 ms  in 10 ×     78 runs
[moonbitlang/core] bench immut/hashset/hashset_build_bench_test.mbt:34 ("bench HashSet constructor ordered n=10000") ok
time (mean ± σ)         range (min … max) 
   1.23 ms ±   4.24 µs     1.23 ms …   1.24 ms  in 10 ×     80 runs
[moonbitlang/core] bench immut/hashset/hashset_build_bench_test.mbt:40 ("bench HashSet constructor random n=10000") ok
time (mean ± σ)         range (min … max) 
   1.22 ms ±   3.35 µs     1.22 ms …   1.23 ms  in 10 ×     81 runs
[moonbitlang/core] bench immut/hashset/hashset_build_bench_test.mbt:46 ("bench HashSet::from_iter random n=10000") ok
time (mean ± σ)         range (min … max) 
   1.26 ms ±   5.29 µs     1.25 ms …   1.27 ms  in 10 ×     80 runs
[moonbitlang/core] bench immut/priority_queue/priority_queue_build_bench_test.mbt:38 ("bench PriorityQueue::from_array ordered n=10000") ok
time (mean ± σ)         range (min … max) 
  95.62 µs ±   1.52 µs    94.64 µs …  99.85 µs  in 10 ×    968 runs
[moonbitlang/core] bench immut/priority_queue/priority_queue_build_bench_test.mbt:44 ("bench PriorityQueue::from_array reverse n=10000") ok
time (mean ± σ)         range (min … max) 
  77.20 µs ± 301.60 ns    76.80 µs …  77.64 µs  in 10 ×   1240 runs
[moonbitlang/core] bench immut/priority_queue/priority_queue_build_bench_test.mbt:50 ("bench PriorityQueue::from_array random n=10000") ok
time (mean ± σ)         range (min … max) 
  92.99 µs ±   1.47 µs    91.99 µs …  97.02 µs  in 10 ×    996 runs
[moonbitlang/core] bench immut/priority_queue/priority_queue_build_bench_test.mbt:56 ("bench PriorityQueue::from_iter random n=10000") ok
time (mean ± σ)         range (min … max) 
 106.00 µs ± 826.24 ns   104.97 µs … 107.80 µs  in 10 ×    911 runs
[moonbitlang/core] bench immut/sorted_map/sorted_map_build_bench_test.mbt:54 ("bench SortedMap constructor reverse n=10000") ok
time (mean ± σ)         range (min … max) 
 126.63 µs ± 556.26 ns   126.02 µs … 127.63 µs  in 10 ×    787 runs
[moonbitlang/core] bench immut/sorted_map/sorted_map_build_bench_test.mbt:60 ("bench SortedMap::from_iter ordered n=10000") ok
time (mean ± σ)         range (min … max) 
   3.79 ms ±  28.98 µs     3.76 ms …   3.84 ms  in 10 ×     27 runs
[moonbitlang/core] bench immut/sorted_map/sorted_map_build_bench_test.mbt:66 ("bench SortedMap::from_iter almost ordered n=10000") ok
time (mean ± σ)         range (min … max) 
   3.82 ms ±  21.31 µs     3.80 ms …   3.86 ms  in 10 ×     27 runs
[moonbitlang/core] bench immut/sorted_map/sorted_map_build_bench_test.mbt:72 ("bench SortedMap::from_iter random n=10000") ok
time (mean ± σ)         range (min … max) 
   1.81 ms ±   7.17 µs     1.80 ms …   1.82 ms  in 10 ×     56 runs
[moonbitlang/core] bench immut/sorted_map/sorted_map_build_bench_test.mbt:78 ("bench SortedMap constructor ordered n=10000") ok
time (mean ± σ)         range (min … max) 
 128.79 µs ± 355.99 ns   128.33 µs … 129.45 µs  in 10 ×    775 runs
[moonbitlang/core] bench immut/sorted_map/sorted_map_build_bench_test.mbt:84 ("bench SortedMap constructor almost ordered n=10000") ok
time (mean ± σ)         range (min … max) 
 254.43 µs ± 684.49 ns   253.80 µs … 256.06 µs  in 10 ×    393 runs
[moonbitlang/core] bench immut/sorted_map/sorted_map_build_bench_test.mbt:90 ("bench SortedMap constructor random n=10000") ok
time (mean ± σ)         range (min … max) 
 834.58 µs ±   4.24 µs   831.15 µs … 843.53 µs  in 10 ×    119 runs
[moonbitlang/core] bench immut/sorted_map/merge_bench_test.mbt:29 ("bench merge disjoint n=1000") ok
time (mean ± σ)         range (min … max) 
   2.53 µs ±  26.02 ns     2.49 µs …   2.56 µs  in 10 ×  39379 runs
[moonbitlang/core] bench immut/sorted_map/merge_bench_test.mbt:36 ("bench merge disjoint n=5000") ok
time (mean ± σ)         range (min … max) 
   3.79 µs ±  26.24 ns     3.74 µs …   3.82 µs  in 10 ×  26237 runs
[moonbitlang/core] bench immut/sorted_map/merge_bench_test.mbt:43 ("bench merge disjoint n=10000") ok
time (mean ± σ)         range (min … max) 
   4.48 µs ±  56.08 ns     4.44 µs …   4.58 µs  in 10 ×  21981 runs
[moonbitlang/core] bench immut/sorted_map/merge_bench_test.mbt:50 ("bench merge overlapping 50% n=1000") ok
time (mean ± σ)         range (min … max) 
  10.69 µs ±  16.21 ns    10.67 µs …  10.72 µs  in 10 ×   9237 runs
[moonbitlang/core] bench immut/sorted_map/merge_bench_test.mbt:57 ("bench merge overlapping 50% n=5000") ok
time (mean ± σ)         range (min … max) 
  51.50 µs ± 120.83 ns    51.36 µs …  51.72 µs  in 10 ×   1935 runs
[moonbitlang/core] bench immut/sorted_map/merge_bench_test.mbt:64 ("bench merge overlapping 50% n=10000") ok
time (mean ± σ)         range (min … max) 
  91.51 µs ± 407.51 ns    90.95 µs …  91.98 µs  in 10 ×   1087 runs
[moonbitlang/core] bench immut/sorted_map/merge_bench_test.mbt:71 ("bench merge identical n=1000") ok
time (mean ± σ)         range (min … max) 
  13.86 µs ±  90.89 ns    13.69 µs …  13.96 µs  in 10 ×   7108 runs
[moonbitlang/core] bench immut/sorted_map/merge_bench_test.mbt:78 ("bench merge identical n=5000") ok
time (mean ± σ)         range (min … max) 
  67.86 µs ± 232.44 ns    67.53 µs …  68.33 µs  in 10 ×   1467 runs
[moonbitlang/core] bench immut/sorted_map/merge_bench_test.mbt:85 ("bench merge interleaved n=1000") ok
time (mean ± σ)         range (min … max) 
  56.65 µs ±  97.38 ns    56.52 µs …  56.84 µs  in 10 ×   1755 runs
[moonbitlang/core] bench immut/sorted_map/merge_bench_test.mbt:92 ("bench merge interleaved n=5000") ok
time (mean ± σ)         range (min … max) 
 289.94 µs ±   1.21 µs   288.32 µs … 291.84 µs  in 10 ×    346 runs
[moonbitlang/core] bench immut/sorted_map/merge_bench_test.mbt:99 ("bench merge small into large n=100+10000") ok
time (mean ± σ)         range (min … max) 
   3.79 µs ±  39.24 ns     3.73 µs …   3.83 µs  in 10 ×  26355 runs
[moonbitlang/core] bench immut/sorted_set/sorted_set_build_bench_test.mbt:51 ("bench SortedSet constructor reverse n=10000") ok
time (mean ± σ)         range (min … max) 
 111.05 µs ± 581.33 ns   110.23 µs … 111.72 µs  in 10 ×    896 runs
[moonbitlang/core] bench immut/sorted_set/sorted_set_build_bench_test.mbt:57 ("bench SortedSet::from_iter ordered n=10000") ok
time (mean ± σ)         range (min … max) 
   2.90 ms ±  22.59 µs     2.88 ms …   2.94 ms  in 10 ×     35 runs
[moonbitlang/core] bench immut/sorted_set/sorted_set_build_bench_test.mbt:63 ("bench SortedSet::from_iter almost ordered n=10000") ok
time (mean ± σ)         range (min … max) 
   2.91 ms ±  21.24 µs     2.88 ms …   2.94 ms  in 10 ×     35 runs
[moonbitlang/core] bench immut/sorted_set/sorted_set_build_bench_test.mbt:69 ("bench SortedSet::from_iter rev almost ordered n=10000") ok
time (mean ± σ)         range (min … max) 
   3.20 ms ±  24.31 µs     3.17 ms …   3.24 ms  in 10 ×     32 runs
[moonbitlang/core] bench immut/sorted_set/sorted_set_build_bench_test.mbt:75 ("bench SortedSet::from_iter random n=10000") ok
time (mean ± σ)         range (min … max) 
   1.69 ms ±  16.08 µs     1.67 ms …   1.71 ms  in 10 ×     60 runs
[moonbitlang/core] bench immut/sorted_set/sorted_set_build_bench_test.mbt:81 ("bench SortedSet constructor ordered n=10000") ok
time (mean ± σ)         range (min … max) 
 113.79 µs ± 602.57 ns   112.95 µs … 114.55 µs  in 10 ×    868 runs
[moonbitlang/core] bench immut/sorted_set/sorted_set_build_bench_test.mbt:87 ("bench SortedSet constructor almost ordered n=10000") ok
time (mean ± σ)         range (min … max) 
 173.65 µs ±   1.23 µs   171.64 µs … 175.24 µs  in 10 ×    571 runs
[moonbitlang/core] bench immut/sorted_set/sorted_set_build_bench_test.mbt:93 ("bench SortedSet constructor random n=10000") ok
time (mean ± σ)         range (min … max) 
 496.84 µs ±   1.90 µs   494.95 µs … 500.18 µs  in 10 ×    198 runs
[moonbitlang/core] bench immut/vector/vector_iter_bench_test.mbt:24 ("bench Vector::iter fold n=100000") ok
time (mean ± σ)         range (min … max) 
 625.91 µs ±   6.27 µs   615.90 µs … 632.54 µs  in 10 ×    159 runs
[moonbitlang/core] bench immut/vector/vector_iter_bench_test.mbt:30 ("bench Vector::iter each n=100000") ok
time (mean ± σ)         range (min … max) 
 633.81 µs ±   2.19 µs   628.84 µs … 636.62 µs  in 10 ×    158 runs
[moonbitlang/core] bench immut/vector/vector_iter_bench_test.mbt:40 ("bench Vector::iter to_array n=100000") ok
time (mean ± σ)         range (min … max) 
   1.29 ms ± 167.83 µs     1.10 ms …   1.46 ms  in 10 ×     91 runs
[moonbitlang/core] bench immut/vector/vector_iter_bench_test.mbt:46 ("bench Vector::for-in n=100000") ok
time (mean ± σ)         range (min … max) 
 622.34 µs ±   5.13 µs   615.19 µs … 627.99 µs  in 10 ×    154 runs
[moonbitlang/core] bench immut/vector/vector_contains_bench_test.mbt:24 ("bench Vector::contains missing n=100000") ok
time (mean ± σ)         range (min … max) 
  84.68 µs ± 182.36 ns    84.37 µs …  85.07 µs  in 10 ×   1180 runs
[moonbitlang/core] bench immut/vector/vector_contains_bench_test.mbt:30 ("bench Vector::contains tree-end n=100000") ok
time (mean ± σ)         range (min … max) 
  83.01 µs ±  74.37 ns    82.91 µs …  83.15 µs  in 10 ×   1206 runs
[moonbitlang/core] bench immut/vector/vector_contains_bench_test.mbt:36 ("bench Vector::contains tail-end n=100000") ok
time (mean ± σ)         range (min … max) 
  82.72 µs ±  64.30 ns    82.64 µs …  82.83 µs  in 10 ×   1207 runs
[moonbitlang/core] bench internal/strconv/parse_double_bench_test.mbt:48 ("bench parse_double fast digits n=4096") ok
time (mean ± σ)         range (min … max) 
 667.84 µs ±   2.88 µs   664.98 µs … 674.32 µs  in 10 ×    145 runs
[moonbitlang/core] bench internal/strconv/parse_double_bench_test.mbt:55 ("bench parse_double underscores n=4096") ok
time (mean ± σ)         range (min … max) 
 931.05 µs ±  15.73 µs   920.63 µs … 974.96 µs  in 10 ×     98 runs
[moonbitlang/core] bench internal/strconv/parse_double_bench_test.mbt:62 ("bench parse_double long mantissa n=4096") ok
time (mean ± σ)         range (min … max) 
   2.40 ms ±   5.62 µs     2.39 ms …   2.41 ms  in 10 ×     40 runs
[moonbitlang/core] bench json/stringify_indent_bench_test.mbt:45 ("bench Json::stringify deep wide indent=2 n=10000") ok
time (mean ± σ)         range (min … max) 
 242.35 µs ± 628.59 ns   241.51 µs … 243.55 µs  in 10 ×    416 runs
[moonbitlang/core] bench json/stringify_indent_bench_test.mbt:54 ("bench Json::stringify compact n=10000") ok
time (mean ± σ)         range (min … max) 
 178.57 µs ± 667.58 ns   177.16 µs … 179.33 µs  in 10 ×    564 runs
[moonbitlang/core] bench json/stringify_indent_bench_test.mbt:60 ("bench Json::stringify shallow wide indent=2 n=500") ok
time (mean ± σ)         range (min … max) 
 242.71 µs ± 376.74 ns   242.11 µs … 243.25 µs  in 10 ×    413 runs
[moonbitlang/core] bench json/stringify_indent_bench_test.mbt:66 ("bench Json::stringify shallow wide compact n=500") ok
time (mean ± σ)         range (min … max) 
 189.07 µs ± 340.06 ns   188.27 µs … 189.31 µs  in 10 ×    536 runs
[moonbitlang/core] bench json/stringify_escape_bench_test.mbt:24 ("bench Json::stringify strings no escape n=2048") ok
time (mean ± σ)         range (min … max) 
 158.47 µs ± 777.02 ns   157.95 µs … 160.45 µs  in 10 ×    621 runs
[moonbitlang/core] bench json/stringify_escape_bench_test.mbt:30 ("bench Json::stringify strings slash no escape n=2048") ok
time (mean ± σ)         range (min … max) 
 158.61 µs ± 817.03 ns   158.02 µs … 160.73 µs  in 10 ×    630 runs
[moonbitlang/core] bench json/stringify_escape_bench_test.mbt:36 ("bench Json::stringify strings slash escaped n=2048") ok
time (mean ± σ)         range (min … max) 
 489.97 µs ±  10.24 µs   475.61 µs … 501.43 µs  in 10 ×    202 runs
[moonbitlang/core] bench json/stringify_escape_bench_test.mbt:42 ("bench Json::stringify strings quotes controls n=2048") ok
time (mean ± σ)         range (min … max) 
 473.04 µs ±   3.05 µs   469.05 µs … 476.36 µs  in 10 ×    215 runs
[moonbitlang/core] bench json/parse_bench_test.mbt:45 ("bench json parse mixed object array n=1000") ok
time (mean ± σ)         range (min … max) 
   1.56 ms ±   4.89 µs     1.55 ms …   1.56 ms  in 10 ×     65 runs
[moonbitlang/core] bench json/number_bench_test.mbt:64 ("bench json parse int array n=10000") ok
time (mean ± σ)         range (min … max) 
   1.05 ms ±   6.74 µs     1.04 ms …   1.06 ms  in 10 ×     96 runs
[moonbitlang/core] bench json/number_bench_test.mbt:70 ("bench json parse float array n=10000") ok
time (mean ± σ)         range (min … max) 
   2.00 ms ±  68.84 µs     1.93 ms …   2.09 ms  in 10 ×     52 runs
[moonbitlang/core] bench json/number_bench_test.mbt:76 ("bench json parse long mantissa array n=10000") ok
time (mean ± σ)         range (min … max) 
   6.95 ms ± 352.37 µs     6.71 ms …   7.54 ms  in 10 ×     15 runs
[moonbitlang/core] bench lazy_list/concat_bench_test.mbt:40 ("bench LazyList build and traverse n=2048") ok
time (mean ± σ)         range (min … max) 
  64.68 µs ± 141.91 ns    64.47 µs …  64.98 µs  in 10 ×   1542 runs
[moonbitlang/core] bench lazy_list/concat_bench_test.mbt:49 ("bench LazyList re-traverse a forced list n=2048") ok
time (mean ± σ)         range (min … max) 
  32.32 µs ± 113.76 ns    32.14 µs …  32.50 µs  in 10 ×   3099 runs
[moonbitlang/core] bench lazy_list/concat_bench_test.mbt:57 ("bench LazyList left-nested concat, build only n=2048") ok
time (mean ± σ)         range (min … max) 
  74.56 µs ± 228.79 ns    74.33 µs …  75.06 µs  in 10 ×   1332 runs
[moonbitlang/core] bench lazy_list/concat_bench_test.mbt:62 ("bench LazyList left-nested concat, build and traverse n=2048") ok
time (mean ± σ)         range (min … max) 
 260.48 µs ±   1.17 µs   258.96 µs … 262.11 µs  in 10 ×    385 runs
[moonbitlang/core] bench lazy_list/concat_bench_test.mbt:69 ("bench LazyList concat while consuming n=2048") ok
time (mean ± σ)         range (min … max) 
 162.85 µs ± 235.05 ns   162.48 µs … 163.22 µs  in 10 ×    618 runs
[moonbitlang/core] bench lexbuf/lexbuf_bench_test.mbt:47 ("bench Lexbuf retained token chunks=10000 size=1") ok
time (mean ± σ)         range (min … max) 
 522.72 µs ±   1.83 µs   518.37 µs … 525.16 µs  in 10 ×    191 runs
[moonbitlang/core] bench lexbuf/lexbuf_bench_test.mbt:52 ("bench Lexbuf retained token chunks=1250 size=8") ok
time (mean ± σ)         range (min … max) 
  98.45 µs ± 303.29 ns    98.01 µs …  98.89 µs  in 10 ×   1019 runs
[moonbitlang/core] bench lexbuf/lexbuf_bench_test.mbt:57 ("bench Lexbuf retained token chunks=157 size=64") ok
time (mean ± σ)         range (min … max) 
  59.84 µs ± 183.09 ns    59.49 µs …  59.95 µs  in 10 ×   1699 runs
[moonbitlang/core] bench lexbuf/lexbuf_bench_test.mbt:62 ("bench Lexbuf retained token chunks=20 size=512") ok
time (mean ± σ)         range (min … max) 
  48.59 µs ± 288.78 ns    48.15 µs …  49.17 µs  in 10 ×   2015 runs
[moonbitlang/core] bench quickcheck/shrink_collection_bench_test.mbt:16 ("bench shrink Array first candidate size=10000") ok
time (mean ± σ)         range (min … max) 
 138.08 ns ±   0.34 ns   137.63 ns … 138.84 ns  in 10 × 100000 runs
[moonbitlang/core] bench quickcheck/shrink_collection_bench_test.mbt:22 ("bench shrink List first candidate size=10000") ok
time (mean ± σ)         range (min … max) 
  77.69 µs ± 155.27 ns    77.56 µs …  78.02 µs  in 10 ×   1279 runs
[moonbitlang/core] bench quickcheck/generator_bench_test.mbt:16 ("bench Generator::zip_with n=1000000") ok
time (mean ± σ)         range (min … max) 
 255.66 ms ± 568.43 µs   254.69 ms … 256.34 ms  in 10 ×      1 runs
[moonbitlang/core] bench quickcheck/arbitrary_string_bench_test.mbt:16 ("bench Arbitrary String size=10000 count=100") ok
time (mean ± σ)         range (min … max) 
  59.92 ms ±  16.41 µs    59.90 ms …  59.95 ms  in 10 ×      2 runs
[moonbitlang/core] bench random/random_test.mbt:411 ("bench random") ok
time (mean ± σ)         range (min … max) 
 232.14 ms ± 848.10 µs   230.36 ms … 233.03 ms  in 10 ×      1 runs
[moonbitlang/core] bench set/linked_hash_set_bench_test.mbt:19 ("bench Set::add n=50000") ok
time (mean ± σ)         range (min … max) 
   3.14 ms ±  47.73 µs     3.08 ms …   3.22 ms  in 10 ×     32 runs
[moonbitlang/core] bench set/linked_hash_set_bench_test.mbt:30 ("bench Set::contains n=50000") ok
time (mean ± σ)         range (min … max) 
 918.82 µs ± 867.75 ns   917.77 µs … 920.37 µs  in 10 ×    109 runs
[moonbitlang/core] bench set/linked_hash_set_bench_test.mbt:47 ("bench Set::contains miss n=50000") ok
time (mean ± σ)         range (min … max) 
   1.05 ms ±   2.99 µs     1.04 ms …   1.06 ms  in 10 ×     94 runs
[moonbitlang/core] bench set/linked_hash_set_bench_test.mbt:67 ("bench Set::add+remove n=50000") ok
time (mean ± σ)         range (min … max) 
   4.05 ms ±  30.53 µs     4.02 ms …   4.10 ms  in 10 ×     25 runs
[moonbitlang/core] bench sorted_set/sorted_set_bench_test.mbt:22 ("bench SortedSet::to_array Int n=50000") ok
time (mean ± σ)         range (min … max) 
 364.95 µs ±   2.55 µs   362.85 µs … 370.82 µs  in 10 ×    275 runs
[moonbitlang/core] bench sorted_set/sorted_set_bench_test.mbt:30 ("bench SortedSet::to_array Ref n=50000") ok
time (mean ± σ)         range (min … max) 
 360.25 µs ±   2.72 µs   355.83 µs … 362.80 µs  in 10 ×    275 runs
[moonbitlang/core] bench string/regex_bench_test.mbt:16 ("bench regex /aa?b/ on 1MB string") ok
time (mean ± σ)         range (min … max) 
  33.70 ms ± 229.13 µs    33.20 ms …  33.88 ms  in 10 ×      4 runs
[moonbitlang/core] bench string/regex_bench_test.mbt:23 ("bench regex phone lines") ok
time (mean ± σ)         range (min … max) 
  22.03 µs ±  14.88 ns    22.00 µs …  22.05 µs  in 10 ×   4569 runs
[moonbitlang/core] bench string/regex_bench_test.mbt:43 ("bench regex large pattern") ok
time (mean ± σ)         range (min … max) 
  19.18 ms ±  21.34 µs    19.15 ms …  19.23 ms  in 10 ×      6 runs
[moonbitlang/core] bench v128/v128_bench_test.mbt:32 ("bench V128 i64x2_add n=10000") ok
time (mean ± σ)         range (min … max) 
 419.80 µs ±   1.67 µs   415.16 µs … 420.95 µs  in 10 ×    237 runs
[moonbitlang/core] bench v128/v128_bench_test.mbt:44 ("bench V128 i32x4_add n=10000") ok
time (mean ± σ)         range (min … max) 
   2.62 ms ±   2.83 µs     2.62 ms …   2.63 ms  in 10 ×     38 runs
[moonbitlang/core] bench v128/v128_bench_test.mbt:56 ("bench V128 i8x16_add n=10000") ok
time (mean ± σ)         range (min … max) 
  11.98 ms ±  64.42 µs    11.85 ms …  12.03 ms  in 10 ×      9 runs
[moonbitlang/core] bench v128/v128_bench_test.mbt:68 ("bench V128 i8x16_splat n=10000") ok
time (mean ± σ)         range (min … max) 
  13.74 ms ± 369.65 µs    13.40 ms …  14.47 ms  in 10 ×      7 runs
[moonbitlang/core] bench v128/v128_bench_test.mbt:79 ("bench V128 i8x16_extract_lane_u n=10000") ok
time (mean ± σ)         range (min … max) 
 249.70 µs ±   5.68 µs   242.01 µs … 258.50 µs  in 10 ×    374 runs
[moonbitlang/core] bench v128/v128_bench_test.mbt:93 ("bench V128 i8x16_replace_lane n=10000") ok
time (mean ± σ)         range (min … max) 
 682.05 µs ±  11.07 µs   672.36 µs … 696.77 µs  in 10 ×    141 runs
[moonbitlang/core] bench v128/v128_bench_test.mbt:108 ("bench V128 i8x16_bitmask n=10000") ok
time (mean ± σ)         range (min … max) 
   4.22 ms ±   6.73 µs     4.21 ms …   4.23 ms  in 10 ×     25 runs
[moonbitlang/core] bench v128/v128_bench_test.mbt:120 ("bench V128 load/store n=10000") ok
time (mean ± σ)         range (min … max) 
   5.40 ms ±  32.83 µs     5.38 ms …   5.47 ms  in 10 ×     19 runs
[moonbitlang/core] bench v128/v128_bench_test.mbt:135 ("bench V128 load8x8_u n=10000") ok
time (mean ± σ)         range (min … max) 
   2.32 ms ±  53.45 µs     2.24 ms …   2.37 ms  in 10 ×     43 runs
[moonbitlang/core] bench v128/v128_bench_test.mbt:147 ("bench V128 load8x8_s n=10000") ok
time (mean ± σ)         range (min … max) 
   2.38 ms ±  71.98 µs     2.28 ms …   2.48 ms  in 10 ×     42 runs
[moonbitlang/core] bench v128/v128_bench_test.mbt:159 ("bench V128 load16x4_u n=10000") ok
time (mean ± σ)         range (min … max) 
   1.83 ms ±  31.49 µs     1.79 ms …   1.86 ms  in 10 ×     54 runs
[moonbitlang/core] bench v128/v128_bench_test.mbt:171 ("bench V128 load16x4_s n=10000") ok
time (mean ± σ)         range (min … max) 
   1.87 ms ±  38.99 µs     1.82 ms …   1.91 ms  in 10 ×     52 runs
[moonbitlang/core] bench v128/v128_bench_test.mbt:183 ("bench V128 load32x2_u n=10000") ok
time (mean ± σ)         range (min … max) 
   1.63 ms ±  23.93 µs     1.59 ms …   1.65 ms  in 10 ×     61 runs
[moonbitlang/core] bench v128/v128_bench_test.mbt:195 ("bench V128 load32x2_s n=10000") ok
time (mean ± σ)         range (min … max) 
   1.65 ms ±  23.76 µs     1.62 ms …   1.68 ms  in 10 ×     60 runs
[moonbitlang/core] bench v128/v128_bench_test.mbt:207 ("bench V128 load_splat n=10000") ok
time (mean ± σ)         range (min … max) 
   7.66 ms ±  61.68 µs     7.52 ms …   7.77 ms  in 10 ×     13 runs
[moonbitlang/core] bench v128/v128_bench_test.mbt:223 ("bench V128 load8_lane n=10000") ok
time (mean ± σ)         range (min … max) 
 681.88 µs ±  10.48 µs   672.74 µs … 696.97 µs  in 10 ×    144 runs
[moonbitlang/core] bench v128/v128_bench_test.mbt:235 ("bench V128 load16_lane n=10000") ok
time (mean ± σ)         range (min … max) 
 687.28 µs ±  11.42 µs   677.15 µs … 701.20 µs  in 10 ×    144 runs
[moonbitlang/core] bench v128/v128_bench_test.mbt:247 ("bench V128 load32_lane n=10000") ok
time (mean ± σ)         range (min … max) 
 683.01 µs ±  17.46 µs   660.20 µs … 703.55 µs  in 10 ×    143 runs
[moonbitlang/core] bench v128/v128_bench_test.mbt:259 ("bench V128 load64_lane n=10000") ok
time (mean ± σ)         range (min … max) 
   1.10 ms ±  32.25 µs     1.07 ms …   1.14 ms  in 10 ×     88 runs
[moonbitlang/core] bench v128/v128_bench_test.mbt:271 ("bench V128 extend i8x16 to i16x8 n=10000") ok
time (mean ± σ)         range (min … max) 
   9.67 ms ±  33.80 µs     9.63 ms …   9.73 ms  in 10 ×     11 runs
[moonbitlang/core] bench v128/v128_bench_test.mbt:285 ("bench V128 extend i16x8 to i32x4 n=10000") ok
time (mean ± σ)         range (min … max) 
   3.89 ms ±   5.97 µs     3.88 ms …   3.90 ms  in 10 ×     27 runs
[moonbitlang/core] bench v128/v128_bench_test.mbt:299 ("bench V128 extend i32x4 to i64x2 n=10000") ok
time (mean ± σ)         range (min … max) 
   2.33 ms ±  14.97 µs     2.30 ms …   2.35 ms  in 10 ×     43 runs
[moonbitlang/core] bench v128/v128_bench_test.mbt:313 ("bench V128 all_true n=10000") ok
time (mean ± σ)         range (min … max) 
 730.76 µs ±   1.18 µs   728.40 µs … 731.89 µs  in 10 ×    138 runs
[moonbitlang/core] bench v128/v128_bench_test.mbt:337 ("bench V128 bitmask all widths n=10000") ok
time (mean ± σ)         range (min … max) 
   7.78 ms ±   8.91 µs     7.76 ms …   7.79 ms  in 10 ×     13 runs
[moonbitlang/core] bench v128/v128_bench_test.mbt:353 ("bench V128 swizzle n=10000") ok
time (mean ± σ)         range (min … max) 
  22.88 ms ± 133.03 µs    22.66 ms …  23.02 ms  in 10 ×      5 runs
[moonbitlang/core] bench v128/v128_bench_test.mbt:371 ("bench V128 shuffle n=10000") ok
time (mean ± σ)         range (min … max) 
  17.80 ms ± 102.46 µs    17.53 ms …  17.87 ms  in 10 ×      6 runs
Total tests: 371, passed: 371, failed: 0.
